/Library/Frameworks/Python.framework/Versions/3.13/lib/python3.13/site-packages/pytest_asyncio/plugin.py:208: PytestDeprecationWarning: The configuration option "asyncio_default_fixture_loop_scope" is unset.
The event loop scope for asynchronous fixtures will default to the fixture caching scope. Future versions of pytest-asyncio will default the loop scope for asynchronous fixtures to function scope. Set the default fixture loop scope explicitly in order to avoid unexpected behavior in the future. Valid fixture loop scopes are: "function", "class", "module", "package", "session"

  warnings.warn(PytestDeprecationWarning(_DEFAULT_FIXTURE_LOOP_SCOPE_UNSET))
============================= test session starts ==============================
platform darwin -- Python 3.13.5, pytest-8.3.2, pluggy-1.6.0 -- /usr/local/bin/python3
cachedir: .pytest_cache
rootdir: /Users/fulingwei/.openclaw/workspace/non-standard-automation-pms
configfile: pytest.ini
plugins: anyio-4.12.1, asyncio-0.24.0, cov-5.0.0, Faker-40.4.0
asyncio: mode=Mode.AUTO, default_loop_scope=None
collecting ... collected 45 items

tests/unit/test_project_change_requests_service.py::test_generate_change_code_first_change PASSED [  2%]
tests/unit/test_project_change_requests_service.py::test_generate_change_code_second_change PASSED [  4%]
tests/unit/test_project_change_requests_service.py::test_generate_change_code_project_not_found PASSED [  6%]
tests/unit/test_project_change_requests_service.py::test_validate_status_transition_submitted_to_assessing PASSED [  8%]
tests/unit/test_project_change_requests_service.py::test_validate_status_transition_assessing_to_pending_approval PASSED [ 11%]
tests/unit/test_project_change_requests_service.py::test_validate_status_transition_pending_to_approved PASSED [ 13%]
tests/unit/test_project_change_requests_service.py::test_validate_status_transition_approved_to_implementing PASSED [ 15%]
tests/unit/test_project_change_requests_service.py::test_validate_status_transition_implementing_to_verifying PASSED [ 17%]
tests/unit/test_project_change_requests_service.py::test_validate_status_transition_verifying_to_closed PASSED [ 20%]
tests/unit/test_project_change_requests_service.py::test_validate_status_transition_invalid_rejected_to_approved PASSED [ 22%]
tests/unit/test_project_change_requests_service.py::test_validate_status_transition_invalid_closed_to_implementing PASSED [ 24%]
tests/unit/test_project_change_requests_service.py::test_validate_status_transition_cancelled_to_any PASSED [ 26%]
tests/unit/test_project_change_requests_service.py::test_create_change_request_success PASSED [ 28%]
tests/unit/test_project_change_requests_service.py::test_create_change_request_project_not_found PASSED [ 31%]
tests/unit/test_project_change_requests_service.py::test_list_change_requests_all PASSED [ 33%]
tests/unit/test_project_change_requests_service.py::test_list_change_requests_filter_by_project PASSED [ 35%]
tests/unit/test_project_change_requests_service.py::test_list_change_requests_filter_by_status PASSED [ 37%]
tests/unit/test_project_change_requests_service.py::test_list_change_requests_search PASSED [ 40%]
tests/unit/test_project_change_requests_service.py::test_get_change_request_success PASSED [ 42%]
tests/unit/test_project_change_requests_service.py::test_get_change_request_not_found PASSED [ 44%]
tests/unit/test_project_change_requests_service.py::test_update_change_request_success PASSED [ 46%]
tests/unit/test_project_change_requests_service.py::test_update_change_request_approved_status_fails PASSED [ 48%]
tests/unit/test_project_change_requests_service.py::test_update_change_request_rejected_status_fails PASSED [ 51%]
tests/unit/test_project_change_requests_service.py::test_update_change_request_closed_status_fails PASSED [ 53%]
tests/unit/test_project_change_requests_service.py::test_approve_change_request_approved PASSED [ 55%]
tests/unit/test_project_change_requests_service.py::test_approve_change_request_rejected PASSED [ 57%]
tests/unit/test_project_change_requests_service.py::test_approve_change_request_returned PASSED [ 60%]
tests/unit/test_project_change_requests_service.py::test_approve_change_request_wrong_status PASSED [ 62%]
tests/unit/test_project_change_requests_service.py::test_get_approval_records_success PASSED [ 64%]
tests/unit/test_project_change_requests_service.py::test_update_change_status_success PASSED [ 66%]
tests/unit/test_project_change_requests_service.py::test_update_change_status_invalid_transition PASSED [ 68%]
tests/unit/test_project_change_requests_service.py::test_update_change_status_to_implementing PASSED [ 71%]
tests/unit/test_project_change_requests_service.py::test_update_change_status_to_verifying PASSED [ 73%]
tests/unit/test_project_change_requests_service.py::test_update_change_status_to_closed PASSED [ 75%]
tests/unit/test_project_change_requests_service.py::test_update_implementation_info_success PASSED [ 77%]
tests/unit/test_project_change_requests_service.py::test_update_implementation_info_wrong_status PASSED [ 80%]
tests/unit/test_project_change_requests_service.py::test_verify_change_request_success PASSED [ 82%]
tests/unit/test_project_change_requests_service.py::test_verify_change_request_wrong_status PASSED [ 84%]
tests/unit/test_project_change_requests_service.py::test_close_change_request_success PASSED [ 86%]
tests/unit/test_project_change_requests_service.py::test_close_change_request_already_closed PASSED [ 88%]
tests/unit/test_project_change_requests_service.py::test_close_change_request_already_cancelled PASSED [ 91%]
tests/unit/test_project_change_requests_service.py::test_get_statistics_all_changes PASSED [ 93%]
tests/unit/test_project_change_requests_service.py::test_get_statistics_filter_by_project PASSED [ 95%]
tests/unit/test_project_change_requests_service.py::test_get_statistics_filter_by_date_range PASSED [ 97%]
tests/unit/test_project_change_requests_service.py::test_get_statistics_empty_result PASSED [100%]/Library/Frameworks/Python.framework/Versions/3.13/lib/python3.13/site-packages/coverage/inorout.py:561: CoverageWarning: Module app/services/project_change_requests/service was never imported. (module-not-imported); see https://coverage.readthedocs.io/en/7.13.4/messages.html#warning-module-not-imported
  self.warn(f"Module {pkg} was never imported.", slug="module-not-imported")
/Library/Frameworks/Python.framework/Versions/3.13/lib/python3.13/site-packages/coverage/report_core.py:113: CoverageWarning: Couldn't parse '/Users/fulingwei/.openclaw/workspace/non-standard-automation-pms/app/models/notification.py': Couldn't use data file '/Users/fulingwei/.openclaw/workspace/non-standard-automation-pms/.coverage': no such table: arc (couldnt-parse); see https://coverage.readthedocs.io/en/7.13.4/messages.html#warning-couldnt-parse
  coverage._warn(msg, slug="couldnt-parse")
/Library/Frameworks/Python.framework/Versions/3.13/lib/python3.13/site-packages/coverage/report_core.py:113: CoverageWarning: Couldn't parse '/Users/fulingwei/.openclaw/workspace/non-standard-automation-pms/app/models/organization.py': Couldn't use data file '/Users/fulingwei/.openclaw/workspace/non-standard-automation-pms/.coverage': no such table: tracer (couldnt-parse); see https://coverage.readthedocs.io/en/7.13.4/messages.html#warning-couldnt-parse
  coverage._warn(msg, slug="couldnt-parse")
/Library/Frameworks/Python.framework/Versions/3.13/lib/python3.13/site-packages/coverage/report_core.py:113: CoverageWarning: Couldn't parse '/Users/fulingwei/.openclaw/workspace/non-standard-automation-pms/app/models/outsourcing.py': Couldn't use data file '/Users/fulingwei/.openclaw/workspace/non-standard-automation-pms/.coverage': no such table: tracer (couldnt-parse); see https://coverage.readthedocs.io/en/7.13.4/messages.html#warning-couldnt-parse
  coverage._warn(msg, slug="couldnt-parse")
/Library/Frameworks/Python.framework/Versions/3.13/lib/python3.13/site-packages/coverage/report_core.py:113: CoverageWarning: Couldn't parse '/Users/fulingwei/.openclaw/workspace/non-standard-automation-pms/app/models/performance/__init__.py': Couldn't use data file '/Users/fulingwei/.openclaw/workspace/non-standard-automation-pms/.coverage': no such table: tracer (couldnt-parse); see https://coverage.readthedocs.io/en/7.13.4/messages.html#warning-couldnt-parse
  coverage._warn(msg, slug="couldnt-parse")
/Library/Frameworks/Python.framework/Versions/3.13/lib/python3.13/site-packages/coverage/report_core.py:113: CoverageWarning: Couldn't parse '/Users/fulingwei/.openclaw/workspace/non-standard-automation-pms/app/models/performance/appeal_adjustment.py': Couldn't use data file '/Users/fulingwei/.openclaw/workspace/non-standard-automation-pms/.coverage': no such table: tracer (couldnt-parse); see https://coverage.readthedocs.io/en/7.13.4/messages.html#warning-couldnt-parse
  coverage._warn(msg, slug="couldnt-parse")
/Library/Frameworks/Python.framework/Versions/3.13/lib/python3.13/site-packages/coverage/report_core.py:113: CoverageWarning: Couldn't parse '/Users/fulingwei/.openclaw/workspace/non-standard-automation-pms/app/models/performance/contribution_ranking.py': Couldn't use data file '/Users/fulingwei/.openclaw/workspace/non-standard-automation-pms/.coverage': no such table: tracer (couldnt-parse); see https://coverage.readthedocs.io/en/7.13.4/messages.html#warning-couldnt-parse
  coverage._warn(msg, slug="couldnt-parse")
/Library/Frameworks/Python.framework/Versions/3.13/lib/python3.13/site-packages/coverage/report_core.py:113: CoverageWarning: Couldn't parse '/Users/fulingwei/.openclaw/workspace/non-standard-automation-pms/app/models/performance/enums.py': Couldn't use data file '/Users/fulingwei/.openclaw/workspace/non-standard-automation-pms/.coverage': no such table: tracer (couldnt-parse); see https://coverage.readthedocs.io/en/7.13.4/messages.html#warning-couldnt-parse
  coverage._warn(msg, slug="couldnt-parse")
/Library/Frameworks/Python.framework/Versions/3.13/lib/python3.13/site-packages/coverage/report_core.py:113: CoverageWarning: Couldn't parse '/Users/fulingwei/.openclaw/workspace/non-standard-automation-pms/app/models/performance/monthly_system.py': Couldn't use data file '/Users/fulingwei/.openclaw/workspace/non-standard-automation-pms/.coverage': no such table: tracer (couldnt-parse); see https://coverage.readthedocs.io/en/7.13.4/messages.html#warning-couldnt-parse
  coverage._warn(msg, slug="couldnt-parse")
/Library/Frameworks/Python.framework/Versions/3.13/lib/python3.13/site-packages/coverage/report_core.py:113: CoverageWarning: Couldn't parse '/Users/fulingwei/.openclaw/workspace/non-standard-automation-pms/app/models/performance/period_indicator.py': Couldn't use data file '/Users/fulingwei/.openclaw/workspace/non-standard-automation-pms/.coverage': no such table: tracer (couldnt-parse); see https://coverage.readthedocs.io/en/7.13.4/messages.html#warning-couldnt-parse
  coverage._warn(msg, slug="couldnt-parse")
/Library/Frameworks/Python.framework/Versions/3.13/lib/python3.13/site-packages/coverage/report_core.py:113: CoverageWarning: Couldn't parse '/Users/fulingwei/.openclaw/workspace/non-standard-automation-pms/app/models/performance/result_evaluation.py': Couldn't use data file '/Users/fulingwei/.openclaw/workspace/non-standard-automation-pms/.coverage': no such table: tracer (couldnt-parse); see https://coverage.readthedocs.io/en/7.13.4/messages.html#warning-couldnt-parse
  coverage._warn(msg, slug="couldnt-parse")
/Library/Frameworks/Python.framework/Versions/3.13/lib/python3.13/site-packages/coverage/report_core.py:113: CoverageWarning: Couldn't parse '/Users/fulingwei/.openclaw/workspace/non-standard-automation-pms/app/models/permission.py': Couldn't use data file '/Users/fulingwei/.openclaw/workspace/non-standard-automation-pms/.coverage': no such table: tracer (couldnt-parse); see https://coverage.readthedocs.io/en/7.13.4/messages.html#warning-couldnt-parse
  coverage._warn(msg, slug="couldnt-parse")
/Library/Frameworks/Python.framework/Versions/3.13/lib/python3.13/site-packages/coverage/report_core.py:113: CoverageWarning: Couldn't parse '/Users/fulingwei/.openclaw/workspace/non-standard-automation-pms/app/models/pipeline_analysis.py': Couldn't use data file '/Users/fulingwei/.openclaw/workspace/non-standard-automation-pms/.coverage': no such table: tracer (couldnt-parse); see https://coverage.readthedocs.io/en/7.13.4/messages.html#warning-couldnt-parse
  coverage._warn(msg, slug="couldnt-parse")
/Library/Frameworks/Python.framework/Versions/3.13/lib/python3.13/site-packages/coverage/report_core.py:113: CoverageWarning: Couldn't parse '/Users/fulingwei/.openclaw/workspace/non-standard-automation-pms/app/models/pitfall.py': Couldn't use data file '/Users/fulingwei/.openclaw/workspace/non-standard-automation-pms/.coverage': no such table: tracer (couldnt-parse); see https://coverage.readthedocs.io/en/7.13.4/messages.html#warning-couldnt-parse
  coverage._warn(msg, slug="couldnt-parse")
/Library/Frameworks/Python.framework/Versions/3.13/lib/python3.13/site-packages/coverage/report_core.py:113: CoverageWarning: Couldn't parse '/Users/fulingwei/.openclaw/workspace/non-standard-automation-pms/app/models/pmo/__init__.py': Couldn't use data file '/Users/fulingwei/.openclaw/workspace/non-standard-automation-pms/.coverage': no such table: tracer (couldnt-parse); see https://coverage.readthedocs.io/en/7.13.4/messages.html#warning-couldnt-parse
  coverage._warn(msg, slug="couldnt-parse")
/Library/Frameworks/Python.framework/Versions/3.13/lib/python3.13/site-packages/coverage/report_core.py:113: CoverageWarning: Couldn't parse '/Users/fulingwei/.openclaw/workspace/non-standard-automation-pms/app/models/pmo/change_risk.py': Couldn't use data file '/Users/fulingwei/.openclaw/workspace/non-standard-automation-pms/.coverage': no such table: tracer (couldnt-parse); see https://coverage.readthedocs.io/en/7.13.4/messages.html#warning-couldnt-parse
  coverage._warn(msg, slug="couldnt-parse")
/Library/Frameworks/Python.framework/Versions/3.13/lib/python3.13/site-packages/coverage/report_core.py:113: CoverageWarning: Couldn't parse '/Users/fulingwei/.openclaw/workspace/non-standard-automation-pms/app/models/pmo/cost_meeting.py': Couldn't use data file '/Users/fulingwei/.openclaw/workspace/non-standard-automation-pms/.coverage': no such table: tracer (couldnt-parse); see https://coverage.readthedocs.io/en/7.13.4/messages.html#warning-couldnt-parse
  coverage._warn(msg, slug="couldnt-parse")
/Library/Frameworks/Python.framework/Versions/3.13/lib/python3.13/site-packages/coverage/report_core.py:113: CoverageWarning: Couldn't parse '/Users/fulingwei/.openclaw/workspace/non-standard-automation-pms/app/models/pmo/enums.py': Couldn't use data file '/Users/fulingwei/.openclaw/workspace/non-standard-automation-pms/.coverage': no such table: tracer (couldnt-parse); see https://coverage.readthedocs.io/en/7.13.4/messages.html#warning-couldnt-parse
  coverage._warn(msg, slug="couldnt-parse")
/Library/Frameworks/Python.framework/Versions/3.13/lib/python3.13/site-packages/coverage/report_core.py:113: CoverageWarning: Couldn't parse '/Users/fulingwei/.openclaw/workspace/non-standard-automation-pms/app/models/pmo/initiation_phase.py': Couldn't use data file '/Users/fulingwei/.openclaw/workspace/non-standard-automation-pms/.coverage': no such table: tracer (couldnt-parse); see https://coverage.readthedocs.io/en/7.13.4/messages.html#warning-couldnt-parse
  coverage._warn(msg, slug="couldnt-parse")
/Library/Frameworks/Python.framework/Versions/3.13/lib/python3.13/site-packages/coverage/report_core.py:113: CoverageWarning: Couldn't parse '/Users/fulingwei/.openclaw/workspace/non-standard-automation-pms/app/models/pmo/resource_closure.py': Couldn't use data file '/Users/fulingwei/.openclaw/workspace/non-standard-automation-pms/.coverage': no such table: tracer (couldnt-parse); see https://coverage.readthedocs.io/en/7.13.4/messages.html#warning-couldnt-parse
  coverage._warn(msg, slug="couldnt-parse")
/Library/Frameworks/Python.framework/Versions/3.13/lib/python3.13/site-packages/coverage/report_core.py:113: CoverageWarning: Couldn't parse '/Users/fulingwei/.openclaw/workspace/non-standard-automation-pms/app/models/presale.py': Couldn't use data file '/Users/fulingwei/.openclaw/workspace/non-standard-automation-pms/.coverage': no such table: tracer (couldnt-parse); see https://coverage.readthedocs.io/en/7.13.4/messages.html#warning-couldnt-parse
  coverage._warn(msg, slug="couldnt-parse")
/Library/Frameworks/Python.framework/Versions/3.13/lib/python3.13/site-packages/coverage/report_core.py:113: CoverageWarning: Couldn't parse '/Users/fulingwei/.openclaw/workspace/non-standard-automation-pms/app/models/presale_ai.py': Couldn't use data file '/Users/fulingwei/.openclaw/workspace/non-standard-automation-pms/.coverage': no such table: tracer (couldnt-parse); see https://coverage.readthedocs.io/en/7.13.4/messages.html#warning-couldnt-parse
  coverage._warn(msg, slug="couldnt-parse")
/Library/Frameworks/Python.framework/Versions/3.13/lib/python3.13/site-packages/coverage/report_core.py:113: CoverageWarning: Couldn't parse '/Users/fulingwei/.openclaw/workspace/non-standard-automation-pms/app/models/presale_ai_emotion_analysis.py': Couldn't use data file '/Users/fulingwei/.openclaw/workspace/non-standard-automation-pms/.coverage': no such table: tracer (couldnt-parse); see https://coverage.readthedocs.io/en/7.13.4/messages.html#warning-couldnt-parse
  coverage._warn(msg, slug="couldnt-parse")
/Library/Frameworks/Python.framework/Versions/3.13/lib/python3.13/site-packages/coverage/report_core.py:113: CoverageWarning: Couldn't parse '/Users/fulingwei/.openclaw/workspace/non-standard-automation-pms/app/models/presale_ai_qa.py': Couldn't use data file '/Users/fulingwei/.openclaw/workspace/non-standard-automation-pms/.coverage': no such table: tracer (couldnt-parse); see https://coverage.readthedocs.io/en/7.13.4/messages.html#warning-couldnt-parse
  coverage._warn(msg, slug="couldnt-parse")
/Library/Frameworks/Python.framework/Versions/3.13/lib/python3.13/site-packages/coverage/report_core.py:113: CoverageWarning: Couldn't parse '/Users/fulingwei/.openclaw/workspace/non-standard-automation-pms/app/models/presale_ai_quotation.py': Couldn't use data file '/Users/fulingwei/.openclaw/workspace/non-standard-automation-pms/.coverage': no such table: tracer (couldnt-parse); see https://coverage.readthedocs.io/en/7.13.4/messages.html#warning-couldnt-parse
  coverage._warn(msg, slug="couldnt-parse")
/Library/Frameworks/Python.framework/Versions/3.13/lib/python3.13/site-packages/coverage/report_core.py:113: CoverageWarning: Couldn't parse '/Users/fulingwei/.openclaw/workspace/non-standard-automation-pms/app/models/presale_ai_requirement_analysis.py': Couldn't use data file '/Users/fulingwei/.openclaw/workspace/non-standard-automation-pms/.coverage': no such table: tracer (couldnt-parse); see https://coverage.readthedocs.io/en/7.13.4/messages.html#warning-couldnt-parse
  coverage._warn(msg, slug="couldnt-parse")
/Library/Frameworks/Python.framework/Versions/3.13/lib/python3.13/site-packages/coverage/report_core.py:113: CoverageWarning: Couldn't parse '/Users/fulingwei/.openclaw/workspace/non-standard-automation-pms/app/models/presale_ai_solution.py': Couldn't use data file '/Users/fulingwei/.openclaw/workspace/non-standard-automation-pms/.coverage': no such table: tracer (couldnt-parse); see https://coverage.readthedocs.io/en/7.13.4/messages.html#warning-couldnt-parse
  coverage._warn(msg, slug="couldnt-parse")
/Library/Frameworks/Python.framework/Versions/3.13/lib/python3.13/site-packages/coverage/report_core.py:113: CoverageWarning: Couldn't parse '/Users/fulingwei/.openclaw/workspace/non-standard-automation-pms/app/models/presale_emotion_trend.py': Couldn't use data file '/Users/fulingwei/.openclaw/workspace/non-standard-automation-pms/.coverage': no such table: tracer (couldnt-parse); see https://coverage.readthedocs.io/en/7.13.4/messages.html#warning-couldnt-parse
  coverage._warn(msg, slug="couldnt-parse")
/Library/Frameworks/Python.framework/Versions/3.13/lib/python3.13/site-packages/coverage/report_core.py:113: CoverageWarning: Couldn't parse '/Users/fulingwei/.openclaw/workspace/non-standard-automation-pms/app/models/presale_expense.py': Couldn't use data file '/Users/fulingwei/.openclaw/workspace/non-standard-automation-pms/.coverage': no such table: tracer (couldnt-parse); see https://coverage.readthedocs.io/en/7.13.4/messages.html#warning-couldnt-parse
  coverage._warn(msg, slug="couldnt-parse")
/Library/Frameworks/Python.framework/Versions/3.13/lib/python3.13/site-packages/coverage/report_core.py:113: CoverageWarning: Couldn't parse '/Users/fulingwei/.openclaw/workspace/non-standard-automation-pms/app/models/presale_follow_up_reminder.py': Couldn't use data file '/Users/fulingwei/.openclaw/workspace/non-standard-automation-pms/.coverage': no such table: tracer (couldnt-parse); see https://coverage.readthedocs.io/en/7.13.4/messages.html#warning-couldnt-parse
  coverage._warn(msg, slug="couldnt-parse")
/Library/Frameworks/Python.framework/Versions/3.13/lib/python3.13/site-packages/coverage/report_core.py:113: CoverageWarning: Couldn't parse '/Users/fulingwei/.openclaw/workspace/non-standard-automation-pms/app/models/presale_knowledge_case.py': Couldn't use data file '/Users/fulingwei/.openclaw/workspace/non-standard-automation-pms/.coverage': no such table: tracer (couldnt-parse); see https://coverage.readthedocs.io/en/7.13.4/messages.html#warning-couldnt-parse
  coverage._warn(msg, slug="couldnt-parse")
/Library/Frameworks/Python.framework/Versions/3.13/lib/python3.13/site-packages/coverage/report_core.py:113: CoverageWarning: Couldn't parse '/Users/fulingwei/.openclaw/workspace/non-standard-automation-pms/app/models/presale_mobile.py': Couldn't use data file '/Users/fulingwei/.openclaw/workspace/non-standard-automation-pms/.coverage': no such table: tracer (couldnt-parse); see https://coverage.readthedocs.io/en/7.13.4/messages.html#warning-couldnt-parse
  coverage._warn(msg, slug="couldnt-parse")
/Library/Frameworks/Python.framework/Versions/3.13/lib/python3.13/site-packages/coverage/report_core.py:113: CoverageWarning: Couldn't parse '/Users/fulingwei/.openclaw/workspace/non-standard-automation-pms/app/models/production/__init__.py': Couldn't use data file '/Users/fulingwei/.openclaw/workspace/non-standard-automation-pms/.coverage': no such table: tracer (couldnt-parse); see https://coverage.readthedocs.io/en/7.13.4/messages.html#warning-couldnt-parse
  coverage._warn(msg, slug="couldnt-parse")
/Library/Frameworks/Python.framework/Versions/3.13/lib/python3.13/site-packages/coverage/report_core.py:113: CoverageWarning: Couldn't parse '/Users/fulingwei/.openclaw/workspace/non-standard-automation-pms/app/models/production/enums.py': Couldn't use data file '/Users/fulingwei/.openclaw/workspace/non-standard-automation-pms/.coverage': no such table: tracer (couldnt-parse); see https://coverage.readthedocs.io/en/7.13.4/messages.html#warning-couldnt-parse
  coverage._warn(msg, slug="couldnt-parse")
/Library/Frameworks/Python.framework/Versions/3.13/lib/python3.13/site-packages/coverage/report_core.py:113: CoverageWarning: Couldn't parse '/Users/fulingwei/.openclaw/workspace/non-standard-automation-pms/app/models/production/equipment.py': Couldn't use data file '/Users/fulingwei/.openclaw/workspace/non-standard-automation-pms/.coverage': no such table: tracer (couldnt-parse); see https://coverage.readthedocs.io/en/7.13.4/messages.html#warning-couldnt-parse
  coverage._warn(msg, slug="couldnt-parse")
/Library/Frameworks/Python.framework/Versions/3.13/lib/python3.13/site-packages/coverage/report_core.py:113: CoverageWarning: Couldn't parse '/Users/fulingwei/.openclaw/workspace/non-standard-automation-pms/app/models/production/equipment_oee_record.py': Couldn't use data file '/Users/fulingwei/.openclaw/workspace/non-standard-automation-pms/.coverage': no such table: tracer (couldnt-parse); see https://coverage.readthedocs.io/en/7.13.4/messages.html#warning-couldnt-parse
  coverage._warn(msg, slug="couldnt-parse")
/Library/Frameworks/Python.framework/Versions/3.13/lib/python3.13/site-packages/coverage/report_core.py:113: CoverageWarning: Couldn't parse '/Users/fulingwei/.openclaw/workspace/non-standard-automation-pms/app/models/production/exception_handling_flow.py': Couldn't use data file '/Users/fulingwei/.openclaw/workspace/non-standard-automation-pms/.coverage': no such table: tracer (couldnt-parse); see https://coverage.readthedocs.io/en/7.13.4/messages.html#warning-couldnt-parse
  coverage._warn(msg, slug="couldnt-parse")
/Library/Frameworks/Python.framework/Versions/3.13/lib/python3.13/site-packages/coverage/report_core.py:113: CoverageWarning: Couldn't parse '/Users/fulingwei/.openclaw/workspace/non-standard-automation-pms/app/models/production/exception_knowledge.py': Couldn't use data file '/Users/fulingwei/.openclaw/workspace/non-standard-automation-pms/.coverage': no such table: tracer (couldnt-parse); see https://coverage.readthedocs.io/en/7.13.4/messages.html#warning-couldnt-parse
  coverage._warn(msg, slug="couldnt-parse")
/Library/Frameworks/Python.framework/Versions/3.13/lib/python3.13/site-packages/coverage/report_core.py:113: CoverageWarning: Couldn't parse '/Users/fulingwei/.openclaw/workspace/non-standard-automation-pms/app/models/production/exception_pdca.py': Couldn't use data file '/Users/fulingwei/.openclaw/workspace/non-standard-automation-pms/.coverage': no such table: tracer (couldnt-parse); see https://coverage.readthedocs.io/en/7.13.4/messages.html#warning-couldnt-parse
  coverage._warn(msg, slug="couldnt-parse")
/Library/Frameworks/Python.framework/Versions/3.13/lib/python3.13/site-packages/coverage/report_core.py:113: CoverageWarning: Couldn't parse '/Users/fulingwei/.openclaw/workspace/non-standard-automation-pms/app/models/production/material.py': Couldn't use data file '/Users/fulingwei/.openclaw/workspace/non-standard-automation-pms/.coverage': no such table: tracer (couldnt-parse); see https://coverage.readthedocs.io/en/7.13.4/messages.html#warning-couldnt-parse
  coverage._warn(msg, slug="couldnt-parse")
/Library/Frameworks/Python.framework/Versions/3.13/lib/python3.13/site-packages/coverage/report_core.py:113: CoverageWarning: Couldn't parse '/Users/fulingwei/.openclaw/workspace/non-standard-automation-pms/app/models/production/material_tracking.py': Couldn't use data file '/Users/fulingwei/.openclaw/workspace/non-standard-automation-pms/.coverage': no such table: tracer (couldnt-parse); see https://coverage.readthedocs.io/en/7.13.4/messages.html#warning-couldnt-parse
  coverage._warn(msg, slug="couldnt-parse")
/Library/Frameworks/Python.framework/Versions/3.13/lib/python3.13/site-packages/coverage/report_core.py:113: CoverageWarning: Couldn't parse '/Users/fulingwei/.openclaw/workspace/non-standard-automation-pms/app/models/production/process.py': Couldn't use data file '/Users/fulingwei/.openclaw/workspace/non-standard-automation-pms/.coverage': no such table: tracer (couldnt-parse); see https://coverage.readthedocs.io/en/7.13.4/messages.html#warning-couldnt-parse
  coverage._warn(msg, slug="couldnt-parse")
/Library/Frameworks/Python.framework/Versions/3.13/lib/python3.13/site-packages/coverage/report_core.py:113: CoverageWarning: Couldn't parse '/Users/fulingwei/.openclaw/workspace/non-standard-automation-pms/app/models/production/production_exception.py': Couldn't use data file '/Users/fulingwei/.openclaw/workspace/non-standard-automation-pms/.coverage': no such table: tracer (couldnt-parse); see https://coverage.readthedocs.io/en/7.13.4/messages.html#warning-couldnt-parse
  coverage._warn(msg, slug="couldnt-parse")
/Library/Frameworks/Python.framework/Versions/3.13/lib/python3.13/site-packages/coverage/report_core.py:113: CoverageWarning: Couldn't parse '/Users/fulingwei/.openclaw/workspace/non-standard-automation-pms/app/models/production/production_plan.py': Couldn't use data file '/Users/fulingwei/.openclaw/workspace/non-standard-automation-pms/.coverage': no such table: tracer (couldnt-parse); see https://coverage.readthedocs.io/en/7.13.4/messages.html#warning-couldnt-parse
  coverage._warn(msg, slug="couldnt-parse")
/Library/Frameworks/Python.framework/Versions/3.13/lib/python3.13/site-packages/coverage/report_core.py:113: CoverageWarning: Couldn't parse '/Users/fulingwei/.openclaw/workspace/non-standard-automation-pms/app/models/production/production_progress_log.py': Couldn't use data file '/Users/fulingwei/.openclaw/workspace/non-standard-automation-pms/.coverage': no such table: tracer (couldnt-parse); see https://coverage.readthedocs.io/en/7.13.4/messages.html#warning-couldnt-parse
  coverage._warn(msg, slug="couldnt-parse")
/Library/Frameworks/Python.framework/Versions/3.13/lib/python3.13/site-packages/coverage/report_core.py:113: CoverageWarning: Couldn't parse '/Users/fulingwei/.openclaw/workspace/non-standard-automation-pms/app/models/production/production_schedule.py': Couldn't use data file '/Users/fulingwei/.openclaw/workspace/non-standard-automation-pms/.coverage': no such table: tracer (couldnt-parse); see https://coverage.readthedocs.io/en/7.13.4/messages.html#warning-couldnt-parse
  coverage._warn(msg, slug="couldnt-parse")
/Library/Frameworks/Python.framework/Versions/3.13/lib/python3.13/site-packages/coverage/report_core.py:113: CoverageWarning: Couldn't parse '/Users/fulingwei/.openclaw/workspace/non-standard-automation-pms/app/models/production/progress_alert.py': Couldn't use data file '/Users/fulingwei/.openclaw/workspace/non-standard-automation-pms/.coverage': no such table: tracer (couldnt-parse); see https://coverage.readthedocs.io/en/7.13.4/messages.html#warning-couldnt-parse
  coverage._warn(msg, slug="couldnt-parse")
/Library/Frameworks/Python.framework/Versions/3.13/lib/python3.13/site-packages/coverage/report_core.py:113: CoverageWarning: Couldn't parse '/Users/fulingwei/.openclaw/workspace/non-standard-automation-pms/app/models/production/quality_inspection.py': Couldn't use data file '/Users/fulingwei/.openclaw/workspace/non-standard-automation-pms/.coverage': no such table: tracer (couldnt-parse); see https://coverage.readthedocs.io/en/7.13.4/messages.html#warning-couldnt-parse
  coverage._warn(msg, slug="couldnt-parse")
/Library/Frameworks/Python.framework/Versions/3.13/lib/python3.13/site-packages/coverage/report_core.py:113: CoverageWarning: Couldn't parse '/Users/fulingwei/.openclaw/workspace/non-standard-automation-pms/app/models/production/work_order.py': Couldn't use data file '/Users/fulingwei/.openclaw/workspace/non-standard-automation-pms/.coverage': no such table: tracer (couldnt-parse); see https://coverage.readthedocs.io/en/7.13.4/messages.html#warning-couldnt-parse
  coverage._warn(msg, slug="couldnt-parse")
/Library/Frameworks/Python.framework/Versions/3.13/lib/python3.13/site-packages/coverage/report_core.py:113: CoverageWarning: Couldn't parse '/Users/fulingwei/.openclaw/workspace/non-standard-automation-pms/app/models/production/work_report.py': Couldn't use data file '/Users/fulingwei/.openclaw/workspace/non-standard-automation-pms/.coverage': no such table: tracer (couldnt-parse); see https://coverage.readthedocs.io/en/7.13.4/messages.html#warning-couldnt-parse
  coverage._warn(msg, slug="couldnt-parse")
/Library/Frameworks/Python.framework/Versions/3.13/lib/python3.13/site-packages/coverage/report_core.py:113: CoverageWarning: Couldn't parse '/Users/fulingwei/.openclaw/workspace/non-standard-automation-pms/app/models/production/worker.py': Couldn't use data file '/Users/fulingwei/.openclaw/workspace/non-standard-automation-pms/.coverage': no such table: tracer (couldnt-parse); see https://coverage.readthedocs.io/en/7.13.4/messages.html#warning-couldnt-parse
  coverage._warn(msg, slug="couldnt-parse")
/Library/Frameworks/Python.framework/Versions/3.13/lib/python3.13/site-packages/coverage/report_core.py:113: CoverageWarning: Couldn't parse '/Users/fulingwei/.openclaw/workspace/non-standard-automation-pms/app/models/production/worker_efficiency_record.py': Couldn't use data file '/Users/fulingwei/.openclaw/workspace/non-standard-automation-pms/.coverage': no such table: tracer (couldnt-parse); see https://coverage.readthedocs.io/en/7.13.4/messages.html#warning-couldnt-parse
  coverage._warn(msg, slug="couldnt-parse")
/Library/Frameworks/Python.framework/Versions/3.13/lib/python3.13/site-packages/coverage/report_core.py:113: CoverageWarning: Couldn't parse '/Users/fulingwei/.openclaw/workspace/non-standard-automation-pms/app/models/production/workshop.py': Couldn't use data file '/Users/fulingwei/.openclaw/workspace/non-standard-automation-pms/.coverage': no such table: tracer (couldnt-parse); see https://coverage.readthedocs.io/en/7.13.4/messages.html#warning-couldnt-parse
  coverage._warn(msg, slug="couldnt-parse")
/Library/Frameworks/Python.framework/Versions/3.13/lib/python3.13/site-packages/coverage/report_core.py:113: CoverageWarning: Couldn't parse '/Users/fulingwei/.openclaw/workspace/non-standard-automation-pms/app/models/production/workstation_status.py': Couldn't use data file '/Users/fulingwei/.openclaw/workspace/non-standard-automation-pms/.coverage': no such table: tracer (couldnt-parse); see https://coverage.readthedocs.io/en/7.13.4/messages.html#warning-couldnt-parse
  coverage._warn(msg, slug="couldnt-parse")
/Library/Frameworks/Python.framework/Versions/3.13/lib/python3.13/site-packages/coverage/report_core.py:113: CoverageWarning: Couldn't parse '/Users/fulingwei/.openclaw/workspace/non-standard-automation-pms/app/models/progress.py': Couldn't use data file '/Users/fulingwei/.openclaw/workspace/non-standard-automation-pms/.coverage': no such table: tracer (couldnt-parse); see https://coverage.readthedocs.io/en/7.13.4/messages.html#warning-couldnt-parse
  coverage._warn(msg, slug="couldnt-parse")
/Library/Frameworks/Python.framework/Versions/3.13/lib/python3.13/site-packages/coverage/report_core.py:113: CoverageWarning: Couldn't parse '/Users/fulingwei/.openclaw/workspace/non-standard-automation-pms/app/models/project.py': Couldn't use data file '/Users/fulingwei/.openclaw/workspace/non-standard-automation-pms/.coverage': no such table: tracer (couldnt-parse); see https://coverage.readthedocs.io/en/7.13.4/messages.html#warning-couldnt-parse
  coverage._warn(msg, slug="couldnt-parse")
/Library/Frameworks/Python.framework/Versions/3.13/lib/python3.13/site-packages/coverage/report_core.py:113: CoverageWarning: Couldn't parse '/Users/fulingwei/.openclaw/workspace/non-standard-automation-pms/app/models/project/__init__.py': Couldn't use data file '/Users/fulingwei/.openclaw/workspace/non-standard-automation-pms/.coverage': no such table: tracer (couldnt-parse); see https://coverage.readthedocs.io/en/7.13.4/messages.html#warning-couldnt-parse
  coverage._warn(msg, slug="couldnt-parse")
/Library/Frameworks/Python.framework/Versions/3.13/lib/python3.13/site-packages/coverage/report_core.py:113: CoverageWarning: Couldn't parse '/Users/fulingwei/.openclaw/workspace/non-standard-automation-pms/app/models/project/core.py': Couldn't use data file '/Users/fulingwei/.openclaw/workspace/non-standard-automation-pms/.coverage': no such table: tracer (couldnt-parse); see https://coverage.readthedocs.io/en/7.13.4/messages.html#warning-couldnt-parse
  coverage._warn(msg, slug="couldnt-parse")
/Library/Frameworks/Python.framework/Versions/3.13/lib/python3.13/site-packages/coverage/report_core.py:113: CoverageWarning: Couldn't parse '/Users/fulingwei/.openclaw/workspace/non-standard-automation-pms/app/models/project/cost_forecast.py': Couldn't use data file '/Users/fulingwei/.openclaw/workspace/non-standard-automation-pms/.coverage': no such table: tracer (couldnt-parse); see https://coverage.readthedocs.io/en/7.13.4/messages.html#warning-couldnt-parse
  coverage._warn(msg, slug="couldnt-parse")
/Library/Frameworks/Python.framework/Versions/3.13/lib/python3.13/site-packages/coverage/report_core.py:113: CoverageWarning: Couldn't parse '/Users/fulingwei/.openclaw/workspace/non-standard-automation-pms/app/models/project/customer.py': Couldn't use data file '/Users/fulingwei/.openclaw/workspace/non-standard-automation-pms/.coverage': no such table: tracer (couldnt-parse); see https://coverage.readthedocs.io/en/7.13.4/messages.html#warning-couldnt-parse
  coverage._warn(msg, slug="couldnt-parse")
/Library/Frameworks/Python.framework/Versions/3.13/lib/python3.13/site-packages/coverage/report_core.py:113: CoverageWarning: Couldn't parse '/Users/fulingwei/.openclaw/workspace/non-standard-automation-pms/app/models/project/document.py': Couldn't use data file '/Users/fulingwei/.openclaw/workspace/non-standard-automation-pms/.coverage': no such table: tracer (couldnt-parse); see https://coverage.readthedocs.io/en/7.13.4/messages.html#warning-couldnt-parse
  coverage._warn(msg, slug="couldnt-parse")
/Library/Frameworks/Python.framework/Versions/3.13/lib/python3.13/site-packages/coverage/report_core.py:113: CoverageWarning: Couldn't parse '/Users/fulingwei/.openclaw/workspace/non-standard-automation-pms/app/models/project/extensions.py': Couldn't use data file '/Users/fulingwei/.openclaw/workspace/non-standard-automation-pms/.coverage': no such table: tracer (couldnt-parse); see https://coverage.readthedocs.io/en/7.13.4/messages.html#warning-couldnt-parse
  coverage._warn(msg, slug="couldnt-parse")
/Library/Frameworks/Python.framework/Versions/3.13/lib/python3.13/site-packages/coverage/report_core.py:113: CoverageWarning: Couldn't parse '/Users/fulingwei/.openclaw/workspace/non-standard-automation-pms/app/models/project/financial.py': Couldn't use data file '/Users/fulingwei/.openclaw/workspace/non-standard-automation-pms/.coverage': no such table: tracer (couldnt-parse); see https://coverage.readthedocs.io/en/7.13.4/messages.html#warning-couldnt-parse
  coverage._warn(msg, slug="couldnt-parse")
/Library/Frameworks/Python.framework/Versions/3.13/lib/python3.13/site-packages/coverage/report_core.py:113: CoverageWarning: Couldn't parse '/Users/fulingwei/.openclaw/workspace/non-standard-automation-pms/app/models/project/lifecycle.py': Couldn't use data file '/Users/fulingwei/.openclaw/workspace/non-standard-automation-pms/.coverage': no such table: tracer (couldnt-parse); see https://coverage.readthedocs.io/en/7.13.4/messages.html#warning-couldnt-parse
  coverage._warn(msg, slug="couldnt-parse")
/Library/Frameworks/Python.framework/Versions/3.13/lib/python3.13/site-packages/coverage/report_core.py:113: CoverageWarning: Couldn't parse '/Users/fulingwei/.openclaw/workspace/non-standard-automation-pms/app/models/project/resource_plan.py': Couldn't use data file '/Users/fulingwei/.openclaw/workspace/non-standard-automation-pms/.coverage': no such table: tracer (couldnt-parse); see https://coverage.readthedocs.io/en/7.13.4/messages.html#warning-couldnt-parse
  coverage._warn(msg, slug="couldnt-parse")
/Library/Frameworks/Python.framework/Versions/3.13/lib/python3.13/site-packages/coverage/report_core.py:113: CoverageWarning: Couldn't parse '/Users/fulingwei/.openclaw/workspace/non-standard-automation-pms/app/models/project/risk_history.py': Couldn't use data file '/Users/fulingwei/.openclaw/workspace/non-standard-automation-pms/.coverage': no such table: tracer (couldnt-parse); see https://coverage.readthedocs.io/en/7.13.4/messages.html#warning-couldnt-parse
  coverage._warn(msg, slug="couldnt-parse")
/Library/Frameworks/Python.framework/Versions/3.13/lib/python3.13/site-packages/coverage/report_core.py:113: CoverageWarning: Couldn't parse '/Users/fulingwei/.openclaw/workspace/non-standard-automation-pms/app/models/project/schedule_prediction.py': Couldn't use data file '/Users/fulingwei/.openclaw/workspace/non-standard-automation-pms/.coverage': no such table: tracer (couldnt-parse); see https://coverage.readthedocs.io/en/7.13.4/messages.html#warning-couldnt-parse
  coverage._warn(msg, slug="couldnt-parse")
/Library/Frameworks/Python.framework/Versions/3.13/lib/python3.13/site-packages/coverage/report_core.py:113: CoverageWarning: Couldn't parse '/Users/fulingwei/.openclaw/workspace/non-standard-automation-pms/app/models/project/team.py': Couldn't use data file '/Users/fulingwei/.openclaw/workspace/non-standard-automation-pms/.coverage': no such table: tracer (couldnt-parse); see https://coverage.readthedocs.io/en/7.13.4/messages.html#warning-couldnt-parse
  coverage._warn(msg, slug="couldnt-parse")
/Library/Frameworks/Python.framework/Versions/3.13/lib/python3.13/site-packages/coverage/report_core.py:113: CoverageWarning: Couldn't parse '/Users/fulingwei/.openclaw/workspace/non-standard-automation-pms/app/models/project_cost.py': Couldn't use data file '/Users/fulingwei/.openclaw/workspace/non-standard-automation-pms/.coverage': no such table: tracer (couldnt-parse); see https://coverage.readthedocs.io/en/7.13.4/messages.html#warning-couldnt-parse
  coverage._warn(msg, slug="couldnt-parse")
/Library/Frameworks/Python.framework/Versions/3.13/lib/python3.13/site-packages/coverage/report_core.py:113: CoverageWarning: Couldn't parse '/Users/fulingwei/.openclaw/workspace/non-standard-automation-pms/app/models/project_evaluation.py': Couldn't use data file '/Users/fulingwei/.openclaw/workspace/non-standard-automation-pms/.coverage': no such table: tracer (couldnt-parse); see https://coverage.readthedocs.io/en/7.13.4/messages.html#warning-couldnt-parse
  coverage._warn(msg, slug="couldnt-parse")
/Library/Frameworks/Python.framework/Versions/3.13/lib/python3.13/site-packages/coverage/report_core.py:113: CoverageWarning: Couldn't parse '/Users/fulingwei/.openclaw/workspace/non-standard-automation-pms/app/models/project_review.py': Couldn't use data file '/Users/fulingwei/.openclaw/workspace/non-standard-automation-pms/.coverage': no such table: tracer (couldnt-parse); see https://coverage.readthedocs.io/en/7.13.4/messages.html#warning-couldnt-parse
  coverage._warn(msg, slug="couldnt-parse")
/Library/Frameworks/Python.framework/Versions/3.13/lib/python3.13/site-packages/coverage/report_core.py:113: CoverageWarning: Couldn't parse '/Users/fulingwei/.openclaw/workspace/non-standard-automation-pms/app/models/project_risk.py': Couldn't use data file '/Users/fulingwei/.openclaw/workspace/non-standard-automation-pms/.coverage': no such table: tracer (couldnt-parse); see https://coverage.readthedocs.io/en/7.13.4/messages.html#warning-couldnt-parse
  coverage._warn(msg, slug="couldnt-parse")
/Library/Frameworks/Python.framework/Versions/3.13/lib/python3.13/site-packages/coverage/report_core.py:113: CoverageWarning: Couldn't parse '/Users/fulingwei/.openclaw/workspace/non-standard-automation-pms/app/models/project_role.py': Couldn't use data file '/Users/fulingwei/.openclaw/workspace/non-standard-automation-pms/.coverage': no such table: tracer (couldnt-parse); see https://coverage.readthedocs.io/en/7.13.4/messages.html#warning-couldnt-parse
  coverage._warn(msg, slug="couldnt-parse")
/Library/Frameworks/Python.framework/Versions/3.13/lib/python3.13/site-packages/coverage/report_core.py:113: CoverageWarning: Couldn't parse '/Users/fulingwei/.openclaw/workspace/non-standard-automation-pms/app/models/purchase.py': Couldn't use data file '/Users/fulingwei/.openclaw/workspace/non-standard-automation-pms/.coverage': no such table: tracer (couldnt-parse); see https://coverage.readthedocs.io/en/7.13.4/messages.html#warning-couldnt-parse
  coverage._warn(msg, slug="couldnt-parse")
/Library/Frameworks/Python.framework/Versions/3.13/lib/python3.13/site-packages/coverage/report_core.py:113: CoverageWarning: Couldn't parse '/Users/fulingwei/.openclaw/workspace/non-standard-automation-pms/app/models/purchase_intelligence.py': Couldn't use data file '/Users/fulingwei/.openclaw/workspace/non-standard-automation-pms/.coverage': no such table: tracer (couldnt-parse); see https://coverage.readthedocs.io/en/7.13.4/messages.html#warning-couldnt-parse
  coverage._warn(msg, slug="couldnt-parse")
/Library/Frameworks/Python.framework/Versions/3.13/lib/python3.13/site-packages/coverage/report_core.py:113: CoverageWarning: Couldn't parse '/Users/fulingwei/.openclaw/workspace/non-standard-automation-pms/app/models/qualification.py': Couldn't use data file '/Users/fulingwei/.openclaw/workspace/non-standard-automation-pms/.coverage': no such table: tracer (couldnt-parse); see https://coverage.readthedocs.io/en/7.13.4/messages.html#warning-couldnt-parse
  coverage._warn(msg, slug="couldnt-parse")
/Library/Frameworks/Python.framework/Versions/3.13/lib/python3.13/site-packages/coverage/report_core.py:113: CoverageWarning: Couldn't parse '/Users/fulingwei/.openclaw/workspace/non-standard-automation-pms/app/models/quality_risk_detection.py': Couldn't use data file '/Users/fulingwei/.openclaw/workspace/non-standard-automation-pms/.coverage': no such table: tracer (couldnt-parse); see https://coverage.readthedocs.io/en/7.13.4/messages.html#warning-couldnt-parse
  coverage._warn(msg, slug="couldnt-parse")
/Library/Frameworks/Python.framework/Versions/3.13/lib/python3.13/site-packages/coverage/report_core.py:113: CoverageWarning: Couldn't parse '/Users/fulingwei/.openclaw/workspace/non-standard-automation-pms/app/models/rd_project.py': Couldn't use data file '/Users/fulingwei/.openclaw/workspace/non-standard-automation-pms/.coverage': no such table: tracer (couldnt-parse); see https://coverage.readthedocs.io/en/7.13.4/messages.html#warning-couldnt-parse
  coverage._warn(msg, slug="couldnt-parse")
/Library/Frameworks/Python.framework/Versions/3.13/lib/python3.13/site-packages/coverage/report_core.py:113: CoverageWarning: Couldn't parse '/Users/fulingwei/.openclaw/workspace/non-standard-automation-pms/app/models/report.py': Couldn't use data file '/Users/fulingwei/.openclaw/workspace/non-standard-automation-pms/.coverage': no such table: tracer (couldnt-parse); see https://coverage.readthedocs.io/en/7.13.4/messages.html#warning-couldnt-parse
  coverage._warn(msg, slug="couldnt-parse")
/Library/Frameworks/Python.framework/Versions/3.13/lib/python3.13/site-packages/coverage/report_core.py:113: CoverageWarning: Couldn't parse '/Users/fulingwei/.openclaw/workspace/non-standard-automation-pms/app/models/report_center.py': Couldn't use data file '/Users/fulingwei/.openclaw/workspace/non-standard-automation-pms/.coverage': no such table: tracer (couldnt-parse); see https://coverage.readthedocs.io/en/7.13.4/messages.html#warning-couldnt-parse
  coverage._warn(msg, slug="couldnt-parse")
/Library/Frameworks/Python.framework/Versions/3.13/lib/python3.13/site-packages/coverage/report_core.py:113: CoverageWarning: Couldn't parse '/Users/fulingwei/.openclaw/workspace/non-standard-automation-pms/app/models/resource_scheduling.py': Couldn't use data file '/Users/fulingwei/.openclaw/workspace/non-standard-automation-pms/.coverage': no such table: tracer (couldnt-parse); see https://coverage.readthedocs.io/en/7.13.4/messages.html#warning-couldnt-parse
  coverage._warn(msg, slug="couldnt-parse")
/Library/Frameworks/Python.framework/Versions/3.13/lib/python3.13/site-packages/coverage/report_core.py:113: CoverageWarning: Couldn't parse '/Users/fulingwei/.openclaw/workspace/non-standard-automation-pms/app/models/sales.py': Couldn't use data file '/Users/fulingwei/.openclaw/workspace/non-standard-automation-pms/.coverage': no such table: tracer (couldnt-parse); see https://coverage.readthedocs.io/en/7.13.4/messages.html#warning-couldnt-parse
  coverage._warn(msg, slug="couldnt-parse")
/Library/Frameworks/Python.framework/Versions/3.13/lib/python3.13/site-packages/coverage/report_core.py:113: CoverageWarning: Couldn't parse '/Users/fulingwei/.openclaw/workspace/non-standard-automation-pms/app/models/sales/__init__.py': Couldn't use data file '/Users/fulingwei/.openclaw/workspace/non-standard-automation-pms/.coverage': no such table: tracer (couldnt-parse); see https://coverage.readthedocs.io/en/7.13.4/messages.html#warning-couldnt-parse
  coverage._warn(msg, slug="couldnt-parse")
/Library/Frameworks/Python.framework/Versions/3.13/lib/python3.13/site-packages/coverage/report_core.py:113: CoverageWarning: Couldn't parse '/Users/fulingwei/.openclaw/workspace/non-standard-automation-pms/app/models/sales/contacts.py': Couldn't use data file '/Users/fulingwei/.openclaw/workspace/non-standard-automation-pms/.coverage': no such table: tracer (couldnt-parse); see https://coverage.readthedocs.io/en/7.13.4/messages.html#warning-couldnt-parse
  coverage._warn(msg, slug="couldnt-parse")
/Library/Frameworks/Python.framework/Versions/3.13/lib/python3.13/site-packages/coverage/report_core.py:113: CoverageWarning: Couldn't parse '/Users/fulingwei/.openclaw/workspace/non-standard-automation-pms/app/models/sales/contracts.py': Couldn't use data file '/Users/fulingwei/.openclaw/workspace/non-standard-automation-pms/.coverage': no such table: tracer (couldnt-parse); see https://coverage.readthedocs.io/en/7.13.4/messages.html#warning-couldnt-parse
  coverage._warn(msg, slug="couldnt-parse")
/Library/Frameworks/Python.framework/Versions/3.13/lib/python3.13/site-packages/coverage/report_core.py:113: CoverageWarning: Couldn't parse '/Users/fulingwei/.openclaw/workspace/non-standard-automation-pms/app/models/sales/customer_tags.py': Couldn't use data file '/Users/fulingwei/.openclaw/workspace/non-standard-automation-pms/.coverage': no such table: tracer (couldnt-parse); see https://coverage.readthedocs.io/en/7.13.4/messages.html#warning-couldnt-parse
  coverage._warn(msg, slug="couldnt-parse")
/Library/Frameworks/Python.framework/Versions/3.13/lib/python3.13/site-packages/coverage/report_core.py:113: CoverageWarning: Couldn't parse '/Users/fulingwei/.openclaw/workspace/non-standard-automation-pms/app/models/sales/invoices.py': Couldn't use data file '/Users/fulingwei/.openclaw/workspace/non-standard-automation-pms/.coverage': no such table: tracer (couldnt-parse); see https://coverage.readthedocs.io/en/7.13.4/messages.html#warning-couldnt-parse
  coverage._warn(msg, slug="couldnt-parse")
/Library/Frameworks/Python.framework/Versions/3.13/lib/python3.13/site-packages/coverage/report_core.py:113: CoverageWarning: Couldn't parse '/Users/fulingwei/.openclaw/workspace/non-standard-automation-pms/app/models/sales/leads.py': Couldn't use data file '/Users/fulingwei/.openclaw/workspace/non-standard-automation-pms/.coverage': no such table: tracer (couldnt-parse); see https://coverage.readthedocs.io/en/7.13.4/messages.html#warning-couldnt-parse
  coverage._warn(msg, slug="couldnt-parse")
/Library/Frameworks/Python.framework/Versions/3.13/lib/python3.13/site-packages/coverage/report_core.py:113: CoverageWarning: Couldn't parse '/Users/fulingwei/.openclaw/workspace/non-standard-automation-pms/app/models/sales/presale_ai_cost.py': Couldn't use data file '/Users/fulingwei/.openclaw/workspace/non-standard-automation-pms/.coverage': no such table: tracer (couldnt-parse); see https://coverage.readthedocs.io/en/7.13.4/messages.html#warning-couldnt-parse
  coverage._warn(msg, slug="couldnt-parse")
/Library/Frameworks/Python.framework/Versions/3.13/lib/python3.13/site-packages/coverage/report_core.py:113: CoverageWarning: Couldn't parse '/Users/fulingwei/.openclaw/workspace/non-standard-automation-pms/app/models/sales/presale_ai_win_rate.py': Couldn't use data file '/Users/fulingwei/.openclaw/workspace/non-standard-automation-pms/.coverage': no such table: tracer (couldnt-parse); see https://coverage.readthedocs.io/en/7.13.4/messages.html#warning-couldnt-parse
  coverage._warn(msg, slug="couldnt-parse")
/Library/Frameworks/Python.framework/Versions/3.13/lib/python3.13/site-packages/coverage/report_core.py:113: CoverageWarning: Couldn't parse '/Users/fulingwei/.openclaw/workspace/non-standard-automation-pms/app/models/sales/quotes.py': Couldn't use data file '/Users/fulingwei/.openclaw/workspace/non-standard-automation-pms/.coverage': no such table: tracer (couldnt-parse); see https://coverage.readthedocs.io/en/7.13.4/messages.html#warning-couldnt-parse
  coverage._warn(msg, slug="couldnt-parse")
/Library/Frameworks/Python.framework/Versions/3.13/lib/python3.13/site-packages/coverage/report_core.py:113: CoverageWarning: Couldn't parse '/Users/fulingwei/.openclaw/workspace/non-standard-automation-pms/app/models/sales/region.py': Couldn't use data file '/Users/fulingwei/.openclaw/workspace/non-standard-automation-pms/.coverage': no such table: tracer (couldnt-parse); see https://coverage.readthedocs.io/en/7.13.4/messages.html#warning-couldnt-parse
  coverage._warn(msg, slug="couldnt-parse")
/Library/Frameworks/Python.framework/Versions/3.13/lib/python3.13/site-packages/coverage/report_core.py:113: CoverageWarning: Couldn't parse '/Users/fulingwei/.openclaw/workspace/non-standard-automation-pms/app/models/sales/target_v2.py': Couldn't use data file '/Users/fulingwei/.openclaw/workspace/non-standard-automation-pms/.coverage': no such table: tracer (couldnt-parse); see https://coverage.readthedocs.io/en/7.13.4/messages.html#warning-couldnt-parse
  coverage._warn(msg, slug="couldnt-parse")
/Library/Frameworks/Python.framework/Versions/3.13/lib/python3.13/site-packages/coverage/report_core.py:113: CoverageWarning: Couldn't parse '/Users/fulingwei/.openclaw/workspace/non-standard-automation-pms/app/models/sales/team.py': Couldn't use data file '/Users/fulingwei/.openclaw/workspace/non-standard-automation-pms/.coverage': no such table: tracer (couldnt-parse); see https://coverage.readthedocs.io/en/7.13.4/messages.html#warning-couldnt-parse
  coverage._warn(msg, slug="couldnt-parse")
/Library/Frameworks/Python.framework/Versions/3.13/lib/python3.13/site-packages/coverage/report_core.py:113: CoverageWarning: Couldn't parse '/Users/fulingwei/.openclaw/workspace/non-standard-automation-pms/app/models/sales/technical_assessment.py': Couldn't use data file '/Users/fulingwei/.openclaw/workspace/non-standard-automation-pms/.coverage': no such table: tracer (couldnt-parse); see https://coverage.readthedocs.io/en/7.13.4/messages.html#warning-couldnt-parse
  coverage._warn(msg, slug="couldnt-parse")
/Library/Frameworks/Python.framework/Versions/3.13/lib/python3.13/site-packages/coverage/report_core.py:113: CoverageWarning: Couldn't parse '/Users/fulingwei/.openclaw/workspace/non-standard-automation-pms/app/models/sales/workflow.py': Couldn't use data file '/Users/fulingwei/.openclaw/workspace/non-standard-automation-pms/.coverage': no such table: tracer (couldnt-parse); see https://coverage.readthedocs.io/en/7.13.4/messages.html#warning-couldnt-parse
  coverage._warn(msg, slug="couldnt-parse")
/Library/Frameworks/Python.framework/Versions/3.13/lib/python3.13/site-packages/coverage/report_core.py:113: CoverageWarning: Couldn't parse '/Users/fulingwei/.openclaw/workspace/non-standard-automation-pms/app/models/scheduler_config.py': Couldn't use data file '/Users/fulingwei/.openclaw/workspace/non-standard-automation-pms/.coverage': no such table: tracer (couldnt-parse); see https://coverage.readthedocs.io/en/7.13.4/messages.html#warning-couldnt-parse
  coverage._warn(msg, slug="couldnt-parse")
/Library/Frameworks/Python.framework/Versions/3.13/lib/python3.13/site-packages/coverage/report_core.py:113: CoverageWarning: Couldn't parse '/Users/fulingwei/.openclaw/workspace/non-standard-automation-pms/app/models/service/__init__.py': Couldn't use data file '/Users/fulingwei/.openclaw/workspace/non-standard-automation-pms/.coverage': no such table: tracer (couldnt-parse); see https://coverage.readthedocs.io/en/7.13.4/messages.html#warning-couldnt-parse
  coverage._warn(msg, slug="couldnt-parse")
/Library/Frameworks/Python.framework/Versions/3.13/lib/python3.13/site-packages/coverage/report_core.py:113: CoverageWarning: Couldn't parse '/Users/fulingwei/.openclaw/workspace/non-standard-automation-pms/app/models/service/communication_satisfaction.py': Couldn't use data file '/Users/fulingwei/.openclaw/workspace/non-standard-automation-pms/.coverage': no such table: tracer (couldnt-parse); see https://coverage.readthedocs.io/en/7.13.4/messages.html#warning-couldnt-parse
  coverage._warn(msg, slug="couldnt-parse")
/Library/Frameworks/Python.framework/Versions/3.13/lib/python3.13/site-packages/coverage/report_core.py:113: CoverageWarning: Couldn't parse '/Users/fulingwei/.openclaw/workspace/non-standard-automation-pms/app/models/service/enums.py': Couldn't use data file '/Users/fulingwei/.openclaw/workspace/non-standard-automation-pms/.coverage': no such table: tracer (couldnt-parse); see https://coverage.readthedocs.io/en/7.13.4/messages.html#warning-couldnt-parse
  coverage._warn(msg, slug="couldnt-parse")
/Library/Frameworks/Python.framework/Versions/3.13/lib/python3.13/site-packages/coverage/report_core.py:113: CoverageWarning: Couldn't parse '/Users/fulingwei/.openclaw/workspace/non-standard-automation-pms/app/models/service/knowledge.py': Couldn't use data file '/Users/fulingwei/.openclaw/workspace/non-standard-automation-pms/.coverage': no such table: tracer (couldnt-parse); see https://coverage.readthedocs.io/en/7.13.4/messages.html#warning-couldnt-parse
  coverage._warn(msg, slug="couldnt-parse")
/Library/Frameworks/Python.framework/Versions/3.13/lib/python3.13/site-packages/coverage/report_core.py:113: CoverageWarning: Couldn't parse '/Users/fulingwei/.openclaw/workspace/non-standard-automation-pms/app/models/service/record.py': Couldn't use data file '/Users/fulingwei/.openclaw/workspace/non-standard-automation-pms/.coverage': no such table: tracer (couldnt-parse); see https://coverage.readthedocs.io/en/7.13.4/messages.html#warning-couldnt-parse
  coverage._warn(msg, slug="couldnt-parse")
/Library/Frameworks/Python.framework/Versions/3.13/lib/python3.13/site-packages/coverage/report_core.py:113: CoverageWarning: Couldn't parse '/Users/fulingwei/.openclaw/workspace/non-standard-automation-pms/app/models/service/ticket.py': Couldn't use data file '/Users/fulingwei/.openclaw/workspace/non-standard-automation-pms/.coverage': no such table: tracer (couldnt-parse); see https://coverage.readthedocs.io/en/7.13.4/messages.html#warning-couldnt-parse
  coverage._warn(msg, slug="couldnt-parse")
/Library/Frameworks/Python.framework/Versions/3.13/lib/python3.13/site-packages/coverage/report_core.py:113: CoverageWarning: Couldn't parse '/Users/fulingwei/.openclaw/workspace/non-standard-automation-pms/app/models/session.py': Couldn't use data file '/Users/fulingwei/.openclaw/workspace/non-standard-automation-pms/.coverage': no such table: tracer (couldnt-parse); see https://coverage.readthedocs.io/en/7.13.4/messages.html#warning-couldnt-parse
  coverage._warn(msg, slug="couldnt-parse")
/Library/Frameworks/Python.framework/Versions/3.13/lib/python3.13/site-packages/coverage/report_core.py:113: CoverageWarning: Couldn't parse '/Users/fulingwei/.openclaw/workspace/non-standard-automation-pms/app/models/shortage/__init__.py': Couldn't use data file '/Users/fulingwei/.openclaw/workspace/non-standard-automation-pms/.coverage': no such table: tracer (couldnt-parse); see https://coverage.readthedocs.io/en/7.13.4/messages.html#warning-couldnt-parse
  coverage._warn(msg, slug="couldnt-parse")
/Library/Frameworks/Python.framework/Versions/3.13/lib/python3.13/site-packages/coverage/report_core.py:113: CoverageWarning: Couldn't parse '/Users/fulingwei/.openclaw/workspace/non-standard-automation-pms/app/models/shortage/alerts.py': Couldn't use data file '/Users/fulingwei/.openclaw/workspace/non-standard-automation-pms/.coverage': no such table: tracer (couldnt-parse); see https://coverage.readthedocs.io/en/7.13.4/messages.html#warning-couldnt-parse
  coverage._warn(msg, slug="couldnt-parse")
/Library/Frameworks/Python.framework/Versions/3.13/lib/python3.13/site-packages/coverage/report_core.py:113: CoverageWarning: Couldn't parse '/Users/fulingwei/.openclaw/workspace/non-standard-automation-pms/app/models/shortage/arrivals.py': Couldn't use data file '/Users/fulingwei/.openclaw/workspace/non-standard-automation-pms/.coverage': no such table: tracer (couldnt-parse); see https://coverage.readthedocs.io/en/7.13.4/messages.html#warning-couldnt-parse
  coverage._warn(msg, slug="couldnt-parse")
/Library/Frameworks/Python.framework/Versions/3.13/lib/python3.13/site-packages/coverage/report_core.py:113: CoverageWarning: Couldn't parse '/Users/fulingwei/.openclaw/workspace/non-standard-automation-pms/app/models/shortage/handling.py': Couldn't use data file '/Users/fulingwei/.openclaw/workspace/non-standard-automation-pms/.coverage': no such table: tracer (couldnt-parse); see https://coverage.readthedocs.io/en/7.13.4/messages.html#warning-couldnt-parse
  coverage._warn(msg, slug="couldnt-parse")
/Library/Frameworks/Python.framework/Versions/3.13/lib/python3.13/site-packages/coverage/report_core.py:113: CoverageWarning: Couldn't parse '/Users/fulingwei/.openclaw/workspace/non-standard-automation-pms/app/models/shortage/reports.py': Couldn't use data file '/Users/fulingwei/.openclaw/workspace/non-standard-automation-pms/.coverage': no such table: tracer (couldnt-parse); see https://coverage.readthedocs.io/en/7.13.4/messages.html#warning-couldnt-parse
  coverage._warn(msg, slug="couldnt-parse")
/Library/Frameworks/Python.framework/Versions/3.13/lib/python3.13/site-packages/coverage/report_core.py:113: CoverageWarning: Couldn't parse '/Users/fulingwei/.openclaw/workspace/non-standard-automation-pms/app/models/shortage/requirements.py': Couldn't use data file '/Users/fulingwei/.openclaw/workspace/non-standard-automation-pms/.coverage': no such table: tracer (couldnt-parse); see https://coverage.readthedocs.io/en/7.13.4/messages.html#warning-couldnt-parse
  coverage._warn(msg, slug="couldnt-parse")
/Library/Frameworks/Python.framework/Versions/3.13/lib/python3.13/site-packages/coverage/report_core.py:113: CoverageWarning: Couldn't parse '/Users/fulingwei/.openclaw/workspace/non-standard-automation-pms/app/models/shortage/smart_alert.py': Couldn't use data file '/Users/fulingwei/.openclaw/workspace/non-standard-automation-pms/.coverage': no such table: tracer (couldnt-parse); see https://coverage.readthedocs.io/en/7.13.4/messages.html#warning-couldnt-parse
  coverage._warn(msg, slug="couldnt-parse")
/Library/Frameworks/Python.framework/Versions/3.13/lib/python3.13/site-packages/coverage/report_core.py:113: CoverageWarning: Couldn't parse '/Users/fulingwei/.openclaw/workspace/non-standard-automation-pms/app/models/sla.py': Couldn't use data file '/Users/fulingwei/.openclaw/workspace/non-standard-automation-pms/.coverage': no such table: tracer (couldnt-parse); see https://coverage.readthedocs.io/en/7.13.4/messages.html#warning-couldnt-parse
  coverage._warn(msg, slug="couldnt-parse")
/Library/Frameworks/Python.framework/Versions/3.13/lib/python3.13/site-packages/coverage/report_core.py:113: CoverageWarning: Couldn't parse '/Users/fulingwei/.openclaw/workspace/non-standard-automation-pms/app/models/staff_matching.py': Couldn't use data file '/Users/fulingwei/.openclaw/workspace/non-standard-automation-pms/.coverage': no such table: tracer (couldnt-parse); see https://coverage.readthedocs.io/en/7.13.4/messages.html#warning-couldnt-parse
  coverage._warn(msg, slug="couldnt-parse")
/Library/Frameworks/Python.framework/Versions/3.13/lib/python3.13/site-packages/coverage/report_core.py:113: CoverageWarning: Couldn't parse '/Users/fulingwei/.openclaw/workspace/non-standard-automation-pms/app/models/stage_instance.py': Couldn't use data file '/Users/fulingwei/.openclaw/workspace/non-standard-automation-pms/.coverage': no such table: tracer (couldnt-parse); see https://coverage.readthedocs.io/en/7.13.4/messages.html#warning-couldnt-parse
  coverage._warn(msg, slug="couldnt-parse")
/Library/Frameworks/Python.framework/Versions/3.13/lib/python3.13/site-packages/coverage/report_core.py:113: CoverageWarning: Couldn't parse '/Users/fulingwei/.openclaw/workspace/non-standard-automation-pms/app/models/stage_template.py': Couldn't use data file '/Users/fulingwei/.openclaw/workspace/non-standard-automation-pms/.coverage': no such table: tracer (couldnt-parse); see https://coverage.readthedocs.io/en/7.13.4/messages.html#warning-couldnt-parse
  coverage._warn(msg, slug="couldnt-parse")
/Library/Frameworks/Python.framework/Versions/3.13/lib/python3.13/site-packages/coverage/report_core.py:113: CoverageWarning: Couldn't parse '/Users/fulingwei/.openclaw/workspace/non-standard-automation-pms/app/models/standard_cost.py': Couldn't use data file '/Users/fulingwei/.openclaw/workspace/non-standard-automation-pms/.coverage': no such table: tracer (couldnt-parse); see https://coverage.readthedocs.io/en/7.13.4/messages.html#warning-couldnt-parse
  coverage._warn(msg, slug="couldnt-parse")
/Library/Frameworks/Python.framework/Versions/3.13/lib/python3.13/site-packages/coverage/report_core.py:113: CoverageWarning: Couldn't parse '/Users/fulingwei/.openclaw/workspace/non-standard-automation-pms/app/models/state_machine.py': Couldn't use data file '/Users/fulingwei/.openclaw/workspace/non-standard-automation-pms/.coverage': no such table: tracer (couldnt-parse); see https://coverage.readthedocs.io/en/7.13.4/messages.html#warning-couldnt-parse
  coverage._warn(msg, slug="couldnt-parse")
/Library/Frameworks/Python.framework/Versions/3.13/lib/python3.13/site-packages/coverage/report_core.py:113: CoverageWarning: Couldn't parse '/Users/fulingwei/.openclaw/workspace/non-standard-automation-pms/app/models/strategy/__init__.py': Couldn't use data file '/Users/fulingwei/.openclaw/workspace/non-standard-automation-pms/.coverage': no such table: tracer (couldnt-parse); see https://coverage.readthedocs.io/en/7.13.4/messages.html#warning-couldnt-parse
  coverage._warn(msg, slug="couldnt-parse")
/Library/Frameworks/Python.framework/Versions/3.13/lib/python3.13/site-packages/coverage/report_core.py:113: CoverageWarning: Couldn't parse '/Users/fulingwei/.openclaw/workspace/non-standard-automation-pms/app/models/strategy/annual_work.py': Couldn't use data file '/Users/fulingwei/.openclaw/workspace/non-standard-automation-pms/.coverage': no such table: tracer (couldnt-parse); see https://coverage.readthedocs.io/en/7.13.4/messages.html#warning-couldnt-parse
  coverage._warn(msg, slug="couldnt-parse")
/Library/Frameworks/Python.framework/Versions/3.13/lib/python3.13/site-packages/coverage/report_core.py:113: CoverageWarning: Couldn't parse '/Users/fulingwei/.openclaw/workspace/non-standard-automation-pms/app/models/strategy/comparison.py': Couldn't use data file '/Users/fulingwei/.openclaw/workspace/non-standard-automation-pms/.coverage': no such table: tracer (couldnt-parse); see https://coverage.readthedocs.io/en/7.13.4/messages.html#warning-couldnt-parse
  coverage._warn(msg, slug="couldnt-parse")
/Library/Frameworks/Python.framework/Versions/3.13/lib/python3.13/site-packages/coverage/report_core.py:113: CoverageWarning: Couldn't parse '/Users/fulingwei/.openclaw/workspace/non-standard-automation-pms/app/models/strategy/core.py': Couldn't use data file '/Users/fulingwei/.openclaw/workspace/non-standard-automation-pms/.coverage': no such table: tracer (couldnt-parse); see https://coverage.readthedocs.io/en/7.13.4/messages.html#warning-couldnt-parse
  coverage._warn(msg, slug="couldnt-parse")
/Library/Frameworks/Python.framework/Versions/3.13/lib/python3.13/site-packages/coverage/report_core.py:113: CoverageWarning: Couldn't parse '/Users/fulingwei/.openclaw/workspace/non-standard-automation-pms/app/models/strategy/decomposition.py': Couldn't use data file '/Users/fulingwei/.openclaw/workspace/non-standard-automation-pms/.coverage': no such table: tracer (couldnt-parse); see https://coverage.readthedocs.io/en/7.13.4/messages.html#warning-couldnt-parse
  coverage._warn(msg, slug="couldnt-parse")
/Library/Frameworks/Python.framework/Versions/3.13/lib/python3.13/site-packages/coverage/report_core.py:113: CoverageWarning: Couldn't parse '/Users/fulingwei/.openclaw/workspace/non-standard-automation-pms/app/models/strategy/review.py': Couldn't use data file '/Users/fulingwei/.openclaw/workspace/non-standard-automation-pms/.coverage': no such table: tracer (couldnt-parse); see https://coverage.readthedocs.io/en/7.13.4/messages.html#warning-couldnt-parse
  coverage._warn(msg, slug="couldnt-parse")
/Library/Frameworks/Python.framework/Versions/3.13/lib/python3.13/site-packages/coverage/report_core.py:113: CoverageWarning: Couldn't parse '/Users/fulingwei/.openclaw/workspace/non-standard-automation-pms/app/models/task_center.py': Couldn't use data file '/Users/fulingwei/.openclaw/workspace/non-standard-automation-pms/.coverage': no such table: tracer (couldnt-parse); see https://coverage.readthedocs.io/en/7.13.4/messages.html#warning-couldnt-parse
  coverage._warn(msg, slug="couldnt-parse")
/Library/Frameworks/Python.framework/Versions/3.13/lib/python3.13/site-packages/coverage/report_core.py:113: CoverageWarning: Couldn't parse '/Users/fulingwei/.openclaw/workspace/non-standard-automation-pms/app/models/technical_review.py': Couldn't use data file '/Users/fulingwei/.openclaw/workspace/non-standard-automation-pms/.coverage': no such table: tracer (couldnt-parse); see https://coverage.readthedocs.io/en/7.13.4/messages.html#warning-couldnt-parse
  coverage._warn(msg, slug="couldnt-parse")
/Library/Frameworks/Python.framework/Versions/3.13/lib/python3.13/site-packages/coverage/report_core.py:113: CoverageWarning: Couldn't parse '/Users/fulingwei/.openclaw/workspace/non-standard-automation-pms/app/models/technical_spec.py': Couldn't use data file '/Users/fulingwei/.openclaw/workspace/non-standard-automation-pms/.coverage': no such table: tracer (couldnt-parse); see https://coverage.readthedocs.io/en/7.13.4/messages.html#warning-couldnt-parse
  coverage._warn(msg, slug="couldnt-parse")
/Library/Frameworks/Python.framework/Versions/3.13/lib/python3.13/site-packages/coverage/report_core.py:113: CoverageWarning: Couldn't parse '/Users/fulingwei/.openclaw/workspace/non-standard-automation-pms/app/models/tenant.py': Couldn't use data file '/Users/fulingwei/.openclaw/workspace/non-standard-automation-pms/.coverage': no such table: tracer (couldnt-parse); see https://coverage.readthedocs.io/en/7.13.4/messages.html#warning-couldnt-parse
  coverage._warn(msg, slug="couldnt-parse")
/Library/Frameworks/Python.framework/Versions/3.13/lib/python3.13/site-packages/coverage/report_core.py:113: CoverageWarning: Couldn't parse '/Users/fulingwei/.openclaw/workspace/non-standard-automation-pms/app/models/timesheet.py': Couldn't use data file '/Users/fulingwei/.openclaw/workspace/non-standard-automation-pms/.coverage': no such table: tracer (couldnt-parse); see https://coverage.readthedocs.io/en/7.13.4/messages.html#warning-couldnt-parse
  coverage._warn(msg, slug="couldnt-parse")
/Library/Frameworks/Python.framework/Versions/3.13/lib/python3.13/site-packages/coverage/report_core.py:113: CoverageWarning: Couldn't parse '/Users/fulingwei/.openclaw/workspace/non-standard-automation-pms/app/models/timesheet_analytics.py': Couldn't use data file '/Users/fulingwei/.openclaw/workspace/non-standard-automation-pms/.coverage': no such table: tracer (couldnt-parse); see https://coverage.readthedocs.io/en/7.13.4/messages.html#warning-couldnt-parse
  coverage._warn(msg, slug="couldnt-parse")
/Library/Frameworks/Python.framework/Versions/3.13/lib/python3.13/site-packages/coverage/report_core.py:113: CoverageWarning: Couldn't parse '/Users/fulingwei/.openclaw/workspace/non-standard-automation-pms/app/models/timesheet_reminder.py': Couldn't use data file '/Users/fulingwei/.openclaw/workspace/non-standard-automation-pms/.coverage': no such table: tracer (couldnt-parse); see https://coverage.readthedocs.io/en/7.13.4/messages.html#warning-couldnt-parse
  coverage._warn(msg, slug="couldnt-parse")
/Library/Frameworks/Python.framework/Versions/3.13/lib/python3.13/site-packages/coverage/report_core.py:113: CoverageWarning: Couldn't parse '/Users/fulingwei/.openclaw/workspace/non-standard-automation-pms/app/models/two_factor.py': Couldn't use data file '/Users/fulingwei/.openclaw/workspace/non-standard-automation-pms/.coverage': no such table: tracer (couldnt-parse); see https://coverage.readthedocs.io/en/7.13.4/messages.html#warning-couldnt-parse
  coverage._warn(msg, slug="couldnt-parse")
/Library/Frameworks/Python.framework/Versions/3.13/lib/python3.13/site-packages/coverage/report_core.py:113: CoverageWarning: Couldn't parse '/Users/fulingwei/.openclaw/workspace/non-standard-automation-pms/app/models/user.py': Couldn't use data file '/Users/fulingwei/.openclaw/workspace/non-standard-automation-pms/.coverage': no such table: tracer (couldnt-parse); see https://coverage.readthedocs.io/en/7.13.4/messages.html#warning-couldnt-parse
  coverage._warn(msg, slug="couldnt-parse")
/Library/Frameworks/Python.framework/Versions/3.13/lib/python3.13/site-packages/coverage/report_core.py:113: CoverageWarning: Couldn't parse '/Users/fulingwei/.openclaw/workspace/non-standard-automation-pms/app/models/vendor.py': Couldn't use data file '/Users/fulingwei/.openclaw/workspace/non-standard-automation-pms/.coverage': no such table: tracer (couldnt-parse); see https://coverage.readthedocs.io/en/7.13.4/messages.html#warning-couldnt-parse
  coverage._warn(msg, slug="couldnt-parse")
/Library/Frameworks/Python.framework/Versions/3.13/lib/python3.13/site-packages/coverage/report_core.py:113: CoverageWarning: Couldn't parse '/Users/fulingwei/.openclaw/workspace/non-standard-automation-pms/app/models/work_log.py': Couldn't use data file '/Users/fulingwei/.openclaw/workspace/non-standard-automation-pms/.coverage': no such table: tracer (couldnt-parse); see https://coverage.readthedocs.io/en/7.13.4/messages.html#warning-couldnt-parse
  coverage._warn(msg, slug="couldnt-parse")
/Library/Frameworks/Python.framework/Versions/3.13/lib/python3.13/site-packages/coverage/report_core.py:113: CoverageWarning: Couldn't parse '/Users/fulingwei/.openclaw/workspace/non-standard-automation-pms/app/scheduler_progress.py': Couldn't use data file '/Users/fulingwei/.openclaw/workspace/non-standard-automation-pms/.coverage': no such table: tracer (couldnt-parse); see https://coverage.readthedocs.io/en/7.13.4/messages.html#warning-couldnt-parse
  coverage._warn(msg, slug="couldnt-parse")
/Library/Frameworks/Python.framework/Versions/3.13/lib/python3.13/site-packages/coverage/report_core.py:113: CoverageWarning: Couldn't parse '/Users/fulingwei/.openclaw/workspace/non-standard-automation-pms/app/schemas/__init__.py': Couldn't use data file '/Users/fulingwei/.openclaw/workspace/non-standard-automation-pms/.coverage': no such table: tracer (couldnt-parse); see https://coverage.readthedocs.io/en/7.13.4/messages.html#warning-couldnt-parse
  coverage._warn(msg, slug="couldnt-parse")
/Library/Frameworks/Python.framework/Versions/3.13/lib/python3.13/site-packages/coverage/report_core.py:113: CoverageWarning: Couldn't parse '/Users/fulingwei/.openclaw/workspace/non-standard-automation-pms/app/schemas/acceptance.py': Couldn't use data file '/Users/fulingwei/.openclaw/workspace/non-standard-automation-pms/.coverage': no such table: tracer (couldnt-parse); see https://coverage.readthedocs.io/en/7.13.4/messages.html#warning-couldnt-parse
  coverage._warn(msg, slug="couldnt-parse")
/Library/Frameworks/Python.framework/Versions/3.13/lib/python3.13/site-packages/coverage/report_core.py:113: CoverageWarning: Couldn't parse '/Users/fulingwei/.openclaw/workspace/non-standard-automation-pms/app/schemas/advantage_product.py': Couldn't use data file '/Users/fulingwei/.openclaw/workspace/non-standard-automation-pms/.coverage': no such table: tracer (couldnt-parse); see https://coverage.readthedocs.io/en/7.13.4/messages.html#warning-couldnt-parse
  coverage._warn(msg, slug="couldnt-parse")
/Library/Frameworks/Python.framework/Versions/3.13/lib/python3.13/site-packages/coverage/report_core.py:113: CoverageWarning: Couldn't parse '/Users/fulingwei/.openclaw/workspace/non-standard-automation-pms/app/schemas/ai_planning.py': Couldn't use data file '/Users/fulingwei/.openclaw/workspace/non-standard-automation-pms/.coverage': no such table: tracer (couldnt-parse); see https://coverage.readthedocs.io/en/7.13.4/messages.html#warning-couldnt-parse
  coverage._warn(msg, slug="couldnt-parse")
/Library/Frameworks/Python.framework/Versions/3.13/lib/python3.13/site-packages/coverage/report_core.py:113: CoverageWarning: Couldn't parse '/Users/fulingwei/.openclaw/workspace/non-standard-automation-pms/app/schemas/alert.py': Couldn't use data file '/Users/fulingwei/.openclaw/workspace/non-standard-automation-pms/.coverage': no such table: tracer (couldnt-parse); see https://coverage.readthedocs.io/en/7.13.4/messages.html#warning-couldnt-parse
  coverage._warn(msg, slug="couldnt-parse")
/Library/Frameworks/Python.framework/Versions/3.13/lib/python3.13/site-packages/coverage/report_core.py:113: CoverageWarning: Couldn't parse '/Users/fulingwei/.openclaw/workspace/non-standard-automation-pms/app/schemas/approval/__init__.py': Couldn't use data file '/Users/fulingwei/.openclaw/workspace/non-standard-automation-pms/.coverage': no such table: tracer (couldnt-parse); see https://coverage.readthedocs.io/en/7.13.4/messages.html#warning-couldnt-parse
  coverage._warn(msg, slug="couldnt-parse")
/Library/Frameworks/Python.framework/Versions/3.13/lib/python3.13/site-packages/coverage/report_core.py:113: CoverageWarning: Couldn't parse '/Users/fulingwei/.openclaw/workspace/non-standard-automation-pms/app/schemas/approval/flow.py': Couldn't use data file '/Users/fulingwei/.openclaw/workspace/non-standard-automation-pms/.coverage': no such table: tracer (couldnt-parse); see https://coverage.readthedocs.io/en/7.13.4/messages.html#warning-couldnt-parse
  coverage._warn(msg, slug="couldnt-parse")
/Library/Frameworks/Python.framework/Versions/3.13/lib/python3.13/site-packages/coverage/report_core.py:113: CoverageWarning: Couldn't parse '/Users/fulingwei/.openclaw/workspace/non-standard-automation-pms/app/schemas/approval/instance.py': Couldn't use data file '/Users/fulingwei/.openclaw/workspace/non-standard-automation-pms/.coverage': no such table: tracer (couldnt-parse); see https://coverage.readthedocs.io/en/7.13.4/messages.html#warning-couldnt-parse
  coverage._warn(msg, slug="couldnt-parse")
/Library/Frameworks/Python.framework/Versions/3.13/lib/python3.13/site-packages/coverage/report_core.py:113: CoverageWarning: Couldn't parse '/Users/fulingwei/.openclaw/workspace/non-standard-automation-pms/app/schemas/approval/task.py': Couldn't use data file '/Users/fulingwei/.openclaw/workspace/non-standard-automation-pms/.coverage': no such table: tracer (couldnt-parse); see https://coverage.readthedocs.io/en/7.13.4/messages.html#warning-couldnt-parse
  coverage._warn(msg, slug="couldnt-parse")
/Library/Frameworks/Python.framework/Versions/3.13/lib/python3.13/site-packages/coverage/report_core.py:113: CoverageWarning: Couldn't parse '/Users/fulingwei/.openclaw/workspace/non-standard-automation-pms/app/schemas/approval/template.py': Couldn't use data file '/Users/fulingwei/.openclaw/workspace/non-standard-automation-pms/.coverage': no such table: tracer (couldnt-parse); see https://coverage.readthedocs.io/en/7.13.4/messages.html#warning-couldnt-parse
  coverage._warn(msg, slug="couldnt-parse")
/Library/Frameworks/Python.framework/Versions/3.13/lib/python3.13/site-packages/coverage/report_core.py:113: CoverageWarning: Couldn't parse '/Users/fulingwei/.openclaw/workspace/non-standard-automation-pms/app/schemas/assembly_kit.py': Couldn't use data file '/Users/fulingwei/.openclaw/workspace/non-standard-automation-pms/.coverage': no such table: tracer (couldnt-parse); see https://coverage.readthedocs.io/en/7.13.4/messages.html#warning-couldnt-parse
  coverage._warn(msg, slug="couldnt-parse")
/Library/Frameworks/Python.framework/Versions/3.13/lib/python3.13/site-packages/coverage/report_core.py:113: CoverageWarning: Couldn't parse '/Users/fulingwei/.openclaw/workspace/non-standard-automation-pms/app/schemas/auth.py': Couldn't use data file '/Users/fulingwei/.openclaw/workspace/non-standard-automation-pms/.coverage': no such table: tracer (couldnt-parse); see https://coverage.readthedocs.io/en/7.13.4/messages.html#warning-couldnt-parse
  coverage._warn(msg, slug="couldnt-parse")
/Library/Frameworks/Python.framework/Versions/3.13/lib/python3.13/site-packages/coverage/report_core.py:113: CoverageWarning: Couldn't parse '/Users/fulingwei/.openclaw/workspace/non-standard-automation-pms/app/schemas/bonus.py': Couldn't use data file '/Users/fulingwei/.openclaw/workspace/non-standard-automation-pms/.coverage': no such table: tracer (couldnt-parse); see https://coverage.readthedocs.io/en/7.13.4/messages.html#warning-couldnt-parse
  coverage._warn(msg, slug="couldnt-parse")
/Library/Frameworks/Python.framework/Versions/3.13/lib/python3.13/site-packages/coverage/report_core.py:113: CoverageWarning: Couldn't parse '/Users/fulingwei/.openclaw/workspace/non-standard-automation-pms/app/schemas/budget.py': Couldn't use data file '/Users/fulingwei/.openclaw/workspace/non-standard-automation-pms/.coverage': no such table: tracer (couldnt-parse); see https://coverage.readthedocs.io/en/7.13.4/messages.html#warning-couldnt-parse
  coverage._warn(msg, slug="couldnt-parse")
/Library/Frameworks/Python.framework/Versions/3.13/lib/python3.13/site-packages/coverage/report_core.py:113: CoverageWarning: Couldn't parse '/Users/fulingwei/.openclaw/workspace/non-standard-automation-pms/app/schemas/business_support.py': Couldn't use data file '/Users/fulingwei/.openclaw/workspace/non-standard-automation-pms/.coverage': no such table: tracer (couldnt-parse); see https://coverage.readthedocs.io/en/7.13.4/messages.html#warning-couldnt-parse
  coverage._warn(msg, slug="couldnt-parse")
/Library/Frameworks/Python.framework/Versions/3.13/lib/python3.13/site-packages/coverage/report_core.py:113: CoverageWarning: Couldn't parse '/Users/fulingwei/.openclaw/workspace/non-standard-automation-pms/app/schemas/business_support/__init__.py': Couldn't use data file '/Users/fulingwei/.openclaw/workspace/non-standard-automation-pms/.coverage': no such table: tracer (couldnt-parse); see https://coverage.readthedocs.io/en/7.13.4/messages.html#warning-couldnt-parse
  coverage._warn(msg, slug="couldnt-parse")
/Library/Frameworks/Python.framework/Versions/3.13/lib/python3.13/site-packages/coverage/report_core.py:113: CoverageWarning: Couldn't parse '/Users/fulingwei/.openclaw/workspace/non-standard-automation-pms/app/schemas/business_support/acceptance.py': Couldn't use data file '/Users/fulingwei/.openclaw/workspace/non-standard-automation-pms/.coverage': no such table: tracer (couldnt-parse); see https://coverage.readthedocs.io/en/7.13.4/messages.html#warning-couldnt-parse
  coverage._warn(msg, slug="couldnt-parse")
/Library/Frameworks/Python.framework/Versions/3.13/lib/python3.13/site-packages/coverage/report_core.py:113: CoverageWarning: Couldn't parse '/Users/fulingwei/.openclaw/workspace/non-standard-automation-pms/app/schemas/business_support/bidding.py': Couldn't use data file '/Users/fulingwei/.openclaw/workspace/non-standard-automation-pms/.coverage': no such table: tracer (couldnt-parse); see https://coverage.readthedocs.io/en/7.13.4/messages.html#warning-couldnt-parse
  coverage._warn(msg, slug="couldnt-parse")
/Library/Frameworks/Python.framework/Versions/3.13/lib/python3.13/site-packages/coverage/report_core.py:113: CoverageWarning: Couldn't parse '/Users/fulingwei/.openclaw/workspace/non-standard-automation-pms/app/schemas/business_support/contract.py': Couldn't use data file '/Users/fulingwei/.openclaw/workspace/non-standard-automation-pms/.coverage': no such table: tracer (couldnt-parse); see https://coverage.readthedocs.io/en/7.13.4/messages.html#warning-couldnt-parse
  coverage._warn(msg, slug="couldnt-parse")
/Library/Frameworks/Python.framework/Versions/3.13/lib/python3.13/site-packages/coverage/report_core.py:113: CoverageWarning: Couldn't parse '/Users/fulingwei/.openclaw/workspace/non-standard-automation-pms/app/schemas/business_support/dashboard.py': Couldn't use data file '/Users/fulingwei/.openclaw/workspace/non-standard-automation-pms/.coverage': no such table: tracer (couldnt-parse); see https://coverage.readthedocs.io/en/7.13.4/messages.html#warning-couldnt-parse
  coverage._warn(msg, slug="couldnt-parse")
/Library/Frameworks/Python.framework/Versions/3.13/lib/python3.13/site-packages/coverage/report_core.py:113: CoverageWarning: Couldn't parse '/Users/fulingwei/.openclaw/workspace/non-standard-automation-pms/app/schemas/business_support/delivery.py': Couldn't use data file '/Users/fulingwei/.openclaw/workspace/non-standard-automation-pms/.coverage': no such table: tracer (couldnt-parse); see https://coverage.readthedocs.io/en/7.13.4/messages.html#warning-couldnt-parse
  coverage._warn(msg, slug="couldnt-parse")
/Library/Frameworks/Python.framework/Versions/3.13/lib/python3.13/site-packages/coverage/report_core.py:113: CoverageWarning: Couldn't parse '/Users/fulingwei/.openclaw/workspace/non-standard-automation-pms/app/schemas/business_support/document.py': Couldn't use data file '/Users/fulingwei/.openclaw/workspace/non-standard-automation-pms/.coverage': no such table: tracer (couldnt-parse); see https://coverage.readthedocs.io/en/7.13.4/messages.html#warning-couldnt-parse
  coverage._warn(msg, slug="couldnt-parse")
/Library/Frameworks/Python.framework/Versions/3.13/lib/python3.13/site-packages/coverage/report_core.py:113: CoverageWarning: Couldn't parse '/Users/fulingwei/.openclaw/workspace/non-standard-automation-pms/app/schemas/business_support/invoice.py': Couldn't use data file '/Users/fulingwei/.openclaw/workspace/non-standard-automation-pms/.coverage': no such table: tracer (couldnt-parse); see https://coverage.readthedocs.io/en/7.13.4/messages.html#warning-couldnt-parse
  coverage._warn(msg, slug="couldnt-parse")
/Library/Frameworks/Python.framework/Versions/3.13/lib/python3.13/site-packages/coverage/report_core.py:113: CoverageWarning: Couldn't parse '/Users/fulingwei/.openclaw/workspace/non-standard-automation-pms/app/schemas/business_support/payment.py': Couldn't use data file '/Users/fulingwei/.openclaw/workspace/non-standard-automation-pms/.coverage': no such table: tracer (couldnt-parse); see https://coverage.readthedocs.io/en/7.13.4/messages.html#warning-couldnt-parse
  coverage._warn(msg, slug="couldnt-parse")
/Library/Frameworks/Python.framework/Versions/3.13/lib/python3.13/site-packages/coverage/report_core.py:113: CoverageWarning: Couldn't parse '/Users/fulingwei/.openclaw/workspace/non-standard-automation-pms/app/schemas/business_support/reconciliation.py': Couldn't use data file '/Users/fulingwei/.openclaw/workspace/non-standard-automation-pms/.coverage': no such table: tracer (couldnt-parse); see https://coverage.readthedocs.io/en/7.13.4/messages.html#warning-couldnt-parse
  coverage._warn(msg, slug="couldnt-parse")
/Library/Frameworks/Python.framework/Versions/3.13/lib/python3.13/site-packages/coverage/report_core.py:113: CoverageWarning: Couldn't parse '/Users/fulingwei/.openclaw/workspace/non-standard-automation-pms/app/schemas/business_support/registration.py': Couldn't use data file '/Users/fulingwei/.openclaw/workspace/non-standard-automation-pms/.coverage': no such table: tracer (couldnt-parse); see https://coverage.readthedocs.io/en/7.13.4/messages.html#warning-couldnt-parse
  coverage._warn(msg, slug="couldnt-parse")
/Library/Frameworks/Python.framework/Versions/3.13/lib/python3.13/site-packages/coverage/report_core.py:113: CoverageWarning: Couldn't parse '/Users/fulingwei/.openclaw/workspace/non-standard-automation-pms/app/schemas/business_support/report.py': Couldn't use data file '/Users/fulingwei/.openclaw/workspace/non-standard-automation-pms/.coverage': no such table: tracer (couldnt-parse); see https://coverage.readthedocs.io/en/7.13.4/messages.html#warning-couldnt-parse
  coverage._warn(msg, slug="couldnt-parse")
/Library/Frameworks/Python.framework/Versions/3.13/lib/python3.13/site-packages/coverage/report_core.py:113: CoverageWarning: Couldn't parse '/Users/fulingwei/.openclaw/workspace/non-standard-automation-pms/app/schemas/business_support/sales_order.py': Couldn't use data file '/Users/fulingwei/.openclaw/workspace/non-standard-automation-pms/.coverage': no such table: tracer (couldnt-parse); see https://coverage.readthedocs.io/en/7.13.4/messages.html#warning-couldnt-parse
  coverage._warn(msg, slug="couldnt-parse")
/Library/Frameworks/Python.framework/Versions/3.13/lib/python3.13/site-packages/coverage/report_core.py:113: CoverageWarning: Couldn't parse '/Users/fulingwei/.openclaw/workspace/non-standard-automation-pms/app/schemas/change_impact.py': Couldn't use data file '/Users/fulingwei/.openclaw/workspace/non-standard-automation-pms/.coverage': no such table: tracer (couldnt-parse); see https://coverage.readthedocs.io/en/7.13.4/messages.html#warning-couldnt-parse
  coverage._warn(msg, slug="couldnt-parse")
/Library/Frameworks/Python.framework/Versions/3.13/lib/python3.13/site-packages/coverage/report_core.py:113: CoverageWarning: Couldn't parse '/Users/fulingwei/.openclaw/workspace/non-standard-automation-pms/app/schemas/change_request.py': Couldn't use data file '/Users/fulingwei/.openclaw/workspace/non-standard-automation-pms/.coverage': no such table: tracer (couldnt-parse); see https://coverage.readthedocs.io/en/7.13.4/messages.html#warning-couldnt-parse
  coverage._warn(msg, slug="couldnt-parse")
/Library/Frameworks/Python.framework/Versions/3.13/lib/python3.13/site-packages/coverage/report_core.py:113: CoverageWarning: Couldn't parse '/Users/fulingwei/.openclaw/workspace/non-standard-automation-pms/app/schemas/common.py': Couldn't use data file '/Users/fulingwei/.openclaw/workspace/non-standard-automation-pms/.coverage': no such table: tracer (couldnt-parse); see https://coverage.readthedocs.io/en/7.13.4/messages.html#warning-couldnt-parse
  coverage._warn(msg, slug="couldnt-parse")
/Library/Frameworks/Python.framework/Versions/3.13/lib/python3.13/site-packages/coverage/report_core.py:113: CoverageWarning: Couldn't parse '/Users/fulingwei/.openclaw/workspace/non-standard-automation-pms/app/schemas/culture_wall.py': Couldn't use data file '/Users/fulingwei/.openclaw/workspace/non-standard-automation-pms/.coverage': no such table: tracer (couldnt-parse); see https://coverage.readthedocs.io/en/7.13.4/messages.html#warning-couldnt-parse
  coverage._warn(msg, slug="couldnt-parse")
/Library/Frameworks/Python.framework/Versions/3.13/lib/python3.13/site-packages/coverage/report_core.py:113: CoverageWarning: Couldn't parse '/Users/fulingwei/.openclaw/workspace/non-standard-automation-pms/app/schemas/culture_wall_config.py': Couldn't use data file '/Users/fulingwei/.openclaw/workspace/non-standard-automation-pms/.coverage': no such table: tracer (couldnt-parse); see https://coverage.readthedocs.io/en/7.13.4/messages.html#warning-couldnt-parse
  coverage._warn(msg, slug="couldnt-parse")
/Library/Frameworks/Python.framework/Versions/3.13/lib/python3.13/site-packages/coverage/report_core.py:113: CoverageWarning: Couldn't parse '/Users/fulingwei/.openclaw/workspace/non-standard-automation-pms/app/schemas/dashboard.py': Couldn't use data file '/Users/fulingwei/.openclaw/workspace/non-standard-automation-pms/.coverage': no such table: tracer (couldnt-parse); see https://coverage.readthedocs.io/en/7.13.4/messages.html#warning-couldnt-parse
  coverage._warn(msg, slug="couldnt-parse")
/Library/Frameworks/Python.framework/Versions/3.13/lib/python3.13/site-packages/coverage/report_core.py:113: CoverageWarning: Couldn't parse '/Users/fulingwei/.openclaw/workspace/non-standard-automation-pms/app/schemas/data_import_export.py': Couldn't use data file '/Users/fulingwei/.openclaw/workspace/non-standard-automation-pms/.coverage': no such table: tracer (couldnt-parse); see https://coverage.readthedocs.io/en/7.13.4/messages.html#warning-couldnt-parse
  coverage._warn(msg, slug="couldnt-parse")
/Library/Frameworks/Python.framework/Versions/3.13/lib/python3.13/site-packages/coverage/report_core.py:113: CoverageWarning: Couldn't parse '/Users/fulingwei/.openclaw/workspace/non-standard-automation-pms/app/schemas/ecn.py': Couldn't use data file '/Users/fulingwei/.openclaw/workspace/non-standard-automation-pms/.coverage': no such table: tracer (couldnt-parse); see https://coverage.readthedocs.io/en/7.13.4/messages.html#warning-couldnt-parse
  coverage._warn(msg, slug="couldnt-parse")
/Library/Frameworks/Python.framework/Versions/3.13/lib/python3.13/site-packages/coverage/report_core.py:113: CoverageWarning: Couldn't parse '/Users/fulingwei/.openclaw/workspace/non-standard-automation-pms/app/schemas/engineer.py': Couldn't use data file '/Users/fulingwei/.openclaw/workspace/non-standard-automation-pms/.coverage': no such table: tracer (couldnt-parse); see https://coverage.readthedocs.io/en/7.13.4/messages.html#warning-couldnt-parse
  coverage._warn(msg, slug="couldnt-parse")
/Library/Frameworks/Python.framework/Versions/3.13/lib/python3.13/site-packages/coverage/report_core.py:113: CoverageWarning: Couldn't parse '/Users/fulingwei/.openclaw/workspace/non-standard-automation-pms/app/schemas/engineer_performance/__init__.py': Couldn't use data file '/Users/fulingwei/.openclaw/workspace/non-standard-automation-pms/.coverage': no such table: tracer (couldnt-parse); see https://coverage.readthedocs.io/en/7.13.4/messages.html#warning-couldnt-parse
  coverage._warn(msg, slug="couldnt-parse")
/Library/Frameworks/Python.framework/Versions/3.13/lib/python3.13/site-packages/coverage/report_core.py:113: CoverageWarning: Couldn't parse '/Users/fulingwei/.openclaw/workspace/non-standard-automation-pms/app/schemas/engineer_performance/bug_record.py': Couldn't use data file '/Users/fulingwei/.openclaw/workspace/non-standard-automation-pms/.coverage': no such table: tracer (couldnt-parse); see https://coverage.readthedocs.io/en/7.13.4/messages.html#warning-couldnt-parse
  coverage._warn(msg, slug="couldnt-parse")
/Library/Frameworks/Python.framework/Versions/3.13/lib/python3.13/site-packages/coverage/report_core.py:113: CoverageWarning: Couldn't parse '/Users/fulingwei/.openclaw/workspace/non-standard-automation-pms/app/schemas/engineer_performance/calculate_task.py': Couldn't use data file '/Users/fulingwei/.openclaw/workspace/non-standard-automation-pms/.coverage': no such table: tracer (couldnt-parse); see https://coverage.readthedocs.io/en/7.13.4/messages.html#warning-couldnt-parse
  coverage._warn(msg, slug="couldnt-parse")
/Library/Frameworks/Python.framework/Versions/3.13/lib/python3.13/site-packages/coverage/report_core.py:113: CoverageWarning: Couldn't parse '/Users/fulingwei/.openclaw/workspace/non-standard-automation-pms/app/schemas/engineer_performance/code_module.py': Couldn't use data file '/Users/fulingwei/.openclaw/workspace/non-standard-automation-pms/.coverage': no such table: tracer (couldnt-parse); see https://coverage.readthedocs.io/en/7.13.4/messages.html#warning-couldnt-parse
  coverage._warn(msg, slug="couldnt-parse")
/Library/Frameworks/Python.framework/Versions/3.13/lib/python3.13/site-packages/coverage/report_core.py:113: CoverageWarning: Couldn't parse '/Users/fulingwei/.openclaw/workspace/non-standard-automation-pms/app/schemas/engineer_performance/collaboration.py': Couldn't use data file '/Users/fulingwei/.openclaw/workspace/non-standard-automation-pms/.coverage': no such table: tracer (couldnt-parse); see https://coverage.readthedocs.io/en/7.13.4/messages.html#warning-couldnt-parse
  coverage._warn(msg, slug="couldnt-parse")
/Library/Frameworks/Python.framework/Versions/3.13/lib/python3.13/site-packages/coverage/report_core.py:113: CoverageWarning: Couldn't parse '/Users/fulingwei/.openclaw/workspace/non-standard-automation-pms/app/schemas/engineer_performance/constants.py': Couldn't use data file '/Users/fulingwei/.openclaw/workspace/non-standard-automation-pms/.coverage': no such table: tracer (couldnt-parse); see https://coverage.readthedocs.io/en/7.13.4/messages.html#warning-couldnt-parse
  coverage._warn(msg, slug="couldnt-parse")
/Library/Frameworks/Python.framework/Versions/3.13/lib/python3.13/site-packages/coverage/report_core.py:113: CoverageWarning: Couldn't parse '/Users/fulingwei/.openclaw/workspace/non-standard-automation-pms/app/schemas/engineer_performance/debug_issue.py': Couldn't use data file '/Users/fulingwei/.openclaw/workspace/non-standard-automation-pms/.coverage': no such table: tracer (couldnt-parse); see https://coverage.readthedocs.io/en/7.13.4/messages.html#warning-couldnt-parse
  coverage._warn(msg, slug="couldnt-parse")
/Library/Frameworks/Python.framework/Versions/3.13/lib/python3.13/site-packages/coverage/report_core.py:113: CoverageWarning: Couldn't parse '/Users/fulingwei/.openclaw/workspace/non-standard-automation-pms/app/schemas/engineer_performance/design_review.py': Couldn't use data file '/Users/fulingwei/.openclaw/workspace/non-standard-automation-pms/.coverage': no such table: tracer (couldnt-parse); see https://coverage.readthedocs.io/en/7.13.4/messages.html#warning-couldnt-parse
  coverage._warn(msg, slug="couldnt-parse")
/Library/Frameworks/Python.framework/Versions/3.13/lib/python3.13/site-packages/coverage/report_core.py:113: CoverageWarning: Couldn't parse '/Users/fulingwei/.openclaw/workspace/non-standard-automation-pms/app/schemas/engineer_performance/dimension_config.py': Couldn't use data file '/Users/fulingwei/.openclaw/workspace/non-standard-automation-pms/.coverage': no such table: tracer (couldnt-parse); see https://coverage.readthedocs.io/en/7.13.4/messages.html#warning-couldnt-parse
  coverage._warn(msg, slug="couldnt-parse")
/Library/Frameworks/Python.framework/Versions/3.13/lib/python3.13/site-packages/coverage/report_core.py:113: CoverageWarning: Couldn't parse '/Users/fulingwei/.openclaw/workspace/non-standard-automation-pms/app/schemas/engineer_performance/knowledge.py': Couldn't use data file '/Users/fulingwei/.openclaw/workspace/non-standard-automation-pms/.coverage': no such table: tracer (couldnt-parse); see https://coverage.readthedocs.io/en/7.13.4/messages.html#warning-couldnt-parse
  coverage._warn(msg, slug="couldnt-parse")
/Library/Frameworks/Python.framework/Versions/3.13/lib/python3.13/site-packages/coverage/report_core.py:113: CoverageWarning: Couldn't parse '/Users/fulingwei/.openclaw/workspace/non-standard-automation-pms/app/schemas/engineer_performance/plc_module.py': Couldn't use data file '/Users/fulingwei/.openclaw/workspace/non-standard-automation-pms/.coverage': no such table: tracer (couldnt-parse); see https://coverage.readthedocs.io/en/7.13.4/messages.html#warning-couldnt-parse
  coverage._warn(msg, slug="couldnt-parse")
/Library/Frameworks/Python.framework/Versions/3.13/lib/python3.13/site-packages/coverage/report_core.py:113: CoverageWarning: Couldn't parse '/Users/fulingwei/.openclaw/workspace/non-standard-automation-pms/app/schemas/engineer_performance/plc_program.py': Couldn't use data file '/Users/fulingwei/.openclaw/workspace/non-standard-automation-pms/.coverage': no such table: tracer (couldnt-parse); see https://coverage.readthedocs.io/en/7.13.4/messages.html#warning-couldnt-parse
  coverage._warn(msg, slug="couldnt-parse")
/Library/Frameworks/Python.framework/Versions/3.13/lib/python3.13/site-packages/coverage/report_core.py:113: CoverageWarning: Couldn't parse '/Users/fulingwei/.openclaw/workspace/non-standard-automation-pms/app/schemas/engineer_performance/profile.py': Couldn't use data file '/Users/fulingwei/.openclaw/workspace/non-standard-automation-pms/.coverage': no such table: tracer (couldnt-parse); see https://coverage.readthedocs.io/en/7.13.4/messages.html#warning-couldnt-parse
  coverage._warn(msg, slug="couldnt-parse")
/Library/Frameworks/Python.framework/Versions/3.13/lib/python3.13/site-packages/coverage/report_core.py:113: CoverageWarning: Couldn't parse '/Users/fulingwei/.openclaw/workspace/non-standard-automation-pms/app/schemas/engineer_performance/summary.py': Couldn't use data file '/Users/fulingwei/.openclaw/workspace/non-standard-automation-pms/.coverage': no such table: tracer (couldnt-parse); see https://coverage.readthedocs.io/en/7.13.4/messages.html#warning-couldnt-parse
  coverage._warn(msg, slug="couldnt-parse")
/Library/Frameworks/Python.framework/Versions/3.13/lib/python3.13/site-packages/coverage/report_core.py:113: CoverageWarning: Couldn't parse '/Users/fulingwei/.openclaw/workspace/non-standard-automation-pms/app/schemas/hourly_rate.py': Couldn't use data file '/Users/fulingwei/.openclaw/workspace/non-standard-automation-pms/.coverage': no such table: tracer (couldnt-parse); see https://coverage.readthedocs.io/en/7.13.4/messages.html#warning-couldnt-parse
  coverage._warn(msg, slug="couldnt-parse")
/Library/Frameworks/Python.framework/Versions/3.13/lib/python3.13/site-packages/coverage/report_core.py:113: CoverageWarning: Couldn't parse '/Users/fulingwei/.openclaw/workspace/non-standard-automation-pms/app/schemas/installation_dispatch.py': Couldn't use data file '/Users/fulingwei/.openclaw/workspace/non-standard-automation-pms/.coverage': no such table: tracer (couldnt-parse); see https://coverage.readthedocs.io/en/7.13.4/messages.html#warning-couldnt-parse
  coverage._warn(msg, slug="couldnt-parse")
/Library/Frameworks/Python.framework/Versions/3.13/lib/python3.13/site-packages/coverage/report_core.py:113: CoverageWarning: Couldn't parse '/Users/fulingwei/.openclaw/workspace/non-standard-automation-pms/app/schemas/issue.py': Couldn't use data file '/Users/fulingwei/.openclaw/workspace/non-standard-automation-pms/.coverage': no such table: tracer (couldnt-parse); see https://coverage.readthedocs.io/en/7.13.4/messages.html#warning-couldnt-parse
  coverage._warn(msg, slug="couldnt-parse")
/Library/Frameworks/Python.framework/Versions/3.13/lib/python3.13/site-packages/coverage/report_core.py:113: CoverageWarning: Couldn't parse '/Users/fulingwei/.openclaw/workspace/non-standard-automation-pms/app/schemas/management_rhythm.py': Couldn't use data file '/Users/fulingwei/.openclaw/workspace/non-standard-automation-pms/.coverage': no such table: tracer (couldnt-parse); see https://coverage.readthedocs.io/en/7.13.4/messages.html#warning-couldnt-parse
  coverage._warn(msg, slug="couldnt-parse")
/Library/Frameworks/Python.framework/Versions/3.13/lib/python3.13/site-packages/coverage/report_core.py:113: CoverageWarning: Couldn't parse '/Users/fulingwei/.openclaw/workspace/non-standard-automation-pms/app/schemas/material.py': Couldn't use data file '/Users/fulingwei/.openclaw/workspace/non-standard-automation-pms/.coverage': no such table: tracer (couldnt-parse); see https://coverage.readthedocs.io/en/7.13.4/messages.html#warning-couldnt-parse
  coverage._warn(msg, slug="couldnt-parse")
/Library/Frameworks/Python.framework/Versions/3.13/lib/python3.13/site-packages/coverage/report_core.py:113: CoverageWarning: Couldn't parse '/Users/fulingwei/.openclaw/workspace/non-standard-automation-pms/app/schemas/notification.py': Couldn't use data file '/Users/fulingwei/.openclaw/workspace/non-standard-automation-pms/.coverage': no such table: tracer (couldnt-parse); see https://coverage.readthedocs.io/en/7.13.4/messages.html#warning-couldnt-parse
  coverage._warn(msg, slug="couldnt-parse")
/Library/Frameworks/Python.framework/Versions/3.13/lib/python3.13/site-packages/coverage/report_core.py:113: CoverageWarning: Couldn't parse '/Users/fulingwei/.openclaw/workspace/non-standard-automation-pms/app/schemas/organization.py': Couldn't use data file '/Users/fulingwei/.openclaw/workspace/non-standard-automation-pms/.coverage': no such table: tracer (couldnt-parse); see https://coverage.readthedocs.io/en/7.13.4/messages.html#warning-couldnt-parse
  coverage._warn(msg, slug="couldnt-parse")
/Library/Frameworks/Python.framework/Versions/3.13/lib/python3.13/site-packages/coverage/report_core.py:113: CoverageWarning: Couldn't parse '/Users/fulingwei/.openclaw/workspace/non-standard-automation-pms/app/schemas/outsourcing.py': Couldn't use data file '/Users/fulingwei/.openclaw/workspace/non-standard-automation-pms/.coverage': no such table: tracer (couldnt-parse); see https://coverage.readthedocs.io/en/7.13.4/messages.html#warning-couldnt-parse
  coverage._warn(msg, slug="couldnt-parse")
/Library/Frameworks/Python.framework/Versions/3.13/lib/python3.13/site-packages/coverage/report_core.py:113: CoverageWarning: Couldn't parse '/Users/fulingwei/.openclaw/workspace/non-standard-automation-pms/app/schemas/performance.py': Couldn't use data file '/Users/fulingwei/.openclaw/workspace/non-standard-automation-pms/.coverage': no such table: tracer (couldnt-parse); see https://coverage.readthedocs.io/en/7.13.4/messages.html#warning-couldnt-parse
  coverage._warn(msg, slug="couldnt-parse")
/Library/Frameworks/Python.framework/Versions/3.13/lib/python3.13/site-packages/coverage/report_core.py:113: CoverageWarning: Couldn't parse '/Users/fulingwei/.openclaw/workspace/non-standard-automation-pms/app/schemas/pitfall.py': Couldn't use data file '/Users/fulingwei/.openclaw/workspace/non-standard-automation-pms/.coverage': no such table: tracer (couldnt-parse); see https://coverage.readthedocs.io/en/7.13.4/messages.html#warning-couldnt-parse
  coverage._warn(msg, slug="couldnt-parse")
/Library/Frameworks/Python.framework/Versions/3.13/lib/python3.13/site-packages/coverage/report_core.py:113: CoverageWarning: Couldn't parse '/Users/fulingwei/.openclaw/workspace/non-standard-automation-pms/app/schemas/pmo.py': Couldn't use data file '/Users/fulingwei/.openclaw/workspace/non-standard-automation-pms/.coverage': no such table: tracer (couldnt-parse); see https://coverage.readthedocs.io/en/7.13.4/messages.html#warning-couldnt-parse
  coverage._warn(msg, slug="couldnt-parse")
/Library/Frameworks/Python.framework/Versions/3.13/lib/python3.13/site-packages/coverage/report_core.py:113: CoverageWarning: Couldn't parse '/Users/fulingwei/.openclaw/workspace/non-standard-automation-pms/app/schemas/presale.py': Couldn't use data file '/Users/fulingwei/.openclaw/workspace/non-standard-automation-pms/.coverage': no such table: tracer (couldnt-parse); see https://coverage.readthedocs.io/en/7.13.4/messages.html#warning-couldnt-parse
  coverage._warn(msg, slug="couldnt-parse")
/Library/Frameworks/Python.framework/Versions/3.13/lib/python3.13/site-packages/coverage/report_core.py:113: CoverageWarning: Couldn't parse '/Users/fulingwei/.openclaw/workspace/non-standard-automation-pms/app/schemas/presale_ai.py': Couldn't use data file '/Users/fulingwei/.openclaw/workspace/non-standard-automation-pms/.coverage': no such table: tracer (couldnt-parse); see https://coverage.readthedocs.io/en/7.13.4/messages.html#warning-couldnt-parse
  coverage._warn(msg, slug="couldnt-parse")
/Library/Frameworks/Python.framework/Versions/3.13/lib/python3.13/site-packages/coverage/report_core.py:113: CoverageWarning: Couldn't parse '/Users/fulingwei/.openclaw/workspace/non-standard-automation-pms/app/schemas/presale_ai_emotion.py': Couldn't use data file '/Users/fulingwei/.openclaw/workspace/non-standard-automation-pms/.coverage': no such table: tracer (couldnt-parse); see https://coverage.readthedocs.io/en/7.13.4/messages.html#warning-couldnt-parse
  coverage._warn(msg, slug="couldnt-parse")
/Library/Frameworks/Python.framework/Versions/3.13/lib/python3.13/site-packages/coverage/report_core.py:113: CoverageWarning: Couldn't parse '/Users/fulingwei/.openclaw/workspace/non-standard-automation-pms/app/schemas/presale_ai_knowledge.py': Couldn't use data file '/Users/fulingwei/.openclaw/workspace/non-standard-automation-pms/.coverage': no such table: tracer (couldnt-parse); see https://coverage.readthedocs.io/en/7.13.4/messages.html#warning-couldnt-parse
  coverage._warn(msg, slug="couldnt-parse")
/Library/Frameworks/Python.framework/Versions/3.13/lib/python3.13/site-packages/coverage/report_core.py:113: CoverageWarning: Couldn't parse '/Users/fulingwei/.openclaw/workspace/non-standard-automation-pms/app/schemas/presale_ai_quotation.py': Couldn't use data file '/Users/fulingwei/.openclaw/workspace/non-standard-automation-pms/.coverage': no such table: tracer (couldnt-parse); see https://coverage.readthedocs.io/en/7.13.4/messages.html#warning-couldnt-parse
  coverage._warn(msg, slug="couldnt-parse")
/Library/Frameworks/Python.framework/Versions/3.13/lib/python3.13/site-packages/coverage/report_core.py:113: CoverageWarning: Couldn't parse '/Users/fulingwei/.openclaw/workspace/non-standard-automation-pms/app/schemas/presale_ai_requirement.py': Couldn't use data file '/Users/fulingwei/.openclaw/workspace/non-standard-automation-pms/.coverage': no such table: tracer (couldnt-parse); see https://coverage.readthedocs.io/en/7.13.4/messages.html#warning-couldnt-parse
  coverage._warn(msg, slug="couldnt-parse")
/Library/Frameworks/Python.framework/Versions/3.13/lib/python3.13/site-packages/coverage/report_core.py:113: CoverageWarning: Couldn't parse '/Users/fulingwei/.openclaw/workspace/non-standard-automation-pms/app/schemas/presale_ai_solution.py': Couldn't use data file '/Users/fulingwei/.openclaw/workspace/non-standard-automation-pms/.coverage': no such table: tracer (couldnt-parse); see https://coverage.readthedocs.io/en/7.13.4/messages.html#warning-couldnt-parse
  coverage._warn(msg, slug="couldnt-parse")
/Library/Frameworks/Python.framework/Versions/3.13/lib/python3.13/site-packages/coverage/report_core.py:113: CoverageWarning: Couldn't parse '/Users/fulingwei/.openclaw/workspace/non-standard-automation-pms/app/schemas/presale_ai_win_rate.py': Couldn't use data file '/Users/fulingwei/.openclaw/workspace/non-standard-automation-pms/.coverage': no such table: tracer (couldnt-parse); see https://coverage.readthedocs.io/en/7.13.4/messages.html#warning-couldnt-parse
  coverage._warn(msg, slug="couldnt-parse")
/Library/Frameworks/Python.framework/Versions/3.13/lib/python3.13/site-packages/coverage/report_core.py:113: CoverageWarning: Couldn't parse '/Users/fulingwei/.openclaw/workspace/non-standard-automation-pms/app/schemas/presale_mobile.py': Couldn't use data file '/Users/fulingwei/.openclaw/workspace/non-standard-automation-pms/.coverage': no such table: tracer (couldnt-parse); see https://coverage.readthedocs.io/en/7.13.4/messages.html#warning-couldnt-parse
  coverage._warn(msg, slug="couldnt-parse")
/Library/Frameworks/Python.framework/Versions/3.13/lib/python3.13/site-packages/coverage/report_core.py:113: CoverageWarning: Couldn't parse '/Users/fulingwei/.openclaw/workspace/non-standard-automation-pms/app/schemas/presales.py': Couldn't use data file '/Users/fulingwei/.openclaw/workspace/non-standard-automation-pms/.coverage': no such table: tracer (couldnt-parse); see https://coverage.readthedocs.io/en/7.13.4/messages.html#warning-couldnt-parse
  coverage._warn(msg, slug="couldnt-parse")
/Library/Frameworks/Python.framework/Versions/3.13/lib/python3.13/site-packages/coverage/report_core.py:113: CoverageWarning: Couldn't parse '/Users/fulingwei/.openclaw/workspace/non-standard-automation-pms/app/schemas/production/__init__.py': Couldn't use data file '/Users/fulingwei/.openclaw/workspace/non-standard-automation-pms/.coverage': no such table: tracer (couldnt-parse); see https://coverage.readthedocs.io/en/7.13.4/messages.html#warning-couldnt-parse
  coverage._warn(msg, slug="couldnt-parse")
/Library/Frameworks/Python.framework/Versions/3.13/lib/python3.13/site-packages/coverage/report_core.py:113: CoverageWarning: Couldn't parse '/Users/fulingwei/.openclaw/workspace/non-standard-automation-pms/app/schemas/production/exception_enhancement.py': Couldn't use data file '/Users/fulingwei/.openclaw/workspace/non-standard-automation-pms/.coverage': no such table: tracer (couldnt-parse); see https://coverage.readthedocs.io/en/7.13.4/messages.html#warning-couldnt-parse
  coverage._warn(msg, slug="couldnt-parse")
/Library/Frameworks/Python.framework/Versions/3.13/lib/python3.13/site-packages/coverage/report_core.py:113: CoverageWarning: Couldn't parse '/Users/fulingwei/.openclaw/workspace/non-standard-automation-pms/app/schemas/production/material_requisition.py': Couldn't use data file '/Users/fulingwei/.openclaw/workspace/non-standard-automation-pms/.coverage': no such table: tracer (couldnt-parse); see https://coverage.readthedocs.io/en/7.13.4/messages.html#warning-couldnt-parse
  coverage._warn(msg, slug="couldnt-parse")
/Library/Frameworks/Python.framework/Versions/3.13/lib/python3.13/site-packages/coverage/report_core.py:113: CoverageWarning: Couldn't parse '/Users/fulingwei/.openclaw/workspace/non-standard-automation-pms/app/schemas/production/production_exception.py': Couldn't use data file '/Users/fulingwei/.openclaw/workspace/non-standard-automation-pms/.coverage': no such table: tracer (couldnt-parse); see https://coverage.readthedocs.io/en/7.13.4/messages.html#warning-couldnt-parse
  coverage._warn(msg, slug="couldnt-parse")
/Library/Frameworks/Python.framework/Versions/3.13/lib/python3.13/site-packages/coverage/report_core.py:113: CoverageWarning: Couldn't parse '/Users/fulingwei/.openclaw/workspace/non-standard-automation-pms/app/schemas/production/production_plan.py': Couldn't use data file '/Users/fulingwei/.openclaw/workspace/non-standard-automation-pms/.coverage': no such table: tracer (couldnt-parse); see https://coverage.readthedocs.io/en/7.13.4/messages.html#warning-couldnt-parse
  coverage._warn(msg, slug="couldnt-parse")
/Library/Frameworks/Python.framework/Versions/3.13/lib/python3.13/site-packages/coverage/report_core.py:113: CoverageWarning: Couldn't parse '/Users/fulingwei/.openclaw/workspace/non-standard-automation-pms/app/schemas/production/production_reports.py': Couldn't use data file '/Users/fulingwei/.openclaw/workspace/non-standard-automation-pms/.coverage': no such table: tracer (couldnt-parse); see https://coverage.readthedocs.io/en/7.13.4/messages.html#warning-couldnt-parse
  coverage._warn(msg, slug="couldnt-parse")
/Library/Frameworks/Python.framework/Versions/3.13/lib/python3.13/site-packages/coverage/report_core.py:113: CoverageWarning: Couldn't parse '/Users/fulingwei/.openclaw/workspace/non-standard-automation-pms/app/schemas/production/quality.py': Couldn't use data file '/Users/fulingwei/.openclaw/workspace/non-standard-automation-pms/.coverage': no such table: tracer (couldnt-parse); see https://coverage.readthedocs.io/en/7.13.4/messages.html#warning-couldnt-parse
  coverage._warn(msg, slug="couldnt-parse")
/Library/Frameworks/Python.framework/Versions/3.13/lib/python3.13/site-packages/coverage/report_core.py:113: CoverageWarning: Couldn't parse '/Users/fulingwei/.openclaw/workspace/non-standard-automation-pms/app/schemas/production/work_order.py': Couldn't use data file '/Users/fulingwei/.openclaw/workspace/non-standard-automation-pms/.coverage': no such table: tracer (couldnt-parse); see https://coverage.readthedocs.io/en/7.13.4/messages.html#warning-couldnt-parse
  coverage._warn(msg, slug="couldnt-parse")
/Library/Frameworks/Python.framework/Versions/3.13/lib/python3.13/site-packages/coverage/report_core.py:113: CoverageWarning: Couldn't parse '/Users/fulingwei/.openclaw/workspace/non-standard-automation-pms/app/schemas/production/work_report.py': Couldn't use data file '/Users/fulingwei/.openclaw/workspace/non-standard-automation-pms/.coverage': no such table: tracer (couldnt-parse); see https://coverage.readthedocs.io/en/7.13.4/messages.html#warning-couldnt-parse
  coverage._warn(msg, slug="couldnt-parse")
/Library/Frameworks/Python.framework/Versions/3.13/lib/python3.13/site-packages/coverage/report_core.py:113: CoverageWarning: Couldn't parse '/Users/fulingwei/.openclaw/workspace/non-standard-automation-pms/app/schemas/production/worker.py': Couldn't use data file '/Users/fulingwei/.openclaw/workspace/non-standard-automation-pms/.coverage': no such table: tracer (couldnt-parse); see https://coverage.readthedocs.io/en/7.13.4/messages.html#warning-couldnt-parse
  coverage._warn(msg, slug="couldnt-parse")
/Library/Frameworks/Python.framework/Versions/3.13/lib/python3.13/site-packages/coverage/report_core.py:113: CoverageWarning: Couldn't parse '/Users/fulingwei/.openclaw/workspace/non-standard-automation-pms/app/schemas/production/workshop.py': Couldn't use data file '/Users/fulingwei/.openclaw/workspace/non-standard-automation-pms/.coverage': no such table: tracer (couldnt-parse); see https://coverage.readthedocs.io/en/7.13.4/messages.html#warning-couldnt-parse
  coverage._warn(msg, slug="couldnt-parse")
/Library/Frameworks/Python.framework/Versions/3.13/lib/python3.13/site-packages/coverage/report_core.py:113: CoverageWarning: Couldn't parse '/Users/fulingwei/.openclaw/workspace/non-standard-automation-pms/app/schemas/production/workstation.py': Couldn't use data file '/Users/fulingwei/.openclaw/workspace/non-standard-automation-pms/.coverage': no such table: tracer (couldnt-parse); see https://coverage.readthedocs.io/en/7.13.4/messages.html#warning-couldnt-parse
  coverage._warn(msg, slug="couldnt-parse")
/Library/Frameworks/Python.framework/Versions/3.13/lib/python3.13/site-packages/coverage/report_core.py:113: CoverageWarning: Couldn't parse '/Users/fulingwei/.openclaw/workspace/non-standard-automation-pms/app/schemas/production_progress.py': Couldn't use data file '/Users/fulingwei/.openclaw/workspace/non-standard-automation-pms/.coverage': no such table: tracer (couldnt-parse); see https://coverage.readthedocs.io/en/7.13.4/messages.html#warning-couldnt-parse
  coverage._warn(msg, slug="couldnt-parse")
/Library/Frameworks/Python.framework/Versions/3.13/lib/python3.13/site-packages/coverage/report_core.py:113: CoverageWarning: Couldn't parse '/Users/fulingwei/.openclaw/workspace/non-standard-automation-pms/app/schemas/production_schedule.py': Couldn't use data file '/Users/fulingwei/.openclaw/workspace/non-standard-automation-pms/.coverage': no such table: tracer (couldnt-parse); see https://coverage.readthedocs.io/en/7.13.4/messages.html#warning-couldnt-parse
  coverage._warn(msg, slug="couldnt-parse")
/Library/Frameworks/Python.framework/Versions/3.13/lib/python3.13/site-packages/coverage/report_core.py:113: CoverageWarning: Couldn't parse '/Users/fulingwei/.openclaw/workspace/non-standard-automation-pms/app/schemas/progress.py': Couldn't use data file '/Users/fulingwei/.openclaw/workspace/non-standard-automation-pms/.coverage': no such table: tracer (couldnt-parse); see https://coverage.readthedocs.io/en/7.13.4/messages.html#warning-couldnt-parse
  coverage._warn(msg, slug="couldnt-parse")
/Library/Frameworks/Python.framework/Versions/3.13/lib/python3.13/site-packages/coverage/report_core.py:113: CoverageWarning: Couldn't parse '/Users/fulingwei/.openclaw/workspace/non-standard-automation-pms/app/schemas/project/__init__.py': Couldn't use data file '/Users/fulingwei/.openclaw/workspace/non-standard-automation-pms/.coverage': no such table: tracer (couldnt-parse); see https://coverage.readthedocs.io/en/7.13.4/messages.html#warning-couldnt-parse
  coverage._warn(msg, slug="couldnt-parse")
/Library/Frameworks/Python.framework/Versions/3.13/lib/python3.13/site-packages/coverage/report_core.py:113: CoverageWarning: Couldn't parse '/Users/fulingwei/.openclaw/workspace/non-standard-automation-pms/app/schemas/project/customer.py': Couldn't use data file '/Users/fulingwei/.openclaw/workspace/non-standard-automation-pms/.coverage': no such table: tracer (couldnt-parse); see https://coverage.readthedocs.io/en/7.13.4/messages.html#warning-couldnt-parse
  coverage._warn(msg, slug="couldnt-parse")
/Library/Frameworks/Python.framework/Versions/3.13/lib/python3.13/site-packages/coverage/report_core.py:113: CoverageWarning: Couldn't parse '/Users/fulingwei/.openclaw/workspace/non-standard-automation-pms/app/schemas/project/machine.py': Couldn't use data file '/Users/fulingwei/.openclaw/workspace/non-standard-automation-pms/.coverage': no such table: tracer (couldnt-parse); see https://coverage.readthedocs.io/en/7.13.4/messages.html#warning-couldnt-parse
  coverage._warn(msg, slug="couldnt-parse")
/Library/Frameworks/Python.framework/Versions/3.13/lib/python3.13/site-packages/coverage/report_core.py:113: CoverageWarning: Couldn't parse '/Users/fulingwei/.openclaw/workspace/non-standard-automation-pms/app/schemas/project/milestone.py': Couldn't use data file '/Users/fulingwei/.openclaw/workspace/non-standard-automation-pms/.coverage': no such table: tracer (couldnt-parse); see https://coverage.readthedocs.io/en/7.13.4/messages.html#warning-couldnt-parse
  coverage._warn(msg, slug="couldnt-parse")
/Library/Frameworks/Python.framework/Versions/3.13/lib/python3.13/site-packages/coverage/report_core.py:113: CoverageWarning: Couldn't parse '/Users/fulingwei/.openclaw/workspace/non-standard-automation-pms/app/schemas/project/project_analysis.py': Couldn't use data file '/Users/fulingwei/.openclaw/workspace/non-standard-automation-pms/.coverage': no such table: tracer (couldnt-parse); see https://coverage.readthedocs.io/en/7.13.4/messages.html#warning-couldnt-parse
  coverage._warn(msg, slug="couldnt-parse")
/Library/Frameworks/Python.framework/Versions/3.13/lib/python3.13/site-packages/coverage/report_core.py:113: CoverageWarning: Couldn't parse '/Users/fulingwei/.openclaw/workspace/non-standard-automation-pms/app/schemas/project/project_config.py': Couldn't use data file '/Users/fulingwei/.openclaw/workspace/non-standard-automation-pms/.coverage': no such table: tracer (couldnt-parse); see https://coverage.readthedocs.io/en/7.13.4/messages.html#warning-couldnt-parse
  coverage._warn(msg, slug="couldnt-parse")
/Library/Frameworks/Python.framework/Versions/3.13/lib/python3.13/site-packages/coverage/report_core.py:113: CoverageWarning: Couldn't parse '/Users/fulingwei/.openclaw/workspace/non-standard-automation-pms/app/schemas/project/project_core.py': Couldn't use data file '/Users/fulingwei/.openclaw/workspace/non-standard-automation-pms/.coverage': no such table: tracer (couldnt-parse); see https://coverage.readthedocs.io/en/7.13.4/messages.html#warning-couldnt-parse
  coverage._warn(msg, slug="couldnt-parse")
/Library/Frameworks/Python.framework/Versions/3.13/lib/python3.13/site-packages/coverage/report_core.py:113: CoverageWarning: Couldn't parse '/Users/fulingwei/.openclaw/workspace/non-standard-automation-pms/app/schemas/project/project_cost.py': Couldn't use data file '/Users/fulingwei/.openclaw/workspace/non-standard-automation-pms/.coverage': no such table: tracer (couldnt-parse); see https://coverage.readthedocs.io/en/7.13.4/messages.html#warning-couldnt-parse
  coverage._warn(msg, slug="couldnt-parse")
/Library/Frameworks/Python.framework/Versions/3.13/lib/python3.13/site-packages/coverage/report_core.py:113: CoverageWarning: Couldn't parse '/Users/fulingwei/.openclaw/workspace/non-standard-automation-pms/app/schemas/project_evaluation.py': Couldn't use data file '/Users/fulingwei/.openclaw/workspace/non-standard-automation-pms/.coverage': no such table: tracer (couldnt-parse); see https://coverage.readthedocs.io/en/7.13.4/messages.html#warning-couldnt-parse
  coverage._warn(msg, slug="couldnt-parse")
/Library/Frameworks/Python.framework/Versions/3.13/lib/python3.13/site-packages/coverage/report_core.py:113: CoverageWarning: Couldn't parse '/Users/fulingwei/.openclaw/workspace/non-standard-automation-pms/app/schemas/project_review.py': Couldn't use data file '/Users/fulingwei/.openclaw/workspace/non-standard-automation-pms/.coverage': no such table: tracer (couldnt-parse); see https://coverage.readthedocs.io/en/7.13.4/messages.html#warning-couldnt-parse
  coverage._warn(msg, slug="couldnt-parse")
/Library/Frameworks/Python.framework/Versions/3.13/lib/python3.13/site-packages/coverage/report_core.py:113: CoverageWarning: Couldn't parse '/Users/fulingwei/.openclaw/workspace/non-standard-automation-pms/app/schemas/project_review/__init__.py': Couldn't use data file '/Users/fulingwei/.openclaw/workspace/non-standard-automation-pms/.coverage': no such table: tracer (couldnt-parse); see https://coverage.readthedocs.io/en/7.13.4/messages.html#warning-couldnt-parse
  coverage._warn(msg, slug="couldnt-parse")
/Library/Frameworks/Python.framework/Versions/3.13/lib/python3.13/site-packages/coverage/report_core.py:113: CoverageWarning: Couldn't parse '/Users/fulingwei/.openclaw/workspace/non-standard-automation-pms/app/schemas/project_review/comparison.py': Couldn't use data file '/Users/fulingwei/.openclaw/workspace/non-standard-automation-pms/.coverage': no such table: tracer (couldnt-parse); see https://coverage.readthedocs.io/en/7.13.4/messages.html#warning-couldnt-parse
  coverage._warn(msg, slug="couldnt-parse")
/Library/Frameworks/Python.framework/Versions/3.13/lib/python3.13/site-packages/coverage/report_core.py:113: CoverageWarning: Couldn't parse '/Users/fulingwei/.openclaw/workspace/non-standard-automation-pms/app/schemas/project_review/knowledge.py': Couldn't use data file '/Users/fulingwei/.openclaw/workspace/non-standard-automation-pms/.coverage': no such table: tracer (couldnt-parse); see https://coverage.readthedocs.io/en/7.13.4/messages.html#warning-couldnt-parse
  coverage._warn(msg, slug="couldnt-parse")
/Library/Frameworks/Python.framework/Versions/3.13/lib/python3.13/site-packages/coverage/report_core.py:113: CoverageWarning: Couldn't parse '/Users/fulingwei/.openclaw/workspace/non-standard-automation-pms/app/schemas/project_review/lesson.py': Couldn't use data file '/Users/fulingwei/.openclaw/workspace/non-standard-automation-pms/.coverage': no such table: tracer (couldnt-parse); see https://coverage.readthedocs.io/en/7.13.4/messages.html#warning-couldnt-parse
  coverage._warn(msg, slug="couldnt-parse")
/Library/Frameworks/Python.framework/Versions/3.13/lib/python3.13/site-packages/coverage/report_core.py:113: CoverageWarning: Couldn't parse '/Users/fulingwei/.openclaw/workspace/non-standard-automation-pms/app/schemas/project_review/review.py': Couldn't use data file '/Users/fulingwei/.openclaw/workspace/non-standard-automation-pms/.coverage': no such table: tracer (couldnt-parse); see https://coverage.readthedocs.io/en/7.13.4/messages.html#warning-couldnt-parse
  coverage._warn(msg, slug="couldnt-parse")
/Library/Frameworks/Python.framework/Versions/3.13/lib/python3.13/site-packages/coverage/report_core.py:113: CoverageWarning: Couldn't parse '/Users/fulingwei/.openclaw/workspace/non-standard-automation-pms/app/schemas/project_risk.py': Couldn't use data file '/Users/fulingwei/.openclaw/workspace/non-standard-automation-pms/.coverage': no such table: tracer (couldnt-parse); see https://coverage.readthedocs.io/en/7.13.4/messages.html#warning-couldnt-parse
  coverage._warn(msg, slug="couldnt-parse")
/Library/Frameworks/Python.framework/Versions/3.13/lib/python3.13/site-packages/coverage/report_core.py:113: CoverageWarning: Couldn't parse '/Users/fulingwei/.openclaw/workspace/non-standard-automation-pms/app/schemas/project_role.py': Couldn't use data file '/Users/fulingwei/.openclaw/workspace/non-standard-automation-pms/.coverage': no such table: tracer (couldnt-parse); see https://coverage.readthedocs.io/en/7.13.4/messages.html#warning-couldnt-parse
  coverage._warn(msg, slug="couldnt-parse")
/Library/Frameworks/Python.framework/Versions/3.13/lib/python3.13/site-packages/coverage/report_core.py:113: CoverageWarning: Couldn't parse '/Users/fulingwei/.openclaw/workspace/non-standard-automation-pms/app/schemas/purchase.py': Couldn't use data file '/Users/fulingwei/.openclaw/workspace/non-standard-automation-pms/.coverage': no such table: tracer (couldnt-parse); see https://coverage.readthedocs.io/en/7.13.4/messages.html#warning-couldnt-parse
  coverage._warn(msg, slug="couldnt-parse")
/Library/Frameworks/Python.framework/Versions/3.13/lib/python3.13/site-packages/coverage/report_core.py:113: CoverageWarning: Couldn't parse '/Users/fulingwei/.openclaw/workspace/non-standard-automation-pms/app/schemas/purchase_intelligence.py': Couldn't use data file '/Users/fulingwei/.openclaw/workspace/non-standard-automation-pms/.coverage': no such table: tracer (couldnt-parse); see https://coverage.readthedocs.io/en/7.13.4/messages.html#warning-couldnt-parse
  coverage._warn(msg, slug="couldnt-parse")
/Library/Frameworks/Python.framework/Versions/3.13/lib/python3.13/site-packages/coverage/report_core.py:113: CoverageWarning: Couldn't parse '/Users/fulingwei/.openclaw/workspace/non-standard-automation-pms/app/schemas/qualification.py': Couldn't use data file '/Users/fulingwei/.openclaw/workspace/non-standard-automation-pms/.coverage': no such table: tracer (couldnt-parse); see https://coverage.readthedocs.io/en/7.13.4/messages.html#warning-couldnt-parse
  coverage._warn(msg, slug="couldnt-parse")
/Library/Frameworks/Python.framework/Versions/3.13/lib/python3.13/site-packages/coverage/report_core.py:113: CoverageWarning: Couldn't parse '/Users/fulingwei/.openclaw/workspace/non-standard-automation-pms/app/schemas/quality_risk.py': Couldn't use data file '/Users/fulingwei/.openclaw/workspace/non-standard-automation-pms/.coverage': no such table: tracer (couldnt-parse); see https://coverage.readthedocs.io/en/7.13.4/messages.html#warning-couldnt-parse
  coverage._warn(msg, slug="couldnt-parse")
/Library/Frameworks/Python.framework/Versions/3.13/lib/python3.13/site-packages/coverage/report_core.py:113: CoverageWarning: Couldn't parse '/Users/fulingwei/.openclaw/workspace/non-standard-automation-pms/app/schemas/rd_project.py': Couldn't use data file '/Users/fulingwei/.openclaw/workspace/non-standard-automation-pms/.coverage': no such table: tracer (couldnt-parse); see https://coverage.readthedocs.io/en/7.13.4/messages.html#warning-couldnt-parse
  coverage._warn(msg, slug="couldnt-parse")
/Library/Frameworks/Python.framework/Versions/3.13/lib/python3.13/site-packages/coverage/report_core.py:113: CoverageWarning: Couldn't parse '/Users/fulingwei/.openclaw/workspace/non-standard-automation-pms/app/schemas/report_center.py': Couldn't use data file '/Users/fulingwei/.openclaw/workspace/non-standard-automation-pms/.coverage': no such table: tracer (couldnt-parse); see https://coverage.readthedocs.io/en/7.13.4/messages.html#warning-couldnt-parse
  coverage._warn(msg, slug="couldnt-parse")
/Library/Frameworks/Python.framework/Versions/3.13/lib/python3.13/site-packages/coverage/report_core.py:113: CoverageWarning: Couldn't parse '/Users/fulingwei/.openclaw/workspace/non-standard-automation-pms/app/schemas/resource_plan.py': Couldn't use data file '/Users/fulingwei/.openclaw/workspace/non-standard-automation-pms/.coverage': no such table: tracer (couldnt-parse); see https://coverage.readthedocs.io/en/7.13.4/messages.html#warning-couldnt-parse
  coverage._warn(msg, slug="couldnt-parse")
/Library/Frameworks/Python.framework/Versions/3.13/lib/python3.13/site-packages/coverage/report_core.py:113: CoverageWarning: Couldn't parse '/Users/fulingwei/.openclaw/workspace/non-standard-automation-pms/app/schemas/resource_scheduling.py': Couldn't use data file '/Users/fulingwei/.openclaw/workspace/non-standard-automation-pms/.coverage': no such table: tracer (couldnt-parse); see https://coverage.readthedocs.io/en/7.13.4/messages.html#warning-couldnt-parse
  coverage._warn(msg, slug="couldnt-parse")
/Library/Frameworks/Python.framework/Versions/3.13/lib/python3.13/site-packages/coverage/report_core.py:113: CoverageWarning: Couldn't parse '/Users/fulingwei/.openclaw/workspace/non-standard-automation-pms/app/schemas/role.py': Couldn't use data file '/Users/fulingwei/.openclaw/workspace/non-standard-automation-pms/.coverage': no such table: tracer (couldnt-parse); see https://coverage.readthedocs.io/en/7.13.4/messages.html#warning-couldnt-parse
  coverage._warn(msg, slug="couldnt-parse")
/Library/Frameworks/Python.framework/Versions/3.13/lib/python3.13/site-packages/coverage/report_core.py:113: CoverageWarning: Couldn't parse '/Users/fulingwei/.openclaw/workspace/non-standard-automation-pms/app/schemas/sales/__init__.py': Couldn't use data file '/Users/fulingwei/.openclaw/workspace/non-standard-automation-pms/.coverage': no such table: tracer (couldnt-parse); see https://coverage.readthedocs.io/en/7.13.4/messages.html#warning-couldnt-parse
  coverage._warn(msg, slug="couldnt-parse")
/Library/Frameworks/Python.framework/Versions/3.13/lib/python3.13/site-packages/coverage/report_core.py:113: CoverageWarning: Couldn't parse '/Users/fulingwei/.openclaw/workspace/non-standard-automation-pms/app/schemas/sales/ai_clarifications.py': Couldn't use data file '/Users/fulingwei/.openclaw/workspace/non-standard-automation-pms/.coverage': no such table: tracer (couldnt-parse); see https://coverage.readthedocs.io/en/7.13.4/messages.html#warning-couldnt-parse
  coverage._warn(msg, slug="couldnt-parse")
/Library/Frameworks/Python.framework/Versions/3.13/lib/python3.13/site-packages/coverage/report_core.py:113: CoverageWarning: Couldn't parse '/Users/fulingwei/.openclaw/workspace/non-standard-automation-pms/app/schemas/sales/assessments.py': Couldn't use data file '/Users/fulingwei/.openclaw/workspace/non-standard-automation-pms/.coverage': no such table: tracer (couldnt-parse); see https://coverage.readthedocs.io/en/7.13.4/messages.html#warning-couldnt-parse
  coverage._warn(msg, slug="couldnt-parse")
/Library/Frameworks/Python.framework/Versions/3.13/lib/python3.13/site-packages/coverage/report_core.py:113: CoverageWarning: Couldn't parse '/Users/fulingwei/.openclaw/workspace/non-standard-automation-pms/app/schemas/sales/contacts.py': Couldn't use data file '/Users/fulingwei/.openclaw/workspace/non-standard-automation-pms/.coverage': no such table: tracer (couldnt-parse); see https://coverage.readthedocs.io/en/7.13.4/messages.html#warning-couldnt-parse
  coverage._warn(msg, slug="couldnt-parse")
/Library/Frameworks/Python.framework/Versions/3.13/lib/python3.13/site-packages/coverage/report_core.py:113: CoverageWarning: Couldn't parse '/Users/fulingwei/.openclaw/workspace/non-standard-automation-pms/app/schemas/sales/contract_enhanced.py': Couldn't use data file '/Users/fulingwei/.openclaw/workspace/non-standard-automation-pms/.coverage': no such table: tracer (couldnt-parse); see https://coverage.readthedocs.io/en/7.13.4/messages.html#warning-couldnt-parse
  coverage._warn(msg, slug="couldnt-parse")
/Library/Frameworks/Python.framework/Versions/3.13/lib/python3.13/site-packages/coverage/report_core.py:113: CoverageWarning: Couldn't parse '/Users/fulingwei/.openclaw/workspace/non-standard-automation-pms/app/schemas/sales/contract_templates.py': Couldn't use data file '/Users/fulingwei/.openclaw/workspace/non-standard-automation-pms/.coverage': no such table: tracer (couldnt-parse); see https://coverage.readthedocs.io/en/7.13.4/messages.html#warning-couldnt-parse
  coverage._warn(msg, slug="couldnt-parse")
/Library/Frameworks/Python.framework/Versions/3.13/lib/python3.13/site-packages/coverage/report_core.py:113: CoverageWarning: Couldn't parse '/Users/fulingwei/.openclaw/workspace/non-standard-automation-pms/app/schemas/sales/contracts.py': Couldn't use data file '/Users/fulingwei/.openclaw/workspace/non-standard-automation-pms/.coverage': no such table: tracer (couldnt-parse); see https://coverage.readthedocs.io/en/7.13.4/messages.html#warning-couldnt-parse
  coverage._warn(msg, slug="couldnt-parse")
/Library/Frameworks/Python.framework/Versions/3.13/lib/python3.13/site-packages/coverage/report_core.py:113: CoverageWarning: Couldn't parse '/Users/fulingwei/.openclaw/workspace/non-standard-automation-pms/app/schemas/sales/cost_templates.py': Couldn't use data file '/Users/fulingwei/.openclaw/workspace/non-standard-automation-pms/.coverage': no such table: tracer (couldnt-parse); see https://coverage.readthedocs.io/en/7.13.4/messages.html#warning-couldnt-parse
  coverage._warn(msg, slug="couldnt-parse")
/Library/Frameworks/Python.framework/Versions/3.13/lib/python3.13/site-packages/coverage/report_core.py:113: CoverageWarning: Couldn't parse '/Users/fulingwei/.openclaw/workspace/non-standard-automation-pms/app/schemas/sales/customer_tags.py': Couldn't use data file '/Users/fulingwei/.openclaw/workspace/non-standard-automation-pms/.coverage': no such table: tracer (couldnt-parse); see https://coverage.readthedocs.io/en/7.13.4/messages.html#warning-couldnt-parse
  coverage._warn(msg, slug="couldnt-parse")
/Library/Frameworks/Python.framework/Versions/3.13/lib/python3.13/site-packages/coverage/report_core.py:113: CoverageWarning: Couldn't parse '/Users/fulingwei/.openclaw/workspace/non-standard-automation-pms/app/schemas/sales/customers.py': Couldn't use data file '/Users/fulingwei/.openclaw/workspace/non-standard-automation-pms/.coverage': no such table: tracer (couldnt-parse); see https://coverage.readthedocs.io/en/7.13.4/messages.html#warning-couldnt-parse
  coverage._warn(msg, slug="couldnt-parse")
/Library/Frameworks/Python.framework/Versions/3.13/lib/python3.13/site-packages/coverage/report_core.py:113: CoverageWarning: Couldn't parse '/Users/fulingwei/.openclaw/workspace/non-standard-automation-pms/app/schemas/sales/invoices.py': Couldn't use data file '/Users/fulingwei/.openclaw/workspace/non-standard-automation-pms/.coverage': no such table: tracer (couldnt-parse); see https://coverage.readthedocs.io/en/7.13.4/messages.html#warning-couldnt-parse
  coverage._warn(msg, slug="couldnt-parse")
/Library/Frameworks/Python.framework/Versions/3.13/lib/python3.13/site-packages/coverage/report_core.py:113: CoverageWarning: Couldn't parse '/Users/fulingwei/.openclaw/workspace/non-standard-automation-pms/app/schemas/sales/leads.py': Couldn't use data file '/Users/fulingwei/.openclaw/workspace/non-standard-automation-pms/.coverage': no such table: tracer (couldnt-parse); see https://coverage.readthedocs.io/en/7.13.4/messages.html#warning-couldnt-parse
  coverage._warn(msg, slug="couldnt-parse")
/Library/Frameworks/Python.framework/Versions/3.13/lib/python3.13/site-packages/coverage/report_core.py:113: CoverageWarning: Couldn't parse '/Users/fulingwei/.openclaw/workspace/non-standard-automation-pms/app/schemas/sales/opportunities.py': Couldn't use data file '/Users/fulingwei/.openclaw/workspace/non-standard-automation-pms/.coverage': no such table: tracer (couldnt-parse); see https://coverage.readthedocs.io/en/7.13.4/messages.html#warning-couldnt-parse
  coverage._warn(msg, slug="couldnt-parse")
/Library/Frameworks/Python.framework/Versions/3.13/lib/python3.13/site-packages/coverage/report_core.py:113: CoverageWarning: Couldn't parse '/Users/fulingwei/.openclaw/workspace/non-standard-automation-pms/app/schemas/sales/presale_ai_cost.py': Couldn't use data file '/Users/fulingwei/.openclaw/workspace/non-standard-automation-pms/.coverage': no such table: tracer (couldnt-parse); see https://coverage.readthedocs.io/en/7.13.4/messages.html#warning-couldnt-parse
  coverage._warn(msg, slug="couldnt-parse")
/Library/Frameworks/Python.framework/Versions/3.13/lib/python3.13/site-packages/coverage/report_core.py:113: CoverageWarning: Couldn't parse '/Users/fulingwei/.openclaw/workspace/non-standard-automation-pms/app/schemas/sales/quote_templates.py': Couldn't use data file '/Users/fulingwei/.openclaw/workspace/non-standard-automation-pms/.coverage': no such table: tracer (couldnt-parse); see https://coverage.readthedocs.io/en/7.13.4/messages.html#warning-couldnt-parse
  coverage._warn(msg, slug="couldnt-parse")
/Library/Frameworks/Python.framework/Versions/3.13/lib/python3.13/site-packages/coverage/report_core.py:113: CoverageWarning: Couldn't parse '/Users/fulingwei/.openclaw/workspace/non-standard-automation-pms/app/schemas/sales/quotes.py': Couldn't use data file '/Users/fulingwei/.openclaw/workspace/non-standard-automation-pms/.coverage': no such table: tracer (couldnt-parse); see https://coverage.readthedocs.io/en/7.13.4/messages.html#warning-couldnt-parse
  coverage._warn(msg, slug="couldnt-parse")
/Library/Frameworks/Python.framework/Versions/3.13/lib/python3.13/site-packages/coverage/report_core.py:113: CoverageWarning: Couldn't parse '/Users/fulingwei/.openclaw/workspace/non-standard-automation-pms/app/schemas/sales/requirement_details.py': Couldn't use data file '/Users/fulingwei/.openclaw/workspace/non-standard-automation-pms/.coverage': no such table: tracer (couldnt-parse); see https://coverage.readthedocs.io/en/7.13.4/messages.html#warning-couldnt-parse
  coverage._warn(msg, slug="couldnt-parse")
/Library/Frameworks/Python.framework/Versions/3.13/lib/python3.13/site-packages/coverage/report_core.py:113: CoverageWarning: Couldn't parse '/Users/fulingwei/.openclaw/workspace/non-standard-automation-pms/app/schemas/sales/requirement_freezes.py': Couldn't use data file '/Users/fulingwei/.openclaw/workspace/non-standard-automation-pms/.coverage': no such table: tracer (couldnt-parse); see https://coverage.readthedocs.io/en/7.13.4/messages.html#warning-couldnt-parse
  coverage._warn(msg, slug="couldnt-parse")
/Library/Frameworks/Python.framework/Versions/3.13/lib/python3.13/site-packages/coverage/report_core.py:113: CoverageWarning: Couldn't parse '/Users/fulingwei/.openclaw/workspace/non-standard-automation-pms/app/schemas/sales/team.py': Couldn't use data file '/Users/fulingwei/.openclaw/workspace/non-standard-automation-pms/.coverage': no such table: tracer (couldnt-parse); see https://coverage.readthedocs.io/en/7.13.4/messages.html#warning-couldnt-parse
  coverage._warn(msg, slug="couldnt-parse")
/Library/Frameworks/Python.framework/Versions/3.13/lib/python3.13/site-packages/coverage/report_core.py:113: CoverageWarning: Couldn't parse '/Users/fulingwei/.openclaw/workspace/non-standard-automation-pms/app/schemas/sales/workflow.py': Couldn't use data file '/Users/fulingwei/.openclaw/workspace/non-standard-automation-pms/.coverage': no such table: tracer (couldnt-parse); see https://coverage.readthedocs.io/en/7.13.4/messages.html#warning-couldnt-parse
  coverage._warn(msg, slug="couldnt-parse")
/Library/Frameworks/Python.framework/Versions/3.13/lib/python3.13/site-packages/coverage/report_core.py:113: CoverageWarning: Couldn't parse '/Users/fulingwei/.openclaw/workspace/non-standard-automation-pms/app/schemas/sales_target.py': Couldn't use data file '/Users/fulingwei/.openclaw/workspace/non-standard-automation-pms/.coverage': no such table: tracer (couldnt-parse); see https://coverage.readthedocs.io/en/7.13.4/messages.html#warning-couldnt-parse
  coverage._warn(msg, slug="couldnt-parse")
/Library/Frameworks/Python.framework/Versions/3.13/lib/python3.13/site-packages/coverage/report_core.py:113: CoverageWarning: Couldn't parse '/Users/fulingwei/.openclaw/workspace/non-standard-automation-pms/app/schemas/sales_team.py': Couldn't use data file '/Users/fulingwei/.openclaw/workspace/non-standard-automation-pms/.coverage': no such table: tracer (couldnt-parse); see https://coverage.readthedocs.io/en/7.13.4/messages.html#warning-couldnt-parse
  coverage._warn(msg, slug="couldnt-parse")
/Library/Frameworks/Python.framework/Versions/3.13/lib/python3.13/site-packages/coverage/report_core.py:113: CoverageWarning: Couldn't parse '/Users/fulingwei/.openclaw/workspace/non-standard-automation-pms/app/schemas/scheduler_config.py': Couldn't use data file '/Users/fulingwei/.openclaw/workspace/non-standard-automation-pms/.coverage': no such table: tracer (couldnt-parse); see https://coverage.readthedocs.io/en/7.13.4/messages.html#warning-couldnt-parse
  coverage._warn(msg, slug="couldnt-parse")
/Library/Frameworks/Python.framework/Versions/3.13/lib/python3.13/site-packages/coverage/report_core.py:113: CoverageWarning: Couldn't parse '/Users/fulingwei/.openclaw/workspace/non-standard-automation-pms/app/schemas/service.py': Couldn't use data file '/Users/fulingwei/.openclaw/workspace/non-standard-automation-pms/.coverage': no such table: tracer (couldnt-parse); see https://coverage.readthedocs.io/en/7.13.4/messages.html#warning-couldnt-parse
  coverage._warn(msg, slug="couldnt-parse")
/Library/Frameworks/Python.framework/Versions/3.13/lib/python3.13/site-packages/coverage/report_core.py:113: CoverageWarning: Couldn't parse '/Users/fulingwei/.openclaw/workspace/non-standard-automation-pms/app/schemas/session.py': Couldn't use data file '/Users/fulingwei/.openclaw/workspace/non-standard-automation-pms/.coverage': no such table: tracer (couldnt-parse); see https://coverage.readthedocs.io/en/7.13.4/messages.html#warning-couldnt-parse
  coverage._warn(msg, slug="couldnt-parse")
/Library/Frameworks/Python.framework/Versions/3.13/lib/python3.13/site-packages/coverage/report_core.py:113: CoverageWarning: Couldn't parse '/Users/fulingwei/.openclaw/workspace/non-standard-automation-pms/app/schemas/shortage.py': Couldn't use data file '/Users/fulingwei/.openclaw/workspace/non-standard-automation-pms/.coverage': no such table: tracer (couldnt-parse); see https://coverage.readthedocs.io/en/7.13.4/messages.html#warning-couldnt-parse
  coverage._warn(msg, slug="couldnt-parse")
/Library/Frameworks/Python.framework/Versions/3.13/lib/python3.13/site-packages/coverage/report_core.py:113: CoverageWarning: Couldn't parse '/Users/fulingwei/.openclaw/workspace/non-standard-automation-pms/app/schemas/shortage_smart.py': Couldn't use data file '/Users/fulingwei/.openclaw/workspace/non-standard-automation-pms/.coverage': no such table: tracer (couldnt-parse); see https://coverage.readthedocs.io/en/7.13.4/messages.html#warning-couldnt-parse
  coverage._warn(msg, slug="couldnt-parse")
/Library/Frameworks/Python.framework/Versions/3.13/lib/python3.13/site-packages/coverage/report_core.py:113: CoverageWarning: Couldn't parse '/Users/fulingwei/.openclaw/workspace/non-standard-automation-pms/app/schemas/sla.py': Couldn't use data file '/Users/fulingwei/.openclaw/workspace/non-standard-automation-pms/.coverage': no such table: tracer (couldnt-parse); see https://coverage.readthedocs.io/en/7.13.4/messages.html#warning-couldnt-parse
  coverage._warn(msg, slug="couldnt-parse")
/Library/Frameworks/Python.framework/Versions/3.13/lib/python3.13/site-packages/coverage/report_core.py:113: CoverageWarning: Couldn't parse '/Users/fulingwei/.openclaw/workspace/non-standard-automation-pms/app/schemas/staff_matching.py': Couldn't use data file '/Users/fulingwei/.openclaw/workspace/non-standard-automation-pms/.coverage': no such table: tracer (couldnt-parse); see https://coverage.readthedocs.io/en/7.13.4/messages.html#warning-couldnt-parse
  coverage._warn(msg, slug="couldnt-parse")
/Library/Frameworks/Python.framework/Versions/3.13/lib/python3.13/site-packages/coverage/report_core.py:113: CoverageWarning: Couldn't parse '/Users/fulingwei/.openclaw/workspace/non-standard-automation-pms/app/schemas/stage_template.py': Couldn't use data file '/Users/fulingwei/.openclaw/workspace/non-standard-automation-pms/.coverage': no such table: tracer (couldnt-parse); see https://coverage.readthedocs.io/en/7.13.4/messages.html#warning-couldnt-parse
  coverage._warn(msg, slug="couldnt-parse")
/Library/Frameworks/Python.framework/Versions/3.13/lib/python3.13/site-packages/coverage/report_core.py:113: CoverageWarning: Couldn't parse '/Users/fulingwei/.openclaw/workspace/non-standard-automation-pms/app/schemas/stage_template/__init__.py': Couldn't use data file '/Users/fulingwei/.openclaw/workspace/non-standard-automation-pms/.coverage': no such table: tracer (couldnt-parse); see https://coverage.readthedocs.io/en/7.13.4/messages.html#warning-couldnt-parse
  coverage._warn(msg, slug="couldnt-parse")
/Library/Frameworks/Python.framework/Versions/3.13/lib/python3.13/site-packages/coverage/report_core.py:113: CoverageWarning: Couldn't parse '/Users/fulingwei/.openclaw/workspace/non-standard-automation-pms/app/schemas/stage_template/definitions.py': Couldn't use data file '/Users/fulingwei/.openclaw/workspace/non-standard-automation-pms/.coverage': no such table: tracer (couldnt-parse); see https://coverage.readthedocs.io/en/7.13.4/messages.html#warning-couldnt-parse
  coverage._warn(msg, slug="couldnt-parse")
/Library/Frameworks/Python.framework/Versions/3.13/lib/python3.13/site-packages/coverage/report_core.py:113: CoverageWarning: Couldn't parse '/Users/fulingwei/.openclaw/workspace/non-standard-automation-pms/app/schemas/stage_template/import_export.py': Couldn't use data file '/Users/fulingwei/.openclaw/workspace/non-standard-automation-pms/.coverage': no such table: tracer (couldnt-parse); see https://coverage.readthedocs.io/en/7.13.4/messages.html#warning-couldnt-parse
  coverage._warn(msg, slug="couldnt-parse")
/Library/Frameworks/Python.framework/Versions/3.13/lib/python3.13/site-packages/coverage/report_core.py:113: CoverageWarning: Couldn't parse '/Users/fulingwei/.openclaw/workspace/non-standard-automation-pms/app/schemas/stage_template/initialization.py': Couldn't use data file '/Users/fulingwei/.openclaw/workspace/non-standard-automation-pms/.coverage': no such table: tracer (couldnt-parse); see https://coverage.readthedocs.io/en/7.13.4/messages.html#warning-couldnt-parse
  coverage._warn(msg, slug="couldnt-parse")
/Library/Frameworks/Python.framework/Versions/3.13/lib/python3.13/site-packages/coverage/report_core.py:113: CoverageWarning: Couldn't parse '/Users/fulingwei/.openclaw/workspace/non-standard-automation-pms/app/schemas/stage_template/instances.py': Couldn't use data file '/Users/fulingwei/.openclaw/workspace/non-standard-automation-pms/.coverage': no such table: tracer (couldnt-parse); see https://coverage.readthedocs.io/en/7.13.4/messages.html#warning-couldnt-parse
  coverage._warn(msg, slug="couldnt-parse")
/Library/Frameworks/Python.framework/Versions/3.13/lib/python3.13/site-packages/coverage/report_core.py:113: CoverageWarning: Couldn't parse '/Users/fulingwei/.openclaw/workspace/non-standard-automation-pms/app/schemas/stage_template/node_tasks.py': Couldn't use data file '/Users/fulingwei/.openclaw/workspace/non-standard-automation-pms/.coverage': no such table: tracer (couldnt-parse); see https://coverage.readthedocs.io/en/7.13.4/messages.html#warning-couldnt-parse
  coverage._warn(msg, slug="couldnt-parse")
/Library/Frameworks/Python.framework/Versions/3.13/lib/python3.13/site-packages/coverage/report_core.py:113: CoverageWarning: Couldn't parse '/Users/fulingwei/.openclaw/workspace/non-standard-automation-pms/app/schemas/stage_template/progress.py': Couldn't use data file '/Users/fulingwei/.openclaw/workspace/non-standard-automation-pms/.coverage': no such table: tracer (couldnt-parse); see https://coverage.readthedocs.io/en/7.13.4/messages.html#warning-couldnt-parse
  coverage._warn(msg, slug="couldnt-parse")
/Library/Frameworks/Python.framework/Versions/3.13/lib/python3.13/site-packages/coverage/report_core.py:113: CoverageWarning: Couldn't parse '/Users/fulingwei/.openclaw/workspace/non-standard-automation-pms/app/schemas/stage_template/status.py': Couldn't use data file '/Users/fulingwei/.openclaw/workspace/non-standard-automation-pms/.coverage': no such table: tracer (couldnt-parse); see https://coverage.readthedocs.io/en/7.13.4/messages.html#warning-couldnt-parse
  coverage._warn(msg, slug="couldnt-parse")
/Library/Frameworks/Python.framework/Versions/3.13/lib/python3.13/site-packages/coverage/report_core.py:113: CoverageWarning: Couldn't parse '/Users/fulingwei/.openclaw/workspace/non-standard-automation-pms/app/schemas/stage_template/views.py': Couldn't use data file '/Users/fulingwei/.openclaw/workspace/non-standard-automation-pms/.coverage': no such table: tracer (couldnt-parse); see https://coverage.readthedocs.io/en/7.13.4/messages.html#warning-couldnt-parse
  coverage._warn(msg, slug="couldnt-parse")
/Library/Frameworks/Python.framework/Versions/3.13/lib/python3.13/site-packages/coverage/report_core.py:113: CoverageWarning: Couldn't parse '/Users/fulingwei/.openclaw/workspace/non-standard-automation-pms/app/schemas/standard_cost.py': Couldn't use data file '/Users/fulingwei/.openclaw/workspace/non-standard-automation-pms/.coverage': no such table: tracer (couldnt-parse); see https://coverage.readthedocs.io/en/7.13.4/messages.html#warning-couldnt-parse
  coverage._warn(msg, slug="couldnt-parse")
/Library/Frameworks/Python.framework/Versions/3.13/lib/python3.13/site-packages/coverage/report_core.py:113: CoverageWarning: Couldn't parse '/Users/fulingwei/.openclaw/workspace/non-standard-automation-pms/app/schemas/strategy/__init__.py': Couldn't use data file '/Users/fulingwei/.openclaw/workspace/non-standard-automation-pms/.coverage': no such table: tracer (couldnt-parse); see https://coverage.readthedocs.io/en/7.13.4/messages.html#warning-couldnt-parse
  coverage._warn(msg, slug="couldnt-parse")
/Library/Frameworks/Python.framework/Versions/3.13/lib/python3.13/site-packages/coverage/report_core.py:113: CoverageWarning: Couldn't parse '/Users/fulingwei/.openclaw/workspace/non-standard-automation-pms/app/schemas/strategy/annual_work.py': Couldn't use data file '/Users/fulingwei/.openclaw/workspace/non-standard-automation-pms/.coverage': no such table: tracer (couldnt-parse); see https://coverage.readthedocs.io/en/7.13.4/messages.html#warning-couldnt-parse
  coverage._warn(msg, slug="couldnt-parse")
/Library/Frameworks/Python.framework/Versions/3.13/lib/python3.13/site-packages/coverage/report_core.py:113: CoverageWarning: Couldn't parse '/Users/fulingwei/.openclaw/workspace/non-standard-automation-pms/app/schemas/strategy/csf.py': Couldn't use data file '/Users/fulingwei/.openclaw/workspace/non-standard-automation-pms/.coverage': no such table: tracer (couldnt-parse); see https://coverage.readthedocs.io/en/7.13.4/messages.html#warning-couldnt-parse
  coverage._warn(msg, slug="couldnt-parse")
/Library/Frameworks/Python.framework/Versions/3.13/lib/python3.13/site-packages/coverage/report_core.py:113: CoverageWarning: Couldn't parse '/Users/fulingwei/.openclaw/workspace/non-standard-automation-pms/app/schemas/strategy/dashboard.py': Couldn't use data file '/Users/fulingwei/.openclaw/workspace/non-standard-automation-pms/.coverage': no such table: tracer (couldnt-parse); see https://coverage.readthedocs.io/en/7.13.4/messages.html#warning-couldnt-parse
  coverage._warn(msg, slug="couldnt-parse")
/Library/Frameworks/Python.framework/Versions/3.13/lib/python3.13/site-packages/coverage/report_core.py:113: CoverageWarning: Couldn't parse '/Users/fulingwei/.openclaw/workspace/non-standard-automation-pms/app/schemas/strategy/decomposition.py': Couldn't use data file '/Users/fulingwei/.openclaw/workspace/non-standard-automation-pms/.coverage': no such table: tracer (couldnt-parse); see https://coverage.readthedocs.io/en/7.13.4/messages.html#warning-couldnt-parse
  coverage._warn(msg, slug="couldnt-parse")
/Library/Frameworks/Python.framework/Versions/3.13/lib/python3.13/site-packages/coverage/report_core.py:113: CoverageWarning: Couldn't parse '/Users/fulingwei/.openclaw/workspace/non-standard-automation-pms/app/schemas/strategy/kpi.py': Couldn't use data file '/Users/fulingwei/.openclaw/workspace/non-standard-automation-pms/.coverage': no such table: tracer (couldnt-parse); see https://coverage.readthedocs.io/en/7.13.4/messages.html#warning-couldnt-parse
  coverage._warn(msg, slug="couldnt-parse")
/Library/Frameworks/Python.framework/Versions/3.13/lib/python3.13/site-packages/coverage/report_core.py:113: CoverageWarning: Couldn't parse '/Users/fulingwei/.openclaw/workspace/non-standard-automation-pms/app/schemas/strategy/review.py': Couldn't use data file '/Users/fulingwei/.openclaw/workspace/non-standard-automation-pms/.coverage': no such table: tracer (couldnt-parse); see https://coverage.readthedocs.io/en/7.13.4/messages.html#warning-couldnt-parse
  coverage._warn(msg, slug="couldnt-parse")
/Library/Frameworks/Python.framework/Versions/3.13/lib/python3.13/site-packages/coverage/report_core.py:113: CoverageWarning: Couldn't parse '/Users/fulingwei/.openclaw/workspace/non-standard-automation-pms/app/schemas/strategy/strategy.py': Couldn't use data file '/Users/fulingwei/.openclaw/workspace/non-standard-automation-pms/.coverage': no such table: tracer (couldnt-parse); see https://coverage.readthedocs.io/en/7.13.4/messages.html#warning-couldnt-parse
  coverage._warn(msg, slug="couldnt-parse")
/Library/Frameworks/Python.framework/Versions/3.13/lib/python3.13/site-packages/coverage/report_core.py:113: CoverageWarning: Couldn't parse '/Users/fulingwei/.openclaw/workspace/non-standard-automation-pms/app/schemas/task_center.py': Couldn't use data file '/Users/fulingwei/.openclaw/workspace/non-standard-automation-pms/.coverage': no such table: tracer (couldnt-parse); see https://coverage.readthedocs.io/en/7.13.4/messages.html#warning-couldnt-parse
  coverage._warn(msg, slug="couldnt-parse")
/Library/Frameworks/Python.framework/Versions/3.13/lib/python3.13/site-packages/coverage/report_core.py:113: CoverageWarning: Couldn't parse '/Users/fulingwei/.openclaw/workspace/non-standard-automation-pms/app/schemas/technical_review.py': Couldn't use data file '/Users/fulingwei/.openclaw/workspace/non-standard-automation-pms/.coverage': no such table: tracer (couldnt-parse); see https://coverage.readthedocs.io/en/7.13.4/messages.html#warning-couldnt-parse
  coverage._warn(msg, slug="couldnt-parse")
/Library/Frameworks/Python.framework/Versions/3.13/lib/python3.13/site-packages/coverage/report_core.py:113: CoverageWarning: Couldn't parse '/Users/fulingwei/.openclaw/workspace/non-standard-automation-pms/app/schemas/technical_spec.py': Couldn't use data file '/Users/fulingwei/.openclaw/workspace/non-standard-automation-pms/.coverage': no such table: tracer (couldnt-parse); see https://coverage.readthedocs.io/en/7.13.4/messages.html#warning-couldnt-parse
  coverage._warn(msg, slug="couldnt-parse")
/Library/Frameworks/Python.framework/Versions/3.13/lib/python3.13/site-packages/coverage/report_core.py:113: CoverageWarning: Couldn't parse '/Users/fulingwei/.openclaw/workspace/non-standard-automation-pms/app/schemas/tenant.py': Couldn't use data file '/Users/fulingwei/.openclaw/workspace/non-standard-automation-pms/.coverage': no such table: tracer (couldnt-parse); see https://coverage.readthedocs.io/en/7.13.4/messages.html#warning-couldnt-parse
  coverage._warn(msg, slug="couldnt-parse")
/Library/Frameworks/Python.framework/Versions/3.13/lib/python3.13/site-packages/coverage/report_core.py:113: CoverageWarning: Couldn't parse '/Users/fulingwei/.openclaw/workspace/non-standard-automation-pms/app/schemas/timesheet.py': Couldn't use data file '/Users/fulingwei/.openclaw/workspace/non-standard-automation-pms/.coverage': no such table: tracer (couldnt-parse); see https://coverage.readthedocs.io/en/7.13.4/messages.html#warning-couldnt-parse
  coverage._warn(msg, slug="couldnt-parse")
/Library/Frameworks/Python.framework/Versions/3.13/lib/python3.13/site-packages/coverage/report_core.py:113: CoverageWarning: Couldn't parse '/Users/fulingwei/.openclaw/workspace/non-standard-automation-pms/app/schemas/timesheet_analytics.py': Couldn't use data file '/Users/fulingwei/.openclaw/workspace/non-standard-automation-pms/.coverage': no such table: tracer (couldnt-parse); see https://coverage.readthedocs.io/en/7.13.4/messages.html#warning-couldnt-parse
  coverage._warn(msg, slug="couldnt-parse")
/Library/Frameworks/Python.framework/Versions/3.13/lib/python3.13/site-packages/coverage/report_core.py:113: CoverageWarning: Couldn't parse '/Users/fulingwei/.openclaw/workspace/non-standard-automation-pms/app/schemas/timesheet_analytics_fixed.py': Couldn't use data file '/Users/fulingwei/.openclaw/workspace/non-standard-automation-pms/.coverage': no such table: tracer (couldnt-parse); see https://coverage.readthedocs.io/en/7.13.4/messages.html#warning-couldnt-parse
  coverage._warn(msg, slug="couldnt-parse")
/Library/Frameworks/Python.framework/Versions/3.13/lib/python3.13/site-packages/coverage/report_core.py:113: CoverageWarning: Couldn't parse '/Users/fulingwei/.openclaw/workspace/non-standard-automation-pms/app/schemas/timesheet_analytics_minimal.py': Couldn't use data file '/Users/fulingwei/.openclaw/workspace/non-standard-automation-pms/.coverage': no such table: tracer (couldnt-parse); see https://coverage.readthedocs.io/en/7.13.4/messages.html#warning-couldnt-parse
  coverage._warn(msg, slug="couldnt-parse")
/Library/Frameworks/Python.framework/Versions/3.13/lib/python3.13/site-packages/coverage/report_core.py:113: CoverageWarning: Couldn't parse '/Users/fulingwei/.openclaw/workspace/non-standard-automation-pms/app/schemas/timesheet_reminder.py': Couldn't use data file '/Users/fulingwei/.openclaw/workspace/non-standard-automation-pms/.coverage': no such table: tracer (couldnt-parse); see https://coverage.readthedocs.io/en/7.13.4/messages.html#warning-couldnt-parse
  coverage._warn(msg, slug="couldnt-parse")
/Library/Frameworks/Python.framework/Versions/3.13/lib/python3.13/site-packages/coverage/report_core.py:113: CoverageWarning: Couldn't parse '/Users/fulingwei/.openclaw/workspace/non-standard-automation-pms/app/schemas/work_log.py': Couldn't use data file '/Users/fulingwei/.openclaw/workspace/non-standard-automation-pms/.coverage': no such table: tracer (couldnt-parse); see https://coverage.readthedocs.io/en/7.13.4/messages.html#warning-couldnt-parse
  coverage._warn(msg, slug="couldnt-parse")
/Library/Frameworks/Python.framework/Versions/3.13/lib/python3.13/site-packages/coverage/report_core.py:113: CoverageWarning: Couldn't parse '/Users/fulingwei/.openclaw/workspace/non-standard-automation-pms/app/schemas/workload.py': Couldn't use data file '/Users/fulingwei/.openclaw/workspace/non-standard-automation-pms/.coverage': no such table: tracer (couldnt-parse); see https://coverage.readthedocs.io/en/7.13.4/messages.html#warning-couldnt-parse
  coverage._warn(msg, slug="couldnt-parse")
/Library/Frameworks/Python.framework/Versions/3.13/lib/python3.13/site-packages/coverage/report_core.py:113: CoverageWarning: Couldn't parse '/Users/fulingwei/.openclaw/workspace/non-standard-automation-pms/app/services/__init__.py': Couldn't use data file '/Users/fulingwei/.openclaw/workspace/non-standard-automation-pms/.coverage': no such table: tracer (couldnt-parse); see https://coverage.readthedocs.io/en/7.13.4/messages.html#warning-couldnt-parse
  coverage._warn(msg, slug="couldnt-parse")
/Library/Frameworks/Python.framework/Versions/3.13/lib/python3.13/site-packages/coverage/report_core.py:113: CoverageWarning: Couldn't parse '/Users/fulingwei/.openclaw/workspace/non-standard-automation-pms/app/services/acceptance/__init__.py': Couldn't use data file '/Users/fulingwei/.openclaw/workspace/non-standard-automation-pms/.coverage': no such table: tracer (couldnt-parse); see https://coverage.readthedocs.io/en/7.13.4/messages.html#warning-couldnt-parse
  coverage._warn(msg, slug="couldnt-parse")
/Library/Frameworks/Python.framework/Versions/3.13/lib/python3.13/site-packages/coverage/report_core.py:113: CoverageWarning: Couldn't parse '/Users/fulingwei/.openclaw/workspace/non-standard-automation-pms/app/services/acceptance/acceptance_service.py': Couldn't use data file '/Users/fulingwei/.openclaw/workspace/non-standard-automation-pms/.coverage': no such table: tracer (couldnt-parse); see https://coverage.readthedocs.io/en/7.13.4/messages.html#warning-couldnt-parse
  coverage._warn(msg, slug="couldnt-parse")
/Library/Frameworks/Python.framework/Versions/3.13/lib/python3.13/site-packages/coverage/report_core.py:113: CoverageWarning: Couldn't parse '/Users/fulingwei/.openclaw/workspace/non-standard-automation-pms/app/services/acceptance/report_utils.py': Couldn't use data file '/Users/fulingwei/.openclaw/workspace/non-standard-automation-pms/.coverage': no such table: tracer (couldnt-parse); see https://coverage.readthedocs.io/en/7.13.4/messages.html#warning-couldnt-parse
  coverage._warn(msg, slug="couldnt-parse")
/Library/Frameworks/Python.framework/Versions/3.13/lib/python3.13/site-packages/coverage/report_core.py:113: CoverageWarning: Couldn't parse '/Users/fulingwei/.openclaw/workspace/non-standard-automation-pms/app/services/acceptance_approval/__init__.py': Couldn't use data file '/Users/fulingwei/.openclaw/workspace/non-standard-automation-pms/.coverage': no such table: tracer (couldnt-parse); see https://coverage.readthedocs.io/en/7.13.4/messages.html#warning-couldnt-parse
  coverage._warn(msg, slug="couldnt-parse")
/Library/Frameworks/Python.framework/Versions/3.13/lib/python3.13/site-packages/coverage/report_core.py:113: CoverageWarning: Couldn't parse '/Users/fulingwei/.openclaw/workspace/non-standard-automation-pms/app/services/acceptance_approval/service.py': Couldn't use data file '/Users/fulingwei/.openclaw/workspace/non-standard-automation-pms/.coverage': no such table: tracer (couldnt-parse); see https://coverage.readthedocs.io/en/7.13.4/messages.html#warning-couldnt-parse
  coverage._warn(msg, slug="couldnt-parse")
/Library/Frameworks/Python.framework/Versions/3.13/lib/python3.13/site-packages/coverage/report_core.py:113: CoverageWarning: Couldn't parse '/Users/fulingwei/.openclaw/workspace/non-standard-automation-pms/app/services/acceptance_bonus_service.py': Couldn't use data file '/Users/fulingwei/.openclaw/workspace/non-standard-automation-pms/.coverage': no such table: tracer (couldnt-parse); see https://coverage.readthedocs.io/en/7.13.4/messages.html#warning-couldnt-parse
  coverage._warn(msg, slug="couldnt-parse")
/Library/Frameworks/Python.framework/Versions/3.13/lib/python3.13/site-packages/coverage/report_core.py:113: CoverageWarning: Couldn't parse '/Users/fulingwei/.openclaw/workspace/non-standard-automation-pms/app/services/acceptance_completion_service.py': Couldn't use data file '/Users/fulingwei/.openclaw/workspace/non-standard-automation-pms/.coverage': no such table: tracer (couldnt-parse); see https://coverage.readthedocs.io/en/7.13.4/messages.html#warning-couldnt-parse
  coverage._warn(msg, slug="couldnt-parse")
/Library/Frameworks/Python.framework/Versions/3.13/lib/python3.13/site-packages/coverage/report_core.py:113: CoverageWarning: Couldn't parse '/Users/fulingwei/.openclaw/workspace/non-standard-automation-pms/app/services/acceptance_report_service.py': Couldn't use data file '/Users/fulingwei/.openclaw/workspace/non-standard-automation-pms/.coverage': no such table: tracer (couldnt-parse); see https://coverage.readthedocs.io/en/7.13.4/messages.html#warning-couldnt-parse
  coverage._warn(msg, slug="couldnt-parse")
/Library/Frameworks/Python.framework/Versions/3.13/lib/python3.13/site-packages/coverage/report_core.py:113: CoverageWarning: Couldn't parse '/Users/fulingwei/.openclaw/workspace/non-standard-automation-pms/app/services/account_lockout_service.py': Couldn't use data file '/Users/fulingwei/.openclaw/workspace/non-standard-automation-pms/.coverage': no such table: tracer (couldnt-parse); see https://coverage.readthedocs.io/en/7.13.4/messages.html#warning-couldnt-parse
  coverage._warn(msg, slug="couldnt-parse")
/Library/Frameworks/Python.framework/Versions/3.13/lib/python3.13/site-packages/coverage/report_core.py:113: CoverageWarning: Couldn't parse '/Users/fulingwei/.openclaw/workspace/non-standard-automation-pms/app/services/advantage_product_import_service.py': Couldn't use data file '/Users/fulingwei/.openclaw/workspace/non-standard-automation-pms/.coverage': no such table: tracer (couldnt-parse); see https://coverage.readthedocs.io/en/7.13.4/messages.html#warning-couldnt-parse
  coverage._warn(msg, slug="couldnt-parse")
/Library/Frameworks/Python.framework/Versions/3.13/lib/python3.13/site-packages/coverage/report_core.py:113: CoverageWarning: Couldn't parse '/Users/fulingwei/.openclaw/workspace/non-standard-automation-pms/app/services/ai_assessment_service.py': Couldn't use data file '/Users/fulingwei/.openclaw/workspace/non-standard-automation-pms/.coverage': no such table: tracer (couldnt-parse); see https://coverage.readthedocs.io/en/7.13.4/messages.html#warning-couldnt-parse
  coverage._warn(msg, slug="couldnt-parse")
/Library/Frameworks/Python.framework/Versions/3.13/lib/python3.13/site-packages/coverage/report_core.py:113: CoverageWarning: Couldn't parse '/Users/fulingwei/.openclaw/workspace/non-standard-automation-pms/app/services/ai_client_service.py': Couldn't use data file '/Users/fulingwei/.openclaw/workspace/non-standard-automation-pms/.coverage': no such table: tracer (couldnt-parse); see https://coverage.readthedocs.io/en/7.13.4/messages.html#warning-couldnt-parse
  coverage._warn(msg, slug="couldnt-parse")
/Library/Frameworks/Python.framework/Versions/3.13/lib/python3.13/site-packages/coverage/report_core.py:113: CoverageWarning: Couldn't parse '/Users/fulingwei/.openclaw/workspace/non-standard-automation-pms/app/services/ai_emotion_service.py': Couldn't use data file '/Users/fulingwei/.openclaw/workspace/non-standard-automation-pms/.coverage': no such table: tracer (couldnt-parse); see https://coverage.readthedocs.io/en/7.13.4/messages.html#warning-couldnt-parse
  coverage._warn(msg, slug="couldnt-parse")
/Library/Frameworks/Python.framework/Versions/3.13/lib/python3.13/site-packages/coverage/report_core.py:113: CoverageWarning: Couldn't parse '/Users/fulingwei/.openclaw/workspace/non-standard-automation-pms/app/services/ai_planning/__init__.py': Couldn't use data file '/Users/fulingwei/.openclaw/workspace/non-standard-automation-pms/.coverage': no such table: tracer (couldnt-parse); see https://coverage.readthedocs.io/en/7.13.4/messages.html#warning-couldnt-parse
  coverage._warn(msg, slug="couldnt-parse")
/Library/Frameworks/Python.framework/Versions/3.13/lib/python3.13/site-packages/coverage/report_core.py:113: CoverageWarning: Couldn't parse '/Users/fulingwei/.openclaw/workspace/non-standard-automation-pms/app/services/ai_planning/glm_service.py': Couldn't use data file '/Users/fulingwei/.openclaw/workspace/non-standard-automation-pms/.coverage': no such table: tracer (couldnt-parse); see https://coverage.readthedocs.io/en/7.13.4/messages.html#warning-couldnt-parse
  coverage._warn(msg, slug="couldnt-parse")
/Library/Frameworks/Python.framework/Versions/3.13/lib/python3.13/site-packages/coverage/report_core.py:113: CoverageWarning: Couldn't parse '/Users/fulingwei/.openclaw/workspace/non-standard-automation-pms/app/services/ai_planning/plan_generator.py': Couldn't use data file '/Users/fulingwei/.openclaw/workspace/non-standard-automation-pms/.coverage': no such table: tracer (couldnt-parse); see https://coverage.readthedocs.io/en/7.13.4/messages.html#warning-couldnt-parse
  coverage._warn(msg, slug="couldnt-parse")
/Library/Frameworks/Python.framework/Versions/3.13/lib/python3.13/site-packages/coverage/report_core.py:113: CoverageWarning: Couldn't parse '/Users/fulingwei/.openclaw/workspace/non-standard-automation-pms/app/services/ai_planning/resource_optimizer.py': Couldn't use data file '/Users/fulingwei/.openclaw/workspace/non-standard-automation-pms/.coverage': no such table: tracer (couldnt-parse); see https://coverage.readthedocs.io/en/7.13.4/messages.html#warning-couldnt-parse
  coverage._warn(msg, slug="couldnt-parse")
/Library/Frameworks/Python.framework/Versions/3.13/lib/python3.13/site-packages/coverage/report_core.py:113: CoverageWarning: Couldn't parse '/Users/fulingwei/.openclaw/workspace/non-standard-automation-pms/app/services/ai_planning/schedule_optimizer.py': Couldn't use data file '/Users/fulingwei/.openclaw/workspace/non-standard-automation-pms/.coverage': no such table: tracer (couldnt-parse); see https://coverage.readthedocs.io/en/7.13.4/messages.html#warning-couldnt-parse
  coverage._warn(msg, slug="couldnt-parse")
/Library/Frameworks/Python.framework/Versions/3.13/lib/python3.13/site-packages/coverage/report_core.py:113: CoverageWarning: Couldn't parse '/Users/fulingwei/.openclaw/workspace/non-standard-automation-pms/app/services/ai_planning/wbs_decomposer.py': Couldn't use data file '/Users/fulingwei/.openclaw/workspace/non-standard-automation-pms/.coverage': no such table: tracer (couldnt-parse); see https://coverage.readthedocs.io/en/7.13.4/messages.html#warning-couldnt-parse
  coverage._warn(msg, slug="couldnt-parse")
/Library/Frameworks/Python.framework/Versions/3.13/lib/python3.13/site-packages/coverage/report_core.py:113: CoverageWarning: Couldn't parse '/Users/fulingwei/.openclaw/workspace/non-standard-automation-pms/app/services/ai_service.py': Couldn't use data file '/Users/fulingwei/.openclaw/workspace/non-standard-automation-pms/.coverage': no such table: tracer (couldnt-parse); see https://coverage.readthedocs.io/en/7.13.4/messages.html#warning-couldnt-parse
  coverage._warn(msg, slug="couldnt-parse")
/Library/Frameworks/Python.framework/Versions/3.13/lib/python3.13/site-packages/coverage/report_core.py:113: CoverageWarning: Couldn't parse '/Users/fulingwei/.openclaw/workspace/non-standard-automation-pms/app/services/alert_efficiency_service.py': Couldn't use data file '/Users/fulingwei/.openclaw/workspace/non-standard-automation-pms/.coverage': no such table: tracer (couldnt-parse); see https://coverage.readthedocs.io/en/7.13.4/messages.html#warning-couldnt-parse
  coverage._warn(msg, slug="couldnt-parse")
/Library/Frameworks/Python.framework/Versions/3.13/lib/python3.13/site-packages/coverage/report_core.py:113: CoverageWarning: Couldn't parse '/Users/fulingwei/.openclaw/workspace/non-standard-automation-pms/app/services/alert_escalation_service.py': Couldn't use data file '/Users/fulingwei/.openclaw/workspace/non-standard-automation-pms/.coverage': no such table: tracer (couldnt-parse); see https://coverage.readthedocs.io/en/7.13.4/messages.html#warning-couldnt-parse
  coverage._warn(msg, slug="couldnt-parse")
/Library/Frameworks/Python.framework/Versions/3.13/lib/python3.13/site-packages/coverage/report_core.py:113: CoverageWarning: Couldn't parse '/Users/fulingwei/.openclaw/workspace/non-standard-automation-pms/app/services/alert_exceptions/__init__.py': Couldn't use data file '/Users/fulingwei/.openclaw/workspace/non-standard-automation-pms/.coverage': no such table: tracer (couldnt-parse); see https://coverage.readthedocs.io/en/7.13.4/messages.html#warning-couldnt-parse
  coverage._warn(msg, slug="couldnt-parse")
/Library/Frameworks/Python.framework/Versions/3.13/lib/python3.13/site-packages/coverage/report_core.py:113: CoverageWarning: Couldn't parse '/Users/fulingwei/.openclaw/workspace/non-standard-automation-pms/app/services/alert_exceptions/service.py': Couldn't use data file '/Users/fulingwei/.openclaw/workspace/non-standard-automation-pms/.coverage': no such table: tracer (couldnt-parse); see https://coverage.readthedocs.io/en/7.13.4/messages.html#warning-couldnt-parse
  coverage._warn(msg, slug="couldnt-parse")
/Library/Frameworks/Python.framework/Versions/3.13/lib/python3.13/site-packages/coverage/report_core.py:113: CoverageWarning: Couldn't parse '/Users/fulingwei/.openclaw/workspace/non-standard-automation-pms/app/services/alert_pdf_service.py': Couldn't use data file '/Users/fulingwei/.openclaw/workspace/non-standard-automation-pms/.coverage': no such table: tracer (couldnt-parse); see https://coverage.readthedocs.io/en/7.13.4/messages.html#warning-couldnt-parse
  coverage._warn(msg, slug="couldnt-parse")
/Library/Frameworks/Python.framework/Versions/3.13/lib/python3.13/site-packages/coverage/report_core.py:113: CoverageWarning: Couldn't parse '/Users/fulingwei/.openclaw/workspace/non-standard-automation-pms/app/services/alert_response_service.py': Couldn't use data file '/Users/fulingwei/.openclaw/workspace/non-standard-automation-pms/.coverage': no such table: tracer (couldnt-parse); see https://coverage.readthedocs.io/en/7.13.4/messages.html#warning-couldnt-parse
  coverage._warn(msg, slug="couldnt-parse")
/Library/Frameworks/Python.framework/Versions/3.13/lib/python3.13/site-packages/coverage/report_core.py:113: CoverageWarning: Couldn't parse '/Users/fulingwei/.openclaw/workspace/non-standard-automation-pms/app/services/alert_rule_engine/__init__.py': Couldn't use data file '/Users/fulingwei/.openclaw/workspace/non-standard-automation-pms/.coverage': no such table: tracer (couldnt-parse); see https://coverage.readthedocs.io/en/7.13.4/messages.html#warning-couldnt-parse
  coverage._warn(msg, slug="couldnt-parse")
/Library/Frameworks/Python.framework/Versions/3.13/lib/python3.13/site-packages/coverage/report_core.py:113: CoverageWarning: Couldn't parse '/Users/fulingwei/.openclaw/workspace/non-standard-automation-pms/app/services/alert_rule_engine/alert_creator.py': Couldn't use data file '/Users/fulingwei/.openclaw/workspace/non-standard-automation-pms/.coverage': no such table: tracer (couldnt-parse); see https://coverage.readthedocs.io/en/7.13.4/messages.html#warning-couldnt-parse
  coverage._warn(msg, slug="couldnt-parse")
/Library/Frameworks/Python.framework/Versions/3.13/lib/python3.13/site-packages/coverage/report_core.py:113: CoverageWarning: Couldn't parse '/Users/fulingwei/.openclaw/workspace/non-standard-automation-pms/app/services/alert_rule_engine/alert_generator.py': Couldn't use data file '/Users/fulingwei/.openclaw/workspace/non-standard-automation-pms/.coverage': no such table: tracer (couldnt-parse); see https://coverage.readthedocs.io/en/7.13.4/messages.html#warning-couldnt-parse
  coverage._warn(msg, slug="couldnt-parse")
/Library/Frameworks/Python.framework/Versions/3.13/lib/python3.13/site-packages/coverage/report_core.py:113: CoverageWarning: Couldn't parse '/Users/fulingwei/.openclaw/workspace/non-standard-automation-pms/app/services/alert_rule_engine/alert_upgrader.py': Couldn't use data file '/Users/fulingwei/.openclaw/workspace/non-standard-automation-pms/.coverage': no such table: tracer (couldnt-parse); see https://coverage.readthedocs.io/en/7.13.4/messages.html#warning-couldnt-parse
  coverage._warn(msg, slug="couldnt-parse")
/Library/Frameworks/Python.framework/Versions/3.13/lib/python3.13/site-packages/coverage/report_core.py:113: CoverageWarning: Couldn't parse '/Users/fulingwei/.openclaw/workspace/non-standard-automation-pms/app/services/alert_rule_engine/base.py': Couldn't use data file '/Users/fulingwei/.openclaw/workspace/non-standard-automation-pms/.coverage': no such table: tracer (couldnt-parse); see https://coverage.readthedocs.io/en/7.13.4/messages.html#warning-couldnt-parse
  coverage._warn(msg, slug="couldnt-parse")
/Library/Frameworks/Python.framework/Versions/3.13/lib/python3.13/site-packages/coverage/report_core.py:113: CoverageWarning: Couldn't parse '/Users/fulingwei/.openclaw/workspace/non-standard-automation-pms/app/services/alert_rule_engine/condition_evaluator.py': Couldn't use data file '/Users/fulingwei/.openclaw/workspace/non-standard-automation-pms/.coverage': no such table: tracer (couldnt-parse); see https://coverage.readthedocs.io/en/7.13.4/messages.html#warning-couldnt-parse
  coverage._warn(msg, slug="couldnt-parse")
/Library/Frameworks/Python.framework/Versions/3.13/lib/python3.13/site-packages/coverage/report_core.py:113: CoverageWarning: Couldn't parse '/Users/fulingwei/.openclaw/workspace/non-standard-automation-pms/app/services/alert_rule_engine/level_determiner.py': Couldn't use data file '/Users/fulingwei/.openclaw/workspace/non-standard-automation-pms/.coverage': no such table: tracer (couldnt-parse); see https://coverage.readthedocs.io/en/7.13.4/messages.html#warning-couldnt-parse
  coverage._warn(msg, slug="couldnt-parse")
/Library/Frameworks/Python.framework/Versions/3.13/lib/python3.13/site-packages/coverage/report_core.py:113: CoverageWarning: Couldn't parse '/Users/fulingwei/.openclaw/workspace/non-standard-automation-pms/app/services/alert_rule_engine/rule_manager.py': Couldn't use data file '/Users/fulingwei/.openclaw/workspace/non-standard-automation-pms/.coverage': no such table: tracer (couldnt-parse); see https://coverage.readthedocs.io/en/7.13.4/messages.html#warning-couldnt-parse
  coverage._warn(msg, slug="couldnt-parse")
/Library/Frameworks/Python.framework/Versions/3.13/lib/python3.13/site-packages/coverage/report_core.py:113: CoverageWarning: Couldn't parse '/Users/fulingwei/.openclaw/workspace/non-standard-automation-pms/app/services/alert_subscription_service.py': Couldn't use data file '/Users/fulingwei/.openclaw/workspace/non-standard-automation-pms/.coverage': no such table: tracer (couldnt-parse); see https://coverage.readthedocs.io/en/7.13.4/messages.html#warning-couldnt-parse
  coverage._warn(msg, slug="couldnt-parse")
/Library/Frameworks/Python.framework/Versions/3.13/lib/python3.13/site-packages/coverage/report_core.py:113: CoverageWarning: Couldn't parse '/Users/fulingwei/.openclaw/workspace/non-standard-automation-pms/app/services/alert_trend_service.py': Couldn't use data file '/Users/fulingwei/.openclaw/workspace/non-standard-automation-pms/.coverage': no such table: tracer (couldnt-parse); see https://coverage.readthedocs.io/en/7.13.4/messages.html#warning-couldnt-parse
  coverage._warn(msg, slug="couldnt-parse")
/Library/Frameworks/Python.framework/Versions/3.13/lib/python3.13/site-packages/coverage/report_core.py:113: CoverageWarning: Couldn't parse '/Users/fulingwei/.openclaw/workspace/non-standard-automation-pms/app/services/approval_engine/__init__.py': Couldn't use data file '/Users/fulingwei/.openclaw/workspace/non-standard-automation-pms/.coverage': no such table: tracer (couldnt-parse); see https://coverage.readthedocs.io/en/7.13.4/messages.html#warning-couldnt-parse
  coverage._warn(msg, slug="couldnt-parse")
/Library/Frameworks/Python.framework/Versions/3.13/lib/python3.13/site-packages/coverage/report_core.py:113: CoverageWarning: Couldn't parse '/Users/fulingwei/.openclaw/workspace/non-standard-automation-pms/app/services/approval_engine/adapters/__init__.py': Couldn't use data file '/Users/fulingwei/.openclaw/workspace/non-standard-automation-pms/.coverage': no such table: tracer (couldnt-parse); see https://coverage.readthedocs.io/en/7.13.4/messages.html#warning-couldnt-parse
  coverage._warn(msg, slug="couldnt-parse")
/Library/Frameworks/Python.framework/Versions/3.13/lib/python3.13/site-packages/coverage/report_core.py:113: CoverageWarning: Couldn't parse '/Users/fulingwei/.openclaw/workspace/non-standard-automation-pms/app/services/approval_engine/adapters/acceptance.py': Couldn't use data file '/Users/fulingwei/.openclaw/workspace/non-standard-automation-pms/.coverage': no such table: tracer (couldnt-parse); see https://coverage.readthedocs.io/en/7.13.4/messages.html#warning-couldnt-parse
  coverage._warn(msg, slug="couldnt-parse")
/Library/Frameworks/Python.framework/Versions/3.13/lib/python3.13/site-packages/coverage/report_core.py:113: CoverageWarning: Couldn't parse '/Users/fulingwei/.openclaw/workspace/non-standard-automation-pms/app/services/approval_engine/adapters/base.py': Couldn't use data file '/Users/fulingwei/.openclaw/workspace/non-standard-automation-pms/.coverage': no such table: tracer (couldnt-parse); see https://coverage.readthedocs.io/en/7.13.4/messages.html#warning-couldnt-parse
  coverage._warn(msg, slug="couldnt-parse")
/Library/Frameworks/Python.framework/Versions/3.13/lib/python3.13/site-packages/coverage/report_core.py:113: CoverageWarning: Couldn't parse '/Users/fulingwei/.openclaw/workspace/non-standard-automation-pms/app/services/approval_engine/adapters/contract.py': Couldn't use data file '/Users/fulingwei/.openclaw/workspace/non-standard-automation-pms/.coverage': no such table: tracer (couldnt-parse); see https://coverage.readthedocs.io/en/7.13.4/messages.html#warning-couldnt-parse
  coverage._warn(msg, slug="couldnt-parse")
/Library/Frameworks/Python.framework/Versions/3.13/lib/python3.13/site-packages/coverage/report_core.py:113: CoverageWarning: Couldn't parse '/Users/fulingwei/.openclaw/workspace/non-standard-automation-pms/app/services/approval_engine/adapters/ecn.py': Couldn't use data file '/Users/fulingwei/.openclaw/workspace/non-standard-automation-pms/.coverage': no such table: tracer (couldnt-parse); see https://coverage.readthedocs.io/en/7.13.4/messages.html#warning-couldnt-parse
  coverage._warn(msg, slug="couldnt-parse")
/Library/Frameworks/Python.framework/Versions/3.13/lib/python3.13/site-packages/coverage/report_core.py:113: CoverageWarning: Couldn't parse '/Users/fulingwei/.openclaw/workspace/non-standard-automation-pms/app/services/approval_engine/adapters/invoice.py': Couldn't use data file '/Users/fulingwei/.openclaw/workspace/non-standard-automation-pms/.coverage': no such table: tracer (couldnt-parse); see https://coverage.readthedocs.io/en/7.13.4/messages.html#warning-couldnt-parse
  coverage._warn(msg, slug="couldnt-parse")
/Library/Frameworks/Python.framework/Versions/3.13/lib/python3.13/site-packages/coverage/report_core.py:113: CoverageWarning: Couldn't parse '/Users/fulingwei/.openclaw/workspace/non-standard-automation-pms/app/services/approval_engine/adapters/outsourcing.py': Couldn't use data file '/Users/fulingwei/.openclaw/workspace/non-standard-automation-pms/.coverage': no such table: tracer (couldnt-parse); see https://coverage.readthedocs.io/en/7.13.4/messages.html#warning-couldnt-parse
  coverage._warn(msg, slug="couldnt-parse")
/Library/Frameworks/Python.framework/Versions/3.13/lib/python3.13/site-packages/coverage/report_core.py:113: CoverageWarning: Couldn't parse '/Users/fulingwei/.openclaw/workspace/non-standard-automation-pms/app/services/approval_engine/adapters/project.py': Couldn't use data file '/Users/fulingwei/.openclaw/workspace/non-standard-automation-pms/.coverage': no such table: tracer (couldnt-parse); see https://coverage.readthedocs.io/en/7.13.4/messages.html#warning-couldnt-parse
  coverage._warn(msg, slug="couldnt-parse")
/Library/Frameworks/Python.framework/Versions/3.13/lib/python3.13/site-packages/coverage/report_core.py:113: CoverageWarning: Couldn't parse '/Users/fulingwei/.openclaw/workspace/non-standard-automation-pms/app/services/approval_engine/adapters/purchase.py': Couldn't use data file '/Users/fulingwei/.openclaw/workspace/non-standard-automation-pms/.coverage': no such table: tracer (couldnt-parse); see https://coverage.readthedocs.io/en/7.13.4/messages.html#warning-couldnt-parse
  coverage._warn(msg, slug="couldnt-parse")
/Library/Frameworks/Python.framework/Versions/3.13/lib/python3.13/site-packages/coverage/report_core.py:113: CoverageWarning: Couldn't parse '/Users/fulingwei/.openclaw/workspace/non-standard-automation-pms/app/services/approval_engine/adapters/quote.py': Couldn't use data file '/Users/fulingwei/.openclaw/workspace/non-standard-automation-pms/.coverage': no such table: tracer (couldnt-parse); see https://coverage.readthedocs.io/en/7.13.4/messages.html#warning-couldnt-parse
  coverage._warn(msg, slug="couldnt-parse")
/Library/Frameworks/Python.framework/Versions/3.13/lib/python3.13/site-packages/coverage/report_core.py:113: CoverageWarning: Couldn't parse '/Users/fulingwei/.openclaw/workspace/non-standard-automation-pms/app/services/approval_engine/adapters/timesheet.py': Couldn't use data file '/Users/fulingwei/.openclaw/workspace/non-standard-automation-pms/.coverage': no such table: tracer (couldnt-parse); see https://coverage.readthedocs.io/en/7.13.4/messages.html#warning-couldnt-parse
  coverage._warn(msg, slug="couldnt-parse")
/Library/Frameworks/Python.framework/Versions/3.13/lib/python3.13/site-packages/coverage/report_core.py:113: CoverageWarning: Couldn't parse '/Users/fulingwei/.openclaw/workspace/non-standard-automation-pms/app/services/approval_engine/condition_parser.py': Couldn't use data file '/Users/fulingwei/.openclaw/workspace/non-standard-automation-pms/.coverage': no such table: tracer (couldnt-parse); see https://coverage.readthedocs.io/en/7.13.4/messages.html#warning-couldnt-parse
  coverage._warn(msg, slug="couldnt-parse")
/Library/Frameworks/Python.framework/Versions/3.13/lib/python3.13/site-packages/coverage/report_core.py:113: CoverageWarning: Couldn't parse '/Users/fulingwei/.openclaw/workspace/non-standard-automation-pms/app/services/approval_engine/delegate.py': Couldn't use data file '/Users/fulingwei/.openclaw/workspace/non-standard-automation-pms/.coverage': no such table: tracer (couldnt-parse); see https://coverage.readthedocs.io/en/7.13.4/messages.html#warning-couldnt-parse
  coverage._warn(msg, slug="couldnt-parse")
/Library/Frameworks/Python.framework/Versions/3.13/lib/python3.13/site-packages/coverage/report_core.py:113: CoverageWarning: Couldn't parse '/Users/fulingwei/.openclaw/workspace/non-standard-automation-pms/app/services/approval_engine/engine/__init__.py': Couldn't use data file '/Users/fulingwei/.openclaw/workspace/non-standard-automation-pms/.coverage': no such table: tracer (couldnt-parse); see https://coverage.readthedocs.io/en/7.13.4/messages.html#warning-couldnt-parse
  coverage._warn(msg, slug="couldnt-parse")
/Library/Frameworks/Python.framework/Versions/3.13/lib/python3.13/site-packages/coverage/report_core.py:113: CoverageWarning: Couldn't parse '/Users/fulingwei/.openclaw/workspace/non-standard-automation-pms/app/services/approval_engine/engine/actions.py': Couldn't use data file '/Users/fulingwei/.openclaw/workspace/non-standard-automation-pms/.coverage': no such table: tracer (couldnt-parse); see https://coverage.readthedocs.io/en/7.13.4/messages.html#warning-couldnt-parse
  coverage._warn(msg, slug="couldnt-parse")
/Library/Frameworks/Python.framework/Versions/3.13/lib/python3.13/site-packages/coverage/report_core.py:113: CoverageWarning: Couldn't parse '/Users/fulingwei/.openclaw/workspace/non-standard-automation-pms/app/services/approval_engine/engine/approve.py': Couldn't use data file '/Users/fulingwei/.openclaw/workspace/non-standard-automation-pms/.coverage': no such table: tracer (couldnt-parse); see https://coverage.readthedocs.io/en/7.13.4/messages.html#warning-couldnt-parse
  coverage._warn(msg, slug="couldnt-parse")
/Library/Frameworks/Python.framework/Versions/3.13/lib/python3.13/site-packages/coverage/report_core.py:113: CoverageWarning: Couldn't parse '/Users/fulingwei/.openclaw/workspace/non-standard-automation-pms/app/services/approval_engine/engine/core.py': Couldn't use data file '/Users/fulingwei/.openclaw/workspace/non-standard-automation-pms/.coverage': no such table: tracer (couldnt-parse); see https://coverage.readthedocs.io/en/7.13.4/messages.html#warning-couldnt-parse
  coverage._warn(msg, slug="couldnt-parse")
/Library/Frameworks/Python.framework/Versions/3.13/lib/python3.13/site-packages/coverage/report_core.py:113: CoverageWarning: Couldn't parse '/Users/fulingwei/.openclaw/workspace/non-standard-automation-pms/app/services/approval_engine/engine/query.py': Couldn't use data file '/Users/fulingwei/.openclaw/workspace/non-standard-automation-pms/.coverage': no such table: tracer (couldnt-parse); see https://coverage.readthedocs.io/en/7.13.4/messages.html#warning-couldnt-parse
  coverage._warn(msg, slug="couldnt-parse")
/Library/Frameworks/Python.framework/Versions/3.13/lib/python3.13/site-packages/coverage/report_core.py:113: CoverageWarning: Couldn't parse '/Users/fulingwei/.openclaw/workspace/non-standard-automation-pms/app/services/approval_engine/engine/submit.py': Couldn't use data file '/Users/fulingwei/.openclaw/workspace/non-standard-automation-pms/.coverage': no such table: tracer (couldnt-parse); see https://coverage.readthedocs.io/en/7.13.4/messages.html#warning-couldnt-parse
  coverage._warn(msg, slug="couldnt-parse")
/Library/Frameworks/Python.framework/Versions/3.13/lib/python3.13/site-packages/coverage/report_core.py:113: CoverageWarning: Couldn't parse '/Users/fulingwei/.openclaw/workspace/non-standard-automation-pms/app/services/approval_engine/execution_logger.py': Couldn't use data file '/Users/fulingwei/.openclaw/workspace/non-standard-automation-pms/.coverage': no such table: tracer (couldnt-parse); see https://coverage.readthedocs.io/en/7.13.4/messages.html#warning-couldnt-parse
  coverage._warn(msg, slug="couldnt-parse")
/Library/Frameworks/Python.framework/Versions/3.13/lib/python3.13/site-packages/coverage/report_core.py:113: CoverageWarning: Couldn't parse '/Users/fulingwei/.openclaw/workspace/non-standard-automation-pms/app/services/approval_engine/executor.py': Couldn't use data file '/Users/fulingwei/.openclaw/workspace/non-standard-automation-pms/.coverage': no such table: tracer (couldnt-parse); see https://coverage.readthedocs.io/en/7.13.4/messages.html#warning-couldnt-parse
  coverage._warn(msg, slug="couldnt-parse")
/Library/Frameworks/Python.framework/Versions/3.13/lib/python3.13/site-packages/coverage/report_core.py:113: CoverageWarning: Couldn't parse '/Users/fulingwei/.openclaw/workspace/non-standard-automation-pms/app/services/approval_engine/models.py': Couldn't use data file '/Users/fulingwei/.openclaw/workspace/non-standard-automation-pms/.coverage': no such table: tracer (couldnt-parse); see https://coverage.readthedocs.io/en/7.13.4/messages.html#warning-couldnt-parse
  coverage._warn(msg, slug="couldnt-parse")
/Library/Frameworks/Python.framework/Versions/3.13/lib/python3.13/site-packages/coverage/report_core.py:113: CoverageWarning: Couldn't parse '/Users/fulingwei/.openclaw/workspace/non-standard-automation-pms/app/services/approval_engine/notify/__init__.py': Couldn't use data file '/Users/fulingwei/.openclaw/workspace/non-standard-automation-pms/.coverage': no such table: tracer (couldnt-parse); see https://coverage.readthedocs.io/en/7.13.4/messages.html#warning-couldnt-parse
  coverage._warn(msg, slug="couldnt-parse")
/Library/Frameworks/Python.framework/Versions/3.13/lib/python3.13/site-packages/coverage/report_core.py:113: CoverageWarning: Couldn't parse '/Users/fulingwei/.openclaw/workspace/non-standard-automation-pms/app/services/approval_engine/notify/base.py': Couldn't use data file '/Users/fulingwei/.openclaw/workspace/non-standard-automation-pms/.coverage': no such table: tracer (couldnt-parse); see https://coverage.readthedocs.io/en/7.13.4/messages.html#warning-couldnt-parse
  coverage._warn(msg, slug="couldnt-parse")
/Library/Frameworks/Python.framework/Versions/3.13/lib/python3.13/site-packages/coverage/report_core.py:113: CoverageWarning: Couldn't parse '/Users/fulingwei/.openclaw/workspace/non-standard-automation-pms/app/services/approval_engine/notify/basic_notifications.py': Couldn't use data file '/Users/fulingwei/.openclaw/workspace/non-standard-automation-pms/.coverage': no such table: tracer (couldnt-parse); see https://coverage.readthedocs.io/en/7.13.4/messages.html#warning-couldnt-parse
  coverage._warn(msg, slug="couldnt-parse")
/Library/Frameworks/Python.framework/Versions/3.13/lib/python3.13/site-packages/coverage/report_core.py:113: CoverageWarning: Couldn't parse '/Users/fulingwei/.openclaw/workspace/non-standard-automation-pms/app/services/approval_engine/notify/batch.py': Couldn't use data file '/Users/fulingwei/.openclaw/workspace/non-standard-automation-pms/.coverage': no such table: tracer (couldnt-parse); see https://coverage.readthedocs.io/en/7.13.4/messages.html#warning-couldnt-parse
  coverage._warn(msg, slug="couldnt-parse")
/Library/Frameworks/Python.framework/Versions/3.13/lib/python3.13/site-packages/coverage/report_core.py:113: CoverageWarning: Couldn't parse '/Users/fulingwei/.openclaw/workspace/non-standard-automation-pms/app/services/approval_engine/notify/comment_notifications.py': Couldn't use data file '/Users/fulingwei/.openclaw/workspace/non-standard-automation-pms/.coverage': no such table: tracer (couldnt-parse); see https://coverage.readthedocs.io/en/7.13.4/messages.html#warning-couldnt-parse
  coverage._warn(msg, slug="couldnt-parse")
/Library/Frameworks/Python.framework/Versions/3.13/lib/python3.13/site-packages/coverage/report_core.py:113: CoverageWarning: Couldn't parse '/Users/fulingwei/.openclaw/workspace/non-standard-automation-pms/app/services/approval_engine/notify/external_channels.py': Couldn't use data file '/Users/fulingwei/.openclaw/workspace/non-standard-automation-pms/.coverage': no such table: tracer (couldnt-parse); see https://coverage.readthedocs.io/en/7.13.4/messages.html#warning-couldnt-parse
  coverage._warn(msg, slug="couldnt-parse")
/Library/Frameworks/Python.framework/Versions/3.13/lib/python3.13/site-packages/coverage/report_core.py:113: CoverageWarning: Couldn't parse '/Users/fulingwei/.openclaw/workspace/non-standard-automation-pms/app/services/approval_engine/notify/flow_notifications.py': Couldn't use data file '/Users/fulingwei/.openclaw/workspace/non-standard-automation-pms/.coverage': no such table: tracer (couldnt-parse); see https://coverage.readthedocs.io/en/7.13.4/messages.html#warning-couldnt-parse
  coverage._warn(msg, slug="couldnt-parse")
/Library/Frameworks/Python.framework/Versions/3.13/lib/python3.13/site-packages/coverage/report_core.py:113: CoverageWarning: Couldn't parse '/Users/fulingwei/.openclaw/workspace/non-standard-automation-pms/app/services/approval_engine/notify/reminder_notifications.py': Couldn't use data file '/Users/fulingwei/.openclaw/workspace/non-standard-automation-pms/.coverage': no such table: tracer (couldnt-parse); see https://coverage.readthedocs.io/en/7.13.4/messages.html#warning-couldnt-parse
  coverage._warn(msg, slug="couldnt-parse")
/Library/Frameworks/Python.framework/Versions/3.13/lib/python3.13/site-packages/coverage/report_core.py:113: CoverageWarning: Couldn't parse '/Users/fulingwei/.openclaw/workspace/non-standard-automation-pms/app/services/approval_engine/notify/send_notification.py': Couldn't use data file '/Users/fulingwei/.openclaw/workspace/non-standard-automation-pms/.coverage': no such table: tracer (couldnt-parse); see https://coverage.readthedocs.io/en/7.13.4/messages.html#warning-couldnt-parse
  coverage._warn(msg, slug="couldnt-parse")
/Library/Frameworks/Python.framework/Versions/3.13/lib/python3.13/site-packages/coverage/report_core.py:113: CoverageWarning: Couldn't parse '/Users/fulingwei/.openclaw/workspace/non-standard-automation-pms/app/services/approval_engine/notify/utils.py': Couldn't use data file '/Users/fulingwei/.openclaw/workspace/non-standard-automation-pms/.coverage': no such table: tracer (couldnt-parse); see https://coverage.readthedocs.io/en/7.13.4/messages.html#warning-couldnt-parse
  coverage._warn(msg, slug="couldnt-parse")
/Library/Frameworks/Python.framework/Versions/3.13/lib/python3.13/site-packages/coverage/report_core.py:113: CoverageWarning: Couldn't parse '/Users/fulingwei/.openclaw/workspace/non-standard-automation-pms/app/services/approval_engine/router.py': Couldn't use data file '/Users/fulingwei/.openclaw/workspace/non-standard-automation-pms/.coverage': no such table: tracer (couldnt-parse); see https://coverage.readthedocs.io/en/7.13.4/messages.html#warning-couldnt-parse
  coverage._warn(msg, slug="couldnt-parse")
/Library/Frameworks/Python.framework/Versions/3.13/lib/python3.13/site-packages/coverage/report_core.py:113: CoverageWarning: Couldn't parse '/Users/fulingwei/.openclaw/workspace/non-standard-automation-pms/app/services/approval_engine/workflow_engine.py': Couldn't use data file '/Users/fulingwei/.openclaw/workspace/non-standard-automation-pms/.coverage': no such table: tracer (couldnt-parse); see https://coverage.readthedocs.io/en/7.13.4/messages.html#warning-couldnt-parse
  coverage._warn(msg, slug="couldnt-parse")
/Library/Frameworks/Python.framework/Versions/3.13/lib/python3.13/site-packages/coverage/report_core.py:113: CoverageWarning: Couldn't parse '/Users/fulingwei/.openclaw/workspace/non-standard-automation-pms/app/services/approval_workflow_service.py': Couldn't use data file '/Users/fulingwei/.openclaw/workspace/non-standard-automation-pms/.coverage': no such table: tracer (couldnt-parse); see https://coverage.readthedocs.io/en/7.13.4/messages.html#warning-couldnt-parse
  coverage._warn(msg, slug="couldnt-parse")
/Library/Frameworks/Python.framework/Versions/3.13/lib/python3.13/site-packages/coverage/report_core.py:113: CoverageWarning: Couldn't parse '/Users/fulingwei/.openclaw/workspace/non-standard-automation-pms/app/services/assembly_attr_recommender.py': Couldn't use data file '/Users/fulingwei/.openclaw/workspace/non-standard-automation-pms/.coverage': no such table: tracer (couldnt-parse); see https://coverage.readthedocs.io/en/7.13.4/messages.html#warning-couldnt-parse
  coverage._warn(msg, slug="couldnt-parse")
/Library/Frameworks/Python.framework/Versions/3.13/lib/python3.13/site-packages/coverage/report_core.py:113: CoverageWarning: Couldn't parse '/Users/fulingwei/.openclaw/workspace/non-standard-automation-pms/app/services/assembly_kit_optimizer.py': Couldn't use data file '/Users/fulingwei/.openclaw/workspace/non-standard-automation-pms/.coverage': no such table: tracer (couldnt-parse); see https://coverage.readthedocs.io/en/7.13.4/messages.html#warning-couldnt-parse
  coverage._warn(msg, slug="couldnt-parse")
/Library/Frameworks/Python.framework/Versions/3.13/lib/python3.13/site-packages/coverage/report_core.py:113: CoverageWarning: Couldn't parse '/Users/fulingwei/.openclaw/workspace/non-standard-automation-pms/app/services/assembly_kit_service.py': Couldn't use data file '/Users/fulingwei/.openclaw/workspace/non-standard-automation-pms/.coverage': no such table: tracer (couldnt-parse); see https://coverage.readthedocs.io/en/7.13.4/messages.html#warning-couldnt-parse
  coverage._warn(msg, slug="couldnt-parse")
/Library/Frameworks/Python.framework/Versions/3.13/lib/python3.13/site-packages/coverage/report_core.py:113: CoverageWarning: Couldn't parse '/Users/fulingwei/.openclaw/workspace/non-standard-automation-pms/app/services/backup_service.py': Couldn't use data file '/Users/fulingwei/.openclaw/workspace/non-standard-automation-pms/.coverage': no such table: tracer (couldnt-parse); see https://coverage.readthedocs.io/en/7.13.4/messages.html#warning-couldnt-parse
  coverage._warn(msg, slug="couldnt-parse")
/Library/Frameworks/Python.framework/Versions/3.13/lib/python3.13/site-packages/coverage/report_core.py:113: CoverageWarning: Couldn't parse '/Users/fulingwei/.openclaw/workspace/non-standard-automation-pms/app/services/best_practices/__init__.py': Couldn't use data file '/Users/fulingwei/.openclaw/workspace/non-standard-automation-pms/.coverage': no such table: tracer (couldnt-parse); see https://coverage.readthedocs.io/en/7.13.4/messages.html#warning-couldnt-parse
  coverage._warn(msg, slug="couldnt-parse")
/Library/Frameworks/Python.framework/Versions/3.13/lib/python3.13/site-packages/coverage/report_core.py:113: CoverageWarning: Couldn't parse '/Users/fulingwei/.openclaw/workspace/non-standard-automation-pms/app/services/best_practices/best_practices_service.py': Couldn't use data file '/Users/fulingwei/.openclaw/workspace/non-standard-automation-pms/.coverage': no such table: tracer (couldnt-parse); see https://coverage.readthedocs.io/en/7.13.4/messages.html#warning-couldnt-parse
  coverage._warn(msg, slug="couldnt-parse")
/Library/Frameworks/Python.framework/Versions/3.13/lib/python3.13/site-packages/coverage/report_core.py:113: CoverageWarning: Couldn't parse '/Users/fulingwei/.openclaw/workspace/non-standard-automation-pms/app/services/bom_attributes/__init__.py': Couldn't use data file '/Users/fulingwei/.openclaw/workspace/non-standard-automation-pms/.coverage': no such table: tracer (couldnt-parse); see https://coverage.readthedocs.io/en/7.13.4/messages.html#warning-couldnt-parse
  coverage._warn(msg, slug="couldnt-parse")
/Library/Frameworks/Python.framework/Versions/3.13/lib/python3.13/site-packages/coverage/report_core.py:113: CoverageWarning: Couldn't parse '/Users/fulingwei/.openclaw/workspace/non-standard-automation-pms/app/services/bom_attributes/bom_attributes_service.py': Couldn't use data file '/Users/fulingwei/.openclaw/workspace/non-standard-automation-pms/.coverage': no such table: tracer (couldnt-parse); see https://coverage.readthedocs.io/en/7.13.4/messages.html#warning-couldnt-parse
  coverage._warn(msg, slug="couldnt-parse")
/Library/Frameworks/Python.framework/Versions/3.13/lib/python3.13/site-packages/coverage/report_core.py:113: CoverageWarning: Couldn't parse '/Users/fulingwei/.openclaw/workspace/non-standard-automation-pms/app/services/bom_service.py': Couldn't use data file '/Users/fulingwei/.openclaw/workspace/non-standard-automation-pms/.coverage': no such table: tracer (couldnt-parse); see https://coverage.readthedocs.io/en/7.13.4/messages.html#warning-couldnt-parse
  coverage._warn(msg, slug="couldnt-parse")
/Library/Frameworks/Python.framework/Versions/3.13/lib/python3.13/site-packages/coverage/report_core.py:113: CoverageWarning: Couldn't parse '/Users/fulingwei/.openclaw/workspace/non-standard-automation-pms/app/services/bonus/__init__.py': Couldn't use data file '/Users/fulingwei/.openclaw/workspace/non-standard-automation-pms/.coverage': no such table: tracer (couldnt-parse); see https://coverage.readthedocs.io/en/7.13.4/messages.html#warning-couldnt-parse
  coverage._warn(msg, slug="couldnt-parse")
/Library/Frameworks/Python.framework/Versions/3.13/lib/python3.13/site-packages/coverage/report_core.py:113: CoverageWarning: Couldn't parse '/Users/fulingwei/.openclaw/workspace/non-standard-automation-pms/app/services/bonus/acceptance.py': Couldn't use data file '/Users/fulingwei/.openclaw/workspace/non-standard-automation-pms/.coverage': no such table: tracer (couldnt-parse); see https://coverage.readthedocs.io/en/7.13.4/messages.html#warning-couldnt-parse
  coverage._warn(msg, slug="couldnt-parse")
/Library/Frameworks/Python.framework/Versions/3.13/lib/python3.13/site-packages/coverage/report_core.py:113: CoverageWarning: Couldn't parse '/Users/fulingwei/.openclaw/workspace/non-standard-automation-pms/app/services/bonus/base.py': Couldn't use data file '/Users/fulingwei/.openclaw/workspace/non-standard-automation-pms/.coverage': no such table: tracer (couldnt-parse); see https://coverage.readthedocs.io/en/7.13.4/messages.html#warning-couldnt-parse
  coverage._warn(msg, slug="couldnt-parse")
/Library/Frameworks/Python.framework/Versions/3.13/lib/python3.13/site-packages/coverage/report_core.py:113: CoverageWarning: Couldn't parse '/Users/fulingwei/.openclaw/workspace/non-standard-automation-pms/app/services/bonus/calculator.py': Couldn't use data file '/Users/fulingwei/.openclaw/workspace/non-standard-automation-pms/.coverage': no such table: tracer (couldnt-parse); see https://coverage.readthedocs.io/en/7.13.4/messages.html#warning-couldnt-parse
  coverage._warn(msg, slug="couldnt-parse")
/Library/Frameworks/Python.framework/Versions/3.13/lib/python3.13/site-packages/coverage/report_core.py:113: CoverageWarning: Couldn't parse '/Users/fulingwei/.openclaw/workspace/non-standard-automation-pms/app/services/bonus/performance.py': Couldn't use data file '/Users/fulingwei/.openclaw/workspace/non-standard-automation-pms/.coverage': no such table: tracer (couldnt-parse); see https://coverage.readthedocs.io/en/7.13.4/messages.html#warning-couldnt-parse
  coverage._warn(msg, slug="couldnt-parse")
/Library/Frameworks/Python.framework/Versions/3.13/lib/python3.13/site-packages/coverage/report_core.py:113: CoverageWarning: Couldn't parse '/Users/fulingwei/.openclaw/workspace/non-standard-automation-pms/app/services/bonus/presale.py': Couldn't use data file '/Users/fulingwei/.openclaw/workspace/non-standard-automation-pms/.coverage': no such table: tracer (couldnt-parse); see https://coverage.readthedocs.io/en/7.13.4/messages.html#warning-couldnt-parse
  coverage._warn(msg, slug="couldnt-parse")
/Library/Frameworks/Python.framework/Versions/3.13/lib/python3.13/site-packages/coverage/report_core.py:113: CoverageWarning: Couldn't parse '/Users/fulingwei/.openclaw/workspace/non-standard-automation-pms/app/services/bonus/project.py': Couldn't use data file '/Users/fulingwei/.openclaw/workspace/non-standard-automation-pms/.coverage': no such table: tracer (couldnt-parse); see https://coverage.readthedocs.io/en/7.13.4/messages.html#warning-couldnt-parse
  coverage._warn(msg, slug="couldnt-parse")
/Library/Frameworks/Python.framework/Versions/3.13/lib/python3.13/site-packages/coverage/report_core.py:113: CoverageWarning: Couldn't parse '/Users/fulingwei/.openclaw/workspace/non-standard-automation-pms/app/services/bonus/sales.py': Couldn't use data file '/Users/fulingwei/.openclaw/workspace/non-standard-automation-pms/.coverage': no such table: tracer (couldnt-parse); see https://coverage.readthedocs.io/en/7.13.4/messages.html#warning-couldnt-parse
  coverage._warn(msg, slug="couldnt-parse")
/Library/Frameworks/Python.framework/Versions/3.13/lib/python3.13/site-packages/coverage/report_core.py:113: CoverageWarning: Couldn't parse '/Users/fulingwei/.openclaw/workspace/non-standard-automation-pms/app/services/bonus/team.py': Couldn't use data file '/Users/fulingwei/.openclaw/workspace/non-standard-automation-pms/.coverage': no such table: tracer (couldnt-parse); see https://coverage.readthedocs.io/en/7.13.4/messages.html#warning-couldnt-parse
  coverage._warn(msg, slug="couldnt-parse")
/Library/Frameworks/Python.framework/Versions/3.13/lib/python3.13/site-packages/coverage/report_core.py:113: CoverageWarning: Couldn't parse '/Users/fulingwei/.openclaw/workspace/non-standard-automation-pms/app/services/bonus_allocation_parser.py': Couldn't use data file '/Users/fulingwei/.openclaw/workspace/non-standard-automation-pms/.coverage': no such table: tracer (couldnt-parse); see https://coverage.readthedocs.io/en/7.13.4/messages.html#warning-couldnt-parse
  coverage._warn(msg, slug="couldnt-parse")
/Library/Frameworks/Python.framework/Versions/3.13/lib/python3.13/site-packages/coverage/report_core.py:113: CoverageWarning: Couldn't parse '/Users/fulingwei/.openclaw/workspace/non-standard-automation-pms/app/services/bonus_distribution_service.py': Couldn't use data file '/Users/fulingwei/.openclaw/workspace/non-standard-automation-pms/.coverage': no such table: tracer (couldnt-parse); see https://coverage.readthedocs.io/en/7.13.4/messages.html#warning-couldnt-parse
  coverage._warn(msg, slug="couldnt-parse")
/Library/Frameworks/Python.framework/Versions/3.13/lib/python3.13/site-packages/coverage/report_core.py:113: CoverageWarning: Couldn't parse '/Users/fulingwei/.openclaw/workspace/non-standard-automation-pms/app/services/budget_analysis_service.py': Couldn't use data file '/Users/fulingwei/.openclaw/workspace/non-standard-automation-pms/.coverage': no such table: tracer (couldnt-parse); see https://coverage.readthedocs.io/en/7.13.4/messages.html#warning-couldnt-parse
  coverage._warn(msg, slug="couldnt-parse")
/Library/Frameworks/Python.framework/Versions/3.13/lib/python3.13/site-packages/coverage/report_core.py:113: CoverageWarning: Couldn't parse '/Users/fulingwei/.openclaw/workspace/non-standard-automation-pms/app/services/budget_execution_check_service.py': Couldn't use data file '/Users/fulingwei/.openclaw/workspace/non-standard-automation-pms/.coverage': no such table: tracer (couldnt-parse); see https://coverage.readthedocs.io/en/7.13.4/messages.html#warning-couldnt-parse
  coverage._warn(msg, slug="couldnt-parse")
/Library/Frameworks/Python.framework/Versions/3.13/lib/python3.13/site-packages/coverage/report_core.py:113: CoverageWarning: Couldn't parse '/Users/fulingwei/.openclaw/workspace/non-standard-automation-pms/app/services/business_rules.py': Couldn't use data file '/Users/fulingwei/.openclaw/workspace/non-standard-automation-pms/.coverage': no such table: tracer (couldnt-parse); see https://coverage.readthedocs.io/en/7.13.4/messages.html#warning-couldnt-parse
  coverage._warn(msg, slug="couldnt-parse")
/Library/Frameworks/Python.framework/Versions/3.13/lib/python3.13/site-packages/coverage/report_core.py:113: CoverageWarning: Couldn't parse '/Users/fulingwei/.openclaw/workspace/non-standard-automation-pms/app/services/business_support_dashboard_service.py': Couldn't use data file '/Users/fulingwei/.openclaw/workspace/non-standard-automation-pms/.coverage': no such table: tracer (couldnt-parse); see https://coverage.readthedocs.io/en/7.13.4/messages.html#warning-couldnt-parse
  coverage._warn(msg, slug="couldnt-parse")
/Library/Frameworks/Python.framework/Versions/3.13/lib/python3.13/site-packages/coverage/report_core.py:113: CoverageWarning: Couldn't parse '/Users/fulingwei/.openclaw/workspace/non-standard-automation-pms/app/services/business_support_reports/__init__.py': Couldn't use data file '/Users/fulingwei/.openclaw/workspace/non-standard-automation-pms/.coverage': no such table: tracer (couldnt-parse); see https://coverage.readthedocs.io/en/7.13.4/messages.html#warning-couldnt-parse
  coverage._warn(msg, slug="couldnt-parse")
/Library/Frameworks/Python.framework/Versions/3.13/lib/python3.13/site-packages/coverage/report_core.py:113: CoverageWarning: Couldn't parse '/Users/fulingwei/.openclaw/workspace/non-standard-automation-pms/app/services/business_support_reports/business_support_reports_service.py': Couldn't use data file '/Users/fulingwei/.openclaw/workspace/non-standard-automation-pms/.coverage': no such table: tracer (couldnt-parse); see https://coverage.readthedocs.io/en/7.13.4/messages.html#warning-couldnt-parse
  coverage._warn(msg, slug="couldnt-parse")
/Library/Frameworks/Python.framework/Versions/3.13/lib/python3.13/site-packages/coverage/report_core.py:113: CoverageWarning: Couldn't parse '/Users/fulingwei/.openclaw/workspace/non-standard-automation-pms/app/services/business_support_utils/__init__.py': Couldn't use data file '/Users/fulingwei/.openclaw/workspace/non-standard-automation-pms/.coverage': no such table: tracer (couldnt-parse); see https://coverage.readthedocs.io/en/7.13.4/messages.html#warning-couldnt-parse
  coverage._warn(msg, slug="couldnt-parse")
/Library/Frameworks/Python.framework/Versions/3.13/lib/python3.13/site-packages/coverage/report_core.py:113: CoverageWarning: Couldn't parse '/Users/fulingwei/.openclaw/workspace/non-standard-automation-pms/app/services/business_support_utils/service.py': Couldn't use data file '/Users/fulingwei/.openclaw/workspace/non-standard-automation-pms/.coverage': no such table: tracer (couldnt-parse); see https://coverage.readthedocs.io/en/7.13.4/messages.html#warning-couldnt-parse
  coverage._warn(msg, slug="couldnt-parse")
/Library/Frameworks/Python.framework/Versions/3.13/lib/python3.13/site-packages/coverage/report_core.py:113: CoverageWarning: Couldn't parse '/Users/fulingwei/.openclaw/workspace/non-standard-automation-pms/app/services/cache_service.py': Couldn't use data file '/Users/fulingwei/.openclaw/workspace/non-standard-automation-pms/.coverage': no such table: tracer (couldnt-parse); see https://coverage.readthedocs.io/en/7.13.4/messages.html#warning-couldnt-parse
  coverage._warn(msg, slug="couldnt-parse")
/Library/Frameworks/Python.framework/Versions/3.13/lib/python3.13/site-packages/coverage/report_core.py:113: CoverageWarning: Couldn't parse '/Users/fulingwei/.openclaw/workspace/non-standard-automation-pms/app/services/change_impact_ai_service.py': Couldn't use data file '/Users/fulingwei/.openclaw/workspace/non-standard-automation-pms/.coverage': no such table: tracer (couldnt-parse); see https://coverage.readthedocs.io/en/7.13.4/messages.html#warning-couldnt-parse
  coverage._warn(msg, slug="couldnt-parse")
/Library/Frameworks/Python.framework/Versions/3.13/lib/python3.13/site-packages/coverage/report_core.py:113: CoverageWarning: Couldn't parse '/Users/fulingwei/.openclaw/workspace/non-standard-automation-pms/app/services/change_impact_analysis_service.py': Couldn't use data file '/Users/fulingwei/.openclaw/workspace/non-standard-automation-pms/.coverage': no such table: tracer (couldnt-parse); see https://coverage.readthedocs.io/en/7.13.4/messages.html#warning-couldnt-parse
  coverage._warn(msg, slug="couldnt-parse")
/Library/Frameworks/Python.framework/Versions/3.13/lib/python3.13/site-packages/coverage/report_core.py:113: CoverageWarning: Couldn't parse '/Users/fulingwei/.openclaw/workspace/non-standard-automation-pms/app/services/change_response_suggestion_service.py': Couldn't use data file '/Users/fulingwei/.openclaw/workspace/non-standard-automation-pms/.coverage': no such table: tracer (couldnt-parse); see https://coverage.readthedocs.io/en/7.13.4/messages.html#warning-couldnt-parse
  coverage._warn(msg, slug="couldnt-parse")
/Library/Frameworks/Python.framework/Versions/3.13/lib/python3.13/site-packages/coverage/report_core.py:113: CoverageWarning: Couldn't parse '/Users/fulingwei/.openclaw/workspace/non-standard-automation-pms/app/services/channel_handlers/__init__.py': Couldn't use data file '/Users/fulingwei/.openclaw/workspace/non-standard-automation-pms/.coverage': no such table: tracer (couldnt-parse); see https://coverage.readthedocs.io/en/7.13.4/messages.html#warning-couldnt-parse
  coverage._warn(msg, slug="couldnt-parse")
/Library/Frameworks/Python.framework/Versions/3.13/lib/python3.13/site-packages/coverage/report_core.py:113: CoverageWarning: Couldn't parse '/Users/fulingwei/.openclaw/workspace/non-standard-automation-pms/app/services/channel_handlers/base.py': Couldn't use data file '/Users/fulingwei/.openclaw/workspace/non-standard-automation-pms/.coverage': no such table: tracer (couldnt-parse); see https://coverage.readthedocs.io/en/7.13.4/messages.html#warning-couldnt-parse
  coverage._warn(msg, slug="couldnt-parse")
/Library/Frameworks/Python.framework/Versions/3.13/lib/python3.13/site-packages/coverage/report_core.py:113: CoverageWarning: Couldn't parse '/Users/fulingwei/.openclaw/workspace/non-standard-automation-pms/app/services/channel_handlers/email_handler.py': Couldn't use data file '/Users/fulingwei/.openclaw/workspace/non-standard-automation-pms/.coverage': no such table: tracer (couldnt-parse); see https://coverage.readthedocs.io/en/7.13.4/messages.html#warning-couldnt-parse
  coverage._warn(msg, slug="couldnt-parse")
/Library/Frameworks/Python.framework/Versions/3.13/lib/python3.13/site-packages/coverage/report_core.py:113: CoverageWarning: Couldn't parse '/Users/fulingwei/.openclaw/workspace/non-standard-automation-pms/app/services/channel_handlers/sms_handler.py': Couldn't use data file '/Users/fulingwei/.openclaw/workspace/non-standard-automation-pms/.coverage': no such table: tracer (couldnt-parse); see https://coverage.readthedocs.io/en/7.13.4/messages.html#warning-couldnt-parse
  coverage._warn(msg, slug="couldnt-parse")
/Library/Frameworks/Python.framework/Versions/3.13/lib/python3.13/site-packages/coverage/report_core.py:113: CoverageWarning: Couldn't parse '/Users/fulingwei/.openclaw/workspace/non-standard-automation-pms/app/services/channel_handlers/system_handler.py': Couldn't use data file '/Users/fulingwei/.openclaw/workspace/non-standard-automation-pms/.coverage': no such table: tracer (couldnt-parse); see https://coverage.readthedocs.io/en/7.13.4/messages.html#warning-couldnt-parse
  coverage._warn(msg, slug="couldnt-parse")
/Library/Frameworks/Python.framework/Versions/3.13/lib/python3.13/site-packages/coverage/report_core.py:113: CoverageWarning: Couldn't parse '/Users/fulingwei/.openclaw/workspace/non-standard-automation-pms/app/services/channel_handlers/webhook_handler.py': Couldn't use data file '/Users/fulingwei/.openclaw/workspace/non-standard-automation-pms/.coverage': no such table: tracer (couldnt-parse); see https://coverage.readthedocs.io/en/7.13.4/messages.html#warning-couldnt-parse
  coverage._warn(msg, slug="couldnt-parse")
/Library/Frameworks/Python.framework/Versions/3.13/lib/python3.13/site-packages/coverage/report_core.py:113: CoverageWarning: Couldn't parse '/Users/fulingwei/.openclaw/workspace/non-standard-automation-pms/app/services/channel_handlers/wechat_handler.py': Couldn't use data file '/Users/fulingwei/.openclaw/workspace/non-standard-automation-pms/.coverage': no such table: tracer (couldnt-parse); see https://coverage.readthedocs.io/en/7.13.4/messages.html#warning-couldnt-parse
  coverage._warn(msg, slug="couldnt-parse")
/Library/Frameworks/Python.framework/Versions/3.13/lib/python3.13/site-packages/coverage/report_core.py:113: CoverageWarning: Couldn't parse '/Users/fulingwei/.openclaw/workspace/non-standard-automation-pms/app/services/collaboration_rating/__init__.py': Couldn't use data file '/Users/fulingwei/.openclaw/workspace/non-standard-automation-pms/.coverage': no such table: tracer (couldnt-parse); see https://coverage.readthedocs.io/en/7.13.4/messages.html#warning-couldnt-parse
  coverage._warn(msg, slug="couldnt-parse")
/Library/Frameworks/Python.framework/Versions/3.13/lib/python3.13/site-packages/coverage/report_core.py:113: CoverageWarning: Couldn't parse '/Users/fulingwei/.openclaw/workspace/non-standard-automation-pms/app/services/collaboration_rating/base.py': Couldn't use data file '/Users/fulingwei/.openclaw/workspace/non-standard-automation-pms/.coverage': no such table: tracer (couldnt-parse); see https://coverage.readthedocs.io/en/7.13.4/messages.html#warning-couldnt-parse
  coverage._warn(msg, slug="couldnt-parse")
/Library/Frameworks/Python.framework/Versions/3.13/lib/python3.13/site-packages/coverage/report_core.py:113: CoverageWarning: Couldn't parse '/Users/fulingwei/.openclaw/workspace/non-standard-automation-pms/app/services/collaboration_rating/ratings.py': Couldn't use data file '/Users/fulingwei/.openclaw/workspace/non-standard-automation-pms/.coverage': no such table: tracer (couldnt-parse); see https://coverage.readthedocs.io/en/7.13.4/messages.html#warning-couldnt-parse
  coverage._warn(msg, slug="couldnt-parse")
/Library/Frameworks/Python.framework/Versions/3.13/lib/python3.13/site-packages/coverage/report_core.py:113: CoverageWarning: Couldn't parse '/Users/fulingwei/.openclaw/workspace/non-standard-automation-pms/app/services/collaboration_rating/selector.py': Couldn't use data file '/Users/fulingwei/.openclaw/workspace/non-standard-automation-pms/.coverage': no such table: tracer (couldnt-parse); see https://coverage.readthedocs.io/en/7.13.4/messages.html#warning-couldnt-parse
  coverage._warn(msg, slug="couldnt-parse")
/Library/Frameworks/Python.framework/Versions/3.13/lib/python3.13/site-packages/coverage/report_core.py:113: CoverageWarning: Couldn't parse '/Users/fulingwei/.openclaw/workspace/non-standard-automation-pms/app/services/collaboration_rating/statistics.py': Couldn't use data file '/Users/fulingwei/.openclaw/workspace/non-standard-automation-pms/.coverage': no such table: tracer (couldnt-parse); see https://coverage.readthedocs.io/en/7.13.4/messages.html#warning-couldnt-parse
  coverage._warn(msg, slug="couldnt-parse")
/Library/Frameworks/Python.framework/Versions/3.13/lib/python3.13/site-packages/coverage/report_core.py:113: CoverageWarning: Couldn't parse '/Users/fulingwei/.openclaw/workspace/non-standard-automation-pms/app/services/collaboration_service.py': Couldn't use data file '/Users/fulingwei/.openclaw/workspace/non-standard-automation-pms/.coverage': no such table: tracer (couldnt-parse); see https://coverage.readthedocs.io/en/7.13.4/messages.html#warning-couldnt-parse
  coverage._warn(msg, slug="couldnt-parse")
/Library/Frameworks/Python.framework/Versions/3.13/lib/python3.13/site-packages/coverage/report_core.py:113: CoverageWarning: Couldn't parse '/Users/fulingwei/.openclaw/workspace/non-standard-automation-pms/app/services/comparison_calculation_service.py': Couldn't use data file '/Users/fulingwei/.openclaw/workspace/non-standard-automation-pms/.coverage': no such table: tracer (couldnt-parse); see https://coverage.readthedocs.io/en/7.13.4/messages.html#warning-couldnt-parse
  coverage._warn(msg, slug="couldnt-parse")
/Library/Frameworks/Python.framework/Versions/3.13/lib/python3.13/site-packages/coverage/report_core.py:113: CoverageWarning: Couldn't parse '/Users/fulingwei/.openclaw/workspace/non-standard-automation-pms/app/services/contract_approval/__init__.py': Couldn't use data file '/Users/fulingwei/.openclaw/workspace/non-standard-automation-pms/.coverage': no such table: tracer (couldnt-parse); see https://coverage.readthedocs.io/en/7.13.4/messages.html#warning-couldnt-parse
  coverage._warn(msg, slug="couldnt-parse")
/Library/Frameworks/Python.framework/Versions/3.13/lib/python3.13/site-packages/coverage/report_core.py:113: CoverageWarning: Couldn't parse '/Users/fulingwei/.openclaw/workspace/non-standard-automation-pms/app/services/contract_approval/service.py': Couldn't use data file '/Users/fulingwei/.openclaw/workspace/non-standard-automation-pms/.coverage': no such table: tracer (couldnt-parse); see https://coverage.readthedocs.io/en/7.13.4/messages.html#warning-couldnt-parse
  coverage._warn(msg, slug="couldnt-parse")
/Library/Frameworks/Python.framework/Versions/3.13/lib/python3.13/site-packages/coverage/report_core.py:113: CoverageWarning: Couldn't parse '/Users/fulingwei/.openclaw/workspace/non-standard-automation-pms/app/services/cost_alert_service.py': Couldn't use data file '/Users/fulingwei/.openclaw/workspace/non-standard-automation-pms/.coverage': no such table: tracer (couldnt-parse); see https://coverage.readthedocs.io/en/7.13.4/messages.html#warning-couldnt-parse
  coverage._warn(msg, slug="couldnt-parse")
/Library/Frameworks/Python.framework/Versions/3.13/lib/python3.13/site-packages/coverage/report_core.py:113: CoverageWarning: Couldn't parse '/Users/fulingwei/.openclaw/workspace/non-standard-automation-pms/app/services/cost_allocation_service.py': Couldn't use data file '/Users/fulingwei/.openclaw/workspace/non-standard-automation-pms/.coverage': no such table: tracer (couldnt-parse); see https://coverage.readthedocs.io/en/7.13.4/messages.html#warning-couldnt-parse
  coverage._warn(msg, slug="couldnt-parse")
/Library/Frameworks/Python.framework/Versions/3.13/lib/python3.13/site-packages/coverage/report_core.py:113: CoverageWarning: Couldn't parse '/Users/fulingwei/.openclaw/workspace/non-standard-automation-pms/app/services/cost_analysis_service.py': Couldn't use data file '/Users/fulingwei/.openclaw/workspace/non-standard-automation-pms/.coverage': no such table: tracer (couldnt-parse); see https://coverage.readthedocs.io/en/7.13.4/messages.html#warning-couldnt-parse
  coverage._warn(msg, slug="couldnt-parse")
/Library/Frameworks/Python.framework/Versions/3.13/lib/python3.13/site-packages/coverage/report_core.py:113: CoverageWarning: Couldn't parse '/Users/fulingwei/.openclaw/workspace/non-standard-automation-pms/app/services/cost_collection_service.py': Couldn't use data file '/Users/fulingwei/.openclaw/workspace/non-standard-automation-pms/.coverage': no such table: tracer (couldnt-parse); see https://coverage.readthedocs.io/en/7.13.4/messages.html#warning-couldnt-parse
  coverage._warn(msg, slug="couldnt-parse")
/Library/Frameworks/Python.framework/Versions/3.13/lib/python3.13/site-packages/coverage/report_core.py:113: CoverageWarning: Couldn't parse '/Users/fulingwei/.openclaw/workspace/non-standard-automation-pms/app/services/cost_dashboard_service.py': Couldn't use data file '/Users/fulingwei/.openclaw/workspace/non-standard-automation-pms/.coverage': no such table: tracer (couldnt-parse); see https://coverage.readthedocs.io/en/7.13.4/messages.html#warning-couldnt-parse
  coverage._warn(msg, slug="couldnt-parse")
/Library/Frameworks/Python.framework/Versions/3.13/lib/python3.13/site-packages/coverage/report_core.py:113: CoverageWarning: Couldn't parse '/Users/fulingwei/.openclaw/workspace/non-standard-automation-pms/app/services/cost_forecast_service.py': Couldn't use data file '/Users/fulingwei/.openclaw/workspace/non-standard-automation-pms/.coverage': no such table: tracer (couldnt-parse); see https://coverage.readthedocs.io/en/7.13.4/messages.html#warning-couldnt-parse
  coverage._warn(msg, slug="couldnt-parse")
/Library/Frameworks/Python.framework/Versions/3.13/lib/python3.13/site-packages/coverage/report_core.py:113: CoverageWarning: Couldn't parse '/Users/fulingwei/.openclaw/workspace/non-standard-automation-pms/app/services/cost_match_suggestion_service.py': Couldn't use data file '/Users/fulingwei/.openclaw/workspace/non-standard-automation-pms/.coverage': no such table: tracer (couldnt-parse); see https://coverage.readthedocs.io/en/7.13.4/messages.html#warning-couldnt-parse
  coverage._warn(msg, slug="couldnt-parse")
/Library/Frameworks/Python.framework/Versions/3.13/lib/python3.13/site-packages/coverage/report_core.py:113: CoverageWarning: Couldn't parse '/Users/fulingwei/.openclaw/workspace/non-standard-automation-pms/app/services/cost_overrun_analysis_service.py': Couldn't use data file '/Users/fulingwei/.openclaw/workspace/non-standard-automation-pms/.coverage': no such table: tracer (couldnt-parse); see https://coverage.readthedocs.io/en/7.13.4/messages.html#warning-couldnt-parse
  coverage._warn(msg, slug="couldnt-parse")
/Library/Frameworks/Python.framework/Versions/3.13/lib/python3.13/site-packages/coverage/report_core.py:113: CoverageWarning: Couldn't parse '/Users/fulingwei/.openclaw/workspace/non-standard-automation-pms/app/services/cost_prediction_service.py': Couldn't use data file '/Users/fulingwei/.openclaw/workspace/non-standard-automation-pms/.coverage': no such table: tracer (couldnt-parse); see https://coverage.readthedocs.io/en/7.13.4/messages.html#warning-couldnt-parse
  coverage._warn(msg, slug="couldnt-parse")
/Library/Frameworks/Python.framework/Versions/3.13/lib/python3.13/site-packages/coverage/report_core.py:113: CoverageWarning: Couldn't parse '/Users/fulingwei/.openclaw/workspace/non-standard-automation-pms/app/services/cost_review_service.py': Couldn't use data file '/Users/fulingwei/.openclaw/workspace/non-standard-automation-pms/.coverage': no such table: tracer (couldnt-parse); see https://coverage.readthedocs.io/en/7.13.4/messages.html#warning-couldnt-parse
  coverage._warn(msg, slug="couldnt-parse")
/Library/Frameworks/Python.framework/Versions/3.13/lib/python3.13/site-packages/coverage/report_core.py:113: CoverageWarning: Couldn't parse '/Users/fulingwei/.openclaw/workspace/non-standard-automation-pms/app/services/cost_service.py': Couldn't use data file '/Users/fulingwei/.openclaw/workspace/non-standard-automation-pms/.coverage': no such table: tracer (couldnt-parse); see https://coverage.readthedocs.io/en/7.13.4/messages.html#warning-couldnt-parse
  coverage._warn(msg, slug="couldnt-parse")
/Library/Frameworks/Python.framework/Versions/3.13/lib/python3.13/site-packages/coverage/report_core.py:113: CoverageWarning: Couldn't parse '/Users/fulingwei/.openclaw/workspace/non-standard-automation-pms/app/services/cpq_pricing_service.py': Couldn't use data file '/Users/fulingwei/.openclaw/workspace/non-standard-automation-pms/.coverage': no such table: tracer (couldnt-parse); see https://coverage.readthedocs.io/en/7.13.4/messages.html#warning-couldnt-parse
  coverage._warn(msg, slug="couldnt-parse")
/Library/Frameworks/Python.framework/Versions/3.13/lib/python3.13/site-packages/coverage/report_core.py:113: CoverageWarning: Couldn't parse '/Users/fulingwei/.openclaw/workspace/non-standard-automation-pms/app/services/culture_wall_service.py': Couldn't use data file '/Users/fulingwei/.openclaw/workspace/non-standard-automation-pms/.coverage': no such table: tracer (couldnt-parse); see https://coverage.readthedocs.io/en/7.13.4/messages.html#warning-couldnt-parse
  coverage._warn(msg, slug="couldnt-parse")
/Library/Frameworks/Python.framework/Versions/3.13/lib/python3.13/site-packages/coverage/report_core.py:113: CoverageWarning: Couldn't parse '/Users/fulingwei/.openclaw/workspace/non-standard-automation-pms/app/services/customer_360_service.py': Couldn't use data file '/Users/fulingwei/.openclaw/workspace/non-standard-automation-pms/.coverage': no such table: tracer (couldnt-parse); see https://coverage.readthedocs.io/en/7.13.4/messages.html#warning-couldnt-parse
  coverage._warn(msg, slug="couldnt-parse")
/Library/Frameworks/Python.framework/Versions/3.13/lib/python3.13/site-packages/coverage/report_core.py:113: CoverageWarning: Couldn't parse '/Users/fulingwei/.openclaw/workspace/non-standard-automation-pms/app/services/customer_service.py': Couldn't use data file '/Users/fulingwei/.openclaw/workspace/non-standard-automation-pms/.coverage': no such table: tracer (couldnt-parse); see https://coverage.readthedocs.io/en/7.13.4/messages.html#warning-couldnt-parse
  coverage._warn(msg, slug="couldnt-parse")
/Library/Frameworks/Python.framework/Versions/3.13/lib/python3.13/site-packages/coverage/report_core.py:113: CoverageWarning: Couldn't parse '/Users/fulingwei/.openclaw/workspace/non-standard-automation-pms/app/services/dashboard_adapter.py': Couldn't use data file '/Users/fulingwei/.openclaw/workspace/non-standard-automation-pms/.coverage': no such table: tracer (couldnt-parse); see https://coverage.readthedocs.io/en/7.13.4/messages.html#warning-couldnt-parse
  coverage._warn(msg, slug="couldnt-parse")
/Library/Frameworks/Python.framework/Versions/3.13/lib/python3.13/site-packages/coverage/report_core.py:113: CoverageWarning: Couldn't parse '/Users/fulingwei/.openclaw/workspace/non-standard-automation-pms/app/services/dashboard_adapters/__init__.py': Couldn't use data file '/Users/fulingwei/.openclaw/workspace/non-standard-automation-pms/.coverage': no such table: tracer (couldnt-parse); see https://coverage.readthedocs.io/en/7.13.4/messages.html#warning-couldnt-parse
  coverage._warn(msg, slug="couldnt-parse")
/Library/Frameworks/Python.framework/Versions/3.13/lib/python3.13/site-packages/coverage/report_core.py:113: CoverageWarning: Couldn't parse '/Users/fulingwei/.openclaw/workspace/non-standard-automation-pms/app/services/dashboard_adapters/assembly_kit.py': Couldn't use data file '/Users/fulingwei/.openclaw/workspace/non-standard-automation-pms/.coverage': no such table: tracer (couldnt-parse); see https://coverage.readthedocs.io/en/7.13.4/messages.html#warning-couldnt-parse
  coverage._warn(msg, slug="couldnt-parse")
/Library/Frameworks/Python.framework/Versions/3.13/lib/python3.13/site-packages/coverage/report_core.py:113: CoverageWarning: Couldn't parse '/Users/fulingwei/.openclaw/workspace/non-standard-automation-pms/app/services/dashboard_adapters/business_support.py': Couldn't use data file '/Users/fulingwei/.openclaw/workspace/non-standard-automation-pms/.coverage': no such table: tracer (couldnt-parse); see https://coverage.readthedocs.io/en/7.13.4/messages.html#warning-couldnt-parse
  coverage._warn(msg, slug="couldnt-parse")
/Library/Frameworks/Python.framework/Versions/3.13/lib/python3.13/site-packages/coverage/report_core.py:113: CoverageWarning: Couldn't parse '/Users/fulingwei/.openclaw/workspace/non-standard-automation-pms/app/services/dashboard_adapters/hr_management.py': Couldn't use data file '/Users/fulingwei/.openclaw/workspace/non-standard-automation-pms/.coverage': no such table: tracer (couldnt-parse); see https://coverage.readthedocs.io/en/7.13.4/messages.html#warning-couldnt-parse
  coverage._warn(msg, slug="couldnt-parse")
/Library/Frameworks/Python.framework/Versions/3.13/lib/python3.13/site-packages/coverage/report_core.py:113: CoverageWarning: Couldn't parse '/Users/fulingwei/.openclaw/workspace/non-standard-automation-pms/app/services/dashboard_adapters/management_rhythm.py': Couldn't use data file '/Users/fulingwei/.openclaw/workspace/non-standard-automation-pms/.coverage': no such table: tracer (couldnt-parse); see https://coverage.readthedocs.io/en/7.13.4/messages.html#warning-couldnt-parse
  coverage._warn(msg, slug="couldnt-parse")
/Library/Frameworks/Python.framework/Versions/3.13/lib/python3.13/site-packages/coverage/report_core.py:113: CoverageWarning: Couldn't parse '/Users/fulingwei/.openclaw/workspace/non-standard-automation-pms/app/services/dashboard_adapters/others.py': Couldn't use data file '/Users/fulingwei/.openclaw/workspace/non-standard-automation-pms/.coverage': no such table: tracer (couldnt-parse); see https://coverage.readthedocs.io/en/7.13.4/messages.html#warning-couldnt-parse
  coverage._warn(msg, slug="couldnt-parse")
/Library/Frameworks/Python.framework/Versions/3.13/lib/python3.13/site-packages/coverage/report_core.py:113: CoverageWarning: Couldn't parse '/Users/fulingwei/.openclaw/workspace/non-standard-automation-pms/app/services/dashboard_adapters/pmo.py': Couldn't use data file '/Users/fulingwei/.openclaw/workspace/non-standard-automation-pms/.coverage': no such table: tracer (couldnt-parse); see https://coverage.readthedocs.io/en/7.13.4/messages.html#warning-couldnt-parse
  coverage._warn(msg, slug="couldnt-parse")
/Library/Frameworks/Python.framework/Versions/3.13/lib/python3.13/site-packages/coverage/report_core.py:113: CoverageWarning: Couldn't parse '/Users/fulingwei/.openclaw/workspace/non-standard-automation-pms/app/services/dashboard_adapters/presales.py': Couldn't use data file '/Users/fulingwei/.openclaw/workspace/non-standard-automation-pms/.coverage': no such table: tracer (couldnt-parse); see https://coverage.readthedocs.io/en/7.13.4/messages.html#warning-couldnt-parse
  coverage._warn(msg, slug="couldnt-parse")
/Library/Frameworks/Python.framework/Versions/3.13/lib/python3.13/site-packages/coverage/report_core.py:113: CoverageWarning: Couldn't parse '/Users/fulingwei/.openclaw/workspace/non-standard-automation-pms/app/services/dashboard_adapters/production.py': Couldn't use data file '/Users/fulingwei/.openclaw/workspace/non-standard-automation-pms/.coverage': no such table: tracer (couldnt-parse); see https://coverage.readthedocs.io/en/7.13.4/messages.html#warning-couldnt-parse
  coverage._warn(msg, slug="couldnt-parse")
/Library/Frameworks/Python.framework/Versions/3.13/lib/python3.13/site-packages/coverage/report_core.py:113: CoverageWarning: Couldn't parse '/Users/fulingwei/.openclaw/workspace/non-standard-automation-pms/app/services/dashboard_adapters/shortage.py': Couldn't use data file '/Users/fulingwei/.openclaw/workspace/non-standard-automation-pms/.coverage': no such table: tracer (couldnt-parse); see https://coverage.readthedocs.io/en/7.13.4/messages.html#warning-couldnt-parse
  coverage._warn(msg, slug="couldnt-parse")
/Library/Frameworks/Python.framework/Versions/3.13/lib/python3.13/site-packages/coverage/report_core.py:113: CoverageWarning: Couldn't parse '/Users/fulingwei/.openclaw/workspace/non-standard-automation-pms/app/services/dashboard_adapters/strategy.py': Couldn't use data file '/Users/fulingwei/.openclaw/workspace/non-standard-automation-pms/.coverage': no such table: tracer (couldnt-parse); see https://coverage.readthedocs.io/en/7.13.4/messages.html#warning-couldnt-parse
  coverage._warn(msg, slug="couldnt-parse")
/Library/Frameworks/Python.framework/Versions/3.13/lib/python3.13/site-packages/coverage/report_core.py:113: CoverageWarning: Couldn't parse '/Users/fulingwei/.openclaw/workspace/non-standard-automation-pms/app/services/dashboard_cache_service.py': Couldn't use data file '/Users/fulingwei/.openclaw/workspace/non-standard-automation-pms/.coverage': no such table: tracer (couldnt-parse); see https://coverage.readthedocs.io/en/7.13.4/messages.html#warning-couldnt-parse
  coverage._warn(msg, slug="couldnt-parse")
/Library/Frameworks/Python.framework/Versions/3.13/lib/python3.13/site-packages/coverage/report_core.py:113: CoverageWarning: Couldn't parse '/Users/fulingwei/.openclaw/workspace/non-standard-automation-pms/app/services/data_integrity/__init__.py': Couldn't use data file '/Users/fulingwei/.openclaw/workspace/non-standard-automation-pms/.coverage': no such table: tracer (couldnt-parse); see https://coverage.readthedocs.io/en/7.13.4/messages.html#warning-couldnt-parse
  coverage._warn(msg, slug="couldnt-parse")
/Library/Frameworks/Python.framework/Versions/3.13/lib/python3.13/site-packages/coverage/report_core.py:113: CoverageWarning: Couldn't parse '/Users/fulingwei/.openclaw/workspace/non-standard-automation-pms/app/services/data_integrity/auto_fix.py': Couldn't use data file '/Users/fulingwei/.openclaw/workspace/non-standard-automation-pms/.coverage': no such table: tracer (couldnt-parse); see https://coverage.readthedocs.io/en/7.13.4/messages.html#warning-couldnt-parse
  coverage._warn(msg, slug="couldnt-parse")
/Library/Frameworks/Python.framework/Versions/3.13/lib/python3.13/site-packages/coverage/report_core.py:113: CoverageWarning: Couldn't parse '/Users/fulingwei/.openclaw/workspace/non-standard-automation-pms/app/services/data_integrity/check.py': Couldn't use data file '/Users/fulingwei/.openclaw/workspace/non-standard-automation-pms/.coverage': no such table: tracer (couldnt-parse); see https://coverage.readthedocs.io/en/7.13.4/messages.html#warning-couldnt-parse
  coverage._warn(msg, slug="couldnt-parse")
/Library/Frameworks/Python.framework/Versions/3.13/lib/python3.13/site-packages/coverage/report_core.py:113: CoverageWarning: Couldn't parse '/Users/fulingwei/.openclaw/workspace/non-standard-automation-pms/app/services/data_integrity/core.py': Couldn't use data file '/Users/fulingwei/.openclaw/workspace/non-standard-automation-pms/.coverage': no such table: tracer (couldnt-parse); see https://coverage.readthedocs.io/en/7.13.4/messages.html#warning-couldnt-parse
  coverage._warn(msg, slug="couldnt-parse")
/Library/Frameworks/Python.framework/Versions/3.13/lib/python3.13/site-packages/coverage/report_core.py:113: CoverageWarning: Couldn't parse '/Users/fulingwei/.openclaw/workspace/non-standard-automation-pms/app/services/data_integrity/export.py': Couldn't use data file '/Users/fulingwei/.openclaw/workspace/non-standard-automation-pms/.coverage': no such table: tracer (couldnt-parse); see https://coverage.readthedocs.io/en/7.13.4/messages.html#warning-couldnt-parse
  coverage._warn(msg, slug="couldnt-parse")
/Library/Frameworks/Python.framework/Versions/3.13/lib/python3.13/site-packages/coverage/report_core.py:113: CoverageWarning: Couldn't parse '/Users/fulingwei/.openclaw/workspace/non-standard-automation-pms/app/services/data_integrity/reminders.py': Couldn't use data file '/Users/fulingwei/.openclaw/workspace/non-standard-automation-pms/.coverage': no such table: tracer (couldnt-parse); see https://coverage.readthedocs.io/en/7.13.4/messages.html#warning-couldnt-parse
  coverage._warn(msg, slug="couldnt-parse")
/Library/Frameworks/Python.framework/Versions/3.13/lib/python3.13/site-packages/coverage/report_core.py:113: CoverageWarning: Couldn't parse '/Users/fulingwei/.openclaw/workspace/non-standard-automation-pms/app/services/data_integrity/report.py': Couldn't use data file '/Users/fulingwei/.openclaw/workspace/non-standard-automation-pms/.coverage': no such table: tracer (couldnt-parse); see https://coverage.readthedocs.io/en/7.13.4/messages.html#warning-couldnt-parse
  coverage._warn(msg, slug="couldnt-parse")
/Library/Frameworks/Python.framework/Versions/3.13/lib/python3.13/site-packages/coverage/report_core.py:113: CoverageWarning: Couldn't parse '/Users/fulingwei/.openclaw/workspace/non-standard-automation-pms/app/services/data_scope/__init__.py': Couldn't use data file '/Users/fulingwei/.openclaw/workspace/non-standard-automation-pms/.coverage': no such table: tracer (couldnt-parse); see https://coverage.readthedocs.io/en/7.13.4/messages.html#warning-couldnt-parse
  coverage._warn(msg, slug="couldnt-parse")
/Library/Frameworks/Python.framework/Versions/3.13/lib/python3.13/site-packages/coverage/report_core.py:113: CoverageWarning: Couldn't parse '/Users/fulingwei/.openclaw/workspace/non-standard-automation-pms/app/services/data_scope/config.py': Couldn't use data file '/Users/fulingwei/.openclaw/workspace/non-standard-automation-pms/.coverage': no such table: tracer (couldnt-parse); see https://coverage.readthedocs.io/en/7.13.4/messages.html#warning-couldnt-parse
  coverage._warn(msg, slug="couldnt-parse")
/Library/Frameworks/Python.framework/Versions/3.13/lib/python3.13/site-packages/coverage/report_core.py:113: CoverageWarning: Couldn't parse '/Users/fulingwei/.openclaw/workspace/non-standard-automation-pms/app/services/data_scope/custom_rule.py': Couldn't use data file '/Users/fulingwei/.openclaw/workspace/non-standard-automation-pms/.coverage': no such table: tracer (couldnt-parse); see https://coverage.readthedocs.io/en/7.13.4/messages.html#warning-couldnt-parse
  coverage._warn(msg, slug="couldnt-parse")
/Library/Frameworks/Python.framework/Versions/3.13/lib/python3.13/site-packages/coverage/report_core.py:113: CoverageWarning: Couldn't parse '/Users/fulingwei/.openclaw/workspace/non-standard-automation-pms/app/services/data_scope/generic_filter.py': Couldn't use data file '/Users/fulingwei/.openclaw/workspace/non-standard-automation-pms/.coverage': no such table: tracer (couldnt-parse); see https://coverage.readthedocs.io/en/7.13.4/messages.html#warning-couldnt-parse
  coverage._warn(msg, slug="couldnt-parse")
/Library/Frameworks/Python.framework/Versions/3.13/lib/python3.13/site-packages/coverage/report_core.py:113: CoverageWarning: Couldn't parse '/Users/fulingwei/.openclaw/workspace/non-standard-automation-pms/app/services/data_scope/issue_filter.py': Couldn't use data file '/Users/fulingwei/.openclaw/workspace/non-standard-automation-pms/.coverage': no such table: tracer (couldnt-parse); see https://coverage.readthedocs.io/en/7.13.4/messages.html#warning-couldnt-parse
  coverage._warn(msg, slug="couldnt-parse")
/Library/Frameworks/Python.framework/Versions/3.13/lib/python3.13/site-packages/coverage/report_core.py:113: CoverageWarning: Couldn't parse '/Users/fulingwei/.openclaw/workspace/non-standard-automation-pms/app/services/data_scope/project_filter.py': Couldn't use data file '/Users/fulingwei/.openclaw/workspace/non-standard-automation-pms/.coverage': no such table: tracer (couldnt-parse); see https://coverage.readthedocs.io/en/7.13.4/messages.html#warning-couldnt-parse
  coverage._warn(msg, slug="couldnt-parse")
/Library/Frameworks/Python.framework/Versions/3.13/lib/python3.13/site-packages/coverage/report_core.py:113: CoverageWarning: Couldn't parse '/Users/fulingwei/.openclaw/workspace/non-standard-automation-pms/app/services/data_scope/user_scope.py': Couldn't use data file '/Users/fulingwei/.openclaw/workspace/non-standard-automation-pms/.coverage': no such table: tracer (couldnt-parse); see https://coverage.readthedocs.io/en/7.13.4/messages.html#warning-couldnt-parse
  coverage._warn(msg, slug="couldnt-parse")
/Library/Frameworks/Python.framework/Versions/3.13/lib/python3.13/site-packages/coverage/report_core.py:113: CoverageWarning: Couldn't parse '/Users/fulingwei/.openclaw/workspace/non-standard-automation-pms/app/services/data_scope_service.py': Couldn't use data file '/Users/fulingwei/.openclaw/workspace/non-standard-automation-pms/.coverage': no such table: tracer (couldnt-parse); see https://coverage.readthedocs.io/en/7.13.4/messages.html#warning-couldnt-parse
  coverage._warn(msg, slug="couldnt-parse")
/Library/Frameworks/Python.framework/Versions/3.13/lib/python3.13/site-packages/coverage/report_core.py:113: CoverageWarning: Couldn't parse '/Users/fulingwei/.openclaw/workspace/non-standard-automation-pms/app/services/data_scope_service_enhanced.py': Couldn't use data file '/Users/fulingwei/.openclaw/workspace/non-standard-automation-pms/.coverage': no such table: tracer (couldnt-parse); see https://coverage.readthedocs.io/en/7.13.4/messages.html#warning-couldnt-parse
  coverage._warn(msg, slug="couldnt-parse")
/Library/Frameworks/Python.framework/Versions/3.13/lib/python3.13/site-packages/coverage/report_core.py:113: CoverageWarning: Couldn't parse '/Users/fulingwei/.openclaw/workspace/non-standard-automation-pms/app/services/data_sync_service.py': Couldn't use data file '/Users/fulingwei/.openclaw/workspace/non-standard-automation-pms/.coverage': no such table: tracer (couldnt-parse); see https://coverage.readthedocs.io/en/7.13.4/messages.html#warning-couldnt-parse
  coverage._warn(msg, slug="couldnt-parse")
/Library/Frameworks/Python.framework/Versions/3.13/lib/python3.13/site-packages/coverage/report_core.py:113: CoverageWarning: Couldn't parse '/Users/fulingwei/.openclaw/workspace/non-standard-automation-pms/app/services/debug_issue_sync_service.py': Couldn't use data file '/Users/fulingwei/.openclaw/workspace/non-standard-automation-pms/.coverage': no such table: tracer (couldnt-parse); see https://coverage.readthedocs.io/en/7.13.4/messages.html#warning-couldnt-parse
  coverage._warn(msg, slug="couldnt-parse")
/Library/Frameworks/Python.framework/Versions/3.13/lib/python3.13/site-packages/coverage/report_core.py:113: CoverageWarning: Couldn't parse '/Users/fulingwei/.openclaw/workspace/non-standard-automation-pms/app/services/delay_root_cause_service.py': Couldn't use data file '/Users/fulingwei/.openclaw/workspace/non-standard-automation-pms/.coverage': no such table: tracer (couldnt-parse); see https://coverage.readthedocs.io/en/7.13.4/messages.html#warning-couldnt-parse
  coverage._warn(msg, slug="couldnt-parse")
/Library/Frameworks/Python.framework/Versions/3.13/lib/python3.13/site-packages/coverage/report_core.py:113: CoverageWarning: Couldn't parse '/Users/fulingwei/.openclaw/workspace/non-standard-automation-pms/app/services/delivery_validation_service.py': Couldn't use data file '/Users/fulingwei/.openclaw/workspace/non-standard-automation-pms/.coverage': no such table: tracer (couldnt-parse); see https://coverage.readthedocs.io/en/7.13.4/messages.html#warning-couldnt-parse
  coverage._warn(msg, slug="couldnt-parse")
/Library/Frameworks/Python.framework/Versions/3.13/lib/python3.13/site-packages/coverage/report_core.py:113: CoverageWarning: Couldn't parse '/Users/fulingwei/.openclaw/workspace/non-standard-automation-pms/app/services/design_review_sync_service.py': Couldn't use data file '/Users/fulingwei/.openclaw/workspace/non-standard-automation-pms/.coverage': no such table: tracer (couldnt-parse); see https://coverage.readthedocs.io/en/7.13.4/messages.html#warning-couldnt-parse
  coverage._warn(msg, slug="couldnt-parse")
/Library/Frameworks/Python.framework/Versions/3.13/lib/python3.13/site-packages/coverage/report_core.py:113: CoverageWarning: Couldn't parse '/Users/fulingwei/.openclaw/workspace/non-standard-automation-pms/app/services/docx_content_builders.py': Couldn't use data file '/Users/fulingwei/.openclaw/workspace/non-standard-automation-pms/.coverage': no such table: tracer (couldnt-parse); see https://coverage.readthedocs.io/en/7.13.4/messages.html#warning-couldnt-parse
  coverage._warn(msg, slug="couldnt-parse")
/Library/Frameworks/Python.framework/Versions/3.13/lib/python3.13/site-packages/coverage/report_core.py:113: CoverageWarning: Couldn't parse '/Users/fulingwei/.openclaw/workspace/non-standard-automation-pms/app/services/ecn_approval/__init__.py': Couldn't use data file '/Users/fulingwei/.openclaw/workspace/non-standard-automation-pms/.coverage': no such table: tracer (couldnt-parse); see https://coverage.readthedocs.io/en/7.13.4/messages.html#warning-couldnt-parse
  coverage._warn(msg, slug="couldnt-parse")
/Library/Frameworks/Python.framework/Versions/3.13/lib/python3.13/site-packages/coverage/report_core.py:113: CoverageWarning: Couldn't parse '/Users/fulingwei/.openclaw/workspace/non-standard-automation-pms/app/services/ecn_approval/service.py': Couldn't use data file '/Users/fulingwei/.openclaw/workspace/non-standard-automation-pms/.coverage': no such table: tracer (couldnt-parse); see https://coverage.readthedocs.io/en/7.13.4/messages.html#warning-couldnt-parse
  coverage._warn(msg, slug="couldnt-parse")
/Library/Frameworks/Python.framework/Versions/3.13/lib/python3.13/site-packages/coverage/report_core.py:113: CoverageWarning: Couldn't parse '/Users/fulingwei/.openclaw/workspace/non-standard-automation-pms/app/services/ecn_auto_assign_service.py': Couldn't use data file '/Users/fulingwei/.openclaw/workspace/non-standard-automation-pms/.coverage': no such table: tracer (couldnt-parse); see https://coverage.readthedocs.io/en/7.13.4/messages.html#warning-couldnt-parse
  coverage._warn(msg, slug="couldnt-parse")
/Library/Frameworks/Python.framework/Versions/3.13/lib/python3.13/site-packages/coverage/report_core.py:113: CoverageWarning: Couldn't parse '/Users/fulingwei/.openclaw/workspace/non-standard-automation-pms/app/services/ecn_bom_analysis_service/__init__.py': Couldn't use data file '/Users/fulingwei/.openclaw/workspace/non-standard-automation-pms/.coverage': no such table: tracer (couldnt-parse); see https://coverage.readthedocs.io/en/7.13.4/messages.html#warning-couldnt-parse
  coverage._warn(msg, slug="couldnt-parse")
/Library/Frameworks/Python.framework/Versions/3.13/lib/python3.13/site-packages/coverage/report_core.py:113: CoverageWarning: Couldn't parse '/Users/fulingwei/.openclaw/workspace/non-standard-automation-pms/app/services/ecn_bom_analysis_service/analysis.py': Couldn't use data file '/Users/fulingwei/.openclaw/workspace/non-standard-automation-pms/.coverage': no such table: tracer (couldnt-parse); see https://coverage.readthedocs.io/en/7.13.4/messages.html#warning-couldnt-parse
  coverage._warn(msg, slug="couldnt-parse")
/Library/Frameworks/Python.framework/Versions/3.13/lib/python3.13/site-packages/coverage/report_core.py:113: CoverageWarning: Couldn't parse '/Users/fulingwei/.openclaw/workspace/non-standard-automation-pms/app/services/ecn_bom_analysis_service/base.py': Couldn't use data file '/Users/fulingwei/.openclaw/workspace/non-standard-automation-pms/.coverage': no such table: tracer (couldnt-parse); see https://coverage.readthedocs.io/en/7.13.4/messages.html#warning-couldnt-parse
  coverage._warn(msg, slug="couldnt-parse")
/Library/Frameworks/Python.framework/Versions/3.13/lib/python3.13/site-packages/coverage/report_core.py:113: CoverageWarning: Couldn't parse '/Users/fulingwei/.openclaw/workspace/non-standard-automation-pms/app/services/ecn_bom_analysis_service/calculation.py': Couldn't use data file '/Users/fulingwei/.openclaw/workspace/non-standard-automation-pms/.coverage': no such table: tracer (couldnt-parse); see https://coverage.readthedocs.io/en/7.13.4/messages.html#warning-couldnt-parse
  coverage._warn(msg, slug="couldnt-parse")
/Library/Frameworks/Python.framework/Versions/3.13/lib/python3.13/site-packages/coverage/report_core.py:113: CoverageWarning: Couldn't parse '/Users/fulingwei/.openclaw/workspace/non-standard-automation-pms/app/services/ecn_bom_analysis_service/cascade.py': Couldn't use data file '/Users/fulingwei/.openclaw/workspace/non-standard-automation-pms/.coverage': no such table: tracer (couldnt-parse); see https://coverage.readthedocs.io/en/7.13.4/messages.html#warning-couldnt-parse
  coverage._warn(msg, slug="couldnt-parse")
/Library/Frameworks/Python.framework/Versions/3.13/lib/python3.13/site-packages/coverage/report_core.py:113: CoverageWarning: Couldn't parse '/Users/fulingwei/.openclaw/workspace/non-standard-automation-pms/app/services/ecn_bom_analysis_service/obsolete.py': Couldn't use data file '/Users/fulingwei/.openclaw/workspace/non-standard-automation-pms/.coverage': no such table: tracer (couldnt-parse); see https://coverage.readthedocs.io/en/7.13.4/messages.html#warning-couldnt-parse
  coverage._warn(msg, slug="couldnt-parse")
/Library/Frameworks/Python.framework/Versions/3.13/lib/python3.13/site-packages/coverage/report_core.py:113: CoverageWarning: Couldn't parse '/Users/fulingwei/.openclaw/workspace/non-standard-automation-pms/app/services/ecn_bom_analysis_service/utils.py': Couldn't use data file '/Users/fulingwei/.openclaw/workspace/non-standard-automation-pms/.coverage': no such table: tracer (couldnt-parse); see https://coverage.readthedocs.io/en/7.13.4/messages.html#warning-couldnt-parse
  coverage._warn(msg, slug="couldnt-parse")
/Library/Frameworks/Python.framework/Versions/3.13/lib/python3.13/site-packages/coverage/report_core.py:113: CoverageWarning: Couldn't parse '/Users/fulingwei/.openclaw/workspace/non-standard-automation-pms/app/services/ecn_integration/__init__.py': Couldn't use data file '/Users/fulingwei/.openclaw/workspace/non-standard-automation-pms/.coverage': no such table: tracer (couldnt-parse); see https://coverage.readthedocs.io/en/7.13.4/messages.html#warning-couldnt-parse
  coverage._warn(msg, slug="couldnt-parse")
/Library/Frameworks/Python.framework/Versions/3.13/lib/python3.13/site-packages/coverage/report_core.py:113: CoverageWarning: Couldn't parse '/Users/fulingwei/.openclaw/workspace/non-standard-automation-pms/app/services/ecn_integration/ecn_integration_service.py': Couldn't use data file '/Users/fulingwei/.openclaw/workspace/non-standard-automation-pms/.coverage': no such table: tracer (couldnt-parse); see https://coverage.readthedocs.io/en/7.13.4/messages.html#warning-couldnt-parse
  coverage._warn(msg, slug="couldnt-parse")
/Library/Frameworks/Python.framework/Versions/3.13/lib/python3.13/site-packages/coverage/report_core.py:113: CoverageWarning: Couldn't parse '/Users/fulingwei/.openclaw/workspace/non-standard-automation-pms/app/services/ecn_knowledge_service/__init__.py': Couldn't use data file '/Users/fulingwei/.openclaw/workspace/non-standard-automation-pms/.coverage': no such table: tracer (couldnt-parse); see https://coverage.readthedocs.io/en/7.13.4/messages.html#warning-couldnt-parse
  coverage._warn(msg, slug="couldnt-parse")
/Library/Frameworks/Python.framework/Versions/3.13/lib/python3.13/site-packages/coverage/report_core.py:113: CoverageWarning: Couldn't parse '/Users/fulingwei/.openclaw/workspace/non-standard-automation-pms/app/services/ecn_knowledge_service/base.py': Couldn't use data file '/Users/fulingwei/.openclaw/workspace/non-standard-automation-pms/.coverage': no such table: tracer (couldnt-parse); see https://coverage.readthedocs.io/en/7.13.4/messages.html#warning-couldnt-parse
  coverage._warn(msg, slug="couldnt-parse")
/Library/Frameworks/Python.framework/Versions/3.13/lib/python3.13/site-packages/coverage/report_core.py:113: CoverageWarning: Couldn't parse '/Users/fulingwei/.openclaw/workspace/non-standard-automation-pms/app/services/ecn_knowledge_service/similarity.py': Couldn't use data file '/Users/fulingwei/.openclaw/workspace/non-standard-automation-pms/.coverage': no such table: tracer (couldnt-parse); see https://coverage.readthedocs.io/en/7.13.4/messages.html#warning-couldnt-parse
  coverage._warn(msg, slug="couldnt-parse")
/Library/Frameworks/Python.framework/Versions/3.13/lib/python3.13/site-packages/coverage/report_core.py:113: CoverageWarning: Couldn't parse '/Users/fulingwei/.openclaw/workspace/non-standard-automation-pms/app/services/ecn_knowledge_service/solution_extraction.py': Couldn't use data file '/Users/fulingwei/.openclaw/workspace/non-standard-automation-pms/.coverage': no such table: tracer (couldnt-parse); see https://coverage.readthedocs.io/en/7.13.4/messages.html#warning-couldnt-parse
  coverage._warn(msg, slug="couldnt-parse")
/Library/Frameworks/Python.framework/Versions/3.13/lib/python3.13/site-packages/coverage/report_core.py:113: CoverageWarning: Couldn't parse '/Users/fulingwei/.openclaw/workspace/non-standard-automation-pms/app/services/ecn_knowledge_service/template.py': Couldn't use data file '/Users/fulingwei/.openclaw/workspace/non-standard-automation-pms/.coverage': no such table: tracer (couldnt-parse); see https://coverage.readthedocs.io/en/7.13.4/messages.html#warning-couldnt-parse
  coverage._warn(msg, slug="couldnt-parse")
/Library/Frameworks/Python.framework/Versions/3.13/lib/python3.13/site-packages/coverage/report_core.py:113: CoverageWarning: Couldn't parse '/Users/fulingwei/.openclaw/workspace/non-standard-automation-pms/app/services/ecn_notification/__init__.py': Couldn't use data file '/Users/fulingwei/.openclaw/workspace/non-standard-automation-pms/.coverage': no such table: tracer (couldnt-parse); see https://coverage.readthedocs.io/en/7.13.4/messages.html#warning-couldnt-parse
  coverage._warn(msg, slug="couldnt-parse")
/Library/Frameworks/Python.framework/Versions/3.13/lib/python3.13/site-packages/coverage/report_core.py:113: CoverageWarning: Couldn't parse '/Users/fulingwei/.openclaw/workspace/non-standard-automation-pms/app/services/ecn_notification/approval_notifications.py': Couldn't use data file '/Users/fulingwei/.openclaw/workspace/non-standard-automation-pms/.coverage': no such table: tracer (couldnt-parse); see https://coverage.readthedocs.io/en/7.13.4/messages.html#warning-couldnt-parse
  coverage._warn(msg, slug="couldnt-parse")
/Library/Frameworks/Python.framework/Versions/3.13/lib/python3.13/site-packages/coverage/report_core.py:113: CoverageWarning: Couldn't parse '/Users/fulingwei/.openclaw/workspace/non-standard-automation-pms/app/services/ecn_notification/base.py': Couldn't use data file '/Users/fulingwei/.openclaw/workspace/non-standard-automation-pms/.coverage': no such table: tracer (couldnt-parse); see https://coverage.readthedocs.io/en/7.13.4/messages.html#warning-couldnt-parse
  coverage._warn(msg, slug="couldnt-parse")
/Library/Frameworks/Python.framework/Versions/3.13/lib/python3.13/site-packages/coverage/report_core.py:113: CoverageWarning: Couldn't parse '/Users/fulingwei/.openclaw/workspace/non-standard-automation-pms/app/services/ecn_notification/ecn_notifications.py': Couldn't use data file '/Users/fulingwei/.openclaw/workspace/non-standard-automation-pms/.coverage': no such table: tracer (couldnt-parse); see https://coverage.readthedocs.io/en/7.13.4/messages.html#warning-couldnt-parse
  coverage._warn(msg, slug="couldnt-parse")
/Library/Frameworks/Python.framework/Versions/3.13/lib/python3.13/site-packages/coverage/report_core.py:113: CoverageWarning: Couldn't parse '/Users/fulingwei/.openclaw/workspace/non-standard-automation-pms/app/services/ecn_notification/evaluation_notifications.py': Couldn't use data file '/Users/fulingwei/.openclaw/workspace/non-standard-automation-pms/.coverage': no such table: tracer (couldnt-parse); see https://coverage.readthedocs.io/en/7.13.4/messages.html#warning-couldnt-parse
  coverage._warn(msg, slug="couldnt-parse")
/Library/Frameworks/Python.framework/Versions/3.13/lib/python3.13/site-packages/coverage/report_core.py:113: CoverageWarning: Couldn't parse '/Users/fulingwei/.openclaw/workspace/non-standard-automation-pms/app/services/ecn_notification/task_notifications.py': Couldn't use data file '/Users/fulingwei/.openclaw/workspace/non-standard-automation-pms/.coverage': no such table: tracer (couldnt-parse); see https://coverage.readthedocs.io/en/7.13.4/messages.html#warning-couldnt-parse
  coverage._warn(msg, slug="couldnt-parse")
/Library/Frameworks/Python.framework/Versions/3.13/lib/python3.13/site-packages/coverage/report_core.py:113: CoverageWarning: Couldn't parse '/Users/fulingwei/.openclaw/workspace/non-standard-automation-pms/app/services/ecn_notification/utils.py': Couldn't use data file '/Users/fulingwei/.openclaw/workspace/non-standard-automation-pms/.coverage': no such table: tracer (couldnt-parse); see https://coverage.readthedocs.io/en/7.13.4/messages.html#warning-couldnt-parse
  coverage._warn(msg, slug="couldnt-parse")
/Library/Frameworks/Python.framework/Versions/3.13/lib/python3.13/site-packages/coverage/report_core.py:113: CoverageWarning: Couldn't parse '/Users/fulingwei/.openclaw/workspace/non-standard-automation-pms/app/services/ecn_scheduler.py': Couldn't use data file '/Users/fulingwei/.openclaw/workspace/non-standard-automation-pms/.coverage': no such table: tracer (couldnt-parse); see https://coverage.readthedocs.io/en/7.13.4/messages.html#warning-couldnt-parse
  coverage._warn(msg, slug="couldnt-parse")
/Library/Frameworks/Python.framework/Versions/3.13/lib/python3.13/site-packages/coverage/report_core.py:113: CoverageWarning: Couldn't parse '/Users/fulingwei/.openclaw/workspace/non-standard-automation-pms/app/services/employee_import_service.py': Couldn't use data file '/Users/fulingwei/.openclaw/workspace/non-standard-automation-pms/.coverage': no such table: tracer (couldnt-parse); see https://coverage.readthedocs.io/en/7.13.4/messages.html#warning-couldnt-parse
  coverage._warn(msg, slug="couldnt-parse")
/Library/Frameworks/Python.framework/Versions/3.13/lib/python3.13/site-packages/coverage/report_core.py:113: CoverageWarning: Couldn't parse '/Users/fulingwei/.openclaw/workspace/non-standard-automation-pms/app/services/employee_performance/__init__.py': Couldn't use data file '/Users/fulingwei/.openclaw/workspace/non-standard-automation-pms/.coverage': no such table: tracer (couldnt-parse); see https://coverage.readthedocs.io/en/7.13.4/messages.html#warning-couldnt-parse
  coverage._warn(msg, slug="couldnt-parse")
/Library/Frameworks/Python.framework/Versions/3.13/lib/python3.13/site-packages/coverage/report_core.py:113: CoverageWarning: Couldn't parse '/Users/fulingwei/.openclaw/workspace/non-standard-automation-pms/app/services/employee_performance/employee_performance_service.py': Couldn't use data file '/Users/fulingwei/.openclaw/workspace/non-standard-automation-pms/.coverage': no such table: tracer (couldnt-parse); see https://coverage.readthedocs.io/en/7.13.4/messages.html#warning-couldnt-parse
  coverage._warn(msg, slug="couldnt-parse")
/Library/Frameworks/Python.framework/Versions/3.13/lib/python3.13/site-packages/coverage/report_core.py:113: CoverageWarning: Couldn't parse '/Users/fulingwei/.openclaw/workspace/non-standard-automation-pms/app/services/engineer_performance/__init__.py': Couldn't use data file '/Users/fulingwei/.openclaw/workspace/non-standard-automation-pms/.coverage': no such table: tracer (couldnt-parse); see https://coverage.readthedocs.io/en/7.13.4/messages.html#warning-couldnt-parse
  coverage._warn(msg, slug="couldnt-parse")
/Library/Frameworks/Python.framework/Versions/3.13/lib/python3.13/site-packages/coverage/report_core.py:113: CoverageWarning: Couldn't parse '/Users/fulingwei/.openclaw/workspace/non-standard-automation-pms/app/services/engineer_performance/dimension_config_service.py': Couldn't use data file '/Users/fulingwei/.openclaw/workspace/non-standard-automation-pms/.coverage': no such table: tracer (couldnt-parse); see https://coverage.readthedocs.io/en/7.13.4/messages.html#warning-couldnt-parse
  coverage._warn(msg, slug="couldnt-parse")
/Library/Frameworks/Python.framework/Versions/3.13/lib/python3.13/site-packages/coverage/report_core.py:113: CoverageWarning: Couldn't parse '/Users/fulingwei/.openclaw/workspace/non-standard-automation-pms/app/services/engineer_performance/engineer_performance_service.py': Couldn't use data file '/Users/fulingwei/.openclaw/workspace/non-standard-automation-pms/.coverage': no such table: tracer (couldnt-parse); see https://coverage.readthedocs.io/en/7.13.4/messages.html#warning-couldnt-parse
  coverage._warn(msg, slug="couldnt-parse")
/Library/Frameworks/Python.framework/Versions/3.13/lib/python3.13/site-packages/coverage/report_core.py:113: CoverageWarning: Couldn't parse '/Users/fulingwei/.openclaw/workspace/non-standard-automation-pms/app/services/engineer_performance/performance_calculator.py': Couldn't use data file '/Users/fulingwei/.openclaw/workspace/non-standard-automation-pms/.coverage': no such table: tracer (couldnt-parse); see https://coverage.readthedocs.io/en/7.13.4/messages.html#warning-couldnt-parse
  coverage._warn(msg, slug="couldnt-parse")
/Library/Frameworks/Python.framework/Versions/3.13/lib/python3.13/site-packages/coverage/report_core.py:113: CoverageWarning: Couldn't parse '/Users/fulingwei/.openclaw/workspace/non-standard-automation-pms/app/services/engineer_performance/profile_service.py': Couldn't use data file '/Users/fulingwei/.openclaw/workspace/non-standard-automation-pms/.coverage': no such table: tracer (couldnt-parse); see https://coverage.readthedocs.io/en/7.13.4/messages.html#warning-couldnt-parse
  coverage._warn(msg, slug="couldnt-parse")
/Library/Frameworks/Python.framework/Versions/3.13/lib/python3.13/site-packages/coverage/report_core.py:113: CoverageWarning: Couldn't parse '/Users/fulingwei/.openclaw/workspace/non-standard-automation-pms/app/services/engineer_performance/ranking_service.py': Couldn't use data file '/Users/fulingwei/.openclaw/workspace/non-standard-automation-pms/.coverage': no such table: tracer (couldnt-parse); see https://coverage.readthedocs.io/en/7.13.4/messages.html#warning-couldnt-parse
  coverage._warn(msg, slug="couldnt-parse")
/Library/Frameworks/Python.framework/Versions/3.13/lib/python3.13/site-packages/coverage/report_core.py:113: CoverageWarning: Couldn't parse '/Users/fulingwei/.openclaw/workspace/non-standard-automation-pms/app/services/evm_service.py': Couldn't use data file '/Users/fulingwei/.openclaw/workspace/non-standard-automation-pms/.coverage': no such table: tracer (couldnt-parse); see https://coverage.readthedocs.io/en/7.13.4/messages.html#warning-couldnt-parse
  coverage._warn(msg, slug="couldnt-parse")
/Library/Frameworks/Python.framework/Versions/3.13/lib/python3.13/site-packages/coverage/report_core.py:113: CoverageWarning: Couldn't parse '/Users/fulingwei/.openclaw/workspace/non-standard-automation-pms/app/services/excel_export_service.py': Couldn't use data file '/Users/fulingwei/.openclaw/workspace/non-standard-automation-pms/.coverage': no such table: tracer (couldnt-parse); see https://coverage.readthedocs.io/en/7.13.4/messages.html#warning-couldnt-parse
  coverage._warn(msg, slug="couldnt-parse")
/Library/Frameworks/Python.framework/Versions/3.13/lib/python3.13/site-packages/coverage/report_core.py:113: CoverageWarning: Couldn't parse '/Users/fulingwei/.openclaw/workspace/non-standard-automation-pms/app/services/excel_template_service.py': Couldn't use data file '/Users/fulingwei/.openclaw/workspace/non-standard-automation-pms/.coverage': no such table: tracer (couldnt-parse); see https://coverage.readthedocs.io/en/7.13.4/messages.html#warning-couldnt-parse
  coverage._warn(msg, slug="couldnt-parse")
/Library/Frameworks/Python.framework/Versions/3.13/lib/python3.13/site-packages/coverage/report_core.py:113: CoverageWarning: Couldn't parse '/Users/fulingwei/.openclaw/workspace/non-standard-automation-pms/app/services/glm_service.py': Couldn't use data file '/Users/fulingwei/.openclaw/workspace/non-standard-automation-pms/.coverage': no such table: tracer (couldnt-parse); see https://coverage.readthedocs.io/en/7.13.4/messages.html#warning-couldnt-parse
  coverage._warn(msg, slug="couldnt-parse")
/Library/Frameworks/Python.framework/Versions/3.13/lib/python3.13/site-packages/coverage/report_core.py:113: CoverageWarning: Couldn't parse '/Users/fulingwei/.openclaw/workspace/non-standard-automation-pms/app/services/health_calculator.py': Couldn't use data file '/Users/fulingwei/.openclaw/workspace/non-standard-automation-pms/.coverage': no such table: tracer (couldnt-parse); see https://coverage.readthedocs.io/en/7.13.4/messages.html#warning-couldnt-parse
  coverage._warn(msg, slug="couldnt-parse")
/Library/Frameworks/Python.framework/Versions/3.13/lib/python3.13/site-packages/coverage/report_core.py:113: CoverageWarning: Couldn't parse '/Users/fulingwei/.openclaw/workspace/non-standard-automation-pms/app/services/hourly_rate_service.py': Couldn't use data file '/Users/fulingwei/.openclaw/workspace/non-standard-automation-pms/.coverage': no such table: tracer (couldnt-parse); see https://coverage.readthedocs.io/en/7.13.4/messages.html#warning-couldnt-parse
  coverage._warn(msg, slug="couldnt-parse")
/Library/Frameworks/Python.framework/Versions/3.13/lib/python3.13/site-packages/coverage/report_core.py:113: CoverageWarning: Couldn't parse '/Users/fulingwei/.openclaw/workspace/non-standard-automation-pms/app/services/hr_profile_import_service.py': Couldn't use data file '/Users/fulingwei/.openclaw/workspace/non-standard-automation-pms/.coverage': no such table: tracer (couldnt-parse); see https://coverage.readthedocs.io/en/7.13.4/messages.html#warning-couldnt-parse
  coverage._warn(msg, slug="couldnt-parse")
/Library/Frameworks/Python.framework/Versions/3.13/lib/python3.13/site-packages/coverage/report_core.py:113: CoverageWarning: Couldn't parse '/Users/fulingwei/.openclaw/workspace/non-standard-automation-pms/app/services/import_export_engine.py': Couldn't use data file '/Users/fulingwei/.openclaw/workspace/non-standard-automation-pms/.coverage': no such table: tracer (couldnt-parse); see https://coverage.readthedocs.io/en/7.13.4/messages.html#warning-couldnt-parse
  coverage._warn(msg, slug="couldnt-parse")
/Library/Frameworks/Python.framework/Versions/3.13/lib/python3.13/site-packages/coverage/report_core.py:113: CoverageWarning: Couldn't parse '/Users/fulingwei/.openclaw/workspace/non-standard-automation-pms/app/services/information_gap_analysis_service.py': Couldn't use data file '/Users/fulingwei/.openclaw/workspace/non-standard-automation-pms/.coverage': no such table: tracer (couldnt-parse); see https://coverage.readthedocs.io/en/7.13.4/messages.html#warning-couldnt-parse
  coverage._warn(msg, slug="couldnt-parse")
/Library/Frameworks/Python.framework/Versions/3.13/lib/python3.13/site-packages/coverage/report_core.py:113: CoverageWarning: Couldn't parse '/Users/fulingwei/.openclaw/workspace/non-standard-automation-pms/app/services/inventory_analysis_service.py': Couldn't use data file '/Users/fulingwei/.openclaw/workspace/non-standard-automation-pms/.coverage': no such table: tracer (couldnt-parse); see https://coverage.readthedocs.io/en/7.13.4/messages.html#warning-couldnt-parse
  coverage._warn(msg, slug="couldnt-parse")
/Library/Frameworks/Python.framework/Versions/3.13/lib/python3.13/site-packages/coverage/report_core.py:113: CoverageWarning: Couldn't parse '/Users/fulingwei/.openclaw/workspace/non-standard-automation-pms/app/services/inventory_management_service.py': Couldn't use data file '/Users/fulingwei/.openclaw/workspace/non-standard-automation-pms/.coverage': no such table: tracer (couldnt-parse); see https://coverage.readthedocs.io/en/7.13.4/messages.html#warning-couldnt-parse
  coverage._warn(msg, slug="couldnt-parse")
/Library/Frameworks/Python.framework/Versions/3.13/lib/python3.13/site-packages/coverage/report_core.py:113: CoverageWarning: Couldn't parse '/Users/fulingwei/.openclaw/workspace/non-standard-automation-pms/app/services/invoice_auto_service/__init__.py': Couldn't use data file '/Users/fulingwei/.openclaw/workspace/non-standard-automation-pms/.coverage': no such table: tracer (couldnt-parse); see https://coverage.readthedocs.io/en/7.13.4/messages.html#warning-couldnt-parse
  coverage._warn(msg, slug="couldnt-parse")
/Library/Frameworks/Python.framework/Versions/3.13/lib/python3.13/site-packages/coverage/report_core.py:113: CoverageWarning: Couldn't parse '/Users/fulingwei/.openclaw/workspace/non-standard-automation-pms/app/services/invoice_auto_service/base.py': Couldn't use data file '/Users/fulingwei/.openclaw/workspace/non-standard-automation-pms/.coverage': no such table: tracer (couldnt-parse); see https://coverage.readthedocs.io/en/7.13.4/messages.html#warning-couldnt-parse
  coverage._warn(msg, slug="couldnt-parse")
/Library/Frameworks/Python.framework/Versions/3.13/lib/python3.13/site-packages/coverage/report_core.py:113: CoverageWarning: Couldn't parse '/Users/fulingwei/.openclaw/workspace/non-standard-automation-pms/app/services/invoice_auto_service/creation.py': Couldn't use data file '/Users/fulingwei/.openclaw/workspace/non-standard-automation-pms/.coverage': no such table: tracer (couldnt-parse); see https://coverage.readthedocs.io/en/7.13.4/messages.html#warning-couldnt-parse
  coverage._warn(msg, slug="couldnt-parse")
/Library/Frameworks/Python.framework/Versions/3.13/lib/python3.13/site-packages/coverage/report_core.py:113: CoverageWarning: Couldn't parse '/Users/fulingwei/.openclaw/workspace/non-standard-automation-pms/app/services/invoice_auto_service/main.py': Couldn't use data file '/Users/fulingwei/.openclaw/workspace/non-standard-automation-pms/.coverage': no such table: tracer (couldnt-parse); see https://coverage.readthedocs.io/en/7.13.4/messages.html#warning-couldnt-parse
  coverage._warn(msg, slug="couldnt-parse")
/Library/Frameworks/Python.framework/Versions/3.13/lib/python3.13/site-packages/coverage/report_core.py:113: CoverageWarning: Couldn't parse '/Users/fulingwei/.openclaw/workspace/non-standard-automation-pms/app/services/invoice_auto_service/notifications.py': Couldn't use data file '/Users/fulingwei/.openclaw/workspace/non-standard-automation-pms/.coverage': no such table: tracer (couldnt-parse); see https://coverage.readthedocs.io/en/7.13.4/messages.html#warning-couldnt-parse
  coverage._warn(msg, slug="couldnt-parse")
/Library/Frameworks/Python.framework/Versions/3.13/lib/python3.13/site-packages/coverage/report_core.py:113: CoverageWarning: Couldn't parse '/Users/fulingwei/.openclaw/workspace/non-standard-automation-pms/app/services/invoice_auto_service/validation.py': Couldn't use data file '/Users/fulingwei/.openclaw/workspace/non-standard-automation-pms/.coverage': no such table: tracer (couldnt-parse); see https://coverage.readthedocs.io/en/7.13.4/messages.html#warning-couldnt-parse
  coverage._warn(msg, slug="couldnt-parse")
/Library/Frameworks/Python.framework/Versions/3.13/lib/python3.13/site-packages/coverage/report_core.py:113: CoverageWarning: Couldn't parse '/Users/fulingwei/.openclaw/workspace/non-standard-automation-pms/app/services/issue_cost_service.py': Couldn't use data file '/Users/fulingwei/.openclaw/workspace/non-standard-automation-pms/.coverage': no such table: tracer (couldnt-parse); see https://coverage.readthedocs.io/en/7.13.4/messages.html#warning-couldnt-parse
  coverage._warn(msg, slug="couldnt-parse")
/Library/Frameworks/Python.framework/Versions/3.13/lib/python3.13/site-packages/coverage/report_core.py:113: CoverageWarning: Couldn't parse '/Users/fulingwei/.openclaw/workspace/non-standard-automation-pms/app/services/issue_statistics_service.py': Couldn't use data file '/Users/fulingwei/.openclaw/workspace/non-standard-automation-pms/.coverage': no such table: tracer (couldnt-parse); see https://coverage.readthedocs.io/en/7.13.4/messages.html#warning-couldnt-parse
  coverage._warn(msg, slug="couldnt-parse")
/Library/Frameworks/Python.framework/Versions/3.13/lib/python3.13/site-packages/coverage/report_core.py:113: CoverageWarning: Couldn't parse '/Users/fulingwei/.openclaw/workspace/non-standard-automation-pms/app/services/itr_analytics_service.py': Couldn't use data file '/Users/fulingwei/.openclaw/workspace/non-standard-automation-pms/.coverage': no such table: tracer (couldnt-parse); see https://coverage.readthedocs.io/en/7.13.4/messages.html#warning-couldnt-parse
  coverage._warn(msg, slug="couldnt-parse")
/Library/Frameworks/Python.framework/Versions/3.13/lib/python3.13/site-packages/coverage/report_core.py:113: CoverageWarning: Couldn't parse '/Users/fulingwei/.openclaw/workspace/non-standard-automation-pms/app/services/itr_service.py': Couldn't use data file '/Users/fulingwei/.openclaw/workspace/non-standard-automation-pms/.coverage': no such table: tracer (couldnt-parse); see https://coverage.readthedocs.io/en/7.13.4/messages.html#warning-couldnt-parse
  coverage._warn(msg, slug="couldnt-parse")
/Library/Frameworks/Python.framework/Versions/3.13/lib/python3.13/site-packages/coverage/report_core.py:113: CoverageWarning: Couldn't parse '/Users/fulingwei/.openclaw/workspace/non-standard-automation-pms/app/services/job_duty_task_service.py': Couldn't use data file '/Users/fulingwei/.openclaw/workspace/non-standard-automation-pms/.coverage': no such table: tracer (couldnt-parse); see https://coverage.readthedocs.io/en/7.13.4/messages.html#warning-couldnt-parse
  coverage._warn(msg, slug="couldnt-parse")
/Library/Frameworks/Python.framework/Versions/3.13/lib/python3.13/site-packages/coverage/report_core.py:113: CoverageWarning: Couldn't parse '/Users/fulingwei/.openclaw/workspace/non-standard-automation-pms/app/services/kit_rate/__init__.py': Couldn't use data file '/Users/fulingwei/.openclaw/workspace/non-standard-automation-pms/.coverage': no such table: tracer (couldnt-parse); see https://coverage.readthedocs.io/en/7.13.4/messages.html#warning-couldnt-parse
  coverage._warn(msg, slug="couldnt-parse")
/Library/Frameworks/Python.framework/Versions/3.13/lib/python3.13/site-packages/coverage/report_core.py:113: CoverageWarning: Couldn't parse '/Users/fulingwei/.openclaw/workspace/non-standard-automation-pms/app/services/kit_rate/kit_rate_service.py': Couldn't use data file '/Users/fulingwei/.openclaw/workspace/non-standard-automation-pms/.coverage': no such table: tracer (couldnt-parse); see https://coverage.readthedocs.io/en/7.13.4/messages.html#warning-couldnt-parse
  coverage._warn(msg, slug="couldnt-parse")
/Library/Frameworks/Python.framework/Versions/3.13/lib/python3.13/site-packages/coverage/report_core.py:113: CoverageWarning: Couldn't parse '/Users/fulingwei/.openclaw/workspace/non-standard-automation-pms/app/services/kit_rate_statistics_service.py': Couldn't use data file '/Users/fulingwei/.openclaw/workspace/non-standard-automation-pms/.coverage': no such table: tracer (couldnt-parse); see https://coverage.readthedocs.io/en/7.13.4/messages.html#warning-couldnt-parse
  coverage._warn(msg, slug="couldnt-parse")
/Library/Frameworks/Python.framework/Versions/3.13/lib/python3.13/site-packages/coverage/report_core.py:113: CoverageWarning: Couldn't parse '/Users/fulingwei/.openclaw/workspace/non-standard-automation-pms/app/services/knowledge_auto_identification_service.py': Couldn't use data file '/Users/fulingwei/.openclaw/workspace/non-standard-automation-pms/.coverage': no such table: tracer (couldnt-parse); see https://coverage.readthedocs.io/en/7.13.4/messages.html#warning-couldnt-parse
  coverage._warn(msg, slug="couldnt-parse")
/Library/Frameworks/Python.framework/Versions/3.13/lib/python3.13/site-packages/coverage/report_core.py:113: CoverageWarning: Couldn't parse '/Users/fulingwei/.openclaw/workspace/non-standard-automation-pms/app/services/knowledge_contribution_service.py': Couldn't use data file '/Users/fulingwei/.openclaw/workspace/non-standard-automation-pms/.coverage': no such table: tracer (couldnt-parse); see https://coverage.readthedocs.io/en/7.13.4/messages.html#warning-couldnt-parse
  coverage._warn(msg, slug="couldnt-parse")
/Library/Frameworks/Python.framework/Versions/3.13/lib/python3.13/site-packages/coverage/report_core.py:113: CoverageWarning: Couldn't parse '/Users/fulingwei/.openclaw/workspace/non-standard-automation-pms/app/services/knowledge_extraction_service.py': Couldn't use data file '/Users/fulingwei/.openclaw/workspace/non-standard-automation-pms/.coverage': no such table: tracer (couldnt-parse); see https://coverage.readthedocs.io/en/7.13.4/messages.html#warning-couldnt-parse
  coverage._warn(msg, slug="couldnt-parse")
/Library/Frameworks/Python.framework/Versions/3.13/lib/python3.13/site-packages/coverage/report_core.py:113: CoverageWarning: Couldn't parse '/Users/fulingwei/.openclaw/workspace/non-standard-automation-pms/app/services/labor_cost/__init__.py': Couldn't use data file '/Users/fulingwei/.openclaw/workspace/non-standard-automation-pms/.coverage': no such table: tracer (couldnt-parse); see https://coverage.readthedocs.io/en/7.13.4/messages.html#warning-couldnt-parse
  coverage._warn(msg, slug="couldnt-parse")
/Library/Frameworks/Python.framework/Versions/3.13/lib/python3.13/site-packages/coverage/report_core.py:113: CoverageWarning: Couldn't parse '/Users/fulingwei/.openclaw/workspace/non-standard-automation-pms/app/services/labor_cost/utils.py': Couldn't use data file '/Users/fulingwei/.openclaw/workspace/non-standard-automation-pms/.coverage': no such table: tracer (couldnt-parse); see https://coverage.readthedocs.io/en/7.13.4/messages.html#warning-couldnt-parse
  coverage._warn(msg, slug="couldnt-parse")
/Library/Frameworks/Python.framework/Versions/3.13/lib/python3.13/site-packages/coverage/report_core.py:113: CoverageWarning: Couldn't parse '/Users/fulingwei/.openclaw/workspace/non-standard-automation-pms/app/services/labor_cost_calculation_service.py': Couldn't use data file '/Users/fulingwei/.openclaw/workspace/non-standard-automation-pms/.coverage': no such table: tracer (couldnt-parse); see https://coverage.readthedocs.io/en/7.13.4/messages.html#warning-couldnt-parse
  coverage._warn(msg, slug="couldnt-parse")
/Library/Frameworks/Python.framework/Versions/3.13/lib/python3.13/site-packages/coverage/report_core.py:113: CoverageWarning: Couldn't parse '/Users/fulingwei/.openclaw/workspace/non-standard-automation-pms/app/services/labor_cost_expense_service.py': Couldn't use data file '/Users/fulingwei/.openclaw/workspace/non-standard-automation-pms/.coverage': no such table: tracer (couldnt-parse); see https://coverage.readthedocs.io/en/7.13.4/messages.html#warning-couldnt-parse
  coverage._warn(msg, slug="couldnt-parse")
/Library/Frameworks/Python.framework/Versions/3.13/lib/python3.13/site-packages/coverage/report_core.py:113: CoverageWarning: Couldn't parse '/Users/fulingwei/.openclaw/workspace/non-standard-automation-pms/app/services/labor_cost_service.py': Couldn't use data file '/Users/fulingwei/.openclaw/workspace/non-standard-automation-pms/.coverage': no such table: tracer (couldnt-parse); see https://coverage.readthedocs.io/en/7.13.4/messages.html#warning-couldnt-parse
  coverage._warn(msg, slug="couldnt-parse")
/Library/Frameworks/Python.framework/Versions/3.13/lib/python3.13/site-packages/coverage/report_core.py:113: CoverageWarning: Couldn't parse '/Users/fulingwei/.openclaw/workspace/non-standard-automation-pms/app/services/lead_priority_scoring/__init__.py': Couldn't use data file '/Users/fulingwei/.openclaw/workspace/non-standard-automation-pms/.coverage': no such table: tracer (couldnt-parse); see https://coverage.readthedocs.io/en/7.13.4/messages.html#warning-couldnt-parse
  coverage._warn(msg, slug="couldnt-parse")
/Library/Frameworks/Python.framework/Versions/3.13/lib/python3.13/site-packages/coverage/report_core.py:113: CoverageWarning: Couldn't parse '/Users/fulingwei/.openclaw/workspace/non-standard-automation-pms/app/services/lead_priority_scoring/constants.py': Couldn't use data file '/Users/fulingwei/.openclaw/workspace/non-standard-automation-pms/.coverage': no such table: tracer (couldnt-parse); see https://coverage.readthedocs.io/en/7.13.4/messages.html#warning-couldnt-parse
  coverage._warn(msg, slug="couldnt-parse")
/Library/Frameworks/Python.framework/Versions/3.13/lib/python3.13/site-packages/coverage/report_core.py:113: CoverageWarning: Couldn't parse '/Users/fulingwei/.openclaw/workspace/non-standard-automation-pms/app/services/lead_priority_scoring/core.py': Couldn't use data file '/Users/fulingwei/.openclaw/workspace/non-standard-automation-pms/.coverage': no such table: tracer (couldnt-parse); see https://coverage.readthedocs.io/en/7.13.4/messages.html#warning-couldnt-parse
  coverage._warn(msg, slug="couldnt-parse")
/Library/Frameworks/Python.framework/Versions/3.13/lib/python3.13/site-packages/coverage/report_core.py:113: CoverageWarning: Couldn't parse '/Users/fulingwei/.openclaw/workspace/non-standard-automation-pms/app/services/lead_priority_scoring/descriptions.py': Couldn't use data file '/Users/fulingwei/.openclaw/workspace/non-standard-automation-pms/.coverage': no such table: tracer (couldnt-parse); see https://coverage.readthedocs.io/en/7.13.4/messages.html#warning-couldnt-parse
  coverage._warn(msg, slug="couldnt-parse")
/Library/Frameworks/Python.framework/Versions/3.13/lib/python3.13/site-packages/coverage/report_core.py:113: CoverageWarning: Couldn't parse '/Users/fulingwei/.openclaw/workspace/non-standard-automation-pms/app/services/lead_priority_scoring/lead_scoring.py': Couldn't use data file '/Users/fulingwei/.openclaw/workspace/non-standard-automation-pms/.coverage': no such table: tracer (couldnt-parse); see https://coverage.readthedocs.io/en/7.13.4/messages.html#warning-couldnt-parse
  coverage._warn(msg, slug="couldnt-parse")
/Library/Frameworks/Python.framework/Versions/3.13/lib/python3.13/site-packages/coverage/report_core.py:113: CoverageWarning: Couldn't parse '/Users/fulingwei/.openclaw/workspace/non-standard-automation-pms/app/services/lead_priority_scoring/level_determination.py': Couldn't use data file '/Users/fulingwei/.openclaw/workspace/non-standard-automation-pms/.coverage': no such table: tracer (couldnt-parse); see https://coverage.readthedocs.io/en/7.13.4/messages.html#warning-couldnt-parse
  coverage._warn(msg, slug="couldnt-parse")
/Library/Frameworks/Python.framework/Versions/3.13/lib/python3.13/site-packages/coverage/report_core.py:113: CoverageWarning: Couldn't parse '/Users/fulingwei/.openclaw/workspace/non-standard-automation-pms/app/services/lead_priority_scoring/opportunity_scoring.py': Couldn't use data file '/Users/fulingwei/.openclaw/workspace/non-standard-automation-pms/.coverage': no such table: tracer (couldnt-parse); see https://coverage.readthedocs.io/en/7.13.4/messages.html#warning-couldnt-parse
  coverage._warn(msg, slug="couldnt-parse")
/Library/Frameworks/Python.framework/Versions/3.13/lib/python3.13/site-packages/coverage/report_core.py:113: CoverageWarning: Couldn't parse '/Users/fulingwei/.openclaw/workspace/non-standard-automation-pms/app/services/lead_priority_scoring/ranking.py': Couldn't use data file '/Users/fulingwei/.openclaw/workspace/non-standard-automation-pms/.coverage': no such table: tracer (couldnt-parse); see https://coverage.readthedocs.io/en/7.13.4/messages.html#warning-couldnt-parse
  coverage._warn(msg, slug="couldnt-parse")
/Library/Frameworks/Python.framework/Versions/3.13/lib/python3.13/site-packages/coverage/report_core.py:113: CoverageWarning: Couldn't parse '/Users/fulingwei/.openclaw/workspace/non-standard-automation-pms/app/services/lead_priority_scoring/scoring_helpers.py': Couldn't use data file '/Users/fulingwei/.openclaw/workspace/non-standard-automation-pms/.coverage': no such table: tracer (couldnt-parse); see https://coverage.readthedocs.io/en/7.13.4/messages.html#warning-couldnt-parse
  coverage._warn(msg, slug="couldnt-parse")
/Library/Frameworks/Python.framework/Versions/3.13/lib/python3.13/site-packages/coverage/report_core.py:113: CoverageWarning: Couldn't parse '/Users/fulingwei/.openclaw/workspace/non-standard-automation-pms/app/services/loss_deep_analysis_service.py': Couldn't use data file '/Users/fulingwei/.openclaw/workspace/non-standard-automation-pms/.coverage': no such table: tracer (couldnt-parse); see https://coverage.readthedocs.io/en/7.13.4/messages.html#warning-couldnt-parse
  coverage._warn(msg, slug="couldnt-parse")
/Library/Frameworks/Python.framework/Versions/3.13/lib/python3.13/site-packages/coverage/report_core.py:113: CoverageWarning: Couldn't parse '/Users/fulingwei/.openclaw/workspace/non-standard-automation-pms/app/services/machine_custom/__init__.py': Couldn't use data file '/Users/fulingwei/.openclaw/workspace/non-standard-automation-pms/.coverage': no such table: tracer (couldnt-parse); see https://coverage.readthedocs.io/en/7.13.4/messages.html#warning-couldnt-parse
  coverage._warn(msg, slug="couldnt-parse")
/Library/Frameworks/Python.framework/Versions/3.13/lib/python3.13/site-packages/coverage/report_core.py:113: CoverageWarning: Couldn't parse '/Users/fulingwei/.openclaw/workspace/non-standard-automation-pms/app/services/machine_custom/service.py': Couldn't use data file '/Users/fulingwei/.openclaw/workspace/non-standard-automation-pms/.coverage': no such table: tracer (couldnt-parse); see https://coverage.readthedocs.io/en/7.13.4/messages.html#warning-couldnt-parse
  coverage._warn(msg, slug="couldnt-parse")
/Library/Frameworks/Python.framework/Versions/3.13/lib/python3.13/site-packages/coverage/report_core.py:113: CoverageWarning: Couldn't parse '/Users/fulingwei/.openclaw/workspace/non-standard-automation-pms/app/services/machine_service.py': Couldn't use data file '/Users/fulingwei/.openclaw/workspace/non-standard-automation-pms/.coverage': no such table: tracer (couldnt-parse); see https://coverage.readthedocs.io/en/7.13.4/messages.html#warning-couldnt-parse
  coverage._warn(msg, slug="couldnt-parse")
/Library/Frameworks/Python.framework/Versions/3.13/lib/python3.13/site-packages/coverage/report_core.py:113: CoverageWarning: Couldn't parse '/Users/fulingwei/.openclaw/workspace/non-standard-automation-pms/app/services/manager_evaluation_service.py': Couldn't use data file '/Users/fulingwei/.openclaw/workspace/non-standard-automation-pms/.coverage': no such table: tracer (couldnt-parse); see https://coverage.readthedocs.io/en/7.13.4/messages.html#warning-couldnt-parse
  coverage._warn(msg, slug="couldnt-parse")
/Library/Frameworks/Python.framework/Versions/3.13/lib/python3.13/site-packages/coverage/report_core.py:113: CoverageWarning: Couldn't parse '/Users/fulingwei/.openclaw/workspace/non-standard-automation-pms/app/services/manager_performance/__init__.py': Couldn't use data file '/Users/fulingwei/.openclaw/workspace/non-standard-automation-pms/.coverage': no such table: tracer (couldnt-parse); see https://coverage.readthedocs.io/en/7.13.4/messages.html#warning-couldnt-parse
  coverage._warn(msg, slug="couldnt-parse")
/Library/Frameworks/Python.framework/Versions/3.13/lib/python3.13/site-packages/coverage/report_core.py:113: CoverageWarning: Couldn't parse '/Users/fulingwei/.openclaw/workspace/non-standard-automation-pms/app/services/manager_performance/manager_performance_service.py': Couldn't use data file '/Users/fulingwei/.openclaw/workspace/non-standard-automation-pms/.coverage': no such table: tracer (couldnt-parse); see https://coverage.readthedocs.io/en/7.13.4/messages.html#warning-couldnt-parse
  coverage._warn(msg, slug="couldnt-parse")
/Library/Frameworks/Python.framework/Versions/3.13/lib/python3.13/site-packages/coverage/report_core.py:113: CoverageWarning: Couldn't parse '/Users/fulingwei/.openclaw/workspace/non-standard-automation-pms/app/services/material_category_service.py': Couldn't use data file '/Users/fulingwei/.openclaw/workspace/non-standard-automation-pms/.coverage': no such table: tracer (couldnt-parse); see https://coverage.readthedocs.io/en/7.13.4/messages.html#warning-couldnt-parse
  coverage._warn(msg, slug="couldnt-parse")
/Library/Frameworks/Python.framework/Versions/3.13/lib/python3.13/site-packages/coverage/report_core.py:113: CoverageWarning: Couldn't parse '/Users/fulingwei/.openclaw/workspace/non-standard-automation-pms/app/services/material_service.py': Couldn't use data file '/Users/fulingwei/.openclaw/workspace/non-standard-automation-pms/.coverage': no such table: tracer (couldnt-parse); see https://coverage.readthedocs.io/en/7.13.4/messages.html#warning-couldnt-parse
  coverage._warn(msg, slug="couldnt-parse")
/Library/Frameworks/Python.framework/Versions/3.13/lib/python3.13/site-packages/coverage/report_core.py:113: CoverageWarning: Couldn't parse '/Users/fulingwei/.openclaw/workspace/non-standard-automation-pms/app/services/material_transfer_service.py': Couldn't use data file '/Users/fulingwei/.openclaw/workspace/non-standard-automation-pms/.coverage': no such table: tracer (couldnt-parse); see https://coverage.readthedocs.io/en/7.13.4/messages.html#warning-couldnt-parse
  coverage._warn(msg, slug="couldnt-parse")
/Library/Frameworks/Python.framework/Versions/3.13/lib/python3.13/site-packages/coverage/report_core.py:113: CoverageWarning: Couldn't parse '/Users/fulingwei/.openclaw/workspace/non-standard-automation-pms/app/services/meeting_report_docx_service.py': Couldn't use data file '/Users/fulingwei/.openclaw/workspace/non-standard-automation-pms/.coverage': no such table: tracer (couldnt-parse); see https://coverage.readthedocs.io/en/7.13.4/messages.html#warning-couldnt-parse
  coverage._warn(msg, slug="couldnt-parse")
/Library/Frameworks/Python.framework/Versions/3.13/lib/python3.13/site-packages/coverage/report_core.py:113: CoverageWarning: Couldn't parse '/Users/fulingwei/.openclaw/workspace/non-standard-automation-pms/app/services/meeting_report_helpers.py': Couldn't use data file '/Users/fulingwei/.openclaw/workspace/non-standard-automation-pms/.coverage': no such table: tracer (couldnt-parse); see https://coverage.readthedocs.io/en/7.13.4/messages.html#warning-couldnt-parse
  coverage._warn(msg, slug="couldnt-parse")
/Library/Frameworks/Python.framework/Versions/3.13/lib/python3.13/site-packages/coverage/report_core.py:113: CoverageWarning: Couldn't parse '/Users/fulingwei/.openclaw/workspace/non-standard-automation-pms/app/services/metric_calculation_service.py': Couldn't use data file '/Users/fulingwei/.openclaw/workspace/non-standard-automation-pms/.coverage': no such table: tracer (couldnt-parse); see https://coverage.readthedocs.io/en/7.13.4/messages.html#warning-couldnt-parse
  coverage._warn(msg, slug="couldnt-parse")
/Library/Frameworks/Python.framework/Versions/3.13/lib/python3.13/site-packages/coverage/report_core.py:113: CoverageWarning: Couldn't parse '/Users/fulingwei/.openclaw/workspace/non-standard-automation-pms/app/services/milestone_service.py': Couldn't use data file '/Users/fulingwei/.openclaw/workspace/non-standard-automation-pms/.coverage': no such table: tracer (couldnt-parse); see https://coverage.readthedocs.io/en/7.13.4/messages.html#warning-couldnt-parse
  coverage._warn(msg, slug="couldnt-parse")
/Library/Frameworks/Python.framework/Versions/3.13/lib/python3.13/site-packages/coverage/report_core.py:113: CoverageWarning: Couldn't parse '/Users/fulingwei/.openclaw/workspace/non-standard-automation-pms/app/services/node_task_service.py': Couldn't use data file '/Users/fulingwei/.openclaw/workspace/non-standard-automation-pms/.coverage': no such table: tracer (couldnt-parse); see https://coverage.readthedocs.io/en/7.13.4/messages.html#warning-couldnt-parse
  coverage._warn(msg, slug="couldnt-parse")
/Library/Frameworks/Python.framework/Versions/3.13/lib/python3.13/site-packages/coverage/report_core.py:113: CoverageWarning: Couldn't parse '/Users/fulingwei/.openclaw/workspace/non-standard-automation-pms/app/services/notification_dispatcher.py': Couldn't use data file '/Users/fulingwei/.openclaw/workspace/non-standard-automation-pms/.coverage': no such table: tracer (couldnt-parse); see https://coverage.readthedocs.io/en/7.13.4/messages.html#warning-couldnt-parse
  coverage._warn(msg, slug="couldnt-parse")
/Library/Frameworks/Python.framework/Versions/3.13/lib/python3.13/site-packages/coverage/report_core.py:113: CoverageWarning: Couldn't parse '/Users/fulingwei/.openclaw/workspace/non-standard-automation-pms/app/services/notification_handlers/__init__.py': Couldn't use data file '/Users/fulingwei/.openclaw/workspace/non-standard-automation-pms/.coverage': no such table: tracer (couldnt-parse); see https://coverage.readthedocs.io/en/7.13.4/messages.html#warning-couldnt-parse
  coverage._warn(msg, slug="couldnt-parse")
/Library/Frameworks/Python.framework/Versions/3.13/lib/python3.13/site-packages/coverage/report_core.py:113: CoverageWarning: Couldn't parse '/Users/fulingwei/.openclaw/workspace/non-standard-automation-pms/app/services/notification_handlers/email_handler.py': Couldn't use data file '/Users/fulingwei/.openclaw/workspace/non-standard-automation-pms/.coverage': no such table: tracer (couldnt-parse); see https://coverage.readthedocs.io/en/7.13.4/messages.html#warning-couldnt-parse
  coverage._warn(msg, slug="couldnt-parse")
/Library/Frameworks/Python.framework/Versions/3.13/lib/python3.13/site-packages/coverage/report_core.py:113: CoverageWarning: Couldn't parse '/Users/fulingwei/.openclaw/workspace/non-standard-automation-pms/app/services/notification_handlers/sms_handler.py': Couldn't use data file '/Users/fulingwei/.openclaw/workspace/non-standard-automation-pms/.coverage': no such table: tracer (couldnt-parse); see https://coverage.readthedocs.io/en/7.13.4/messages.html#warning-couldnt-parse
  coverage._warn(msg, slug="couldnt-parse")
/Library/Frameworks/Python.framework/Versions/3.13/lib/python3.13/site-packages/coverage/report_core.py:113: CoverageWarning: Couldn't parse '/Users/fulingwei/.openclaw/workspace/non-standard-automation-pms/app/services/notification_handlers/system_handler.py': Couldn't use data file '/Users/fulingwei/.openclaw/workspace/non-standard-automation-pms/.coverage': no such table: tracer (couldnt-parse); see https://coverage.readthedocs.io/en/7.13.4/messages.html#warning-couldnt-parse
  coverage._warn(msg, slug="couldnt-parse")
/Library/Frameworks/Python.framework/Versions/3.13/lib/python3.13/site-packages/coverage/report_core.py:113: CoverageWarning: Couldn't parse '/Users/fulingwei/.openclaw/workspace/non-standard-automation-pms/app/services/notification_handlers/unified_adapter.py': Couldn't use data file '/Users/fulingwei/.openclaw/workspace/non-standard-automation-pms/.coverage': no such table: tracer (couldnt-parse); see https://coverage.readthedocs.io/en/7.13.4/messages.html#warning-couldnt-parse
  coverage._warn(msg, slug="couldnt-parse")
/Library/Frameworks/Python.framework/Versions/3.13/lib/python3.13/site-packages/coverage/report_core.py:113: CoverageWarning: Couldn't parse '/Users/fulingwei/.openclaw/workspace/non-standard-automation-pms/app/services/notification_handlers/wechat_handler.py': Couldn't use data file '/Users/fulingwei/.openclaw/workspace/non-standard-automation-pms/.coverage': no such table: tracer (couldnt-parse); see https://coverage.readthedocs.io/en/7.13.4/messages.html#warning-couldnt-parse
  coverage._warn(msg, slug="couldnt-parse")
/Library/Frameworks/Python.framework/Versions/3.13/lib/python3.13/site-packages/coverage/report_core.py:113: CoverageWarning: Couldn't parse '/Users/fulingwei/.openclaw/workspace/non-standard-automation-pms/app/services/notification_queue.py': Couldn't use data file '/Users/fulingwei/.openclaw/workspace/non-standard-automation-pms/.coverage': no such table: tracer (couldnt-parse); see https://coverage.readthedocs.io/en/7.13.4/messages.html#warning-couldnt-parse
  coverage._warn(msg, slug="couldnt-parse")
/Library/Frameworks/Python.framework/Versions/3.13/lib/python3.13/site-packages/coverage/report_core.py:113: CoverageWarning: Couldn't parse '/Users/fulingwei/.openclaw/workspace/non-standard-automation-pms/app/services/notification_service.py': Couldn't use data file '/Users/fulingwei/.openclaw/workspace/non-standard-automation-pms/.coverage': no such table: tracer (couldnt-parse); see https://coverage.readthedocs.io/en/7.13.4/messages.html#warning-couldnt-parse
  coverage._warn(msg, slug="couldnt-parse")
/Library/Frameworks/Python.framework/Versions/3.13/lib/python3.13/site-packages/coverage/report_core.py:113: CoverageWarning: Couldn't parse '/Users/fulingwei/.openclaw/workspace/non-standard-automation-pms/app/services/notification_utils.py': Couldn't use data file '/Users/fulingwei/.openclaw/workspace/non-standard-automation-pms/.coverage': no such table: tracer (couldnt-parse); see https://coverage.readthedocs.io/en/7.13.4/messages.html#warning-couldnt-parse
  coverage._warn(msg, slug="couldnt-parse")
/Library/Frameworks/Python.framework/Versions/3.13/lib/python3.13/site-packages/coverage/report_core.py:113: CoverageWarning: Couldn't parse '/Users/fulingwei/.openclaw/workspace/non-standard-automation-pms/app/services/outsourcing_workflow/__init__.py': Couldn't use data file '/Users/fulingwei/.openclaw/workspace/non-standard-automation-pms/.coverage': no such table: tracer (couldnt-parse); see https://coverage.readthedocs.io/en/7.13.4/messages.html#warning-couldnt-parse
  coverage._warn(msg, slug="couldnt-parse")
/Library/Frameworks/Python.framework/Versions/3.13/lib/python3.13/site-packages/coverage/report_core.py:113: CoverageWarning: Couldn't parse '/Users/fulingwei/.openclaw/workspace/non-standard-automation-pms/app/services/outsourcing_workflow/outsourcing_workflow_service.py': Couldn't use data file '/Users/fulingwei/.openclaw/workspace/non-standard-automation-pms/.coverage': no such table: tracer (couldnt-parse); see https://coverage.readthedocs.io/en/7.13.4/messages.html#warning-couldnt-parse
  coverage._warn(msg, slug="couldnt-parse")
/Library/Frameworks/Python.framework/Versions/3.13/lib/python3.13/site-packages/coverage/report_core.py:113: CoverageWarning: Couldn't parse '/Users/fulingwei/.openclaw/workspace/non-standard-automation-pms/app/services/overtime_calculation_service.py': Couldn't use data file '/Users/fulingwei/.openclaw/workspace/non-standard-automation-pms/.coverage': no such table: tracer (couldnt-parse); see https://coverage.readthedocs.io/en/7.13.4/messages.html#warning-couldnt-parse
  coverage._warn(msg, slug="couldnt-parse")
/Library/Frameworks/Python.framework/Versions/3.13/lib/python3.13/site-packages/coverage/report_core.py:113: CoverageWarning: Couldn't parse '/Users/fulingwei/.openclaw/workspace/non-standard-automation-pms/app/services/payment_adjustment_service.py': Couldn't use data file '/Users/fulingwei/.openclaw/workspace/non-standard-automation-pms/.coverage': no such table: tracer (couldnt-parse); see https://coverage.readthedocs.io/en/7.13.4/messages.html#warning-couldnt-parse
  coverage._warn(msg, slug="couldnt-parse")
/Library/Frameworks/Python.framework/Versions/3.13/lib/python3.13/site-packages/coverage/report_core.py:113: CoverageWarning: Couldn't parse '/Users/fulingwei/.openclaw/workspace/non-standard-automation-pms/app/services/payment_statistics_service.py': Couldn't use data file '/Users/fulingwei/.openclaw/workspace/non-standard-automation-pms/.coverage': no such table: tracer (couldnt-parse); see https://coverage.readthedocs.io/en/7.13.4/messages.html#warning-couldnt-parse
  coverage._warn(msg, slug="couldnt-parse")
/Library/Frameworks/Python.framework/Versions/3.13/lib/python3.13/site-packages/coverage/report_core.py:113: CoverageWarning: Couldn't parse '/Users/fulingwei/.openclaw/workspace/non-standard-automation-pms/app/services/pdf_content_builders.py': Couldn't use data file '/Users/fulingwei/.openclaw/workspace/non-standard-automation-pms/.coverage': no such table: tracer (couldnt-parse); see https://coverage.readthedocs.io/en/7.13.4/messages.html#warning-couldnt-parse
  coverage._warn(msg, slug="couldnt-parse")
/Library/Frameworks/Python.framework/Versions/3.13/lib/python3.13/site-packages/coverage/report_core.py:113: CoverageWarning: Couldn't parse '/Users/fulingwei/.openclaw/workspace/non-standard-automation-pms/app/services/pdf_export_service.py': Couldn't use data file '/Users/fulingwei/.openclaw/workspace/non-standard-automation-pms/.coverage': no such table: tracer (couldnt-parse); see https://coverage.readthedocs.io/en/7.13.4/messages.html#warning-couldnt-parse
  coverage._warn(msg, slug="couldnt-parse")
/Library/Frameworks/Python.framework/Versions/3.13/lib/python3.13/site-packages/coverage/report_core.py:113: CoverageWarning: Couldn't parse '/Users/fulingwei/.openclaw/workspace/non-standard-automation-pms/app/services/pdf_styles.py': Couldn't use data file '/Users/fulingwei/.openclaw/workspace/non-standard-automation-pms/.coverage': no such table: tracer (couldnt-parse); see https://coverage.readthedocs.io/en/7.13.4/messages.html#warning-couldnt-parse
  coverage._warn(msg, slug="couldnt-parse")
/Library/Frameworks/Python.framework/Versions/3.13/lib/python3.13/site-packages/coverage/report_core.py:113: CoverageWarning: Couldn't parse '/Users/fulingwei/.openclaw/workspace/non-standard-automation-pms/app/services/performance_collector/__init__.py': Couldn't use data file '/Users/fulingwei/.openclaw/workspace/non-standard-automation-pms/.coverage': no such table: tracer (couldnt-parse); see https://coverage.readthedocs.io/en/7.13.4/messages.html#warning-couldnt-parse
  coverage._warn(msg, slug="couldnt-parse")
/Library/Frameworks/Python.framework/Versions/3.13/lib/python3.13/site-packages/coverage/report_core.py:113: CoverageWarning: Couldn't parse '/Users/fulingwei/.openclaw/workspace/non-standard-automation-pms/app/services/performance_collector/aggregator.py': Couldn't use data file '/Users/fulingwei/.openclaw/workspace/non-standard-automation-pms/.coverage': no such table: tracer (couldnt-parse); see https://coverage.readthedocs.io/en/7.13.4/messages.html#warning-couldnt-parse
  coverage._warn(msg, slug="couldnt-parse")
/Library/Frameworks/Python.framework/Versions/3.13/lib/python3.13/site-packages/coverage/report_core.py:113: CoverageWarning: Couldn't parse '/Users/fulingwei/.openclaw/workspace/non-standard-automation-pms/app/services/performance_collector/base.py': Couldn't use data file '/Users/fulingwei/.openclaw/workspace/non-standard-automation-pms/.coverage': no such table: tracer (couldnt-parse); see https://coverage.readthedocs.io/en/7.13.4/messages.html#warning-couldnt-parse
  coverage._warn(msg, slug="couldnt-parse")
/Library/Frameworks/Python.framework/Versions/3.13/lib/python3.13/site-packages/coverage/report_core.py:113: CoverageWarning: Couldn't parse '/Users/fulingwei/.openclaw/workspace/non-standard-automation-pms/app/services/performance_collector/bom_collector.py': Couldn't use data file '/Users/fulingwei/.openclaw/workspace/non-standard-automation-pms/.coverage': no such table: tracer (couldnt-parse); see https://coverage.readthedocs.io/en/7.13.4/messages.html#warning-couldnt-parse
  coverage._warn(msg, slug="couldnt-parse")
/Library/Frameworks/Python.framework/Versions/3.13/lib/python3.13/site-packages/coverage/report_core.py:113: CoverageWarning: Couldn't parse '/Users/fulingwei/.openclaw/workspace/non-standard-automation-pms/app/services/performance_collector/constants.py': Couldn't use data file '/Users/fulingwei/.openclaw/workspace/non-standard-automation-pms/.coverage': no such table: tracer (couldnt-parse); see https://coverage.readthedocs.io/en/7.13.4/messages.html#warning-couldnt-parse
  coverage._warn(msg, slug="couldnt-parse")
/Library/Frameworks/Python.framework/Versions/3.13/lib/python3.13/site-packages/coverage/report_core.py:113: CoverageWarning: Couldn't parse '/Users/fulingwei/.openclaw/workspace/non-standard-automation-pms/app/services/performance_collector/design_collector.py': Couldn't use data file '/Users/fulingwei/.openclaw/workspace/non-standard-automation-pms/.coverage': no such table: tracer (couldnt-parse); see https://coverage.readthedocs.io/en/7.13.4/messages.html#warning-couldnt-parse
  coverage._warn(msg, slug="couldnt-parse")
/Library/Frameworks/Python.framework/Versions/3.13/lib/python3.13/site-packages/coverage/report_core.py:113: CoverageWarning: Couldn't parse '/Users/fulingwei/.openclaw/workspace/non-standard-automation-pms/app/services/performance_collector/ecn_collector.py': Couldn't use data file '/Users/fulingwei/.openclaw/workspace/non-standard-automation-pms/.coverage': no such table: tracer (couldnt-parse); see https://coverage.readthedocs.io/en/7.13.4/messages.html#warning-couldnt-parse
  coverage._warn(msg, slug="couldnt-parse")
/Library/Frameworks/Python.framework/Versions/3.13/lib/python3.13/site-packages/coverage/report_core.py:113: CoverageWarning: Couldn't parse '/Users/fulingwei/.openclaw/workspace/non-standard-automation-pms/app/services/performance_collector/knowledge_collector.py': Couldn't use data file '/Users/fulingwei/.openclaw/workspace/non-standard-automation-pms/.coverage': no such table: tracer (couldnt-parse); see https://coverage.readthedocs.io/en/7.13.4/messages.html#warning-couldnt-parse
  coverage._warn(msg, slug="couldnt-parse")
/Library/Frameworks/Python.framework/Versions/3.13/lib/python3.13/site-packages/coverage/report_core.py:113: CoverageWarning: Couldn't parse '/Users/fulingwei/.openclaw/workspace/non-standard-automation-pms/app/services/performance_collector/project_collector.py': Couldn't use data file '/Users/fulingwei/.openclaw/workspace/non-standard-automation-pms/.coverage': no such table: tracer (couldnt-parse); see https://coverage.readthedocs.io/en/7.13.4/messages.html#warning-couldnt-parse
  coverage._warn(msg, slug="couldnt-parse")
/Library/Frameworks/Python.framework/Versions/3.13/lib/python3.13/site-packages/coverage/report_core.py:113: CoverageWarning: Couldn't parse '/Users/fulingwei/.openclaw/workspace/non-standard-automation-pms/app/services/performance_collector/work_log.py': Couldn't use data file '/Users/fulingwei/.openclaw/workspace/non-standard-automation-pms/.coverage': no such table: tracer (couldnt-parse); see https://coverage.readthedocs.io/en/7.13.4/messages.html#warning-couldnt-parse
  coverage._warn(msg, slug="couldnt-parse")
/Library/Frameworks/Python.framework/Versions/3.13/lib/python3.13/site-packages/coverage/report_core.py:113: CoverageWarning: Couldn't parse '/Users/fulingwei/.openclaw/workspace/non-standard-automation-pms/app/services/performance_collector/work_log_collector.py': Couldn't use data file '/Users/fulingwei/.openclaw/workspace/non-standard-automation-pms/.coverage': no such table: tracer (couldnt-parse); see https://coverage.readthedocs.io/en/7.13.4/messages.html#warning-couldnt-parse
  coverage._warn(msg, slug="couldnt-parse")
/Library/Frameworks/Python.framework/Versions/3.13/lib/python3.13/site-packages/coverage/report_core.py:113: CoverageWarning: Couldn't parse '/Users/fulingwei/.openclaw/workspace/non-standard-automation-pms/app/services/performance_feedback_service.py': Couldn't use data file '/Users/fulingwei/.openclaw/workspace/non-standard-automation-pms/.coverage': no such table: tracer (couldnt-parse); see https://coverage.readthedocs.io/en/7.13.4/messages.html#warning-couldnt-parse
  coverage._warn(msg, slug="couldnt-parse")
/Library/Frameworks/Python.framework/Versions/3.13/lib/python3.13/site-packages/coverage/report_core.py:113: CoverageWarning: Couldn't parse '/Users/fulingwei/.openclaw/workspace/non-standard-automation-pms/app/services/performance_integration_service.py': Couldn't use data file '/Users/fulingwei/.openclaw/workspace/non-standard-automation-pms/.coverage': no such table: tracer (couldnt-parse); see https://coverage.readthedocs.io/en/7.13.4/messages.html#warning-couldnt-parse
  coverage._warn(msg, slug="couldnt-parse")
/Library/Frameworks/Python.framework/Versions/3.13/lib/python3.13/site-packages/coverage/report_core.py:113: CoverageWarning: Couldn't parse '/Users/fulingwei/.openclaw/workspace/non-standard-automation-pms/app/services/performance_service/__init__.py': Couldn't use data file '/Users/fulingwei/.openclaw/workspace/non-standard-automation-pms/.coverage': no such table: tracer (couldnt-parse); see https://coverage.readthedocs.io/en/7.13.4/messages.html#warning-couldnt-parse
  coverage._warn(msg, slug="couldnt-parse")
/Library/Frameworks/Python.framework/Versions/3.13/lib/python3.13/site-packages/coverage/report_core.py:113: CoverageWarning: Couldn't parse '/Users/fulingwei/.openclaw/workspace/non-standard-automation-pms/app/services/performance_service/base.py': Couldn't use data file '/Users/fulingwei/.openclaw/workspace/non-standard-automation-pms/.coverage': no such table: tracer (couldnt-parse); see https://coverage.readthedocs.io/en/7.13.4/messages.html#warning-couldnt-parse
  coverage._warn(msg, slug="couldnt-parse")
/Library/Frameworks/Python.framework/Versions/3.13/lib/python3.13/site-packages/coverage/report_core.py:113: CoverageWarning: Couldn't parse '/Users/fulingwei/.openclaw/workspace/non-standard-automation-pms/app/services/performance_service/calculation.py': Couldn't use data file '/Users/fulingwei/.openclaw/workspace/non-standard-automation-pms/.coverage': no such table: tracer (couldnt-parse); see https://coverage.readthedocs.io/en/7.13.4/messages.html#warning-couldnt-parse
  coverage._warn(msg, slug="couldnt-parse")
/Library/Frameworks/Python.framework/Versions/3.13/lib/python3.13/site-packages/coverage/report_core.py:113: CoverageWarning: Couldn't parse '/Users/fulingwei/.openclaw/workspace/non-standard-automation-pms/app/services/performance_service/evaluation.py': Couldn't use data file '/Users/fulingwei/.openclaw/workspace/non-standard-automation-pms/.coverage': no such table: tracer (couldnt-parse); see https://coverage.readthedocs.io/en/7.13.4/messages.html#warning-couldnt-parse
  coverage._warn(msg, slug="couldnt-parse")
/Library/Frameworks/Python.framework/Versions/3.13/lib/python3.13/site-packages/coverage/report_core.py:113: CoverageWarning: Couldn't parse '/Users/fulingwei/.openclaw/workspace/non-standard-automation-pms/app/services/performance_service/history.py': Couldn't use data file '/Users/fulingwei/.openclaw/workspace/non-standard-automation-pms/.coverage': no such table: tracer (couldnt-parse); see https://coverage.readthedocs.io/en/7.13.4/messages.html#warning-couldnt-parse
  coverage._warn(msg, slug="couldnt-parse")
/Library/Frameworks/Python.framework/Versions/3.13/lib/python3.13/site-packages/coverage/report_core.py:113: CoverageWarning: Couldn't parse '/Users/fulingwei/.openclaw/workspace/non-standard-automation-pms/app/services/performance_service/roles.py': Couldn't use data file '/Users/fulingwei/.openclaw/workspace/non-standard-automation-pms/.coverage': no such table: tracer (couldnt-parse); see https://coverage.readthedocs.io/en/7.13.4/messages.html#warning-couldnt-parse
  coverage._warn(msg, slug="couldnt-parse")
/Library/Frameworks/Python.framework/Versions/3.13/lib/python3.13/site-packages/coverage/report_core.py:113: CoverageWarning: Couldn't parse '/Users/fulingwei/.openclaw/workspace/non-standard-automation-pms/app/services/performance_stats_service.py': Couldn't use data file '/Users/fulingwei/.openclaw/workspace/non-standard-automation-pms/.coverage': no such table: tracer (couldnt-parse); see https://coverage.readthedocs.io/en/7.13.4/messages.html#warning-couldnt-parse
  coverage._warn(msg, slug="couldnt-parse")
/Library/Frameworks/Python.framework/Versions/3.13/lib/python3.13/site-packages/coverage/report_core.py:113: CoverageWarning: Couldn't parse '/Users/fulingwei/.openclaw/workspace/non-standard-automation-pms/app/services/performance_trend_service.py': Couldn't use data file '/Users/fulingwei/.openclaw/workspace/non-standard-automation-pms/.coverage': no such table: tracer (couldnt-parse); see https://coverage.readthedocs.io/en/7.13.4/messages.html#warning-couldnt-parse
  coverage._warn(msg, slug="couldnt-parse")
/Library/Frameworks/Python.framework/Versions/3.13/lib/python3.13/site-packages/coverage/report_core.py:113: CoverageWarning: Couldn't parse '/Users/fulingwei/.openclaw/workspace/non-standard-automation-pms/app/services/permission_audit_service.py': Couldn't use data file '/Users/fulingwei/.openclaw/workspace/non-standard-automation-pms/.coverage': no such table: tracer (couldnt-parse); see https://coverage.readthedocs.io/en/7.13.4/messages.html#warning-couldnt-parse
  coverage._warn(msg, slug="couldnt-parse")
/Library/Frameworks/Python.framework/Versions/3.13/lib/python3.13/site-packages/coverage/report_core.py:113: CoverageWarning: Couldn't parse '/Users/fulingwei/.openclaw/workspace/non-standard-automation-pms/app/services/permission_cache_service.py': Couldn't use data file '/Users/fulingwei/.openclaw/workspace/non-standard-automation-pms/.coverage': no such table: tracer (couldnt-parse); see https://coverage.readthedocs.io/en/7.13.4/messages.html#warning-couldnt-parse
  coverage._warn(msg, slug="couldnt-parse")
/Library/Frameworks/Python.framework/Versions/3.13/lib/python3.13/site-packages/coverage/report_core.py:113: CoverageWarning: Couldn't parse '/Users/fulingwei/.openclaw/workspace/non-standard-automation-pms/app/services/permission_crud_service.py': Couldn't use data file '/Users/fulingwei/.openclaw/workspace/non-standard-automation-pms/.coverage': no such table: tracer (couldnt-parse); see https://coverage.readthedocs.io/en/7.13.4/messages.html#warning-couldnt-parse
  coverage._warn(msg, slug="couldnt-parse")
/Library/Frameworks/Python.framework/Versions/3.13/lib/python3.13/site-packages/coverage/report_core.py:113: CoverageWarning: Couldn't parse '/Users/fulingwei/.openclaw/workspace/non-standard-automation-pms/app/services/permission_management/__init__.py': Couldn't use data file '/Users/fulingwei/.openclaw/workspace/non-standard-automation-pms/.coverage': no such table: tracer (couldnt-parse); see https://coverage.readthedocs.io/en/7.13.4/messages.html#warning-couldnt-parse
  coverage._warn(msg, slug="couldnt-parse")
/Library/Frameworks/Python.framework/Versions/3.13/lib/python3.13/site-packages/coverage/report_core.py:113: CoverageWarning: Couldn't parse '/Users/fulingwei/.openclaw/workspace/non-standard-automation-pms/app/services/permission_management/permission_management_service.py': Couldn't use data file '/Users/fulingwei/.openclaw/workspace/non-standard-automation-pms/.coverage': no such table: tracer (couldnt-parse); see https://coverage.readthedocs.io/en/7.13.4/messages.html#warning-couldnt-parse
  coverage._warn(msg, slug="couldnt-parse")
/Library/Frameworks/Python.framework/Versions/3.13/lib/python3.13/site-packages/coverage/report_core.py:113: CoverageWarning: Couldn't parse '/Users/fulingwei/.openclaw/workspace/non-standard-automation-pms/app/services/permission_service.py': Couldn't use data file '/Users/fulingwei/.openclaw/workspace/non-standard-automation-pms/.coverage': no such table: tracer (couldnt-parse); see https://coverage.readthedocs.io/en/7.13.4/messages.html#warning-couldnt-parse
  coverage._warn(msg, slug="couldnt-parse")
/Library/Frameworks/Python.framework/Versions/3.13/lib/python3.13/site-packages/coverage/report_core.py:113: CoverageWarning: Couldn't parse '/Users/fulingwei/.openclaw/workspace/non-standard-automation-pms/app/services/pipeline_accountability_service.py': Couldn't use data file '/Users/fulingwei/.openclaw/workspace/non-standard-automation-pms/.coverage': no such table: tracer (couldnt-parse); see https://coverage.readthedocs.io/en/7.13.4/messages.html#warning-couldnt-parse
  coverage._warn(msg, slug="couldnt-parse")
/Library/Frameworks/Python.framework/Versions/3.13/lib/python3.13/site-packages/coverage/report_core.py:113: CoverageWarning: Couldn't parse '/Users/fulingwei/.openclaw/workspace/non-standard-automation-pms/app/services/pipeline_break_analysis_service.py': Couldn't use data file '/Users/fulingwei/.openclaw/workspace/non-standard-automation-pms/.coverage': no such table: tracer (couldnt-parse); see https://coverage.readthedocs.io/en/7.13.4/messages.html#warning-couldnt-parse
  coverage._warn(msg, slug="couldnt-parse")
/Library/Frameworks/Python.framework/Versions/3.13/lib/python3.13/site-packages/coverage/report_core.py:113: CoverageWarning: Couldn't parse '/Users/fulingwei/.openclaw/workspace/non-standard-automation-pms/app/services/pipeline_health_service.py': Couldn't use data file '/Users/fulingwei/.openclaw/workspace/non-standard-automation-pms/.coverage': no such table: tracer (couldnt-parse); see https://coverage.readthedocs.io/en/7.13.4/messages.html#warning-couldnt-parse
  coverage._warn(msg, slug="couldnt-parse")
/Library/Frameworks/Python.framework/Versions/3.13/lib/python3.13/site-packages/coverage/report_core.py:113: CoverageWarning: Couldn't parse '/Users/fulingwei/.openclaw/workspace/non-standard-automation-pms/app/services/pitfall/__init__.py': Couldn't use data file '/Users/fulingwei/.openclaw/workspace/non-standard-automation-pms/.coverage': no such table: tracer (couldnt-parse); see https://coverage.readthedocs.io/en/7.13.4/messages.html#warning-couldnt-parse
  coverage._warn(msg, slug="couldnt-parse")
/Library/Frameworks/Python.framework/Versions/3.13/lib/python3.13/site-packages/coverage/report_core.py:113: CoverageWarning: Couldn't parse '/Users/fulingwei/.openclaw/workspace/non-standard-automation-pms/app/services/pitfall/pitfall_service.py': Couldn't use data file '/Users/fulingwei/.openclaw/workspace/non-standard-automation-pms/.coverage': no such table: tracer (couldnt-parse); see https://coverage.readthedocs.io/en/7.13.4/messages.html#warning-couldnt-parse
  coverage._warn(msg, slug="couldnt-parse")
/Library/Frameworks/Python.framework/Versions/3.13/lib/python3.13/site-packages/coverage/report_core.py:113: CoverageWarning: Couldn't parse '/Users/fulingwei/.openclaw/workspace/non-standard-automation-pms/app/services/pm_involvement_service.py': Couldn't use data file '/Users/fulingwei/.openclaw/workspace/non-standard-automation-pms/.coverage': no such table: tracer (couldnt-parse); see https://coverage.readthedocs.io/en/7.13.4/messages.html#warning-couldnt-parse
  coverage._warn(msg, slug="couldnt-parse")
/Library/Frameworks/Python.framework/Versions/3.13/lib/python3.13/site-packages/coverage/report_core.py:113: CoverageWarning: Couldn't parse '/Users/fulingwei/.openclaw/workspace/non-standard-automation-pms/app/services/pmo_cockpit/__init__.py': Couldn't use data file '/Users/fulingwei/.openclaw/workspace/non-standard-automation-pms/.coverage': no such table: tracer (couldnt-parse); see https://coverage.readthedocs.io/en/7.13.4/messages.html#warning-couldnt-parse
  coverage._warn(msg, slug="couldnt-parse")
/Library/Frameworks/Python.framework/Versions/3.13/lib/python3.13/site-packages/coverage/report_core.py:113: CoverageWarning: Couldn't parse '/Users/fulingwei/.openclaw/workspace/non-standard-automation-pms/app/services/pmo_cockpit/pmo_cockpit_service.py': Couldn't use data file '/Users/fulingwei/.openclaw/workspace/non-standard-automation-pms/.coverage': no such table: tracer (couldnt-parse); see https://coverage.readthedocs.io/en/7.13.4/messages.html#warning-couldnt-parse
  coverage._warn(msg, slug="couldnt-parse")
/Library/Frameworks/Python.framework/Versions/3.13/lib/python3.13/site-packages/coverage/report_core.py:113: CoverageWarning: Couldn't parse '/Users/fulingwei/.openclaw/workspace/non-standard-automation-pms/app/services/pmo_initiation/__init__.py': Couldn't use data file '/Users/fulingwei/.openclaw/workspace/non-standard-automation-pms/.coverage': no such table: tracer (couldnt-parse); see https://coverage.readthedocs.io/en/7.13.4/messages.html#warning-couldnt-parse
  coverage._warn(msg, slug="couldnt-parse")
/Library/Frameworks/Python.framework/Versions/3.13/lib/python3.13/site-packages/coverage/report_core.py:113: CoverageWarning: Couldn't parse '/Users/fulingwei/.openclaw/workspace/non-standard-automation-pms/app/services/pmo_initiation/service.py': Couldn't use data file '/Users/fulingwei/.openclaw/workspace/non-standard-automation-pms/.coverage': no such table: tracer (couldnt-parse); see https://coverage.readthedocs.io/en/7.13.4/messages.html#warning-couldnt-parse
  coverage._warn(msg, slug="couldnt-parse")
/Library/Frameworks/Python.framework/Versions/3.13/lib/python3.13/site-packages/coverage/report_core.py:113: CoverageWarning: Couldn't parse '/Users/fulingwei/.openclaw/workspace/non-standard-automation-pms/app/services/ppt_generator/__init__.py': Couldn't use data file '/Users/fulingwei/.openclaw/workspace/non-standard-automation-pms/.coverage': no such table: tracer (couldnt-parse); see https://coverage.readthedocs.io/en/7.13.4/messages.html#warning-couldnt-parse
  coverage._warn(msg, slug="couldnt-parse")
/Library/Frameworks/Python.framework/Versions/3.13/lib/python3.13/site-packages/coverage/report_core.py:113: CoverageWarning: Couldn't parse '/Users/fulingwei/.openclaw/workspace/non-standard-automation-pms/app/services/ppt_generator/base_builder.py': Couldn't use data file '/Users/fulingwei/.openclaw/workspace/non-standard-automation-pms/.coverage': no such table: tracer (couldnt-parse); see https://coverage.readthedocs.io/en/7.13.4/messages.html#warning-couldnt-parse
  coverage._warn(msg, slug="couldnt-parse")
/Library/Frameworks/Python.framework/Versions/3.13/lib/python3.13/site-packages/coverage/report_core.py:113: CoverageWarning: Couldn't parse '/Users/fulingwei/.openclaw/workspace/non-standard-automation-pms/app/services/ppt_generator/config.py': Couldn't use data file '/Users/fulingwei/.openclaw/workspace/non-standard-automation-pms/.coverage': no such table: tracer (couldnt-parse); see https://coverage.readthedocs.io/en/7.13.4/messages.html#warning-couldnt-parse
  coverage._warn(msg, slug="couldnt-parse")
/Library/Frameworks/Python.framework/Versions/3.13/lib/python3.13/site-packages/coverage/report_core.py:113: CoverageWarning: Couldn't parse '/Users/fulingwei/.openclaw/workspace/non-standard-automation-pms/app/services/ppt_generator/content_builder.py': Couldn't use data file '/Users/fulingwei/.openclaw/workspace/non-standard-automation-pms/.coverage': no such table: tracer (couldnt-parse); see https://coverage.readthedocs.io/en/7.13.4/messages.html#warning-couldnt-parse
  coverage._warn(msg, slug="couldnt-parse")
/Library/Frameworks/Python.framework/Versions/3.13/lib/python3.13/site-packages/coverage/report_core.py:113: CoverageWarning: Couldn't parse '/Users/fulingwei/.openclaw/workspace/non-standard-automation-pms/app/services/ppt_generator/generator.py': Couldn't use data file '/Users/fulingwei/.openclaw/workspace/non-standard-automation-pms/.coverage': no such table: tracer (couldnt-parse); see https://coverage.readthedocs.io/en/7.13.4/messages.html#warning-couldnt-parse
  coverage._warn(msg, slug="couldnt-parse")
/Library/Frameworks/Python.framework/Versions/3.13/lib/python3.13/site-packages/coverage/report_core.py:113: CoverageWarning: Couldn't parse '/Users/fulingwei/.openclaw/workspace/non-standard-automation-pms/app/services/ppt_generator/table_builder.py': Couldn't use data file '/Users/fulingwei/.openclaw/workspace/non-standard-automation-pms/.coverage': no such table: tracer (couldnt-parse); see https://coverage.readthedocs.io/en/7.13.4/messages.html#warning-couldnt-parse
  coverage._warn(msg, slug="couldnt-parse")
/Library/Frameworks/Python.framework/Versions/3.13/lib/python3.13/site-packages/coverage/report_core.py:113: CoverageWarning: Couldn't parse '/Users/fulingwei/.openclaw/workspace/non-standard-automation-pms/app/services/presale_ai_export_service.py': Couldn't use data file '/Users/fulingwei/.openclaw/workspace/non-standard-automation-pms/.coverage': no such table: tracer (couldnt-parse); see https://coverage.readthedocs.io/en/7.13.4/messages.html#warning-couldnt-parse
  coverage._warn(msg, slug="couldnt-parse")
/Library/Frameworks/Python.framework/Versions/3.13/lib/python3.13/site-packages/coverage/report_core.py:113: CoverageWarning: Couldn't parse '/Users/fulingwei/.openclaw/workspace/non-standard-automation-pms/app/services/presale_ai_integration.py': Couldn't use data file '/Users/fulingwei/.openclaw/workspace/non-standard-automation-pms/.coverage': no such table: tracer (couldnt-parse); see https://coverage.readthedocs.io/en/7.13.4/messages.html#warning-couldnt-parse
  coverage._warn(msg, slug="couldnt-parse")
/Library/Frameworks/Python.framework/Versions/3.13/lib/python3.13/site-packages/coverage/report_core.py:113: CoverageWarning: Couldn't parse '/Users/fulingwei/.openclaw/workspace/non-standard-automation-pms/app/services/presale_ai_knowledge_service.py': Couldn't use data file '/Users/fulingwei/.openclaw/workspace/non-standard-automation-pms/.coverage': no such table: tracer (couldnt-parse); see https://coverage.readthedocs.io/en/7.13.4/messages.html#warning-couldnt-parse
  coverage._warn(msg, slug="couldnt-parse")
/Library/Frameworks/Python.framework/Versions/3.13/lib/python3.13/site-packages/coverage/report_core.py:113: CoverageWarning: Couldn't parse '/Users/fulingwei/.openclaw/workspace/non-standard-automation-pms/app/services/presale_ai_quotation_service.py': Couldn't use data file '/Users/fulingwei/.openclaw/workspace/non-standard-automation-pms/.coverage': no such table: tracer (couldnt-parse); see https://coverage.readthedocs.io/en/7.13.4/messages.html#warning-couldnt-parse
  coverage._warn(msg, slug="couldnt-parse")
/Library/Frameworks/Python.framework/Versions/3.13/lib/python3.13/site-packages/coverage/report_core.py:113: CoverageWarning: Couldn't parse '/Users/fulingwei/.openclaw/workspace/non-standard-automation-pms/app/services/presale_ai_requirement_service.py': Couldn't use data file '/Users/fulingwei/.openclaw/workspace/non-standard-automation-pms/.coverage': no such table: tracer (couldnt-parse); see https://coverage.readthedocs.io/en/7.13.4/messages.html#warning-couldnt-parse
  coverage._warn(msg, slug="couldnt-parse")
/Library/Frameworks/Python.framework/Versions/3.13/lib/python3.13/site-packages/coverage/report_core.py:113: CoverageWarning: Couldn't parse '/Users/fulingwei/.openclaw/workspace/non-standard-automation-pms/app/services/presale_ai_service.py': Couldn't use data file '/Users/fulingwei/.openclaw/workspace/non-standard-automation-pms/.coverage': no such table: tracer (couldnt-parse); see https://coverage.readthedocs.io/en/7.13.4/messages.html#warning-couldnt-parse
  coverage._warn(msg, slug="couldnt-parse")
/Library/Frameworks/Python.framework/Versions/3.13/lib/python3.13/site-packages/coverage/report_core.py:113: CoverageWarning: Couldn't parse '/Users/fulingwei/.openclaw/workspace/non-standard-automation-pms/app/services/presale_ai_template_service.py': Couldn't use data file '/Users/fulingwei/.openclaw/workspace/non-standard-automation-pms/.coverage': no such table: tracer (couldnt-parse); see https://coverage.readthedocs.io/en/7.13.4/messages.html#warning-couldnt-parse
  coverage._warn(msg, slug="couldnt-parse")
/Library/Frameworks/Python.framework/Versions/3.13/lib/python3.13/site-packages/coverage/report_core.py:113: CoverageWarning: Couldn't parse '/Users/fulingwei/.openclaw/workspace/non-standard-automation-pms/app/services/presale_mobile_service.py': Couldn't use data file '/Users/fulingwei/.openclaw/workspace/non-standard-automation-pms/.coverage': no such table: tracer (couldnt-parse); see https://coverage.readthedocs.io/en/7.13.4/messages.html#warning-couldnt-parse
  coverage._warn(msg, slug="couldnt-parse")
/Library/Frameworks/Python.framework/Versions/3.13/lib/python3.13/site-packages/coverage/report_core.py:113: CoverageWarning: Couldn't parse '/Users/fulingwei/.openclaw/workspace/non-standard-automation-pms/app/services/preset_stage_templates/__init__.py': Couldn't use data file '/Users/fulingwei/.openclaw/workspace/non-standard-automation-pms/.coverage': no such table: tracer (couldnt-parse); see https://coverage.readthedocs.io/en/7.13.4/messages.html#warning-couldnt-parse
  coverage._warn(msg, slug="couldnt-parse")
/Library/Frameworks/Python.framework/Versions/3.13/lib/python3.13/site-packages/coverage/report_core.py:113: CoverageWarning: Couldn't parse '/Users/fulingwei/.openclaw/workspace/non-standard-automation-pms/app/services/procurement_analysis/__init__.py': Couldn't use data file '/Users/fulingwei/.openclaw/workspace/non-standard-automation-pms/.coverage': no such table: tracer (couldnt-parse); see https://coverage.readthedocs.io/en/7.13.4/messages.html#warning-couldnt-parse
  coverage._warn(msg, slug="couldnt-parse")
/Library/Frameworks/Python.framework/Versions/3.13/lib/python3.13/site-packages/coverage/report_core.py:113: CoverageWarning: Couldn't parse '/Users/fulingwei/.openclaw/workspace/non-standard-automation-pms/app/services/procurement_analysis/base.py': Couldn't use data file '/Users/fulingwei/.openclaw/workspace/non-standard-automation-pms/.coverage': no such table: tracer (couldnt-parse); see https://coverage.readthedocs.io/en/7.13.4/messages.html#warning-couldnt-parse
  coverage._warn(msg, slug="couldnt-parse")
/Library/Frameworks/Python.framework/Versions/3.13/lib/python3.13/site-packages/coverage/report_core.py:113: CoverageWarning: Couldn't parse '/Users/fulingwei/.openclaw/workspace/non-standard-automation-pms/app/services/procurement_analysis/cost_trend.py': Couldn't use data file '/Users/fulingwei/.openclaw/workspace/non-standard-automation-pms/.coverage': no such table: tracer (couldnt-parse); see https://coverage.readthedocs.io/en/7.13.4/messages.html#warning-couldnt-parse
  coverage._warn(msg, slug="couldnt-parse")
/Library/Frameworks/Python.framework/Versions/3.13/lib/python3.13/site-packages/coverage/report_core.py:113: CoverageWarning: Couldn't parse '/Users/fulingwei/.openclaw/workspace/non-standard-automation-pms/app/services/procurement_analysis/cost_trend_analyzer.py': Couldn't use data file '/Users/fulingwei/.openclaw/workspace/non-standard-automation-pms/.coverage': no such table: tracer (couldnt-parse); see https://coverage.readthedocs.io/en/7.13.4/messages.html#warning-couldnt-parse
  coverage._warn(msg, slug="couldnt-parse")
/Library/Frameworks/Python.framework/Versions/3.13/lib/python3.13/site-packages/coverage/report_core.py:113: CoverageWarning: Couldn't parse '/Users/fulingwei/.openclaw/workspace/non-standard-automation-pms/app/services/procurement_analysis/delivery_analyzer.py': Couldn't use data file '/Users/fulingwei/.openclaw/workspace/non-standard-automation-pms/.coverage': no such table: tracer (couldnt-parse); see https://coverage.readthedocs.io/en/7.13.4/messages.html#warning-couldnt-parse
  coverage._warn(msg, slug="couldnt-parse")
/Library/Frameworks/Python.framework/Versions/3.13/lib/python3.13/site-packages/coverage/report_core.py:113: CoverageWarning: Couldn't parse '/Users/fulingwei/.openclaw/workspace/non-standard-automation-pms/app/services/procurement_analysis/delivery_performance.py': Couldn't use data file '/Users/fulingwei/.openclaw/workspace/non-standard-automation-pms/.coverage': no such table: tracer (couldnt-parse); see https://coverage.readthedocs.io/en/7.13.4/messages.html#warning-couldnt-parse
  coverage._warn(msg, slug="couldnt-parse")
/Library/Frameworks/Python.framework/Versions/3.13/lib/python3.13/site-packages/coverage/report_core.py:113: CoverageWarning: Couldn't parse '/Users/fulingwei/.openclaw/workspace/non-standard-automation-pms/app/services/procurement_analysis/efficiency_analyzer.py': Couldn't use data file '/Users/fulingwei/.openclaw/workspace/non-standard-automation-pms/.coverage': no such table: tracer (couldnt-parse); see https://coverage.readthedocs.io/en/7.13.4/messages.html#warning-couldnt-parse
  coverage._warn(msg, slug="couldnt-parse")
/Library/Frameworks/Python.framework/Versions/3.13/lib/python3.13/site-packages/coverage/report_core.py:113: CoverageWarning: Couldn't parse '/Users/fulingwei/.openclaw/workspace/non-standard-automation-pms/app/services/procurement_analysis/price_analysis.py': Couldn't use data file '/Users/fulingwei/.openclaw/workspace/non-standard-automation-pms/.coverage': no such table: tracer (couldnt-parse); see https://coverage.readthedocs.io/en/7.13.4/messages.html#warning-couldnt-parse
  coverage._warn(msg, slug="couldnt-parse")
/Library/Frameworks/Python.framework/Versions/3.13/lib/python3.13/site-packages/coverage/report_core.py:113: CoverageWarning: Couldn't parse '/Users/fulingwei/.openclaw/workspace/non-standard-automation-pms/app/services/procurement_analysis/price_analyzer.py': Couldn't use data file '/Users/fulingwei/.openclaw/workspace/non-standard-automation-pms/.coverage': no such table: tracer (couldnt-parse); see https://coverage.readthedocs.io/en/7.13.4/messages.html#warning-couldnt-parse
  coverage._warn(msg, slug="couldnt-parse")
/Library/Frameworks/Python.framework/Versions/3.13/lib/python3.13/site-packages/coverage/report_core.py:113: CoverageWarning: Couldn't parse '/Users/fulingwei/.openclaw/workspace/non-standard-automation-pms/app/services/procurement_analysis/quality_analysis.py': Couldn't use data file '/Users/fulingwei/.openclaw/workspace/non-standard-automation-pms/.coverage': no such table: tracer (couldnt-parse); see https://coverage.readthedocs.io/en/7.13.4/messages.html#warning-couldnt-parse
  coverage._warn(msg, slug="couldnt-parse")
/Library/Frameworks/Python.framework/Versions/3.13/lib/python3.13/site-packages/coverage/report_core.py:113: CoverageWarning: Couldn't parse '/Users/fulingwei/.openclaw/workspace/non-standard-automation-pms/app/services/procurement_analysis/quality_analyzer.py': Couldn't use data file '/Users/fulingwei/.openclaw/workspace/non-standard-automation-pms/.coverage': no such table: tracer (couldnt-parse); see https://coverage.readthedocs.io/en/7.13.4/messages.html#warning-couldnt-parse
  coverage._warn(msg, slug="couldnt-parse")
/Library/Frameworks/Python.framework/Versions/3.13/lib/python3.13/site-packages/coverage/report_core.py:113: CoverageWarning: Couldn't parse '/Users/fulingwei/.openclaw/workspace/non-standard-automation-pms/app/services/procurement_analysis/request_efficiency.py': Couldn't use data file '/Users/fulingwei/.openclaw/workspace/non-standard-automation-pms/.coverage': no such table: tracer (couldnt-parse); see https://coverage.readthedocs.io/en/7.13.4/messages.html#warning-couldnt-parse
  coverage._warn(msg, slug="couldnt-parse")
/Library/Frameworks/Python.framework/Versions/3.13/lib/python3.13/site-packages/coverage/report_core.py:113: CoverageWarning: Couldn't parse '/Users/fulingwei/.openclaw/workspace/non-standard-automation-pms/app/services/production/__init__.py': Couldn't use data file '/Users/fulingwei/.openclaw/workspace/non-standard-automation-pms/.coverage': no such table: tracer (couldnt-parse); see https://coverage.readthedocs.io/en/7.13.4/messages.html#warning-couldnt-parse
  coverage._warn(msg, slug="couldnt-parse")
/Library/Frameworks/Python.framework/Versions/3.13/lib/python3.13/site-packages/coverage/report_core.py:113: CoverageWarning: Couldn't parse '/Users/fulingwei/.openclaw/workspace/non-standard-automation-pms/app/services/production/capacity/__init__.py': Couldn't use data file '/Users/fulingwei/.openclaw/workspace/non-standard-automation-pms/.coverage': no such table: tracer (couldnt-parse); see https://coverage.readthedocs.io/en/7.13.4/messages.html#warning-couldnt-parse
  coverage._warn(msg, slug="couldnt-parse")
/Library/Frameworks/Python.framework/Versions/3.13/lib/python3.13/site-packages/coverage/report_core.py:113: CoverageWarning: Couldn't parse '/Users/fulingwei/.openclaw/workspace/non-standard-automation-pms/app/services/production/capacity/capacity_service.py': Couldn't use data file '/Users/fulingwei/.openclaw/workspace/non-standard-automation-pms/.coverage': no such table: tracer (couldnt-parse); see https://coverage.readthedocs.io/en/7.13.4/messages.html#warning-couldnt-parse
  coverage._warn(msg, slug="couldnt-parse")
/Library/Frameworks/Python.framework/Versions/3.13/lib/python3.13/site-packages/coverage/report_core.py:113: CoverageWarning: Couldn't parse '/Users/fulingwei/.openclaw/workspace/non-standard-automation-pms/app/services/production/exception/__init__.py': Couldn't use data file '/Users/fulingwei/.openclaw/workspace/non-standard-automation-pms/.coverage': no such table: tracer (couldnt-parse); see https://coverage.readthedocs.io/en/7.13.4/messages.html#warning-couldnt-parse
  coverage._warn(msg, slug="couldnt-parse")
/Library/Frameworks/Python.framework/Versions/3.13/lib/python3.13/site-packages/coverage/report_core.py:113: CoverageWarning: Couldn't parse '/Users/fulingwei/.openclaw/workspace/non-standard-automation-pms/app/services/production/exception/exception_enhancement_service.py': Couldn't use data file '/Users/fulingwei/.openclaw/workspace/non-standard-automation-pms/.coverage': no such table: tracer (couldnt-parse); see https://coverage.readthedocs.io/en/7.13.4/messages.html#warning-couldnt-parse
  coverage._warn(msg, slug="couldnt-parse")
/Library/Frameworks/Python.framework/Versions/3.13/lib/python3.13/site-packages/coverage/report_core.py:113: CoverageWarning: Couldn't parse '/Users/fulingwei/.openclaw/workspace/non-standard-automation-pms/app/services/production/material_tracking/__init__.py': Couldn't use data file '/Users/fulingwei/.openclaw/workspace/non-standard-automation-pms/.coverage': no such table: tracer (couldnt-parse); see https://coverage.readthedocs.io/en/7.13.4/messages.html#warning-couldnt-parse
  coverage._warn(msg, slug="couldnt-parse")
/Library/Frameworks/Python.framework/Versions/3.13/lib/python3.13/site-packages/coverage/report_core.py:113: CoverageWarning: Couldn't parse '/Users/fulingwei/.openclaw/workspace/non-standard-automation-pms/app/services/production/material_tracking/material_tracking_service.py': Couldn't use data file '/Users/fulingwei/.openclaw/workspace/non-standard-automation-pms/.coverage': no such table: tracer (couldnt-parse); see https://coverage.readthedocs.io/en/7.13.4/messages.html#warning-couldnt-parse
  coverage._warn(msg, slug="couldnt-parse")
/Library/Frameworks/Python.framework/Versions/3.13/lib/python3.13/site-packages/coverage/report_core.py:113: CoverageWarning: Couldn't parse '/Users/fulingwei/.openclaw/workspace/non-standard-automation-pms/app/services/production/plan_service.py': Couldn't use data file '/Users/fulingwei/.openclaw/workspace/non-standard-automation-pms/.coverage': no such table: tracer (couldnt-parse); see https://coverage.readthedocs.io/en/7.13.4/messages.html#warning-couldnt-parse
  coverage._warn(msg, slug="couldnt-parse")
/Library/Frameworks/Python.framework/Versions/3.13/lib/python3.13/site-packages/coverage/report_core.py:113: CoverageWarning: Couldn't parse '/Users/fulingwei/.openclaw/workspace/non-standard-automation-pms/app/services/production/quality_service.py': Couldn't use data file '/Users/fulingwei/.openclaw/workspace/non-standard-automation-pms/.coverage': no such table: tracer (couldnt-parse); see https://coverage.readthedocs.io/en/7.13.4/messages.html#warning-couldnt-parse
  coverage._warn(msg, slug="couldnt-parse")
/Library/Frameworks/Python.framework/Versions/3.13/lib/python3.13/site-packages/coverage/report_core.py:113: CoverageWarning: Couldn't parse '/Users/fulingwei/.openclaw/workspace/non-standard-automation-pms/app/services/production/work_order_service.py': Couldn't use data file '/Users/fulingwei/.openclaw/workspace/non-standard-automation-pms/.coverage': no such table: tracer (couldnt-parse); see https://coverage.readthedocs.io/en/7.13.4/messages.html#warning-couldnt-parse
  coverage._warn(msg, slug="couldnt-parse")
/Library/Frameworks/Python.framework/Versions/3.13/lib/python3.13/site-packages/coverage/report_core.py:113: CoverageWarning: Couldn't parse '/Users/fulingwei/.openclaw/workspace/non-standard-automation-pms/app/services/production/workshop_service.py': Couldn't use data file '/Users/fulingwei/.openclaw/workspace/non-standard-automation-pms/.coverage': no such table: tracer (couldnt-parse); see https://coverage.readthedocs.io/en/7.13.4/messages.html#warning-couldnt-parse
  coverage._warn(msg, slug="couldnt-parse")
/Library/Frameworks/Python.framework/Versions/3.13/lib/python3.13/site-packages/coverage/report_core.py:113: CoverageWarning: Couldn't parse '/Users/fulingwei/.openclaw/workspace/non-standard-automation-pms/app/services/production_progress_service.py': Couldn't use data file '/Users/fulingwei/.openclaw/workspace/non-standard-automation-pms/.coverage': no such table: tracer (couldnt-parse); see https://coverage.readthedocs.io/en/7.13.4/messages.html#warning-couldnt-parse
  coverage._warn(msg, slug="couldnt-parse")
/Library/Frameworks/Python.framework/Versions/3.13/lib/python3.13/site-packages/coverage/report_core.py:113: CoverageWarning: Couldn't parse '/Users/fulingwei/.openclaw/workspace/non-standard-automation-pms/app/services/production_schedule_service.py': Couldn't use data file '/Users/fulingwei/.openclaw/workspace/non-standard-automation-pms/.coverage': no such table: tracer (couldnt-parse); see https://coverage.readthedocs.io/en/7.13.4/messages.html#warning-couldnt-parse
  coverage._warn(msg, slug="couldnt-parse")
/Library/Frameworks/Python.framework/Versions/3.13/lib/python3.13/site-packages/coverage/report_core.py:113: CoverageWarning: Couldn't parse '/Users/fulingwei/.openclaw/workspace/non-standard-automation-pms/app/services/progress_aggregation_service.py': Couldn't use data file '/Users/fulingwei/.openclaw/workspace/non-standard-automation-pms/.coverage': no such table: tracer (couldnt-parse); see https://coverage.readthedocs.io/en/7.13.4/messages.html#warning-couldnt-parse
  coverage._warn(msg, slug="couldnt-parse")
/Library/Frameworks/Python.framework/Versions/3.13/lib/python3.13/site-packages/coverage/report_core.py:113: CoverageWarning: Couldn't parse '/Users/fulingwei/.openclaw/workspace/non-standard-automation-pms/app/services/progress_auto_service.py': Couldn't use data file '/Users/fulingwei/.openclaw/workspace/non-standard-automation-pms/.coverage': no such table: tracer (couldnt-parse); see https://coverage.readthedocs.io/en/7.13.4/messages.html#warning-couldnt-parse
  coverage._warn(msg, slug="couldnt-parse")
/Library/Frameworks/Python.framework/Versions/3.13/lib/python3.13/site-packages/coverage/report_core.py:113: CoverageWarning: Couldn't parse '/Users/fulingwei/.openclaw/workspace/non-standard-automation-pms/app/services/progress_integration_service.py': Couldn't use data file '/Users/fulingwei/.openclaw/workspace/non-standard-automation-pms/.coverage': no such table: tracer (couldnt-parse); see https://coverage.readthedocs.io/en/7.13.4/messages.html#warning-couldnt-parse
  coverage._warn(msg, slug="couldnt-parse")
/Library/Frameworks/Python.framework/Versions/3.13/lib/python3.13/site-packages/coverage/report_core.py:113: CoverageWarning: Couldn't parse '/Users/fulingwei/.openclaw/workspace/non-standard-automation-pms/app/services/progress_service.py': Couldn't use data file '/Users/fulingwei/.openclaw/workspace/non-standard-automation-pms/.coverage': no such table: tracer (couldnt-parse); see https://coverage.readthedocs.io/en/7.13.4/messages.html#warning-couldnt-parse
  coverage._warn(msg, slug="couldnt-parse")
/Library/Frameworks/Python.framework/Versions/3.13/lib/python3.13/site-packages/coverage/report_core.py:113: CoverageWarning: Couldn't parse '/Users/fulingwei/.openclaw/workspace/non-standard-automation-pms/app/services/project/__init__.py': Couldn't use data file '/Users/fulingwei/.openclaw/workspace/non-standard-automation-pms/.coverage': no such table: tracer (couldnt-parse); see https://coverage.readthedocs.io/en/7.13.4/messages.html#warning-couldnt-parse
  coverage._warn(msg, slug="couldnt-parse")
/Library/Frameworks/Python.framework/Versions/3.13/lib/python3.13/site-packages/coverage/report_core.py:113: CoverageWarning: Couldn't parse '/Users/fulingwei/.openclaw/workspace/non-standard-automation-pms/app/services/project/analytics_service.py': Couldn't use data file '/Users/fulingwei/.openclaw/workspace/non-standard-automation-pms/.coverage': no such table: tracer (couldnt-parse); see https://coverage.readthedocs.io/en/7.13.4/messages.html#warning-couldnt-parse
  coverage._warn(msg, slug="couldnt-parse")
/Library/Frameworks/Python.framework/Versions/3.13/lib/python3.13/site-packages/coverage/report_core.py:113: CoverageWarning: Couldn't parse '/Users/fulingwei/.openclaw/workspace/non-standard-automation-pms/app/services/project/core_service.py': Couldn't use data file '/Users/fulingwei/.openclaw/workspace/non-standard-automation-pms/.coverage': no such table: tracer (couldnt-parse); see https://coverage.readthedocs.io/en/7.13.4/messages.html#warning-couldnt-parse
  coverage._warn(msg, slug="couldnt-parse")
/Library/Frameworks/Python.framework/Versions/3.13/lib/python3.13/site-packages/coverage/report_core.py:113: CoverageWarning: Couldn't parse '/Users/fulingwei/.openclaw/workspace/non-standard-automation-pms/app/services/project/execution_service.py': Couldn't use data file '/Users/fulingwei/.openclaw/workspace/non-standard-automation-pms/.coverage': no such table: tracer (couldnt-parse); see https://coverage.readthedocs.io/en/7.13.4/messages.html#warning-couldnt-parse
  coverage._warn(msg, slug="couldnt-parse")
/Library/Frameworks/Python.framework/Versions/3.13/lib/python3.13/site-packages/coverage/report_core.py:113: CoverageWarning: Couldn't parse '/Users/fulingwei/.openclaw/workspace/non-standard-automation-pms/app/services/project/finance_service.py': Couldn't use data file '/Users/fulingwei/.openclaw/workspace/non-standard-automation-pms/.coverage': no such table: tracer (couldnt-parse); see https://coverage.readthedocs.io/en/7.13.4/messages.html#warning-couldnt-parse
  coverage._warn(msg, slug="couldnt-parse")
/Library/Frameworks/Python.framework/Versions/3.13/lib/python3.13/site-packages/coverage/report_core.py:113: CoverageWarning: Couldn't parse '/Users/fulingwei/.openclaw/workspace/non-standard-automation-pms/app/services/project/machine_service.py': Couldn't use data file '/Users/fulingwei/.openclaw/workspace/non-standard-automation-pms/.coverage': no such table: tracer (couldnt-parse); see https://coverage.readthedocs.io/en/7.13.4/messages.html#warning-couldnt-parse
  coverage._warn(msg, slug="couldnt-parse")
/Library/Frameworks/Python.framework/Versions/3.13/lib/python3.13/site-packages/coverage/report_core.py:113: CoverageWarning: Couldn't parse '/Users/fulingwei/.openclaw/workspace/non-standard-automation-pms/app/services/project/milestone_service.py': Couldn't use data file '/Users/fulingwei/.openclaw/workspace/non-standard-automation-pms/.coverage': no such table: tracer (couldnt-parse); see https://coverage.readthedocs.io/en/7.13.4/messages.html#warning-couldnt-parse
  coverage._warn(msg, slug="couldnt-parse")
/Library/Frameworks/Python.framework/Versions/3.13/lib/python3.13/site-packages/coverage/report_core.py:113: CoverageWarning: Couldn't parse '/Users/fulingwei/.openclaw/workspace/non-standard-automation-pms/app/services/project/project_risk_service.py': Couldn't use data file '/Users/fulingwei/.openclaw/workspace/non-standard-automation-pms/.coverage': no such table: tracer (couldnt-parse); see https://coverage.readthedocs.io/en/7.13.4/messages.html#warning-couldnt-parse
  coverage._warn(msg, slug="couldnt-parse")
/Library/Frameworks/Python.framework/Versions/3.13/lib/python3.13/site-packages/coverage/report_core.py:113: CoverageWarning: Couldn't parse '/Users/fulingwei/.openclaw/workspace/non-standard-automation-pms/app/services/project/resource_service.py': Couldn't use data file '/Users/fulingwei/.openclaw/workspace/non-standard-automation-pms/.coverage': no such table: tracer (couldnt-parse); see https://coverage.readthedocs.io/en/7.13.4/messages.html#warning-couldnt-parse
  coverage._warn(msg, slug="couldnt-parse")
/Library/Frameworks/Python.framework/Versions/3.13/lib/python3.13/site-packages/coverage/report_core.py:113: CoverageWarning: Couldn't parse '/Users/fulingwei/.openclaw/workspace/non-standard-automation-pms/app/services/project_bonus_service.py': Couldn't use data file '/Users/fulingwei/.openclaw/workspace/non-standard-automation-pms/.coverage': no such table: tracer (couldnt-parse); see https://coverage.readthedocs.io/en/7.13.4/messages.html#warning-couldnt-parse
  coverage._warn(msg, slug="couldnt-parse")
/Library/Frameworks/Python.framework/Versions/3.13/lib/python3.13/site-packages/coverage/report_core.py:113: CoverageWarning: Couldn't parse '/Users/fulingwei/.openclaw/workspace/non-standard-automation-pms/app/services/project_change_requests/__init__.py': Couldn't use data file '/Users/fulingwei/.openclaw/workspace/non-standard-automation-pms/.coverage': no such table: tracer (couldnt-parse); see https://coverage.readthedocs.io/en/7.13.4/messages.html#warning-couldnt-parse
  coverage._warn(msg, slug="couldnt-parse")
/Library/Frameworks/Python.framework/Versions/3.13/lib/python3.13/site-packages/coverage/report_core.py:113: CoverageWarning: Couldn't parse '/Users/fulingwei/.openclaw/workspace/non-standard-automation-pms/app/services/project_change_requests/service.py': Couldn't use data file '/Users/fulingwei/.openclaw/workspace/non-standard-automation-pms/.coverage': no such table: tracer (couldnt-parse); see https://coverage.readthedocs.io/en/7.13.4/messages.html#warning-couldnt-parse
  coverage._warn(msg, slug="couldnt-parse")
/Library/Frameworks/Python.framework/Versions/3.13/lib/python3.13/site-packages/coverage/report_core.py:113: CoverageWarning: Couldn't parse '/Users/fulingwei/.openclaw/workspace/non-standard-automation-pms/app/services/project_contribution_service.py': Couldn't use data file '/Users/fulingwei/.openclaw/workspace/non-standard-automation-pms/.coverage': no such table: tracer (couldnt-parse); see https://coverage.readthedocs.io/en/7.13.4/messages.html#warning-couldnt-parse
  coverage._warn(msg, slug="couldnt-parse")
/Library/Frameworks/Python.framework/Versions/3.13/lib/python3.13/site-packages/coverage/report_core.py:113: CoverageWarning: Couldn't parse '/Users/fulingwei/.openclaw/workspace/non-standard-automation-pms/app/services/project_cost_aggregation_service.py': Couldn't use data file '/Users/fulingwei/.openclaw/workspace/non-standard-automation-pms/.coverage': no such table: tracer (couldnt-parse); see https://coverage.readthedocs.io/en/7.13.4/messages.html#warning-couldnt-parse
  coverage._warn(msg, slug="couldnt-parse")
/Library/Frameworks/Python.framework/Versions/3.13/lib/python3.13/site-packages/coverage/report_core.py:113: CoverageWarning: Couldn't parse '/Users/fulingwei/.openclaw/workspace/non-standard-automation-pms/app/services/project_cost_prediction/__init__.py': Couldn't use data file '/Users/fulingwei/.openclaw/workspace/non-standard-automation-pms/.coverage': no such table: tracer (couldnt-parse); see https://coverage.readthedocs.io/en/7.13.4/messages.html#warning-couldnt-parse
  coverage._warn(msg, slug="couldnt-parse")
/Library/Frameworks/Python.framework/Versions/3.13/lib/python3.13/site-packages/coverage/report_core.py:113: CoverageWarning: Couldn't parse '/Users/fulingwei/.openclaw/workspace/non-standard-automation-pms/app/services/project_cost_prediction/ai_predictor.py': Couldn't use data file '/Users/fulingwei/.openclaw/workspace/non-standard-automation-pms/.coverage': no such table: tracer (couldnt-parse); see https://coverage.readthedocs.io/en/7.13.4/messages.html#warning-couldnt-parse
  coverage._warn(msg, slug="couldnt-parse")
/Library/Frameworks/Python.framework/Versions/3.13/lib/python3.13/site-packages/coverage/report_core.py:113: CoverageWarning: Couldn't parse '/Users/fulingwei/.openclaw/workspace/non-standard-automation-pms/app/services/project_cost_prediction/service.py': Couldn't use data file '/Users/fulingwei/.openclaw/workspace/non-standard-automation-pms/.coverage': no such table: tracer (couldnt-parse); see https://coverage.readthedocs.io/en/7.13.4/messages.html#warning-couldnt-parse
  coverage._warn(msg, slug="couldnt-parse")
/Library/Frameworks/Python.framework/Versions/3.13/lib/python3.13/site-packages/coverage/report_core.py:113: CoverageWarning: Couldn't parse '/Users/fulingwei/.openclaw/workspace/non-standard-automation-pms/app/services/project_crud/__init__.py': Couldn't use data file '/Users/fulingwei/.openclaw/workspace/non-standard-automation-pms/.coverage': no such table: tracer (couldnt-parse); see https://coverage.readthedocs.io/en/7.13.4/messages.html#warning-couldnt-parse
  coverage._warn(msg, slug="couldnt-parse")
/Library/Frameworks/Python.framework/Versions/3.13/lib/python3.13/site-packages/coverage/report_core.py:113: CoverageWarning: Couldn't parse '/Users/fulingwei/.openclaw/workspace/non-standard-automation-pms/app/services/project_crud/service.py': Couldn't use data file '/Users/fulingwei/.openclaw/workspace/non-standard-automation-pms/.coverage': no such table: tracer (couldnt-parse); see https://coverage.readthedocs.io/en/7.13.4/messages.html#warning-couldnt-parse
  coverage._warn(msg, slug="couldnt-parse")
/Library/Frameworks/Python.framework/Versions/3.13/lib/python3.13/site-packages/coverage/report_core.py:113: CoverageWarning: Couldn't parse '/Users/fulingwei/.openclaw/workspace/non-standard-automation-pms/app/services/project_dashboard_service.py': Couldn't use data file '/Users/fulingwei/.openclaw/workspace/non-standard-automation-pms/.coverage': no such table: tracer (couldnt-parse); see https://coverage.readthedocs.io/en/7.13.4/messages.html#warning-couldnt-parse
  coverage._warn(msg, slug="couldnt-parse")
/Library/Frameworks/Python.framework/Versions/3.13/lib/python3.13/site-packages/coverage/report_core.py:113: CoverageWarning: Couldn't parse '/Users/fulingwei/.openclaw/workspace/non-standard-automation-pms/app/services/project_evaluation_service.py': Couldn't use data file '/Users/fulingwei/.openclaw/workspace/non-standard-automation-pms/.coverage': no such table: tracer (couldnt-parse); see https://coverage.readthedocs.io/en/7.13.4/messages.html#warning-couldnt-parse
  coverage._warn(msg, slug="couldnt-parse")
/Library/Frameworks/Python.framework/Versions/3.13/lib/python3.13/site-packages/coverage/report_core.py:113: CoverageWarning: Couldn't parse '/Users/fulingwei/.openclaw/workspace/non-standard-automation-pms/app/services/project_export_service.py': Couldn't use data file '/Users/fulingwei/.openclaw/workspace/non-standard-automation-pms/.coverage': no such table: tracer (couldnt-parse); see https://coverage.readthedocs.io/en/7.13.4/messages.html#warning-couldnt-parse
  coverage._warn(msg, slug="couldnt-parse")
/Library/Frameworks/Python.framework/Versions/3.13/lib/python3.13/site-packages/coverage/report_core.py:113: CoverageWarning: Couldn't parse '/Users/fulingwei/.openclaw/workspace/non-standard-automation-pms/app/services/project_import_service.py': Couldn't use data file '/Users/fulingwei/.openclaw/workspace/non-standard-automation-pms/.coverage': no such table: tracer (couldnt-parse); see https://coverage.readthedocs.io/en/7.13.4/messages.html#warning-couldnt-parse
  coverage._warn(msg, slug="couldnt-parse")
/Library/Frameworks/Python.framework/Versions/3.13/lib/python3.13/site-packages/coverage/report_core.py:113: CoverageWarning: Couldn't parse '/Users/fulingwei/.openclaw/workspace/non-standard-automation-pms/app/services/project_meeting_service.py': Couldn't use data file '/Users/fulingwei/.openclaw/workspace/non-standard-automation-pms/.coverage': no such table: tracer (couldnt-parse); see https://coverage.readthedocs.io/en/7.13.4/messages.html#warning-couldnt-parse
  coverage._warn(msg, slug="couldnt-parse")
/Library/Frameworks/Python.framework/Versions/3.13/lib/python3.13/site-packages/coverage/report_core.py:113: CoverageWarning: Couldn't parse '/Users/fulingwei/.openclaw/workspace/non-standard-automation-pms/app/services/project_members/__init__.py': Couldn't use data file '/Users/fulingwei/.openclaw/workspace/non-standard-automation-pms/.coverage': no such table: tracer (couldnt-parse); see https://coverage.readthedocs.io/en/7.13.4/messages.html#warning-couldnt-parse
  coverage._warn(msg, slug="couldnt-parse")
/Library/Frameworks/Python.framework/Versions/3.13/lib/python3.13/site-packages/coverage/report_core.py:113: CoverageWarning: Couldn't parse '/Users/fulingwei/.openclaw/workspace/non-standard-automation-pms/app/services/project_members/service.py': Couldn't use data file '/Users/fulingwei/.openclaw/workspace/non-standard-automation-pms/.coverage': no such table: tracer (couldnt-parse); see https://coverage.readthedocs.io/en/7.13.4/messages.html#warning-couldnt-parse
  coverage._warn(msg, slug="couldnt-parse")
/Library/Frameworks/Python.framework/Versions/3.13/lib/python3.13/site-packages/coverage/report_core.py:113: CoverageWarning: Couldn't parse '/Users/fulingwei/.openclaw/workspace/non-standard-automation-pms/app/services/project_performance/__init__.py': Couldn't use data file '/Users/fulingwei/.openclaw/workspace/non-standard-automation-pms/.coverage': no such table: tracer (couldnt-parse); see https://coverage.readthedocs.io/en/7.13.4/messages.html#warning-couldnt-parse
  coverage._warn(msg, slug="couldnt-parse")
/Library/Frameworks/Python.framework/Versions/3.13/lib/python3.13/site-packages/coverage/report_core.py:113: CoverageWarning: Couldn't parse '/Users/fulingwei/.openclaw/workspace/non-standard-automation-pms/app/services/project_performance/service.py': Couldn't use data file '/Users/fulingwei/.openclaw/workspace/non-standard-automation-pms/.coverage': no such table: tracer (couldnt-parse); see https://coverage.readthedocs.io/en/7.13.4/messages.html#warning-couldnt-parse
  coverage._warn(msg, slug="couldnt-parse")
/Library/Frameworks/Python.framework/Versions/3.13/lib/python3.13/site-packages/coverage/report_core.py:113: CoverageWarning: Couldn't parse '/Users/fulingwei/.openclaw/workspace/non-standard-automation-pms/app/services/project_relations_service.py': Couldn't use data file '/Users/fulingwei/.openclaw/workspace/non-standard-automation-pms/.coverage': no such table: tracer (couldnt-parse); see https://coverage.readthedocs.io/en/7.13.4/messages.html#warning-couldnt-parse
  coverage._warn(msg, slug="couldnt-parse")
/Library/Frameworks/Python.framework/Versions/3.13/lib/python3.13/site-packages/coverage/report_core.py:113: CoverageWarning: Couldn't parse '/Users/fulingwei/.openclaw/workspace/non-standard-automation-pms/app/services/project_review_ai/__init__.py': Couldn't use data file '/Users/fulingwei/.openclaw/workspace/non-standard-automation-pms/.coverage': no such table: tracer (couldnt-parse); see https://coverage.readthedocs.io/en/7.13.4/messages.html#warning-couldnt-parse
  coverage._warn(msg, slug="couldnt-parse")
/Library/Frameworks/Python.framework/Versions/3.13/lib/python3.13/site-packages/coverage/report_core.py:113: CoverageWarning: Couldn't parse '/Users/fulingwei/.openclaw/workspace/non-standard-automation-pms/app/services/project_review_ai/comparison_analyzer.py': Couldn't use data file '/Users/fulingwei/.openclaw/workspace/non-standard-automation-pms/.coverage': no such table: tracer (couldnt-parse); see https://coverage.readthedocs.io/en/7.13.4/messages.html#warning-couldnt-parse
  coverage._warn(msg, slug="couldnt-parse")
/Library/Frameworks/Python.framework/Versions/3.13/lib/python3.13/site-packages/coverage/report_core.py:113: CoverageWarning: Couldn't parse '/Users/fulingwei/.openclaw/workspace/non-standard-automation-pms/app/services/project_review_ai/knowledge_syncer.py': Couldn't use data file '/Users/fulingwei/.openclaw/workspace/non-standard-automation-pms/.coverage': no such table: tracer (couldnt-parse); see https://coverage.readthedocs.io/en/7.13.4/messages.html#warning-couldnt-parse
  coverage._warn(msg, slug="couldnt-parse")
/Library/Frameworks/Python.framework/Versions/3.13/lib/python3.13/site-packages/coverage/report_core.py:113: CoverageWarning: Couldn't parse '/Users/fulingwei/.openclaw/workspace/non-standard-automation-pms/app/services/project_review_ai/lesson_extractor.py': Couldn't use data file '/Users/fulingwei/.openclaw/workspace/non-standard-automation-pms/.coverage': no such table: tracer (couldnt-parse); see https://coverage.readthedocs.io/en/7.13.4/messages.html#warning-couldnt-parse
  coverage._warn(msg, slug="couldnt-parse")
/Library/Frameworks/Python.framework/Versions/3.13/lib/python3.13/site-packages/coverage/report_core.py:113: CoverageWarning: Couldn't parse '/Users/fulingwei/.openclaw/workspace/non-standard-automation-pms/app/services/project_review_ai/report_generator.py': Couldn't use data file '/Users/fulingwei/.openclaw/workspace/non-standard-automation-pms/.coverage': no such table: tracer (couldnt-parse); see https://coverage.readthedocs.io/en/7.13.4/messages.html#warning-couldnt-parse
  coverage._warn(msg, slug="couldnt-parse")
/Library/Frameworks/Python.framework/Versions/3.13/lib/python3.13/site-packages/coverage/report_core.py:113: CoverageWarning: Couldn't parse '/Users/fulingwei/.openclaw/workspace/non-standard-automation-pms/app/services/project_risk/__init__.py': Couldn't use data file '/Users/fulingwei/.openclaw/workspace/non-standard-automation-pms/.coverage': no such table: tracer (couldnt-parse); see https://coverage.readthedocs.io/en/7.13.4/messages.html#warning-couldnt-parse
  coverage._warn(msg, slug="couldnt-parse")
/Library/Frameworks/Python.framework/Versions/3.13/lib/python3.13/site-packages/coverage/report_core.py:113: CoverageWarning: Couldn't parse '/Users/fulingwei/.openclaw/workspace/non-standard-automation-pms/app/services/project_risk/project_risk_service.py': Couldn't use data file '/Users/fulingwei/.openclaw/workspace/non-standard-automation-pms/.coverage': no such table: tracer (couldnt-parse); see https://coverage.readthedocs.io/en/7.13.4/messages.html#warning-couldnt-parse
  coverage._warn(msg, slug="couldnt-parse")
/Library/Frameworks/Python.framework/Versions/3.13/lib/python3.13/site-packages/coverage/report_core.py:113: CoverageWarning: Couldn't parse '/Users/fulingwei/.openclaw/workspace/non-standard-automation-pms/app/services/project_solution_service.py': Couldn't use data file '/Users/fulingwei/.openclaw/workspace/non-standard-automation-pms/.coverage': no such table: tracer (couldnt-parse); see https://coverage.readthedocs.io/en/7.13.4/messages.html#warning-couldnt-parse
  coverage._warn(msg, slug="couldnt-parse")
/Library/Frameworks/Python.framework/Versions/3.13/lib/python3.13/site-packages/coverage/report_core.py:113: CoverageWarning: Couldn't parse '/Users/fulingwei/.openclaw/workspace/non-standard-automation-pms/app/services/project_statistics_service.py': Couldn't use data file '/Users/fulingwei/.openclaw/workspace/non-standard-automation-pms/.coverage': no such table: tracer (couldnt-parse); see https://coverage.readthedocs.io/en/7.13.4/messages.html#warning-couldnt-parse
  coverage._warn(msg, slug="couldnt-parse")
/Library/Frameworks/Python.framework/Versions/3.13/lib/python3.13/site-packages/coverage/report_core.py:113: CoverageWarning: Couldn't parse '/Users/fulingwei/.openclaw/workspace/non-standard-automation-pms/app/services/project_timeline_service.py': Couldn't use data file '/Users/fulingwei/.openclaw/workspace/non-standard-automation-pms/.coverage': no such table: tracer (couldnt-parse); see https://coverage.readthedocs.io/en/7.13.4/messages.html#warning-couldnt-parse
  coverage._warn(msg, slug="couldnt-parse")
/Library/Frameworks/Python.framework/Versions/3.13/lib/python3.13/site-packages/coverage/report_core.py:113: CoverageWarning: Couldn't parse '/Users/fulingwei/.openclaw/workspace/non-standard-automation-pms/app/services/project_workspace_service.py': Couldn't use data file '/Users/fulingwei/.openclaw/workspace/non-standard-automation-pms/.coverage': no such table: tracer (couldnt-parse); see https://coverage.readthedocs.io/en/7.13.4/messages.html#warning-couldnt-parse
  coverage._warn(msg, slug="couldnt-parse")
/Library/Frameworks/Python.framework/Versions/3.13/lib/python3.13/site-packages/coverage/report_core.py:113: CoverageWarning: Couldn't parse '/Users/fulingwei/.openclaw/workspace/non-standard-automation-pms/app/services/purchase_intelligence/__init__.py': Couldn't use data file '/Users/fulingwei/.openclaw/workspace/non-standard-automation-pms/.coverage': no such table: tracer (couldnt-parse); see https://coverage.readthedocs.io/en/7.13.4/messages.html#warning-couldnt-parse
  coverage._warn(msg, slug="couldnt-parse")
/Library/Frameworks/Python.framework/Versions/3.13/lib/python3.13/site-packages/coverage/report_core.py:113: CoverageWarning: Couldn't parse '/Users/fulingwei/.openclaw/workspace/non-standard-automation-pms/app/services/purchase_intelligence/service.py': Couldn't use data file '/Users/fulingwei/.openclaw/workspace/non-standard-automation-pms/.coverage': no such table: tracer (couldnt-parse); see https://coverage.readthedocs.io/en/7.13.4/messages.html#warning-couldnt-parse
  coverage._warn(msg, slug="couldnt-parse")
/Library/Frameworks/Python.framework/Versions/3.13/lib/python3.13/site-packages/coverage/report_core.py:113: CoverageWarning: Couldn't parse '/Users/fulingwei/.openclaw/workspace/non-standard-automation-pms/app/services/purchase_order_from_bom_service.py': Couldn't use data file '/Users/fulingwei/.openclaw/workspace/non-standard-automation-pms/.coverage': no such table: tracer (couldnt-parse); see https://coverage.readthedocs.io/en/7.13.4/messages.html#warning-couldnt-parse
  coverage._warn(msg, slug="couldnt-parse")
/Library/Frameworks/Python.framework/Versions/3.13/lib/python3.13/site-packages/coverage/report_core.py:113: CoverageWarning: Couldn't parse '/Users/fulingwei/.openclaw/workspace/non-standard-automation-pms/app/services/purchase_request_from_bom_service.py': Couldn't use data file '/Users/fulingwei/.openclaw/workspace/non-standard-automation-pms/.coverage': no such table: tracer (couldnt-parse); see https://coverage.readthedocs.io/en/7.13.4/messages.html#warning-couldnt-parse
  coverage._warn(msg, slug="couldnt-parse")
/Library/Frameworks/Python.framework/Versions/3.13/lib/python3.13/site-packages/coverage/report_core.py:113: CoverageWarning: Couldn't parse '/Users/fulingwei/.openclaw/workspace/non-standard-automation-pms/app/services/purchase_suggestion_engine.py': Couldn't use data file '/Users/fulingwei/.openclaw/workspace/non-standard-automation-pms/.coverage': no such table: tracer (couldnt-parse); see https://coverage.readthedocs.io/en/7.13.4/messages.html#warning-couldnt-parse
  coverage._warn(msg, slug="couldnt-parse")
/Library/Frameworks/Python.framework/Versions/3.13/lib/python3.13/site-packages/coverage/report_core.py:113: CoverageWarning: Couldn't parse '/Users/fulingwei/.openclaw/workspace/non-standard-automation-pms/app/services/purchase_workflow/__init__.py': Couldn't use data file '/Users/fulingwei/.openclaw/workspace/non-standard-automation-pms/.coverage': no such table: tracer (couldnt-parse); see https://coverage.readthedocs.io/en/7.13.4/messages.html#warning-couldnt-parse
  coverage._warn(msg, slug="couldnt-parse")
/Library/Frameworks/Python.framework/Versions/3.13/lib/python3.13/site-packages/coverage/report_core.py:113: CoverageWarning: Couldn't parse '/Users/fulingwei/.openclaw/workspace/non-standard-automation-pms/app/services/purchase_workflow/service.py': Couldn't use data file '/Users/fulingwei/.openclaw/workspace/non-standard-automation-pms/.coverage': no such table: tracer (couldnt-parse); see https://coverage.readthedocs.io/en/7.13.4/messages.html#warning-couldnt-parse
  coverage._warn(msg, slug="couldnt-parse")
/Library/Frameworks/Python.framework/Versions/3.13/lib/python3.13/site-packages/coverage/report_core.py:113: CoverageWarning: Couldn't parse '/Users/fulingwei/.openclaw/workspace/non-standard-automation-pms/app/services/qualification_service.py': Couldn't use data file '/Users/fulingwei/.openclaw/workspace/non-standard-automation-pms/.coverage': no such table: tracer (couldnt-parse); see https://coverage.readthedocs.io/en/7.13.4/messages.html#warning-couldnt-parse
  coverage._warn(msg, slug="couldnt-parse")
/Library/Frameworks/Python.framework/Versions/3.13/lib/python3.13/site-packages/coverage/report_core.py:113: CoverageWarning: Couldn't parse '/Users/fulingwei/.openclaw/workspace/non-standard-automation-pms/app/services/quality_risk_ai/__init__.py': Couldn't use data file '/Users/fulingwei/.openclaw/workspace/non-standard-automation-pms/.coverage': no such table: tracer (couldnt-parse); see https://coverage.readthedocs.io/en/7.13.4/messages.html#warning-couldnt-parse
  coverage._warn(msg, slug="couldnt-parse")
/Library/Frameworks/Python.framework/Versions/3.13/lib/python3.13/site-packages/coverage/report_core.py:113: CoverageWarning: Couldn't parse '/Users/fulingwei/.openclaw/workspace/non-standard-automation-pms/app/services/quality_risk_ai/quality_risk_analyzer.py': Couldn't use data file '/Users/fulingwei/.openclaw/workspace/non-standard-automation-pms/.coverage': no such table: tracer (couldnt-parse); see https://coverage.readthedocs.io/en/7.13.4/messages.html#warning-couldnt-parse
  coverage._warn(msg, slug="couldnt-parse")
/Library/Frameworks/Python.framework/Versions/3.13/lib/python3.13/site-packages/coverage/report_core.py:113: CoverageWarning: Couldn't parse '/Users/fulingwei/.openclaw/workspace/non-standard-automation-pms/app/services/quality_risk_ai/risk_keyword_extractor.py': Couldn't use data file '/Users/fulingwei/.openclaw/workspace/non-standard-automation-pms/.coverage': no such table: tracer (couldnt-parse); see https://coverage.readthedocs.io/en/7.13.4/messages.html#warning-couldnt-parse
  coverage._warn(msg, slug="couldnt-parse")
/Library/Frameworks/Python.framework/Versions/3.13/lib/python3.13/site-packages/coverage/report_core.py:113: CoverageWarning: Couldn't parse '/Users/fulingwei/.openclaw/workspace/non-standard-automation-pms/app/services/quality_risk_ai/test_recommendation_engine.py': Couldn't use data file '/Users/fulingwei/.openclaw/workspace/non-standard-automation-pms/.coverage': no such table: tracer (couldnt-parse); see https://coverage.readthedocs.io/en/7.13.4/messages.html#warning-couldnt-parse
  coverage._warn(msg, slug="couldnt-parse")
/Library/Frameworks/Python.framework/Versions/3.13/lib/python3.13/site-packages/coverage/report_core.py:113: CoverageWarning: Couldn't parse '/Users/fulingwei/.openclaw/workspace/non-standard-automation-pms/app/services/quality_risk_management/__init__.py': Couldn't use data file '/Users/fulingwei/.openclaw/workspace/non-standard-automation-pms/.coverage': no such table: tracer (couldnt-parse); see https://coverage.readthedocs.io/en/7.13.4/messages.html#warning-couldnt-parse
  coverage._warn(msg, slug="couldnt-parse")
/Library/Frameworks/Python.framework/Versions/3.13/lib/python3.13/site-packages/coverage/report_core.py:113: CoverageWarning: Couldn't parse '/Users/fulingwei/.openclaw/workspace/non-standard-automation-pms/app/services/quality_risk_management/service.py': Couldn't use data file '/Users/fulingwei/.openclaw/workspace/non-standard-automation-pms/.coverage': no such table: tracer (couldnt-parse); see https://coverage.readthedocs.io/en/7.13.4/messages.html#warning-couldnt-parse
  coverage._warn(msg, slug="couldnt-parse")
/Library/Frameworks/Python.framework/Versions/3.13/lib/python3.13/site-packages/coverage/report_core.py:113: CoverageWarning: Couldn't parse '/Users/fulingwei/.openclaw/workspace/non-standard-automation-pms/app/services/quality_service.py': Couldn't use data file '/Users/fulingwei/.openclaw/workspace/non-standard-automation-pms/.coverage': no such table: tracer (couldnt-parse); see https://coverage.readthedocs.io/en/7.13.4/messages.html#warning-couldnt-parse
  coverage._warn(msg, slug="couldnt-parse")
/Library/Frameworks/Python.framework/Versions/3.13/lib/python3.13/site-packages/coverage/report_core.py:113: CoverageWarning: Couldn't parse '/Users/fulingwei/.openclaw/workspace/non-standard-automation-pms/app/services/quotation_pdf_service.py': Couldn't use data file '/Users/fulingwei/.openclaw/workspace/non-standard-automation-pms/.coverage': no such table: tracer (couldnt-parse); see https://coverage.readthedocs.io/en/7.13.4/messages.html#warning-couldnt-parse
  coverage._warn(msg, slug="couldnt-parse")
/Library/Frameworks/Python.framework/Versions/3.13/lib/python3.13/site-packages/coverage/report_core.py:113: CoverageWarning: Couldn't parse '/Users/fulingwei/.openclaw/workspace/non-standard-automation-pms/app/services/quote_approval/__init__.py': Couldn't use data file '/Users/fulingwei/.openclaw/workspace/non-standard-automation-pms/.coverage': no such table: tracer (couldnt-parse); see https://coverage.readthedocs.io/en/7.13.4/messages.html#warning-couldnt-parse
  coverage._warn(msg, slug="couldnt-parse")
/Library/Frameworks/Python.framework/Versions/3.13/lib/python3.13/site-packages/coverage/report_core.py:113: CoverageWarning: Couldn't parse '/Users/fulingwei/.openclaw/workspace/non-standard-automation-pms/app/services/quote_approval/quote_approval_service.py': Couldn't use data file '/Users/fulingwei/.openclaw/workspace/non-standard-automation-pms/.coverage': no such table: tracer (couldnt-parse); see https://coverage.readthedocs.io/en/7.13.4/messages.html#warning-couldnt-parse
  coverage._warn(msg, slug="couldnt-parse")
/Library/Frameworks/Python.framework/Versions/3.13/lib/python3.13/site-packages/coverage/report_core.py:113: CoverageWarning: Couldn't parse '/Users/fulingwei/.openclaw/workspace/non-standard-automation-pms/app/services/rd_report_data_service.py': Couldn't use data file '/Users/fulingwei/.openclaw/workspace/non-standard-automation-pms/.coverage': no such table: tracer (couldnt-parse); see https://coverage.readthedocs.io/en/7.13.4/messages.html#warning-couldnt-parse
  coverage._warn(msg, slug="couldnt-parse")
/Library/Frameworks/Python.framework/Versions/3.13/lib/python3.13/site-packages/coverage/report_core.py:113: CoverageWarning: Couldn't parse '/Users/fulingwei/.openclaw/workspace/non-standard-automation-pms/app/services/report/__init__.py': Couldn't use data file '/Users/fulingwei/.openclaw/workspace/non-standard-automation-pms/.coverage': no such table: tracer (couldnt-parse); see https://coverage.readthedocs.io/en/7.13.4/messages.html#warning-couldnt-parse
  coverage._warn(msg, slug="couldnt-parse")
/Library/Frameworks/Python.framework/Versions/3.13/lib/python3.13/site-packages/coverage/report_core.py:113: CoverageWarning: Couldn't parse '/Users/fulingwei/.openclaw/workspace/non-standard-automation-pms/app/services/report/report_service.py': Couldn't use data file '/Users/fulingwei/.openclaw/workspace/non-standard-automation-pms/.coverage': no such table: tracer (couldnt-parse); see https://coverage.readthedocs.io/en/7.13.4/messages.html#warning-couldnt-parse
  coverage._warn(msg, slug="couldnt-parse")
/Library/Frameworks/Python.framework/Versions/3.13/lib/python3.13/site-packages/coverage/report_core.py:113: CoverageWarning: Couldn't parse '/Users/fulingwei/.openclaw/workspace/non-standard-automation-pms/app/services/report_data_generation/__init__.py': Couldn't use data file '/Users/fulingwei/.openclaw/workspace/non-standard-automation-pms/.coverage': no such table: tracer (couldnt-parse); see https://coverage.readthedocs.io/en/7.13.4/messages.html#warning-couldnt-parse
  coverage._warn(msg, slug="couldnt-parse")
/Library/Frameworks/Python.framework/Versions/3.13/lib/python3.13/site-packages/coverage/report_core.py:113: CoverageWarning: Couldn't parse '/Users/fulingwei/.openclaw/workspace/non-standard-automation-pms/app/services/report_data_generation/analysis_reports.py': Couldn't use data file '/Users/fulingwei/.openclaw/workspace/non-standard-automation-pms/.coverage': no such table: tracer (couldnt-parse); see https://coverage.readthedocs.io/en/7.13.4/messages.html#warning-couldnt-parse
  coverage._warn(msg, slug="couldnt-parse")
/Library/Frameworks/Python.framework/Versions/3.13/lib/python3.13/site-packages/coverage/report_core.py:113: CoverageWarning: Couldn't parse '/Users/fulingwei/.openclaw/workspace/non-standard-automation-pms/app/services/report_data_generation/core.py': Couldn't use data file '/Users/fulingwei/.openclaw/workspace/non-standard-automation-pms/.coverage': no such table: tracer (couldnt-parse); see https://coverage.readthedocs.io/en/7.13.4/messages.html#warning-couldnt-parse
  coverage._warn(msg, slug="couldnt-parse")
/Library/Frameworks/Python.framework/Versions/3.13/lib/python3.13/site-packages/coverage/report_core.py:113: CoverageWarning: Couldn't parse '/Users/fulingwei/.openclaw/workspace/non-standard-automation-pms/app/services/report_data_generation/dept_reports.py': Couldn't use data file '/Users/fulingwei/.openclaw/workspace/non-standard-automation-pms/.coverage': no such table: tracer (couldnt-parse); see https://coverage.readthedocs.io/en/7.13.4/messages.html#warning-couldnt-parse
  coverage._warn(msg, slug="couldnt-parse")
/Library/Frameworks/Python.framework/Versions/3.13/lib/python3.13/site-packages/coverage/report_core.py:113: CoverageWarning: Couldn't parse '/Users/fulingwei/.openclaw/workspace/non-standard-automation-pms/app/services/report_data_generation/project_reports.py': Couldn't use data file '/Users/fulingwei/.openclaw/workspace/non-standard-automation-pms/.coverage': no such table: tracer (couldnt-parse); see https://coverage.readthedocs.io/en/7.13.4/messages.html#warning-couldnt-parse
  coverage._warn(msg, slug="couldnt-parse")
/Library/Frameworks/Python.framework/Versions/3.13/lib/python3.13/site-packages/coverage/report_core.py:113: CoverageWarning: Couldn't parse '/Users/fulingwei/.openclaw/workspace/non-standard-automation-pms/app/services/report_data_generation/router.py': Couldn't use data file '/Users/fulingwei/.openclaw/workspace/non-standard-automation-pms/.coverage': no such table: tracer (couldnt-parse); see https://coverage.readthedocs.io/en/7.13.4/messages.html#warning-couldnt-parse
  coverage._warn(msg, slug="couldnt-parse")
/Library/Frameworks/Python.framework/Versions/3.13/lib/python3.13/site-packages/coverage/report_core.py:113: CoverageWarning: Couldn't parse '/Users/fulingwei/.openclaw/workspace/non-standard-automation-pms/app/services/report_excel_service.py': Couldn't use data file '/Users/fulingwei/.openclaw/workspace/non-standard-automation-pms/.coverage': no such table: tracer (couldnt-parse); see https://coverage.readthedocs.io/en/7.13.4/messages.html#warning-couldnt-parse
  coverage._warn(msg, slug="couldnt-parse")
/Library/Frameworks/Python.framework/Versions/3.13/lib/python3.13/site-packages/coverage/report_core.py:113: CoverageWarning: Couldn't parse '/Users/fulingwei/.openclaw/workspace/non-standard-automation-pms/app/services/report_framework/__init__.py': Couldn't use data file '/Users/fulingwei/.openclaw/workspace/non-standard-automation-pms/.coverage': no such table: tracer (couldnt-parse); see https://coverage.readthedocs.io/en/7.13.4/messages.html#warning-couldnt-parse
  coverage._warn(msg, slug="couldnt-parse")
/Library/Frameworks/Python.framework/Versions/3.13/lib/python3.13/site-packages/coverage/report_core.py:113: CoverageWarning: Couldn't parse '/Users/fulingwei/.openclaw/workspace/non-standard-automation-pms/app/services/report_framework/adapters/__init__.py': Couldn't use data file '/Users/fulingwei/.openclaw/workspace/non-standard-automation-pms/.coverage': no such table: tracer (couldnt-parse); see https://coverage.readthedocs.io/en/7.13.4/messages.html#warning-couldnt-parse
  coverage._warn(msg, slug="couldnt-parse")
/Library/Frameworks/Python.framework/Versions/3.13/lib/python3.13/site-packages/coverage/report_core.py:113: CoverageWarning: Couldn't parse '/Users/fulingwei/.openclaw/workspace/non-standard-automation-pms/app/services/report_framework/adapters/acceptance.py': Couldn't use data file '/Users/fulingwei/.openclaw/workspace/non-standard-automation-pms/.coverage': no such table: tracer (couldnt-parse); see https://coverage.readthedocs.io/en/7.13.4/messages.html#warning-couldnt-parse
  coverage._warn(msg, slug="couldnt-parse")
/Library/Frameworks/Python.framework/Versions/3.13/lib/python3.13/site-packages/coverage/report_core.py:113: CoverageWarning: Couldn't parse '/Users/fulingwei/.openclaw/workspace/non-standard-automation-pms/app/services/report_framework/adapters/analysis.py': Couldn't use data file '/Users/fulingwei/.openclaw/workspace/non-standard-automation-pms/.coverage': no such table: tracer (couldnt-parse); see https://coverage.readthedocs.io/en/7.13.4/messages.html#warning-couldnt-parse
  coverage._warn(msg, slug="couldnt-parse")
/Library/Frameworks/Python.framework/Versions/3.13/lib/python3.13/site-packages/coverage/report_core.py:113: CoverageWarning: Couldn't parse '/Users/fulingwei/.openclaw/workspace/non-standard-automation-pms/app/services/report_framework/adapters/base.py': Couldn't use data file '/Users/fulingwei/.openclaw/workspace/non-standard-automation-pms/.coverage': no such table: tracer (couldnt-parse); see https://coverage.readthedocs.io/en/7.13.4/messages.html#warning-couldnt-parse
  coverage._warn(msg, slug="couldnt-parse")
/Library/Frameworks/Python.framework/Versions/3.13/lib/python3.13/site-packages/coverage/report_core.py:113: CoverageWarning: Couldn't parse '/Users/fulingwei/.openclaw/workspace/non-standard-automation-pms/app/services/report_framework/adapters/department.py': Couldn't use data file '/Users/fulingwei/.openclaw/workspace/non-standard-automation-pms/.coverage': no such table: tracer (couldnt-parse); see https://coverage.readthedocs.io/en/7.13.4/messages.html#warning-couldnt-parse
  coverage._warn(msg, slug="couldnt-parse")
/Library/Frameworks/Python.framework/Versions/3.13/lib/python3.13/site-packages/coverage/report_core.py:113: CoverageWarning: Couldn't parse '/Users/fulingwei/.openclaw/workspace/non-standard-automation-pms/app/services/report_framework/adapters/meeting.py': Couldn't use data file '/Users/fulingwei/.openclaw/workspace/non-standard-automation-pms/.coverage': no such table: tracer (couldnt-parse); see https://coverage.readthedocs.io/en/7.13.4/messages.html#warning-couldnt-parse
  coverage._warn(msg, slug="couldnt-parse")
/Library/Frameworks/Python.framework/Versions/3.13/lib/python3.13/site-packages/coverage/report_core.py:113: CoverageWarning: Couldn't parse '/Users/fulingwei/.openclaw/workspace/non-standard-automation-pms/app/services/report_framework/adapters/project.py': Couldn't use data file '/Users/fulingwei/.openclaw/workspace/non-standard-automation-pms/.coverage': no such table: tracer (couldnt-parse); see https://coverage.readthedocs.io/en/7.13.4/messages.html#warning-couldnt-parse
  coverage._warn(msg, slug="couldnt-parse")
/Library/Frameworks/Python.framework/Versions/3.13/lib/python3.13/site-packages/coverage/report_core.py:113: CoverageWarning: Couldn't parse '/Users/fulingwei/.openclaw/workspace/non-standard-automation-pms/app/services/report_framework/adapters/rd_expense.py': Couldn't use data file '/Users/fulingwei/.openclaw/workspace/non-standard-automation-pms/.coverage': no such table: tracer (couldnt-parse); see https://coverage.readthedocs.io/en/7.13.4/messages.html#warning-couldnt-parse
  coverage._warn(msg, slug="couldnt-parse")
/Library/Frameworks/Python.framework/Versions/3.13/lib/python3.13/site-packages/coverage/report_core.py:113: CoverageWarning: Couldn't parse '/Users/fulingwei/.openclaw/workspace/non-standard-automation-pms/app/services/report_framework/adapters/report_data_generation.py': Couldn't use data file '/Users/fulingwei/.openclaw/workspace/non-standard-automation-pms/.coverage': no such table: tracer (couldnt-parse); see https://coverage.readthedocs.io/en/7.13.4/messages.html#warning-couldnt-parse
  coverage._warn(msg, slug="couldnt-parse")
/Library/Frameworks/Python.framework/Versions/3.13/lib/python3.13/site-packages/coverage/report_core.py:113: CoverageWarning: Couldn't parse '/Users/fulingwei/.openclaw/workspace/non-standard-automation-pms/app/services/report_framework/adapters/sales.py': Couldn't use data file '/Users/fulingwei/.openclaw/workspace/non-standard-automation-pms/.coverage': no such table: tracer (couldnt-parse); see https://coverage.readthedocs.io/en/7.13.4/messages.html#warning-couldnt-parse
  coverage._warn(msg, slug="couldnt-parse")
/Library/Frameworks/Python.framework/Versions/3.13/lib/python3.13/site-packages/coverage/report_core.py:113: CoverageWarning: Couldn't parse '/Users/fulingwei/.openclaw/workspace/non-standard-automation-pms/app/services/report_framework/adapters/template.py': Couldn't use data file '/Users/fulingwei/.openclaw/workspace/non-standard-automation-pms/.coverage': no such table: tracer (couldnt-parse); see https://coverage.readthedocs.io/en/7.13.4/messages.html#warning-couldnt-parse
  coverage._warn(msg, slug="couldnt-parse")
/Library/Frameworks/Python.framework/Versions/3.13/lib/python3.13/site-packages/coverage/report_core.py:113: CoverageWarning: Couldn't parse '/Users/fulingwei/.openclaw/workspace/non-standard-automation-pms/app/services/report_framework/adapters/timesheet.py': Couldn't use data file '/Users/fulingwei/.openclaw/workspace/non-standard-automation-pms/.coverage': no such table: tracer (couldnt-parse); see https://coverage.readthedocs.io/en/7.13.4/messages.html#warning-couldnt-parse
  coverage._warn(msg, slug="couldnt-parse")
/Library/Frameworks/Python.framework/Versions/3.13/lib/python3.13/site-packages/coverage/report_core.py:113: CoverageWarning: Couldn't parse '/Users/fulingwei/.openclaw/workspace/non-standard-automation-pms/app/services/report_framework/cache_manager.py': Couldn't use data file '/Users/fulingwei/.openclaw/workspace/non-standard-automation-pms/.coverage': no such table: tracer (couldnt-parse); see https://coverage.readthedocs.io/en/7.13.4/messages.html#warning-couldnt-parse
  coverage._warn(msg, slug="couldnt-parse")
/Library/Frameworks/Python.framework/Versions/3.13/lib/python3.13/site-packages/coverage/report_core.py:113: CoverageWarning: Couldn't parse '/Users/fulingwei/.openclaw/workspace/non-standard-automation-pms/app/services/report_framework/config_loader.py': Couldn't use data file '/Users/fulingwei/.openclaw/workspace/non-standard-automation-pms/.coverage': no such table: tracer (couldnt-parse); see https://coverage.readthedocs.io/en/7.13.4/messages.html#warning-couldnt-parse
  coverage._warn(msg, slug="couldnt-parse")
/Library/Frameworks/Python.framework/Versions/3.13/lib/python3.13/site-packages/coverage/report_core.py:113: CoverageWarning: Couldn't parse '/Users/fulingwei/.openclaw/workspace/non-standard-automation-pms/app/services/report_framework/data_resolver.py': Couldn't use data file '/Users/fulingwei/.openclaw/workspace/non-standard-automation-pms/.coverage': no such table: tracer (couldnt-parse); see https://coverage.readthedocs.io/en/7.13.4/messages.html#warning-couldnt-parse
  coverage._warn(msg, slug="couldnt-parse")
/Library/Frameworks/Python.framework/Versions/3.13/lib/python3.13/site-packages/coverage/report_core.py:113: CoverageWarning: Couldn't parse '/Users/fulingwei/.openclaw/workspace/non-standard-automation-pms/app/services/report_framework/data_sources/__init__.py': Couldn't use data file '/Users/fulingwei/.openclaw/workspace/non-standard-automation-pms/.coverage': no such table: tracer (couldnt-parse); see https://coverage.readthedocs.io/en/7.13.4/messages.html#warning-couldnt-parse
  coverage._warn(msg, slug="couldnt-parse")
/Library/Frameworks/Python.framework/Versions/3.13/lib/python3.13/site-packages/coverage/report_core.py:113: CoverageWarning: Couldn't parse '/Users/fulingwei/.openclaw/workspace/non-standard-automation-pms/app/services/report_framework/data_sources/base.py': Couldn't use data file '/Users/fulingwei/.openclaw/workspace/non-standard-automation-pms/.coverage': no such table: tracer (couldnt-parse); see https://coverage.readthedocs.io/en/7.13.4/messages.html#warning-couldnt-parse
  coverage._warn(msg, slug="couldnt-parse")
/Library/Frameworks/Python.framework/Versions/3.13/lib/python3.13/site-packages/coverage/report_core.py:113: CoverageWarning: Couldn't parse '/Users/fulingwei/.openclaw/workspace/non-standard-automation-pms/app/services/report_framework/data_sources/query.py': Couldn't use data file '/Users/fulingwei/.openclaw/workspace/non-standard-automation-pms/.coverage': no such table: tracer (couldnt-parse); see https://coverage.readthedocs.io/en/7.13.4/messages.html#warning-couldnt-parse
  coverage._warn(msg, slug="couldnt-parse")
/Library/Frameworks/Python.framework/Versions/3.13/lib/python3.13/site-packages/coverage/report_core.py:113: CoverageWarning: Couldn't parse '/Users/fulingwei/.openclaw/workspace/non-standard-automation-pms/app/services/report_framework/data_sources/service.py': Couldn't use data file '/Users/fulingwei/.openclaw/workspace/non-standard-automation-pms/.coverage': no such table: tracer (couldnt-parse); see https://coverage.readthedocs.io/en/7.13.4/messages.html#warning-couldnt-parse
  coverage._warn(msg, slug="couldnt-parse")
/Library/Frameworks/Python.framework/Versions/3.13/lib/python3.13/site-packages/coverage/report_core.py:113: CoverageWarning: Couldn't parse '/Users/fulingwei/.openclaw/workspace/non-standard-automation-pms/app/services/report_framework/engine.py': Couldn't use data file '/Users/fulingwei/.openclaw/workspace/non-standard-automation-pms/.coverage': no such table: tracer (couldnt-parse); see https://coverage.readthedocs.io/en/7.13.4/messages.html#warning-couldnt-parse
  coverage._warn(msg, slug="couldnt-parse")
/Library/Frameworks/Python.framework/Versions/3.13/lib/python3.13/site-packages/coverage/report_core.py:113: CoverageWarning: Couldn't parse '/Users/fulingwei/.openclaw/workspace/non-standard-automation-pms/app/services/report_framework/expressions/__init__.py': Couldn't use data file '/Users/fulingwei/.openclaw/workspace/non-standard-automation-pms/.coverage': no such table: tracer (couldnt-parse); see https://coverage.readthedocs.io/en/7.13.4/messages.html#warning-couldnt-parse
  coverage._warn(msg, slug="couldnt-parse")
/Library/Frameworks/Python.framework/Versions/3.13/lib/python3.13/site-packages/coverage/report_core.py:113: CoverageWarning: Couldn't parse '/Users/fulingwei/.openclaw/workspace/non-standard-automation-pms/app/services/report_framework/expressions/filters.py': Couldn't use data file '/Users/fulingwei/.openclaw/workspace/non-standard-automation-pms/.coverage': no such table: tracer (couldnt-parse); see https://coverage.readthedocs.io/en/7.13.4/messages.html#warning-couldnt-parse
  coverage._warn(msg, slug="couldnt-parse")
/Library/Frameworks/Python.framework/Versions/3.13/lib/python3.13/site-packages/coverage/report_core.py:113: CoverageWarning: Couldn't parse '/Users/fulingwei/.openclaw/workspace/non-standard-automation-pms/app/services/report_framework/expressions/parser.py': Couldn't use data file '/Users/fulingwei/.openclaw/workspace/non-standard-automation-pms/.coverage': no such table: tracer (couldnt-parse); see https://coverage.readthedocs.io/en/7.13.4/messages.html#warning-couldnt-parse
  coverage._warn(msg, slug="couldnt-parse")
/Library/Frameworks/Python.framework/Versions/3.13/lib/python3.13/site-packages/coverage/report_core.py:113: CoverageWarning: Couldn't parse '/Users/fulingwei/.openclaw/workspace/non-standard-automation-pms/app/services/report_framework/formatters/__init__.py': Couldn't use data file '/Users/fulingwei/.openclaw/workspace/non-standard-automation-pms/.coverage': no such table: tracer (couldnt-parse); see https://coverage.readthedocs.io/en/7.13.4/messages.html#warning-couldnt-parse
  coverage._warn(msg, slug="couldnt-parse")
/Library/Frameworks/Python.framework/Versions/3.13/lib/python3.13/site-packages/coverage/report_core.py:113: CoverageWarning: Couldn't parse '/Users/fulingwei/.openclaw/workspace/non-standard-automation-pms/app/services/report_framework/formatters/builtin.py': Couldn't use data file '/Users/fulingwei/.openclaw/workspace/non-standard-automation-pms/.coverage': no such table: tracer (couldnt-parse); see https://coverage.readthedocs.io/en/7.13.4/messages.html#warning-couldnt-parse
  coverage._warn(msg, slug="couldnt-parse")
/Library/Frameworks/Python.framework/Versions/3.13/lib/python3.13/site-packages/coverage/report_core.py:113: CoverageWarning: Couldn't parse '/Users/fulingwei/.openclaw/workspace/non-standard-automation-pms/app/services/report_framework/generators/__init__.py': Couldn't use data file '/Users/fulingwei/.openclaw/workspace/non-standard-automation-pms/.coverage': no such table: tracer (couldnt-parse); see https://coverage.readthedocs.io/en/7.13.4/messages.html#warning-couldnt-parse
  coverage._warn(msg, slug="couldnt-parse")
/Library/Frameworks/Python.framework/Versions/3.13/lib/python3.13/site-packages/coverage/report_core.py:113: CoverageWarning: Couldn't parse '/Users/fulingwei/.openclaw/workspace/non-standard-automation-pms/app/services/report_framework/generators/analysis.py': Couldn't use data file '/Users/fulingwei/.openclaw/workspace/non-standard-automation-pms/.coverage': no such table: tracer (couldnt-parse); see https://coverage.readthedocs.io/en/7.13.4/messages.html#warning-couldnt-parse
  coverage._warn(msg, slug="couldnt-parse")
/Library/Frameworks/Python.framework/Versions/3.13/lib/python3.13/site-packages/coverage/report_core.py:113: CoverageWarning: Couldn't parse '/Users/fulingwei/.openclaw/workspace/non-standard-automation-pms/app/services/report_framework/generators/department.py': Couldn't use data file '/Users/fulingwei/.openclaw/workspace/non-standard-automation-pms/.coverage': no such table: tracer (couldnt-parse); see https://coverage.readthedocs.io/en/7.13.4/messages.html#warning-couldnt-parse
  coverage._warn(msg, slug="couldnt-parse")
/Library/Frameworks/Python.framework/Versions/3.13/lib/python3.13/site-packages/coverage/report_core.py:113: CoverageWarning: Couldn't parse '/Users/fulingwei/.openclaw/workspace/non-standard-automation-pms/app/services/report_framework/generators/project.py': Couldn't use data file '/Users/fulingwei/.openclaw/workspace/non-standard-automation-pms/.coverage': no such table: tracer (couldnt-parse); see https://coverage.readthedocs.io/en/7.13.4/messages.html#warning-couldnt-parse
  coverage._warn(msg, slug="couldnt-parse")
/Library/Frameworks/Python.framework/Versions/3.13/lib/python3.13/site-packages/coverage/report_core.py:113: CoverageWarning: Couldn't parse '/Users/fulingwei/.openclaw/workspace/non-standard-automation-pms/app/services/report_framework/models.py': Couldn't use data file '/Users/fulingwei/.openclaw/workspace/non-standard-automation-pms/.coverage': no such table: tracer (couldnt-parse); see https://coverage.readthedocs.io/en/7.13.4/messages.html#warning-couldnt-parse
  coverage._warn(msg, slug="couldnt-parse")
/Library/Frameworks/Python.framework/Versions/3.13/lib/python3.13/site-packages/coverage/report_core.py:113: CoverageWarning: Couldn't parse '/Users/fulingwei/.openclaw/workspace/non-standard-automation-pms/app/services/report_framework/renderers/__init__.py': Couldn't use data file '/Users/fulingwei/.openclaw/workspace/non-standard-automation-pms/.coverage': no such table: tracer (couldnt-parse); see https://coverage.readthedocs.io/en/7.13.4/messages.html#warning-couldnt-parse
  coverage._warn(msg, slug="couldnt-parse")
/Library/Frameworks/Python.framework/Versions/3.13/lib/python3.13/site-packages/coverage/report_core.py:113: CoverageWarning: Couldn't parse '/Users/fulingwei/.openclaw/workspace/non-standard-automation-pms/app/services/report_framework/renderers/base.py': Couldn't use data file '/Users/fulingwei/.openclaw/workspace/non-standard-automation-pms/.coverage': no such table: tracer (couldnt-parse); see https://coverage.readthedocs.io/en/7.13.4/messages.html#warning-couldnt-parse
  coverage._warn(msg, slug="couldnt-parse")
/Library/Frameworks/Python.framework/Versions/3.13/lib/python3.13/site-packages/coverage/report_core.py:113: CoverageWarning: Couldn't parse '/Users/fulingwei/.openclaw/workspace/non-standard-automation-pms/app/services/report_framework/renderers/excel_renderer.py': Couldn't use data file '/Users/fulingwei/.openclaw/workspace/non-standard-automation-pms/.coverage': no such table: tracer (couldnt-parse); see https://coverage.readthedocs.io/en/7.13.4/messages.html#warning-couldnt-parse
  coverage._warn(msg, slug="couldnt-parse")
/Library/Frameworks/Python.framework/Versions/3.13/lib/python3.13/site-packages/coverage/report_core.py:113: CoverageWarning: Couldn't parse '/Users/fulingwei/.openclaw/workspace/non-standard-automation-pms/app/services/report_framework/renderers/json_renderer.py': Couldn't use data file '/Users/fulingwei/.openclaw/workspace/non-standard-automation-pms/.coverage': no such table: tracer (couldnt-parse); see https://coverage.readthedocs.io/en/7.13.4/messages.html#warning-couldnt-parse
  coverage._warn(msg, slug="couldnt-parse")
/Library/Frameworks/Python.framework/Versions/3.13/lib/python3.13/site-packages/coverage/report_core.py:113: CoverageWarning: Couldn't parse '/Users/fulingwei/.openclaw/workspace/non-standard-automation-pms/app/services/report_framework/renderers/pdf_renderer.py': Couldn't use data file '/Users/fulingwei/.openclaw/workspace/non-standard-automation-pms/.coverage': no such table: tracer (couldnt-parse); see https://coverage.readthedocs.io/en/7.13.4/messages.html#warning-couldnt-parse
  coverage._warn(msg, slug="couldnt-parse")
/Library/Frameworks/Python.framework/Versions/3.13/lib/python3.13/site-packages/coverage/report_core.py:113: CoverageWarning: Couldn't parse '/Users/fulingwei/.openclaw/workspace/non-standard-automation-pms/app/services/report_framework/renderers/word_renderer.py': Couldn't use data file '/Users/fulingwei/.openclaw/workspace/non-standard-automation-pms/.coverage': no such table: tracer (couldnt-parse); see https://coverage.readthedocs.io/en/7.13.4/messages.html#warning-couldnt-parse
  coverage._warn(msg, slug="couldnt-parse")
/Library/Frameworks/Python.framework/Versions/3.13/lib/python3.13/site-packages/coverage/report_core.py:113: CoverageWarning: Couldn't parse '/Users/fulingwei/.openclaw/workspace/non-standard-automation-pms/app/services/report_service.py': Couldn't use data file '/Users/fulingwei/.openclaw/workspace/non-standard-automation-pms/.coverage': no such table: tracer (couldnt-parse); see https://coverage.readthedocs.io/en/7.13.4/messages.html#warning-couldnt-parse
  coverage._warn(msg, slug="couldnt-parse")
/Library/Frameworks/Python.framework/Versions/3.13/lib/python3.13/site-packages/coverage/report_core.py:113: CoverageWarning: Couldn't parse '/Users/fulingwei/.openclaw/workspace/non-standard-automation-pms/app/services/resource_allocation_service/__init__.py': Couldn't use data file '/Users/fulingwei/.openclaw/workspace/non-standard-automation-pms/.coverage': no such table: tracer (couldnt-parse); see https://coverage.readthedocs.io/en/7.13.4/messages.html#warning-couldnt-parse
  coverage._warn(msg, slug="couldnt-parse")
/Library/Frameworks/Python.framework/Versions/3.13/lib/python3.13/site-packages/coverage/report_core.py:113: CoverageWarning: Couldn't parse '/Users/fulingwei/.openclaw/workspace/non-standard-automation-pms/app/services/resource_allocation_service/allocation.py': Couldn't use data file '/Users/fulingwei/.openclaw/workspace/non-standard-automation-pms/.coverage': no such table: tracer (couldnt-parse); see https://coverage.readthedocs.io/en/7.13.4/messages.html#warning-couldnt-parse
  coverage._warn(msg, slug="couldnt-parse")
/Library/Frameworks/Python.framework/Versions/3.13/lib/python3.13/site-packages/coverage/report_core.py:113: CoverageWarning: Couldn't parse '/Users/fulingwei/.openclaw/workspace/non-standard-automation-pms/app/services/resource_allocation_service/base.py': Couldn't use data file '/Users/fulingwei/.openclaw/workspace/non-standard-automation-pms/.coverage': no such table: tracer (couldnt-parse); see https://coverage.readthedocs.io/en/7.13.4/messages.html#warning-couldnt-parse
  coverage._warn(msg, slug="couldnt-parse")
/Library/Frameworks/Python.framework/Versions/3.13/lib/python3.13/site-packages/coverage/report_core.py:113: CoverageWarning: Couldn't parse '/Users/fulingwei/.openclaw/workspace/non-standard-automation-pms/app/services/resource_allocation_service/conflicts.py': Couldn't use data file '/Users/fulingwei/.openclaw/workspace/non-standard-automation-pms/.coverage': no such table: tracer (couldnt-parse); see https://coverage.readthedocs.io/en/7.13.4/messages.html#warning-couldnt-parse
  coverage._warn(msg, slug="couldnt-parse")
/Library/Frameworks/Python.framework/Versions/3.13/lib/python3.13/site-packages/coverage/report_core.py:113: CoverageWarning: Couldn't parse '/Users/fulingwei/.openclaw/workspace/non-standard-automation-pms/app/services/resource_allocation_service/utils.py': Couldn't use data file '/Users/fulingwei/.openclaw/workspace/non-standard-automation-pms/.coverage': no such table: tracer (couldnt-parse); see https://coverage.readthedocs.io/en/7.13.4/messages.html#warning-couldnt-parse
  coverage._warn(msg, slug="couldnt-parse")
/Library/Frameworks/Python.framework/Versions/3.13/lib/python3.13/site-packages/coverage/report_core.py:113: CoverageWarning: Couldn't parse '/Users/fulingwei/.openclaw/workspace/non-standard-automation-pms/app/services/resource_allocation_service/worker.py': Couldn't use data file '/Users/fulingwei/.openclaw/workspace/non-standard-automation-pms/.coverage': no such table: tracer (couldnt-parse); see https://coverage.readthedocs.io/en/7.13.4/messages.html#warning-couldnt-parse
  coverage._warn(msg, slug="couldnt-parse")
/Library/Frameworks/Python.framework/Versions/3.13/lib/python3.13/site-packages/coverage/report_core.py:113: CoverageWarning: Couldn't parse '/Users/fulingwei/.openclaw/workspace/non-standard-automation-pms/app/services/resource_allocation_service/workstation.py': Couldn't use data file '/Users/fulingwei/.openclaw/workspace/non-standard-automation-pms/.coverage': no such table: tracer (couldnt-parse); see https://coverage.readthedocs.io/en/7.13.4/messages.html#warning-couldnt-parse
  coverage._warn(msg, slug="couldnt-parse")
/Library/Frameworks/Python.framework/Versions/3.13/lib/python3.13/site-packages/coverage/report_core.py:113: CoverageWarning: Couldn't parse '/Users/fulingwei/.openclaw/workspace/non-standard-automation-pms/app/services/resource_plan_service.py': Couldn't use data file '/Users/fulingwei/.openclaw/workspace/non-standard-automation-pms/.coverage': no such table: tracer (couldnt-parse); see https://coverage.readthedocs.io/en/7.13.4/messages.html#warning-couldnt-parse
  coverage._warn(msg, slug="couldnt-parse")
/Library/Frameworks/Python.framework/Versions/3.13/lib/python3.13/site-packages/coverage/report_core.py:113: CoverageWarning: Couldn't parse '/Users/fulingwei/.openclaw/workspace/non-standard-automation-pms/app/services/resource_scheduling/__init__.py': Couldn't use data file '/Users/fulingwei/.openclaw/workspace/non-standard-automation-pms/.coverage': no such table: tracer (couldnt-parse); see https://coverage.readthedocs.io/en/7.13.4/messages.html#warning-couldnt-parse
  coverage._warn(msg, slug="couldnt-parse")
/Library/Frameworks/Python.framework/Versions/3.13/lib/python3.13/site-packages/coverage/report_core.py:113: CoverageWarning: Couldn't parse '/Users/fulingwei/.openclaw/workspace/non-standard-automation-pms/app/services/resource_scheduling/resource_scheduling_service.py': Couldn't use data file '/Users/fulingwei/.openclaw/workspace/non-standard-automation-pms/.coverage': no such table: tracer (couldnt-parse); see https://coverage.readthedocs.io/en/7.13.4/messages.html#warning-couldnt-parse
  coverage._warn(msg, slug="couldnt-parse")
/Library/Frameworks/Python.framework/Versions/3.13/lib/python3.13/site-packages/coverage/report_core.py:113: CoverageWarning: Couldn't parse '/Users/fulingwei/.openclaw/workspace/non-standard-automation-pms/app/services/resource_scheduling_ai_service.py': Couldn't use data file '/Users/fulingwei/.openclaw/workspace/non-standard-automation-pms/.coverage': no such table: tracer (couldnt-parse); see https://coverage.readthedocs.io/en/7.13.4/messages.html#warning-couldnt-parse
  coverage._warn(msg, slug="couldnt-parse")
/Library/Frameworks/Python.framework/Versions/3.13/lib/python3.13/site-packages/coverage/report_core.py:113: CoverageWarning: Couldn't parse '/Users/fulingwei/.openclaw/workspace/non-standard-automation-pms/app/services/resource_waste_analysis/__init__.py': Couldn't use data file '/Users/fulingwei/.openclaw/workspace/non-standard-automation-pms/.coverage': no such table: tracer (couldnt-parse); see https://coverage.readthedocs.io/en/7.13.4/messages.html#warning-couldnt-parse
  coverage._warn(msg, slug="couldnt-parse")
/Library/Frameworks/Python.framework/Versions/3.13/lib/python3.13/site-packages/coverage/report_core.py:113: CoverageWarning: Couldn't parse '/Users/fulingwei/.openclaw/workspace/non-standard-automation-pms/app/services/resource_waste_analysis/core.py': Couldn't use data file '/Users/fulingwei/.openclaw/workspace/non-standard-automation-pms/.coverage': no such table: tracer (couldnt-parse); see https://coverage.readthedocs.io/en/7.13.4/messages.html#warning-couldnt-parse
  coverage._warn(msg, slug="couldnt-parse")
/Library/Frameworks/Python.framework/Versions/3.13/lib/python3.13/site-packages/coverage/report_core.py:113: CoverageWarning: Couldn't parse '/Users/fulingwei/.openclaw/workspace/non-standard-automation-pms/app/services/resource_waste_analysis/failure_patterns.py': Couldn't use data file '/Users/fulingwei/.openclaw/workspace/non-standard-automation-pms/.coverage': no such table: tracer (couldnt-parse); see https://coverage.readthedocs.io/en/7.13.4/messages.html#warning-couldnt-parse
  coverage._warn(msg, slug="couldnt-parse")
/Library/Frameworks/Python.framework/Versions/3.13/lib/python3.13/site-packages/coverage/report_core.py:113: CoverageWarning: Couldn't parse '/Users/fulingwei/.openclaw/workspace/non-standard-automation-pms/app/services/resource_waste_analysis/investment.py': Couldn't use data file '/Users/fulingwei/.openclaw/workspace/non-standard-automation-pms/.coverage': no such table: tracer (couldnt-parse); see https://coverage.readthedocs.io/en/7.13.4/messages.html#warning-couldnt-parse
  coverage._warn(msg, slug="couldnt-parse")
/Library/Frameworks/Python.framework/Versions/3.13/lib/python3.13/site-packages/coverage/report_core.py:113: CoverageWarning: Couldn't parse '/Users/fulingwei/.openclaw/workspace/non-standard-automation-pms/app/services/resource_waste_analysis/report_generation.py': Couldn't use data file '/Users/fulingwei/.openclaw/workspace/non-standard-automation-pms/.coverage': no such table: tracer (couldnt-parse); see https://coverage.readthedocs.io/en/7.13.4/messages.html#warning-couldnt-parse
  coverage._warn(msg, slug="couldnt-parse")
/Library/Frameworks/Python.framework/Versions/3.13/lib/python3.13/site-packages/coverage/report_core.py:113: CoverageWarning: Couldn't parse '/Users/fulingwei/.openclaw/workspace/non-standard-automation-pms/app/services/resource_waste_analysis/salesperson_analysis.py': Couldn't use data file '/Users/fulingwei/.openclaw/workspace/non-standard-automation-pms/.coverage': no such table: tracer (couldnt-parse); see https://coverage.readthedocs.io/en/7.13.4/messages.html#warning-couldnt-parse
  coverage._warn(msg, slug="couldnt-parse")
/Library/Frameworks/Python.framework/Versions/3.13/lib/python3.13/site-packages/coverage/report_core.py:113: CoverageWarning: Couldn't parse '/Users/fulingwei/.openclaw/workspace/non-standard-automation-pms/app/services/resource_waste_analysis/trends_comparison.py': Couldn't use data file '/Users/fulingwei/.openclaw/workspace/non-standard-automation-pms/.coverage': no such table: tracer (couldnt-parse); see https://coverage.readthedocs.io/en/7.13.4/messages.html#warning-couldnt-parse
  coverage._warn(msg, slug="couldnt-parse")
/Library/Frameworks/Python.framework/Versions/3.13/lib/python3.13/site-packages/coverage/report_core.py:113: CoverageWarning: Couldn't parse '/Users/fulingwei/.openclaw/workspace/non-standard-automation-pms/app/services/resource_waste_analysis/waste_calculation.py': Couldn't use data file '/Users/fulingwei/.openclaw/workspace/non-standard-automation-pms/.coverage': no such table: tracer (couldnt-parse); see https://coverage.readthedocs.io/en/7.13.4/messages.html#warning-couldnt-parse
  coverage._warn(msg, slug="couldnt-parse")
/Library/Frameworks/Python.framework/Versions/3.13/lib/python3.13/site-packages/coverage/report_core.py:113: CoverageWarning: Couldn't parse '/Users/fulingwei/.openclaw/workspace/non-standard-automation-pms/app/services/revenue_service.py': Couldn't use data file '/Users/fulingwei/.openclaw/workspace/non-standard-automation-pms/.coverage': no such table: tracer (couldnt-parse); see https://coverage.readthedocs.io/en/7.13.4/messages.html#warning-couldnt-parse
  coverage._warn(msg, slug="couldnt-parse")
/Library/Frameworks/Python.framework/Versions/3.13/lib/python3.13/site-packages/coverage/report_core.py:113: CoverageWarning: Couldn't parse '/Users/fulingwei/.openclaw/workspace/non-standard-automation-pms/app/services/role_management/__init__.py': Couldn't use data file '/Users/fulingwei/.openclaw/workspace/non-standard-automation-pms/.coverage': no such table: tracer (couldnt-parse); see https://coverage.readthedocs.io/en/7.13.4/messages.html#warning-couldnt-parse
  coverage._warn(msg, slug="couldnt-parse")
/Library/Frameworks/Python.framework/Versions/3.13/lib/python3.13/site-packages/coverage/report_core.py:113: CoverageWarning: Couldn't parse '/Users/fulingwei/.openclaw/workspace/non-standard-automation-pms/app/services/role_management/service.py': Couldn't use data file '/Users/fulingwei/.openclaw/workspace/non-standard-automation-pms/.coverage': no such table: tracer (couldnt-parse); see https://coverage.readthedocs.io/en/7.13.4/messages.html#warning-couldnt-parse
  coverage._warn(msg, slug="couldnt-parse")
/Library/Frameworks/Python.framework/Versions/3.13/lib/python3.13/site-packages/coverage/report_core.py:113: CoverageWarning: Couldn't parse '/Users/fulingwei/.openclaw/workspace/non-standard-automation-pms/app/services/role_service.py': Couldn't use data file '/Users/fulingwei/.openclaw/workspace/non-standard-automation-pms/.coverage': no such table: tracer (couldnt-parse); see https://coverage.readthedocs.io/en/7.13.4/messages.html#warning-couldnt-parse
  coverage._warn(msg, slug="couldnt-parse")
/Library/Frameworks/Python.framework/Versions/3.13/lib/python3.13/site-packages/coverage/report_core.py:113: CoverageWarning: Couldn't parse '/Users/fulingwei/.openclaw/workspace/non-standard-automation-pms/app/services/sales_prediction_service.py': Couldn't use data file '/Users/fulingwei/.openclaw/workspace/non-standard-automation-pms/.coverage': no such table: tracer (couldnt-parse); see https://coverage.readthedocs.io/en/7.13.4/messages.html#warning-couldnt-parse
  coverage._warn(msg, slug="couldnt-parse")
/Library/Frameworks/Python.framework/Versions/3.13/lib/python3.13/site-packages/coverage/report_core.py:113: CoverageWarning: Couldn't parse '/Users/fulingwei/.openclaw/workspace/non-standard-automation-pms/app/services/sales_ranking_service.py': Couldn't use data file '/Users/fulingwei/.openclaw/workspace/non-standard-automation-pms/.coverage': no such table: tracer (couldnt-parse); see https://coverage.readthedocs.io/en/7.13.4/messages.html#warning-couldnt-parse
  coverage._warn(msg, slug="couldnt-parse")
/Library/Frameworks/Python.framework/Versions/3.13/lib/python3.13/site-packages/coverage/report_core.py:113: CoverageWarning: Couldn't parse '/Users/fulingwei/.openclaw/workspace/non-standard-automation-pms/app/services/sales_reminder/__init__.py': Couldn't use data file '/Users/fulingwei/.openclaw/workspace/non-standard-automation-pms/.coverage': no such table: tracer (couldnt-parse); see https://coverage.readthedocs.io/en/7.13.4/messages.html#warning-couldnt-parse
  coverage._warn(msg, slug="couldnt-parse")
/Library/Frameworks/Python.framework/Versions/3.13/lib/python3.13/site-packages/coverage/report_core.py:113: CoverageWarning: Couldn't parse '/Users/fulingwei/.openclaw/workspace/non-standard-automation-pms/app/services/sales_reminder/base.py': Couldn't use data file '/Users/fulingwei/.openclaw/workspace/non-standard-automation-pms/.coverage': no such table: tracer (couldnt-parse); see https://coverage.readthedocs.io/en/7.13.4/messages.html#warning-couldnt-parse
  coverage._warn(msg, slug="couldnt-parse")
/Library/Frameworks/Python.framework/Versions/3.13/lib/python3.13/site-packages/coverage/report_core.py:113: CoverageWarning: Couldn't parse '/Users/fulingwei/.openclaw/workspace/non-standard-automation-pms/app/services/sales_reminder/contract_reminders.py': Couldn't use data file '/Users/fulingwei/.openclaw/workspace/non-standard-automation-pms/.coverage': no such table: tracer (couldnt-parse); see https://coverage.readthedocs.io/en/7.13.4/messages.html#warning-couldnt-parse
  coverage._warn(msg, slug="couldnt-parse")
/Library/Frameworks/Python.framework/Versions/3.13/lib/python3.13/site-packages/coverage/report_core.py:113: CoverageWarning: Couldn't parse '/Users/fulingwei/.openclaw/workspace/non-standard-automation-pms/app/services/sales_reminder/invoice_reminders.py': Couldn't use data file '/Users/fulingwei/.openclaw/workspace/non-standard-automation-pms/.coverage': no such table: tracer (couldnt-parse); see https://coverage.readthedocs.io/en/7.13.4/messages.html#warning-couldnt-parse
  coverage._warn(msg, slug="couldnt-parse")
/Library/Frameworks/Python.framework/Versions/3.13/lib/python3.13/site-packages/coverage/report_core.py:113: CoverageWarning: Couldn't parse '/Users/fulingwei/.openclaw/workspace/non-standard-automation-pms/app/services/sales_reminder/milestone_reminders.py': Couldn't use data file '/Users/fulingwei/.openclaw/workspace/non-standard-automation-pms/.coverage': no such table: tracer (couldnt-parse); see https://coverage.readthedocs.io/en/7.13.4/messages.html#warning-couldnt-parse
  coverage._warn(msg, slug="couldnt-parse")
/Library/Frameworks/Python.framework/Versions/3.13/lib/python3.13/site-packages/coverage/report_core.py:113: CoverageWarning: Couldn't parse '/Users/fulingwei/.openclaw/workspace/non-standard-automation-pms/app/services/sales_reminder/payment_reminders.py': Couldn't use data file '/Users/fulingwei/.openclaw/workspace/non-standard-automation-pms/.coverage': no such table: tracer (couldnt-parse); see https://coverage.readthedocs.io/en/7.13.4/messages.html#warning-couldnt-parse
  coverage._warn(msg, slug="couldnt-parse")
/Library/Frameworks/Python.framework/Versions/3.13/lib/python3.13/site-packages/coverage/report_core.py:113: CoverageWarning: Couldn't parse '/Users/fulingwei/.openclaw/workspace/non-standard-automation-pms/app/services/sales_reminder/sales_flow_reminders.py': Couldn't use data file '/Users/fulingwei/.openclaw/workspace/non-standard-automation-pms/.coverage': no such table: tracer (couldnt-parse); see https://coverage.readthedocs.io/en/7.13.4/messages.html#warning-couldnt-parse
  coverage._warn(msg, slug="couldnt-parse")
/Library/Frameworks/Python.framework/Versions/3.13/lib/python3.13/site-packages/coverage/report_core.py:113: CoverageWarning: Couldn't parse '/Users/fulingwei/.openclaw/workspace/non-standard-automation-pms/app/services/sales_reminder/scanner.py': Couldn't use data file '/Users/fulingwei/.openclaw/workspace/non-standard-automation-pms/.coverage': no such table: tracer (couldnt-parse); see https://coverage.readthedocs.io/en/7.13.4/messages.html#warning-couldnt-parse
  coverage._warn(msg, slug="couldnt-parse")
/Library/Frameworks/Python.framework/Versions/3.13/lib/python3.13/site-packages/coverage/report_core.py:113: CoverageWarning: Couldn't parse '/Users/fulingwei/.openclaw/workspace/non-standard-automation-pms/app/services/sales_target_service.py': Couldn't use data file '/Users/fulingwei/.openclaw/workspace/non-standard-automation-pms/.coverage': no such table: tracer (couldnt-parse); see https://coverage.readthedocs.io/en/7.13.4/messages.html#warning-couldnt-parse
  coverage._warn(msg, slug="couldnt-parse")
/Library/Frameworks/Python.framework/Versions/3.13/lib/python3.13/site-packages/coverage/report_core.py:113: CoverageWarning: Couldn't parse '/Users/fulingwei/.openclaw/workspace/non-standard-automation-pms/app/services/sales_team_service.py': Couldn't use data file '/Users/fulingwei/.openclaw/workspace/non-standard-automation-pms/.coverage': no such table: tracer (couldnt-parse); see https://coverage.readthedocs.io/en/7.13.4/messages.html#warning-couldnt-parse
  coverage._warn(msg, slug="couldnt-parse")
/Library/Frameworks/Python.framework/Versions/3.13/lib/python3.13/site-packages/coverage/report_core.py:113: CoverageWarning: Couldn't parse '/Users/fulingwei/.openclaw/workspace/non-standard-automation-pms/app/services/schedule_prediction_service.py': Couldn't use data file '/Users/fulingwei/.openclaw/workspace/non-standard-automation-pms/.coverage': no such table: tracer (couldnt-parse); see https://coverage.readthedocs.io/en/7.13.4/messages.html#warning-couldnt-parse
  coverage._warn(msg, slug="couldnt-parse")
/Library/Frameworks/Python.framework/Versions/3.13/lib/python3.13/site-packages/coverage/report_core.py:113: CoverageWarning: Couldn't parse '/Users/fulingwei/.openclaw/workspace/non-standard-automation-pms/app/services/scheduling_suggestion_service.py': Couldn't use data file '/Users/fulingwei/.openclaw/workspace/non-standard-automation-pms/.coverage': no such table: tracer (couldnt-parse); see https://coverage.readthedocs.io/en/7.13.4/messages.html#warning-couldnt-parse
  coverage._warn(msg, slug="couldnt-parse")
/Library/Frameworks/Python.framework/Versions/3.13/lib/python3.13/site-packages/coverage/report_core.py:113: CoverageWarning: Couldn't parse '/Users/fulingwei/.openclaw/workspace/non-standard-automation-pms/app/services/session_service.py': Couldn't use data file '/Users/fulingwei/.openclaw/workspace/non-standard-automation-pms/.coverage': no such table: tracer (couldnt-parse); see https://coverage.readthedocs.io/en/7.13.4/messages.html#warning-couldnt-parse
  coverage._warn(msg, slug="couldnt-parse")
/Library/Frameworks/Python.framework/Versions/3.13/lib/python3.13/site-packages/coverage/report_core.py:113: CoverageWarning: Couldn't parse '/Users/fulingwei/.openclaw/workspace/non-standard-automation-pms/app/services/shortage_alerts/__init__.py': Couldn't use data file '/Users/fulingwei/.openclaw/workspace/non-standard-automation-pms/.coverage': no such table: tracer (couldnt-parse); see https://coverage.readthedocs.io/en/7.13.4/messages.html#warning-couldnt-parse
  coverage._warn(msg, slug="couldnt-parse")
/Library/Frameworks/Python.framework/Versions/3.13/lib/python3.13/site-packages/coverage/report_core.py:113: CoverageWarning: Couldn't parse '/Users/fulingwei/.openclaw/workspace/non-standard-automation-pms/app/services/shortage_alerts/service.py': Couldn't use data file '/Users/fulingwei/.openclaw/workspace/non-standard-automation-pms/.coverage': no such table: tracer (couldnt-parse); see https://coverage.readthedocs.io/en/7.13.4/messages.html#warning-couldnt-parse
  coverage._warn(msg, slug="couldnt-parse")
/Library/Frameworks/Python.framework/Versions/3.13/lib/python3.13/site-packages/coverage/report_core.py:113: CoverageWarning: Couldn't parse '/Users/fulingwei/.openclaw/workspace/non-standard-automation-pms/app/services/shortage_analytics/__init__.py': Couldn't use data file '/Users/fulingwei/.openclaw/workspace/non-standard-automation-pms/.coverage': no such table: tracer (couldnt-parse); see https://coverage.readthedocs.io/en/7.13.4/messages.html#warning-couldnt-parse
  coverage._warn(msg, slug="couldnt-parse")
/Library/Frameworks/Python.framework/Versions/3.13/lib/python3.13/site-packages/coverage/report_core.py:113: CoverageWarning: Couldn't parse '/Users/fulingwei/.openclaw/workspace/non-standard-automation-pms/app/services/shortage_analytics/shortage_analytics_service.py': Couldn't use data file '/Users/fulingwei/.openclaw/workspace/non-standard-automation-pms/.coverage': no such table: tracer (couldnt-parse); see https://coverage.readthedocs.io/en/7.13.4/messages.html#warning-couldnt-parse
  coverage._warn(msg, slug="couldnt-parse")
/Library/Frameworks/Python.framework/Versions/3.13/lib/python3.13/site-packages/coverage/report_core.py:113: CoverageWarning: Couldn't parse '/Users/fulingwei/.openclaw/workspace/non-standard-automation-pms/app/services/shortage_report_service.py': Couldn't use data file '/Users/fulingwei/.openclaw/workspace/non-standard-automation-pms/.coverage': no such table: tracer (couldnt-parse); see https://coverage.readthedocs.io/en/7.13.4/messages.html#warning-couldnt-parse
  coverage._warn(msg, slug="couldnt-parse")
/Library/Frameworks/Python.framework/Versions/3.13/lib/python3.13/site-packages/coverage/report_core.py:113: CoverageWarning: Couldn't parse '/Users/fulingwei/.openclaw/workspace/non-standard-automation-pms/app/services/sla_service.py': Couldn't use data file '/Users/fulingwei/.openclaw/workspace/non-standard-automation-pms/.coverage': no such table: tracer (couldnt-parse); see https://coverage.readthedocs.io/en/7.13.4/messages.html#warning-couldnt-parse
  coverage._warn(msg, slug="couldnt-parse")
/Library/Frameworks/Python.framework/Versions/3.13/lib/python3.13/site-packages/coverage/report_core.py:113: CoverageWarning: Couldn't parse '/Users/fulingwei/.openclaw/workspace/non-standard-automation-pms/app/services/solution_credit_service.py': Couldn't use data file '/Users/fulingwei/.openclaw/workspace/non-standard-automation-pms/.coverage': no such table: tracer (couldnt-parse); see https://coverage.readthedocs.io/en/7.13.4/messages.html#warning-couldnt-parse
  coverage._warn(msg, slug="couldnt-parse")
/Library/Frameworks/Python.framework/Versions/3.13/lib/python3.13/site-packages/coverage/report_core.py:113: CoverageWarning: Couldn't parse '/Users/fulingwei/.openclaw/workspace/non-standard-automation-pms/app/services/solution_engineer_bonus_service.py': Couldn't use data file '/Users/fulingwei/.openclaw/workspace/non-standard-automation-pms/.coverage': no such table: tracer (couldnt-parse); see https://coverage.readthedocs.io/en/7.13.4/messages.html#warning-couldnt-parse
  coverage._warn(msg, slug="couldnt-parse")
/Library/Frameworks/Python.framework/Versions/3.13/lib/python3.13/site-packages/coverage/report_core.py:113: CoverageWarning: Couldn't parse '/Users/fulingwei/.openclaw/workspace/non-standard-automation-pms/app/services/spec_match_service.py': Couldn't use data file '/Users/fulingwei/.openclaw/workspace/non-standard-automation-pms/.coverage': no such table: tracer (couldnt-parse); see https://coverage.readthedocs.io/en/7.13.4/messages.html#warning-couldnt-parse
  coverage._warn(msg, slug="couldnt-parse")
/Library/Frameworks/Python.framework/Versions/3.13/lib/python3.13/site-packages/coverage/report_core.py:113: CoverageWarning: Couldn't parse '/Users/fulingwei/.openclaw/workspace/non-standard-automation-pms/app/services/staff_matching/__init__.py': Couldn't use data file '/Users/fulingwei/.openclaw/workspace/non-standard-automation-pms/.coverage': no such table: tracer (couldnt-parse); see https://coverage.readthedocs.io/en/7.13.4/messages.html#warning-couldnt-parse
  coverage._warn(msg, slug="couldnt-parse")
/Library/Frameworks/Python.framework/Versions/3.13/lib/python3.13/site-packages/coverage/report_core.py:113: CoverageWarning: Couldn't parse '/Users/fulingwei/.openclaw/workspace/non-standard-automation-pms/app/services/staff_matching/base.py': Couldn't use data file '/Users/fulingwei/.openclaw/workspace/non-standard-automation-pms/.coverage': no such table: tracer (couldnt-parse); see https://coverage.readthedocs.io/en/7.13.4/messages.html#warning-couldnt-parse
  coverage._warn(msg, slug="couldnt-parse")
/Library/Frameworks/Python.framework/Versions/3.13/lib/python3.13/site-packages/coverage/report_core.py:113: CoverageWarning: Couldn't parse '/Users/fulingwei/.openclaw/workspace/non-standard-automation-pms/app/services/staff_matching/candidate_management.py': Couldn't use data file '/Users/fulingwei/.openclaw/workspace/non-standard-automation-pms/.coverage': no such table: tracer (couldnt-parse); see https://coverage.readthedocs.io/en/7.13.4/messages.html#warning-couldnt-parse
  coverage._warn(msg, slug="couldnt-parse")
/Library/Frameworks/Python.framework/Versions/3.13/lib/python3.13/site-packages/coverage/report_core.py:113: CoverageWarning: Couldn't parse '/Users/fulingwei/.openclaw/workspace/non-standard-automation-pms/app/services/staff_matching/matching.py': Couldn't use data file '/Users/fulingwei/.openclaw/workspace/non-standard-automation-pms/.coverage': no such table: tracer (couldnt-parse); see https://coverage.readthedocs.io/en/7.13.4/messages.html#warning-couldnt-parse
  coverage._warn(msg, slug="couldnt-parse")
/Library/Frameworks/Python.framework/Versions/3.13/lib/python3.13/site-packages/coverage/report_core.py:113: CoverageWarning: Couldn't parse '/Users/fulingwei/.openclaw/workspace/non-standard-automation-pms/app/services/staff_matching/profile_aggregation.py': Couldn't use data file '/Users/fulingwei/.openclaw/workspace/non-standard-automation-pms/.coverage': no such table: tracer (couldnt-parse); see https://coverage.readthedocs.io/en/7.13.4/messages.html#warning-couldnt-parse
  coverage._warn(msg, slug="couldnt-parse")
/Library/Frameworks/Python.framework/Versions/3.13/lib/python3.13/site-packages/coverage/report_core.py:113: CoverageWarning: Couldn't parse '/Users/fulingwei/.openclaw/workspace/non-standard-automation-pms/app/services/staff_matching/score_calculators.py': Couldn't use data file '/Users/fulingwei/.openclaw/workspace/non-standard-automation-pms/.coverage': no such table: tracer (couldnt-parse); see https://coverage.readthedocs.io/en/7.13.4/messages.html#warning-couldnt-parse
  coverage._warn(msg, slug="couldnt-parse")
/Library/Frameworks/Python.framework/Versions/3.13/lib/python3.13/site-packages/coverage/report_core.py:113: CoverageWarning: Couldn't parse '/Users/fulingwei/.openclaw/workspace/non-standard-automation-pms/app/services/stage_advance_service.py': Couldn't use data file '/Users/fulingwei/.openclaw/workspace/non-standard-automation-pms/.coverage': no such table: tracer (couldnt-parse); see https://coverage.readthedocs.io/en/7.13.4/messages.html#warning-couldnt-parse
  coverage._warn(msg, slug="couldnt-parse")
/Library/Frameworks/Python.framework/Versions/3.13/lib/python3.13/site-packages/coverage/report_core.py:113: CoverageWarning: Couldn't parse '/Users/fulingwei/.openclaw/workspace/non-standard-automation-pms/app/services/stage_instance/__init__.py': Couldn't use data file '/Users/fulingwei/.openclaw/workspace/non-standard-automation-pms/.coverage': no such table: tracer (couldnt-parse); see https://coverage.readthedocs.io/en/7.13.4/messages.html#warning-couldnt-parse
  coverage._warn(msg, slug="couldnt-parse")
/Library/Frameworks/Python.framework/Versions/3.13/lib/python3.13/site-packages/coverage/report_core.py:113: CoverageWarning: Couldn't parse '/Users/fulingwei/.openclaw/workspace/non-standard-automation-pms/app/services/stage_instance/adjustments.py': Couldn't use data file '/Users/fulingwei/.openclaw/workspace/non-standard-automation-pms/.coverage': no such table: tracer (couldnt-parse); see https://coverage.readthedocs.io/en/7.13.4/messages.html#warning-couldnt-parse
  coverage._warn(msg, slug="couldnt-parse")
/Library/Frameworks/Python.framework/Versions/3.13/lib/python3.13/site-packages/coverage/report_core.py:113: CoverageWarning: Couldn't parse '/Users/fulingwei/.openclaw/workspace/non-standard-automation-pms/app/services/stage_instance/core.py': Couldn't use data file '/Users/fulingwei/.openclaw/workspace/non-standard-automation-pms/.coverage': no such table: tracer (couldnt-parse); see https://coverage.readthedocs.io/en/7.13.4/messages.html#warning-couldnt-parse
  coverage._warn(msg, slug="couldnt-parse")
/Library/Frameworks/Python.framework/Versions/3.13/lib/python3.13/site-packages/coverage/report_core.py:113: CoverageWarning: Couldn't parse '/Users/fulingwei/.openclaw/workspace/non-standard-automation-pms/app/services/stage_instance/helpers.py': Couldn't use data file '/Users/fulingwei/.openclaw/workspace/non-standard-automation-pms/.coverage': no such table: tracer (couldnt-parse); see https://coverage.readthedocs.io/en/7.13.4/messages.html#warning-couldnt-parse
  coverage._warn(msg, slug="couldnt-parse")
/Library/Frameworks/Python.framework/Versions/3.13/lib/python3.13/site-packages/coverage/report_core.py:113: CoverageWarning: Couldn't parse '/Users/fulingwei/.openclaw/workspace/non-standard-automation-pms/app/services/stage_instance/initialization.py': Couldn't use data file '/Users/fulingwei/.openclaw/workspace/non-standard-automation-pms/.coverage': no such table: tracer (couldnt-parse); see https://coverage.readthedocs.io/en/7.13.4/messages.html#warning-couldnt-parse
  coverage._warn(msg, slug="couldnt-parse")
/Library/Frameworks/Python.framework/Versions/3.13/lib/python3.13/site-packages/coverage/report_core.py:113: CoverageWarning: Couldn't parse '/Users/fulingwei/.openclaw/workspace/non-standard-automation-pms/app/services/stage_instance/node_operations.py': Couldn't use data file '/Users/fulingwei/.openclaw/workspace/non-standard-automation-pms/.coverage': no such table: tracer (couldnt-parse); see https://coverage.readthedocs.io/en/7.13.4/messages.html#warning-couldnt-parse
  coverage._warn(msg, slug="couldnt-parse")
/Library/Frameworks/Python.framework/Versions/3.13/lib/python3.13/site-packages/coverage/report_core.py:113: CoverageWarning: Couldn't parse '/Users/fulingwei/.openclaw/workspace/non-standard-automation-pms/app/services/stage_instance/progress_query.py': Couldn't use data file '/Users/fulingwei/.openclaw/workspace/non-standard-automation-pms/.coverage': no such table: tracer (couldnt-parse); see https://coverage.readthedocs.io/en/7.13.4/messages.html#warning-couldnt-parse
  coverage._warn(msg, slug="couldnt-parse")
/Library/Frameworks/Python.framework/Versions/3.13/lib/python3.13/site-packages/coverage/report_core.py:113: CoverageWarning: Couldn't parse '/Users/fulingwei/.openclaw/workspace/non-standard-automation-pms/app/services/stage_instance/stage_flow.py': Couldn't use data file '/Users/fulingwei/.openclaw/workspace/non-standard-automation-pms/.coverage': no such table: tracer (couldnt-parse); see https://coverage.readthedocs.io/en/7.13.4/messages.html#warning-couldnt-parse
  coverage._warn(msg, slug="couldnt-parse")
/Library/Frameworks/Python.framework/Versions/3.13/lib/python3.13/site-packages/coverage/report_core.py:113: CoverageWarning: Couldn't parse '/Users/fulingwei/.openclaw/workspace/non-standard-automation-pms/app/services/stage_template/__init__.py': Couldn't use data file '/Users/fulingwei/.openclaw/workspace/non-standard-automation-pms/.coverage': no such table: tracer (couldnt-parse); see https://coverage.readthedocs.io/en/7.13.4/messages.html#warning-couldnt-parse
  coverage._warn(msg, slug="couldnt-parse")
/Library/Frameworks/Python.framework/Versions/3.13/lib/python3.13/site-packages/coverage/report_core.py:113: CoverageWarning: Couldn't parse '/Users/fulingwei/.openclaw/workspace/non-standard-automation-pms/app/services/stage_template/core.py': Couldn't use data file '/Users/fulingwei/.openclaw/workspace/non-standard-automation-pms/.coverage': no such table: tracer (couldnt-parse); see https://coverage.readthedocs.io/en/7.13.4/messages.html#warning-couldnt-parse
  coverage._warn(msg, slug="couldnt-parse")
/Library/Frameworks/Python.framework/Versions/3.13/lib/python3.13/site-packages/coverage/report_core.py:113: CoverageWarning: Couldn't parse '/Users/fulingwei/.openclaw/workspace/non-standard-automation-pms/app/services/stage_template/default_template.py': Couldn't use data file '/Users/fulingwei/.openclaw/workspace/non-standard-automation-pms/.coverage': no such table: tracer (couldnt-parse); see https://coverage.readthedocs.io/en/7.13.4/messages.html#warning-couldnt-parse
  coverage._warn(msg, slug="couldnt-parse")
/Library/Frameworks/Python.framework/Versions/3.13/lib/python3.13/site-packages/coverage/report_core.py:113: CoverageWarning: Couldn't parse '/Users/fulingwei/.openclaw/workspace/non-standard-automation-pms/app/services/stage_template/helpers.py': Couldn't use data file '/Users/fulingwei/.openclaw/workspace/non-standard-automation-pms/.coverage': no such table: tracer (couldnt-parse); see https://coverage.readthedocs.io/en/7.13.4/messages.html#warning-couldnt-parse
  coverage._warn(msg, slug="couldnt-parse")
/Library/Frameworks/Python.framework/Versions/3.13/lib/python3.13/site-packages/coverage/report_core.py:113: CoverageWarning: Couldn't parse '/Users/fulingwei/.openclaw/workspace/non-standard-automation-pms/app/services/stage_template/import_export.py': Couldn't use data file '/Users/fulingwei/.openclaw/workspace/non-standard-automation-pms/.coverage': no such table: tracer (couldnt-parse); see https://coverage.readthedocs.io/en/7.13.4/messages.html#warning-couldnt-parse
  coverage._warn(msg, slug="couldnt-parse")
/Library/Frameworks/Python.framework/Versions/3.13/lib/python3.13/site-packages/coverage/report_core.py:113: CoverageWarning: Couldn't parse '/Users/fulingwei/.openclaw/workspace/non-standard-automation-pms/app/services/stage_template/node_management.py': Couldn't use data file '/Users/fulingwei/.openclaw/workspace/non-standard-automation-pms/.coverage': no such table: tracer (couldnt-parse); see https://coverage.readthedocs.io/en/7.13.4/messages.html#warning-couldnt-parse
  coverage._warn(msg, slug="couldnt-parse")
/Library/Frameworks/Python.framework/Versions/3.13/lib/python3.13/site-packages/coverage/report_core.py:113: CoverageWarning: Couldn't parse '/Users/fulingwei/.openclaw/workspace/non-standard-automation-pms/app/services/stage_template/stage_management.py': Couldn't use data file '/Users/fulingwei/.openclaw/workspace/non-standard-automation-pms/.coverage': no such table: tracer (couldnt-parse); see https://coverage.readthedocs.io/en/7.13.4/messages.html#warning-couldnt-parse
  coverage._warn(msg, slug="couldnt-parse")
/Library/Frameworks/Python.framework/Versions/3.13/lib/python3.13/site-packages/coverage/report_core.py:113: CoverageWarning: Couldn't parse '/Users/fulingwei/.openclaw/workspace/non-standard-automation-pms/app/services/stage_template/template_crud.py': Couldn't use data file '/Users/fulingwei/.openclaw/workspace/non-standard-automation-pms/.coverage': no such table: tracer (couldnt-parse); see https://coverage.readthedocs.io/en/7.13.4/messages.html#warning-couldnt-parse
  coverage._warn(msg, slug="couldnt-parse")
/Library/Frameworks/Python.framework/Versions/3.13/lib/python3.13/site-packages/coverage/report_core.py:113: CoverageWarning: Couldn't parse '/Users/fulingwei/.openclaw/workspace/non-standard-automation-pms/app/services/stage_transition_checks.py': Couldn't use data file '/Users/fulingwei/.openclaw/workspace/non-standard-automation-pms/.coverage': no such table: tracer (couldnt-parse); see https://coverage.readthedocs.io/en/7.13.4/messages.html#warning-couldnt-parse
  coverage._warn(msg, slug="couldnt-parse")
/Library/Frameworks/Python.framework/Versions/3.13/lib/python3.13/site-packages/coverage/report_core.py:113: CoverageWarning: Couldn't parse '/Users/fulingwei/.openclaw/workspace/non-standard-automation-pms/app/services/status_handlers/__init__.py': Couldn't use data file '/Users/fulingwei/.openclaw/workspace/non-standard-automation-pms/.coverage': no such table: tracer (couldnt-parse); see https://coverage.readthedocs.io/en/7.13.4/messages.html#warning-couldnt-parse
  coverage._warn(msg, slug="couldnt-parse")
/Library/Frameworks/Python.framework/Versions/3.13/lib/python3.13/site-packages/coverage/report_core.py:113: CoverageWarning: Couldn't parse '/Users/fulingwei/.openclaw/workspace/non-standard-automation-pms/app/services/status_handlers/acceptance_handler.py': Couldn't use data file '/Users/fulingwei/.openclaw/workspace/non-standard-automation-pms/.coverage': no such table: tracer (couldnt-parse); see https://coverage.readthedocs.io/en/7.13.4/messages.html#warning-couldnt-parse
  coverage._warn(msg, slug="couldnt-parse")
/Library/Frameworks/Python.framework/Versions/3.13/lib/python3.13/site-packages/coverage/report_core.py:113: CoverageWarning: Couldn't parse '/Users/fulingwei/.openclaw/workspace/non-standard-automation-pms/app/services/status_handlers/contract_handler.py': Couldn't use data file '/Users/fulingwei/.openclaw/workspace/non-standard-automation-pms/.coverage': no such table: tracer (couldnt-parse); see https://coverage.readthedocs.io/en/7.13.4/messages.html#warning-couldnt-parse
  coverage._warn(msg, slug="couldnt-parse")
/Library/Frameworks/Python.framework/Versions/3.13/lib/python3.13/site-packages/coverage/report_core.py:113: CoverageWarning: Couldn't parse '/Users/fulingwei/.openclaw/workspace/non-standard-automation-pms/app/services/status_handlers/ecn_handler.py': Couldn't use data file '/Users/fulingwei/.openclaw/workspace/non-standard-automation-pms/.coverage': no such table: tracer (couldnt-parse); see https://coverage.readthedocs.io/en/7.13.4/messages.html#warning-couldnt-parse
  coverage._warn(msg, slug="couldnt-parse")
/Library/Frameworks/Python.framework/Versions/3.13/lib/python3.13/site-packages/coverage/report_core.py:113: CoverageWarning: Couldn't parse '/Users/fulingwei/.openclaw/workspace/non-standard-automation-pms/app/services/status_handlers/material_handler.py': Couldn't use data file '/Users/fulingwei/.openclaw/workspace/non-standard-automation-pms/.coverage': no such table: tracer (couldnt-parse); see https://coverage.readthedocs.io/en/7.13.4/messages.html#warning-couldnt-parse
  coverage._warn(msg, slug="couldnt-parse")
/Library/Frameworks/Python.framework/Versions/3.13/lib/python3.13/site-packages/coverage/report_core.py:113: CoverageWarning: Couldn't parse '/Users/fulingwei/.openclaw/workspace/non-standard-automation-pms/app/services/status_handlers/milestone_handler.py': Couldn't use data file '/Users/fulingwei/.openclaw/workspace/non-standard-automation-pms/.coverage': no such table: tracer (couldnt-parse); see https://coverage.readthedocs.io/en/7.13.4/messages.html#warning-couldnt-parse
  coverage._warn(msg, slug="couldnt-parse")
/Library/Frameworks/Python.framework/Versions/3.13/lib/python3.13/site-packages/coverage/report_core.py:113: CoverageWarning: Couldn't parse '/Users/fulingwei/.openclaw/workspace/non-standard-automation-pms/app/services/status_transition_service.py': Couldn't use data file '/Users/fulingwei/.openclaw/workspace/non-standard-automation-pms/.coverage': no such table: tracer (couldnt-parse); see https://coverage.readthedocs.io/en/7.13.4/messages.html#warning-couldnt-parse
  coverage._warn(msg, slug="couldnt-parse")
/Library/Frameworks/Python.framework/Versions/3.13/lib/python3.13/site-packages/coverage/report_core.py:113: CoverageWarning: Couldn't parse '/Users/fulingwei/.openclaw/workspace/non-standard-automation-pms/app/services/status_update_service.py': Couldn't use data file '/Users/fulingwei/.openclaw/workspace/non-standard-automation-pms/.coverage': no such table: tracer (couldnt-parse); see https://coverage.readthedocs.io/en/7.13.4/messages.html#warning-couldnt-parse
  coverage._warn(msg, slug="couldnt-parse")
/Library/Frameworks/Python.framework/Versions/3.13/lib/python3.13/site-packages/coverage/report_core.py:113: CoverageWarning: Couldn't parse '/Users/fulingwei/.openclaw/workspace/non-standard-automation-pms/app/services/stock_count_service.py': Couldn't use data file '/Users/fulingwei/.openclaw/workspace/non-standard-automation-pms/.coverage': no such table: tracer (couldnt-parse); see https://coverage.readthedocs.io/en/7.13.4/messages.html#warning-couldnt-parse
  coverage._warn(msg, slug="couldnt-parse")
/Library/Frameworks/Python.framework/Versions/3.13/lib/python3.13/site-packages/coverage/report_core.py:113: CoverageWarning: Couldn't parse '/Users/fulingwei/.openclaw/workspace/non-standard-automation-pms/app/services/strategy/__init__.py': Couldn't use data file '/Users/fulingwei/.openclaw/workspace/non-standard-automation-pms/.coverage': no such table: tracer (couldnt-parse); see https://coverage.readthedocs.io/en/7.13.4/messages.html#warning-couldnt-parse
  coverage._warn(msg, slug="couldnt-parse")
/Library/Frameworks/Python.framework/Versions/3.13/lib/python3.13/site-packages/coverage/report_core.py:113: CoverageWarning: Couldn't parse '/Users/fulingwei/.openclaw/workspace/non-standard-automation-pms/app/services/strategy/annual_work_service/__init__.py': Couldn't use data file '/Users/fulingwei/.openclaw/workspace/non-standard-automation-pms/.coverage': no such table: tracer (couldnt-parse); see https://coverage.readthedocs.io/en/7.13.4/messages.html#warning-couldnt-parse
  coverage._warn(msg, slug="couldnt-parse")
/Library/Frameworks/Python.framework/Versions/3.13/lib/python3.13/site-packages/coverage/report_core.py:113: CoverageWarning: Couldn't parse '/Users/fulingwei/.openclaw/workspace/non-standard-automation-pms/app/services/strategy/annual_work_service/crud.py': Couldn't use data file '/Users/fulingwei/.openclaw/workspace/non-standard-automation-pms/.coverage': no such table: tracer (couldnt-parse); see https://coverage.readthedocs.io/en/7.13.4/messages.html#warning-couldnt-parse
  coverage._warn(msg, slug="couldnt-parse")
/Library/Frameworks/Python.framework/Versions/3.13/lib/python3.13/site-packages/coverage/report_core.py:113: CoverageWarning: Couldn't parse '/Users/fulingwei/.openclaw/workspace/non-standard-automation-pms/app/services/strategy/annual_work_service/detail_stats.py': Couldn't use data file '/Users/fulingwei/.openclaw/workspace/non-standard-automation-pms/.coverage': no such table: tracer (couldnt-parse); see https://coverage.readthedocs.io/en/7.13.4/messages.html#warning-couldnt-parse
  coverage._warn(msg, slug="couldnt-parse")
/Library/Frameworks/Python.framework/Versions/3.13/lib/python3.13/site-packages/coverage/report_core.py:113: CoverageWarning: Couldn't parse '/Users/fulingwei/.openclaw/workspace/non-standard-automation-pms/app/services/strategy/annual_work_service/progress.py': Couldn't use data file '/Users/fulingwei/.openclaw/workspace/non-standard-automation-pms/.coverage': no such table: tracer (couldnt-parse); see https://coverage.readthedocs.io/en/7.13.4/messages.html#warning-couldnt-parse
  coverage._warn(msg, slug="couldnt-parse")
/Library/Frameworks/Python.framework/Versions/3.13/lib/python3.13/site-packages/coverage/report_core.py:113: CoverageWarning: Couldn't parse '/Users/fulingwei/.openclaw/workspace/non-standard-automation-pms/app/services/strategy/annual_work_service/projects.py': Couldn't use data file '/Users/fulingwei/.openclaw/workspace/non-standard-automation-pms/.coverage': no such table: tracer (couldnt-parse); see https://coverage.readthedocs.io/en/7.13.4/messages.html#warning-couldnt-parse
  coverage._warn(msg, slug="couldnt-parse")
/Library/Frameworks/Python.framework/Versions/3.13/lib/python3.13/site-packages/coverage/report_core.py:113: CoverageWarning: Couldn't parse '/Users/fulingwei/.openclaw/workspace/non-standard-automation-pms/app/services/strategy/comparison_service.py': Couldn't use data file '/Users/fulingwei/.openclaw/workspace/non-standard-automation-pms/.coverage': no such table: tracer (couldnt-parse); see https://coverage.readthedocs.io/en/7.13.4/messages.html#warning-couldnt-parse
  coverage._warn(msg, slug="couldnt-parse")
/Library/Frameworks/Python.framework/Versions/3.13/lib/python3.13/site-packages/coverage/report_core.py:113: CoverageWarning: Couldn't parse '/Users/fulingwei/.openclaw/workspace/non-standard-automation-pms/app/services/strategy/csf_service.py': Couldn't use data file '/Users/fulingwei/.openclaw/workspace/non-standard-automation-pms/.coverage': no such table: tracer (couldnt-parse); see https://coverage.readthedocs.io/en/7.13.4/messages.html#warning-couldnt-parse
  coverage._warn(msg, slug="couldnt-parse")
/Library/Frameworks/Python.framework/Versions/3.13/lib/python3.13/site-packages/coverage/report_core.py:113: CoverageWarning: Couldn't parse '/Users/fulingwei/.openclaw/workspace/non-standard-automation-pms/app/services/strategy/decomposition/__init__.py': Couldn't use data file '/Users/fulingwei/.openclaw/workspace/non-standard-automation-pms/.coverage': no such table: tracer (couldnt-parse); see https://coverage.readthedocs.io/en/7.13.4/messages.html#warning-couldnt-parse
  coverage._warn(msg, slug="couldnt-parse")
/Library/Frameworks/Python.framework/Versions/3.13/lib/python3.13/site-packages/coverage/report_core.py:113: CoverageWarning: Couldn't parse '/Users/fulingwei/.openclaw/workspace/non-standard-automation-pms/app/services/strategy/decomposition/decomposition_tree.py': Couldn't use data file '/Users/fulingwei/.openclaw/workspace/non-standard-automation-pms/.coverage': no such table: tracer (couldnt-parse); see https://coverage.readthedocs.io/en/7.13.4/messages.html#warning-couldnt-parse
  coverage._warn(msg, slug="couldnt-parse")
/Library/Frameworks/Python.framework/Versions/3.13/lib/python3.13/site-packages/coverage/report_core.py:113: CoverageWarning: Couldn't parse '/Users/fulingwei/.openclaw/workspace/non-standard-automation-pms/app/services/strategy/decomposition/department_objectives.py': Couldn't use data file '/Users/fulingwei/.openclaw/workspace/non-standard-automation-pms/.coverage': no such table: tracer (couldnt-parse); see https://coverage.readthedocs.io/en/7.13.4/messages.html#warning-couldnt-parse
  coverage._warn(msg, slug="couldnt-parse")
/Library/Frameworks/Python.framework/Versions/3.13/lib/python3.13/site-packages/coverage/report_core.py:113: CoverageWarning: Couldn't parse '/Users/fulingwei/.openclaw/workspace/non-standard-automation-pms/app/services/strategy/decomposition/personal_kpis.py': Couldn't use data file '/Users/fulingwei/.openclaw/workspace/non-standard-automation-pms/.coverage': no such table: tracer (couldnt-parse); see https://coverage.readthedocs.io/en/7.13.4/messages.html#warning-couldnt-parse
  coverage._warn(msg, slug="couldnt-parse")
/Library/Frameworks/Python.framework/Versions/3.13/lib/python3.13/site-packages/coverage/report_core.py:113: CoverageWarning: Couldn't parse '/Users/fulingwei/.openclaw/workspace/non-standard-automation-pms/app/services/strategy/decomposition/stats.py': Couldn't use data file '/Users/fulingwei/.openclaw/workspace/non-standard-automation-pms/.coverage': no such table: tracer (couldnt-parse); see https://coverage.readthedocs.io/en/7.13.4/messages.html#warning-couldnt-parse
  coverage._warn(msg, slug="couldnt-parse")
/Library/Frameworks/Python.framework/Versions/3.13/lib/python3.13/site-packages/coverage/report_core.py:113: CoverageWarning: Couldn't parse '/Users/fulingwei/.openclaw/workspace/non-standard-automation-pms/app/services/strategy/health_calculator.py': Couldn't use data file '/Users/fulingwei/.openclaw/workspace/non-standard-automation-pms/.coverage': no such table: tracer (couldnt-parse); see https://coverage.readthedocs.io/en/7.13.4/messages.html#warning-couldnt-parse
  coverage._warn(msg, slug="couldnt-parse")
/Library/Frameworks/Python.framework/Versions/3.13/lib/python3.13/site-packages/coverage/report_core.py:113: CoverageWarning: Couldn't parse '/Users/fulingwei/.openclaw/workspace/non-standard-automation-pms/app/services/strategy/kpi_collector/__init__.py': Couldn't use data file '/Users/fulingwei/.openclaw/workspace/non-standard-automation-pms/.coverage': no such table: tracer (couldnt-parse); see https://coverage.readthedocs.io/en/7.13.4/messages.html#warning-couldnt-parse
  coverage._warn(msg, slug="couldnt-parse")
/Library/Frameworks/Python.framework/Versions/3.13/lib/python3.13/site-packages/coverage/report_core.py:113: CoverageWarning: Couldn't parse '/Users/fulingwei/.openclaw/workspace/non-standard-automation-pms/app/services/strategy/kpi_collector/calculation.py': Couldn't use data file '/Users/fulingwei/.openclaw/workspace/non-standard-automation-pms/.coverage': no such table: tracer (couldnt-parse); see https://coverage.readthedocs.io/en/7.13.4/messages.html#warning-couldnt-parse
  coverage._warn(msg, slug="couldnt-parse")
/Library/Frameworks/Python.framework/Versions/3.13/lib/python3.13/site-packages/coverage/report_core.py:113: CoverageWarning: Couldn't parse '/Users/fulingwei/.openclaw/workspace/non-standard-automation-pms/app/services/strategy/kpi_collector/collectors.py': Couldn't use data file '/Users/fulingwei/.openclaw/workspace/non-standard-automation-pms/.coverage': no such table: tracer (couldnt-parse); see https://coverage.readthedocs.io/en/7.13.4/messages.html#warning-couldnt-parse
  coverage._warn(msg, slug="couldnt-parse")
/Library/Frameworks/Python.framework/Versions/3.13/lib/python3.13/site-packages/coverage/report_core.py:113: CoverageWarning: Couldn't parse '/Users/fulingwei/.openclaw/workspace/non-standard-automation-pms/app/services/strategy/kpi_collector/registry.py': Couldn't use data file '/Users/fulingwei/.openclaw/workspace/non-standard-automation-pms/.coverage': no such table: tracer (couldnt-parse); see https://coverage.readthedocs.io/en/7.13.4/messages.html#warning-couldnt-parse
  coverage._warn(msg, slug="couldnt-parse")
/Library/Frameworks/Python.framework/Versions/3.13/lib/python3.13/site-packages/coverage/report_core.py:113: CoverageWarning: Couldn't parse '/Users/fulingwei/.openclaw/workspace/non-standard-automation-pms/app/services/strategy/kpi_collector/status.py': Couldn't use data file '/Users/fulingwei/.openclaw/workspace/non-standard-automation-pms/.coverage': no such table: tracer (couldnt-parse); see https://coverage.readthedocs.io/en/7.13.4/messages.html#warning-couldnt-parse
  coverage._warn(msg, slug="couldnt-parse")
/Library/Frameworks/Python.framework/Versions/3.13/lib/python3.13/site-packages/coverage/report_core.py:113: CoverageWarning: Couldn't parse '/Users/fulingwei/.openclaw/workspace/non-standard-automation-pms/app/services/strategy/kpi_service/__init__.py': Couldn't use data file '/Users/fulingwei/.openclaw/workspace/non-standard-automation-pms/.coverage': no such table: tracer (couldnt-parse); see https://coverage.readthedocs.io/en/7.13.4/messages.html#warning-couldnt-parse
  coverage._warn(msg, slug="couldnt-parse")
/Library/Frameworks/Python.framework/Versions/3.13/lib/python3.13/site-packages/coverage/report_core.py:113: CoverageWarning: Couldn't parse '/Users/fulingwei/.openclaw/workspace/non-standard-automation-pms/app/services/strategy/kpi_service/crud.py': Couldn't use data file '/Users/fulingwei/.openclaw/workspace/non-standard-automation-pms/.coverage': no such table: tracer (couldnt-parse); see https://coverage.readthedocs.io/en/7.13.4/messages.html#warning-couldnt-parse
  coverage._warn(msg, slug="couldnt-parse")
/Library/Frameworks/Python.framework/Versions/3.13/lib/python3.13/site-packages/coverage/report_core.py:113: CoverageWarning: Couldn't parse '/Users/fulingwei/.openclaw/workspace/non-standard-automation-pms/app/services/strategy/kpi_service/data_source.py': Couldn't use data file '/Users/fulingwei/.openclaw/workspace/non-standard-automation-pms/.coverage': no such table: tracer (couldnt-parse); see https://coverage.readthedocs.io/en/7.13.4/messages.html#warning-couldnt-parse
  coverage._warn(msg, slug="couldnt-parse")
/Library/Frameworks/Python.framework/Versions/3.13/lib/python3.13/site-packages/coverage/report_core.py:113: CoverageWarning: Couldn't parse '/Users/fulingwei/.openclaw/workspace/non-standard-automation-pms/app/services/strategy/kpi_service/detail_history.py': Couldn't use data file '/Users/fulingwei/.openclaw/workspace/non-standard-automation-pms/.coverage': no such table: tracer (couldnt-parse); see https://coverage.readthedocs.io/en/7.13.4/messages.html#warning-couldnt-parse
  coverage._warn(msg, slug="couldnt-parse")
/Library/Frameworks/Python.framework/Versions/3.13/lib/python3.13/site-packages/coverage/report_core.py:113: CoverageWarning: Couldn't parse '/Users/fulingwei/.openclaw/workspace/non-standard-automation-pms/app/services/strategy/kpi_service/snapshot.py': Couldn't use data file '/Users/fulingwei/.openclaw/workspace/non-standard-automation-pms/.coverage': no such table: tracer (couldnt-parse); see https://coverage.readthedocs.io/en/7.13.4/messages.html#warning-couldnt-parse
  coverage._warn(msg, slug="couldnt-parse")
/Library/Frameworks/Python.framework/Versions/3.13/lib/python3.13/site-packages/coverage/report_core.py:113: CoverageWarning: Couldn't parse '/Users/fulingwei/.openclaw/workspace/non-standard-automation-pms/app/services/strategy/kpi_service/value.py': Couldn't use data file '/Users/fulingwei/.openclaw/workspace/non-standard-automation-pms/.coverage': no such table: tracer (couldnt-parse); see https://coverage.readthedocs.io/en/7.13.4/messages.html#warning-couldnt-parse
  coverage._warn(msg, slug="couldnt-parse")
/Library/Frameworks/Python.framework/Versions/3.13/lib/python3.13/site-packages/coverage/report_core.py:113: CoverageWarning: Couldn't parse '/Users/fulingwei/.openclaw/workspace/non-standard-automation-pms/app/services/strategy/review/__init__.py': Couldn't use data file '/Users/fulingwei/.openclaw/workspace/non-standard-automation-pms/.coverage': no such table: tracer (couldnt-parse); see https://coverage.readthedocs.io/en/7.13.4/messages.html#warning-couldnt-parse
  coverage._warn(msg, slug="couldnt-parse")
/Library/Frameworks/Python.framework/Versions/3.13/lib/python3.13/site-packages/coverage/report_core.py:113: CoverageWarning: Couldn't parse '/Users/fulingwei/.openclaw/workspace/non-standard-automation-pms/app/services/strategy/review/calendar_events.py': Couldn't use data file '/Users/fulingwei/.openclaw/workspace/non-standard-automation-pms/.coverage': no such table: tracer (couldnt-parse); see https://coverage.readthedocs.io/en/7.13.4/messages.html#warning-couldnt-parse
  coverage._warn(msg, slug="couldnt-parse")
/Library/Frameworks/Python.framework/Versions/3.13/lib/python3.13/site-packages/coverage/report_core.py:113: CoverageWarning: Couldn't parse '/Users/fulingwei/.openclaw/workspace/non-standard-automation-pms/app/services/strategy/review/health_summary.py': Couldn't use data file '/Users/fulingwei/.openclaw/workspace/non-standard-automation-pms/.coverage': no such table: tracer (couldnt-parse); see https://coverage.readthedocs.io/en/7.13.4/messages.html#warning-couldnt-parse
  coverage._warn(msg, slug="couldnt-parse")
/Library/Frameworks/Python.framework/Versions/3.13/lib/python3.13/site-packages/coverage/report_core.py:113: CoverageWarning: Couldn't parse '/Users/fulingwei/.openclaw/workspace/non-standard-automation-pms/app/services/strategy/review/routine_management.py': Couldn't use data file '/Users/fulingwei/.openclaw/workspace/non-standard-automation-pms/.coverage': no such table: tracer (couldnt-parse); see https://coverage.readthedocs.io/en/7.13.4/messages.html#warning-couldnt-parse
  coverage._warn(msg, slug="couldnt-parse")
/Library/Frameworks/Python.framework/Versions/3.13/lib/python3.13/site-packages/coverage/report_core.py:113: CoverageWarning: Couldn't parse '/Users/fulingwei/.openclaw/workspace/non-standard-automation-pms/app/services/strategy/review/strategy_reviews.py': Couldn't use data file '/Users/fulingwei/.openclaw/workspace/non-standard-automation-pms/.coverage': no such table: tracer (couldnt-parse); see https://coverage.readthedocs.io/en/7.13.4/messages.html#warning-couldnt-parse
  coverage._warn(msg, slug="couldnt-parse")
/Library/Frameworks/Python.framework/Versions/3.13/lib/python3.13/site-packages/coverage/report_core.py:113: CoverageWarning: Couldn't parse '/Users/fulingwei/.openclaw/workspace/non-standard-automation-pms/app/services/strategy/strategy_service.py': Couldn't use data file '/Users/fulingwei/.openclaw/workspace/non-standard-automation-pms/.coverage': no such table: tracer (couldnt-parse); see https://coverage.readthedocs.io/en/7.13.4/messages.html#warning-couldnt-parse
  coverage._warn(msg, slug="couldnt-parse")
/Library/Frameworks/Python.framework/Versions/3.13/lib/python3.13/site-packages/coverage/report_core.py:113: CoverageWarning: Couldn't parse '/Users/fulingwei/.openclaw/workspace/non-standard-automation-pms/app/services/supplier_performance_evaluator.py': Couldn't use data file '/Users/fulingwei/.openclaw/workspace/non-standard-automation-pms/.coverage': no such table: tracer (couldnt-parse); see https://coverage.readthedocs.io/en/7.13.4/messages.html#warning-couldnt-parse
  coverage._warn(msg, slug="couldnt-parse")
/Library/Frameworks/Python.framework/Versions/3.13/lib/python3.13/site-packages/coverage/report_core.py:113: CoverageWarning: Couldn't parse '/Users/fulingwei/.openclaw/workspace/non-standard-automation-pms/app/services/task_progress_service.py': Couldn't use data file '/Users/fulingwei/.openclaw/workspace/non-standard-automation-pms/.coverage': no such table: tracer (couldnt-parse); see https://coverage.readthedocs.io/en/7.13.4/messages.html#warning-couldnt-parse
  coverage._warn(msg, slug="couldnt-parse")
/Library/Frameworks/Python.framework/Versions/3.13/lib/python3.13/site-packages/coverage/report_core.py:113: CoverageWarning: Couldn't parse '/Users/fulingwei/.openclaw/workspace/non-standard-automation-pms/app/services/team_performance/__init__.py': Couldn't use data file '/Users/fulingwei/.openclaw/workspace/non-standard-automation-pms/.coverage': no such table: tracer (couldnt-parse); see https://coverage.readthedocs.io/en/7.13.4/messages.html#warning-couldnt-parse
  coverage._warn(msg, slug="couldnt-parse")
/Library/Frameworks/Python.framework/Versions/3.13/lib/python3.13/site-packages/coverage/report_core.py:113: CoverageWarning: Couldn't parse '/Users/fulingwei/.openclaw/workspace/non-standard-automation-pms/app/services/team_performance/service.py': Couldn't use data file '/Users/fulingwei/.openclaw/workspace/non-standard-automation-pms/.coverage': no such table: tracer (couldnt-parse); see https://coverage.readthedocs.io/en/7.13.4/messages.html#warning-couldnt-parse
  coverage._warn(msg, slug="couldnt-parse")
/Library/Frameworks/Python.framework/Versions/3.13/lib/python3.13/site-packages/coverage/report_core.py:113: CoverageWarning: Couldn't parse '/Users/fulingwei/.openclaw/workspace/non-standard-automation-pms/app/services/technical_assessment_service.py': Couldn't use data file '/Users/fulingwei/.openclaw/workspace/non-standard-automation-pms/.coverage': no such table: tracer (couldnt-parse); see https://coverage.readthedocs.io/en/7.13.4/messages.html#warning-couldnt-parse
  coverage._warn(msg, slug="couldnt-parse")
/Library/Frameworks/Python.framework/Versions/3.13/lib/python3.13/site-packages/coverage/report_core.py:113: CoverageWarning: Couldn't parse '/Users/fulingwei/.openclaw/workspace/non-standard-automation-pms/app/services/template_recommendation_service.py': Couldn't use data file '/Users/fulingwei/.openclaw/workspace/non-standard-automation-pms/.coverage': no such table: tracer (couldnt-parse); see https://coverage.readthedocs.io/en/7.13.4/messages.html#warning-couldnt-parse
  coverage._warn(msg, slug="couldnt-parse")
/Library/Frameworks/Python.framework/Versions/3.13/lib/python3.13/site-packages/coverage/report_core.py:113: CoverageWarning: Couldn't parse '/Users/fulingwei/.openclaw/workspace/non-standard-automation-pms/app/services/template_report/__init__.py': Couldn't use data file '/Users/fulingwei/.openclaw/workspace/non-standard-automation-pms/.coverage': no such table: tracer (couldnt-parse); see https://coverage.readthedocs.io/en/7.13.4/messages.html#warning-couldnt-parse
  coverage._warn(msg, slug="couldnt-parse")
/Library/Frameworks/Python.framework/Versions/3.13/lib/python3.13/site-packages/coverage/report_core.py:113: CoverageWarning: Couldn't parse '/Users/fulingwei/.openclaw/workspace/non-standard-automation-pms/app/services/template_report/analysis_reports.py': Couldn't use data file '/Users/fulingwei/.openclaw/workspace/non-standard-automation-pms/.coverage': no such table: tracer (couldnt-parse); see https://coverage.readthedocs.io/en/7.13.4/messages.html#warning-couldnt-parse
  coverage._warn(msg, slug="couldnt-parse")
/Library/Frameworks/Python.framework/Versions/3.13/lib/python3.13/site-packages/coverage/report_core.py:113: CoverageWarning: Couldn't parse '/Users/fulingwei/.openclaw/workspace/non-standard-automation-pms/app/services/template_report/company_reports.py': Couldn't use data file '/Users/fulingwei/.openclaw/workspace/non-standard-automation-pms/.coverage': no such table: tracer (couldnt-parse); see https://coverage.readthedocs.io/en/7.13.4/messages.html#warning-couldnt-parse
  coverage._warn(msg, slug="couldnt-parse")
/Library/Frameworks/Python.framework/Versions/3.13/lib/python3.13/site-packages/coverage/report_core.py:113: CoverageWarning: Couldn't parse '/Users/fulingwei/.openclaw/workspace/non-standard-automation-pms/app/services/template_report/core.py': Couldn't use data file '/Users/fulingwei/.openclaw/workspace/non-standard-automation-pms/.coverage': no such table: tracer (couldnt-parse); see https://coverage.readthedocs.io/en/7.13.4/messages.html#warning-couldnt-parse
  coverage._warn(msg, slug="couldnt-parse")
/Library/Frameworks/Python.framework/Versions/3.13/lib/python3.13/site-packages/coverage/report_core.py:113: CoverageWarning: Couldn't parse '/Users/fulingwei/.openclaw/workspace/non-standard-automation-pms/app/services/template_report/dept_reports.py': Couldn't use data file '/Users/fulingwei/.openclaw/workspace/non-standard-automation-pms/.coverage': no such table: tracer (couldnt-parse); see https://coverage.readthedocs.io/en/7.13.4/messages.html#warning-couldnt-parse
  coverage._warn(msg, slug="couldnt-parse")
/Library/Frameworks/Python.framework/Versions/3.13/lib/python3.13/site-packages/coverage/report_core.py:113: CoverageWarning: Couldn't parse '/Users/fulingwei/.openclaw/workspace/non-standard-automation-pms/app/services/template_report/generic_report.py': Couldn't use data file '/Users/fulingwei/.openclaw/workspace/non-standard-automation-pms/.coverage': no such table: tracer (couldnt-parse); see https://coverage.readthedocs.io/en/7.13.4/messages.html#warning-couldnt-parse
  coverage._warn(msg, slug="couldnt-parse")
/Library/Frameworks/Python.framework/Versions/3.13/lib/python3.13/site-packages/coverage/report_core.py:113: CoverageWarning: Couldn't parse '/Users/fulingwei/.openclaw/workspace/non-standard-automation-pms/app/services/template_report/project_reports.py': Couldn't use data file '/Users/fulingwei/.openclaw/workspace/non-standard-automation-pms/.coverage': no such table: tracer (couldnt-parse); see https://coverage.readthedocs.io/en/7.13.4/messages.html#warning-couldnt-parse
  coverage._warn(msg, slug="couldnt-parse")
/Library/Frameworks/Python.framework/Versions/3.13/lib/python3.13/site-packages/coverage/report_core.py:113: CoverageWarning: Couldn't parse '/Users/fulingwei/.openclaw/workspace/non-standard-automation-pms/app/services/template_report_data_service.py': Couldn't use data file '/Users/fulingwei/.openclaw/workspace/non-standard-automation-pms/.coverage': no such table: tracer (couldnt-parse); see https://coverage.readthedocs.io/en/7.13.4/messages.html#warning-couldnt-parse
  coverage._warn(msg, slug="couldnt-parse")
/Library/Frameworks/Python.framework/Versions/3.13/lib/python3.13/site-packages/coverage/report_core.py:113: CoverageWarning: Couldn't parse '/Users/fulingwei/.openclaw/workspace/non-standard-automation-pms/app/services/template_report_service.py': Couldn't use data file '/Users/fulingwei/.openclaw/workspace/non-standard-automation-pms/.coverage': no such table: tracer (couldnt-parse); see https://coverage.readthedocs.io/en/7.13.4/messages.html#warning-couldnt-parse
  coverage._warn(msg, slug="couldnt-parse")
/Library/Frameworks/Python.framework/Versions/3.13/lib/python3.13/site-packages/coverage/report_core.py:113: CoverageWarning: Couldn't parse '/Users/fulingwei/.openclaw/workspace/non-standard-automation-pms/app/services/tenant_service.py': Couldn't use data file '/Users/fulingwei/.openclaw/workspace/non-standard-automation-pms/.coverage': no such table: tracer (couldnt-parse); see https://coverage.readthedocs.io/en/7.13.4/messages.html#warning-couldnt-parse
  coverage._warn(msg, slug="couldnt-parse")
/Library/Frameworks/Python.framework/Versions/3.13/lib/python3.13/site-packages/coverage/report_core.py:113: CoverageWarning: Couldn't parse '/Users/fulingwei/.openclaw/workspace/non-standard-automation-pms/app/services/ticket_assignment_service.py': Couldn't use data file '/Users/fulingwei/.openclaw/workspace/non-standard-automation-pms/.coverage': no such table: tracer (couldnt-parse); see https://coverage.readthedocs.io/en/7.13.4/messages.html#warning-couldnt-parse
  coverage._warn(msg, slug="couldnt-parse")
/Library/Frameworks/Python.framework/Versions/3.13/lib/python3.13/site-packages/coverage/report_core.py:113: CoverageWarning: Couldn't parse '/Users/fulingwei/.openclaw/workspace/non-standard-automation-pms/app/services/timesheet_aggregation_helpers.py': Couldn't use data file '/Users/fulingwei/.openclaw/workspace/non-standard-automation-pms/.coverage': no such table: tracer (couldnt-parse); see https://coverage.readthedocs.io/en/7.13.4/messages.html#warning-couldnt-parse
  coverage._warn(msg, slug="couldnt-parse")
/Library/Frameworks/Python.framework/Versions/3.13/lib/python3.13/site-packages/coverage/report_core.py:113: CoverageWarning: Couldn't parse '/Users/fulingwei/.openclaw/workspace/non-standard-automation-pms/app/services/timesheet_aggregation_service.py': Couldn't use data file '/Users/fulingwei/.openclaw/workspace/non-standard-automation-pms/.coverage': no such table: tracer (couldnt-parse); see https://coverage.readthedocs.io/en/7.13.4/messages.html#warning-couldnt-parse
  coverage._warn(msg, slug="couldnt-parse")
/Library/Frameworks/Python.framework/Versions/3.13/lib/python3.13/site-packages/coverage/report_core.py:113: CoverageWarning: Couldn't parse '/Users/fulingwei/.openclaw/workspace/non-standard-automation-pms/app/services/timesheet_analytics_service.py': Couldn't use data file '/Users/fulingwei/.openclaw/workspace/non-standard-automation-pms/.coverage': no such table: tracer (couldnt-parse); see https://coverage.readthedocs.io/en/7.13.4/messages.html#warning-couldnt-parse
  coverage._warn(msg, slug="couldnt-parse")
/Library/Frameworks/Python.framework/Versions/3.13/lib/python3.13/site-packages/coverage/report_core.py:113: CoverageWarning: Couldn't parse '/Users/fulingwei/.openclaw/workspace/non-standard-automation-pms/app/services/timesheet_forecast_service.py': Couldn't use data file '/Users/fulingwei/.openclaw/workspace/non-standard-automation-pms/.coverage': no such table: tracer (couldnt-parse); see https://coverage.readthedocs.io/en/7.13.4/messages.html#warning-couldnt-parse
  coverage._warn(msg, slug="couldnt-parse")
/Library/Frameworks/Python.framework/Versions/3.13/lib/python3.13/site-packages/coverage/report_core.py:113: CoverageWarning: Couldn't parse '/Users/fulingwei/.openclaw/workspace/non-standard-automation-pms/app/services/timesheet_quality_service.py': Couldn't use data file '/Users/fulingwei/.openclaw/workspace/non-standard-automation-pms/.coverage': no such table: tracer (couldnt-parse); see https://coverage.readthedocs.io/en/7.13.4/messages.html#warning-couldnt-parse
  coverage._warn(msg, slug="couldnt-parse")
/Library/Frameworks/Python.framework/Versions/3.13/lib/python3.13/site-packages/coverage/report_core.py:113: CoverageWarning: Couldn't parse '/Users/fulingwei/.openclaw/workspace/non-standard-automation-pms/app/services/timesheet_records/__init__.py': Couldn't use data file '/Users/fulingwei/.openclaw/workspace/non-standard-automation-pms/.coverage': no such table: tracer (couldnt-parse); see https://coverage.readthedocs.io/en/7.13.4/messages.html#warning-couldnt-parse
  coverage._warn(msg, slug="couldnt-parse")
/Library/Frameworks/Python.framework/Versions/3.13/lib/python3.13/site-packages/coverage/report_core.py:113: CoverageWarning: Couldn't parse '/Users/fulingwei/.openclaw/workspace/non-standard-automation-pms/app/services/timesheet_records/service.py': Couldn't use data file '/Users/fulingwei/.openclaw/workspace/non-standard-automation-pms/.coverage': no such table: tracer (couldnt-parse); see https://coverage.readthedocs.io/en/7.13.4/messages.html#warning-couldnt-parse
  coverage._warn(msg, slug="couldnt-parse")
/Library/Frameworks/Python.framework/Versions/3.13/lib/python3.13/site-packages/coverage/report_core.py:113: CoverageWarning: Couldn't parse '/Users/fulingwei/.openclaw/workspace/non-standard-automation-pms/app/services/timesheet_reminder/__init__.py': Couldn't use data file '/Users/fulingwei/.openclaw/workspace/non-standard-automation-pms/.coverage': no such table: tracer (couldnt-parse); see https://coverage.readthedocs.io/en/7.13.4/messages.html#warning-couldnt-parse
  coverage._warn(msg, slug="couldnt-parse")
/Library/Frameworks/Python.framework/Versions/3.13/lib/python3.13/site-packages/coverage/report_core.py:113: CoverageWarning: Couldn't parse '/Users/fulingwei/.openclaw/workspace/non-standard-automation-pms/app/services/timesheet_reminder/anomaly_detector.py': Couldn't use data file '/Users/fulingwei/.openclaw/workspace/non-standard-automation-pms/.coverage': no such table: tracer (couldnt-parse); see https://coverage.readthedocs.io/en/7.13.4/messages.html#warning-couldnt-parse
  coverage._warn(msg, slug="couldnt-parse")
/Library/Frameworks/Python.framework/Versions/3.13/lib/python3.13/site-packages/coverage/report_core.py:113: CoverageWarning: Couldn't parse '/Users/fulingwei/.openclaw/workspace/non-standard-automation-pms/app/services/timesheet_reminder/anomaly_reminders.py': Couldn't use data file '/Users/fulingwei/.openclaw/workspace/non-standard-automation-pms/.coverage': no such table: tracer (couldnt-parse); see https://coverage.readthedocs.io/en/7.13.4/messages.html#warning-couldnt-parse
  coverage._warn(msg, slug="couldnt-parse")
/Library/Frameworks/Python.framework/Versions/3.13/lib/python3.13/site-packages/coverage/report_core.py:113: CoverageWarning: Couldn't parse '/Users/fulingwei/.openclaw/workspace/non-standard-automation-pms/app/services/timesheet_reminder/approval_reminders.py': Couldn't use data file '/Users/fulingwei/.openclaw/workspace/non-standard-automation-pms/.coverage': no such table: tracer (couldnt-parse); see https://coverage.readthedocs.io/en/7.13.4/messages.html#warning-couldnt-parse
  coverage._warn(msg, slug="couldnt-parse")
/Library/Frameworks/Python.framework/Versions/3.13/lib/python3.13/site-packages/coverage/report_core.py:113: CoverageWarning: Couldn't parse '/Users/fulingwei/.openclaw/workspace/non-standard-automation-pms/app/services/timesheet_reminder/base.py': Couldn't use data file '/Users/fulingwei/.openclaw/workspace/non-standard-automation-pms/.coverage': no such table: tracer (couldnt-parse); see https://coverage.readthedocs.io/en/7.13.4/messages.html#warning-couldnt-parse
  coverage._warn(msg, slug="couldnt-parse")
/Library/Frameworks/Python.framework/Versions/3.13/lib/python3.13/site-packages/coverage/report_core.py:113: CoverageWarning: Couldn't parse '/Users/fulingwei/.openclaw/workspace/non-standard-automation-pms/app/services/timesheet_reminder/missing_reminders.py': Couldn't use data file '/Users/fulingwei/.openclaw/workspace/non-standard-automation-pms/.coverage': no such table: tracer (couldnt-parse); see https://coverage.readthedocs.io/en/7.13.4/messages.html#warning-couldnt-parse
  coverage._warn(msg, slug="couldnt-parse")
/Library/Frameworks/Python.framework/Versions/3.13/lib/python3.13/site-packages/coverage/report_core.py:113: CoverageWarning: Couldn't parse '/Users/fulingwei/.openclaw/workspace/non-standard-automation-pms/app/services/timesheet_reminder/notification_sender.py': Couldn't use data file '/Users/fulingwei/.openclaw/workspace/non-standard-automation-pms/.coverage': no such table: tracer (couldnt-parse); see https://coverage.readthedocs.io/en/7.13.4/messages.html#warning-couldnt-parse
  coverage._warn(msg, slug="couldnt-parse")
/Library/Frameworks/Python.framework/Versions/3.13/lib/python3.13/site-packages/coverage/report_core.py:113: CoverageWarning: Couldn't parse '/Users/fulingwei/.openclaw/workspace/non-standard-automation-pms/app/services/timesheet_reminder/reminder_manager.py': Couldn't use data file '/Users/fulingwei/.openclaw/workspace/non-standard-automation-pms/.coverage': no such table: tracer (couldnt-parse); see https://coverage.readthedocs.io/en/7.13.4/messages.html#warning-couldnt-parse
  coverage._warn(msg, slug="couldnt-parse")
/Library/Frameworks/Python.framework/Versions/3.13/lib/python3.13/site-packages/coverage/report_core.py:113: CoverageWarning: Couldn't parse '/Users/fulingwei/.openclaw/workspace/non-standard-automation-pms/app/services/timesheet_reminder/scanner.py': Couldn't use data file '/Users/fulingwei/.openclaw/workspace/non-standard-automation-pms/.coverage': no such table: tracer (couldnt-parse); see https://coverage.readthedocs.io/en/7.13.4/messages.html#warning-couldnt-parse
  coverage._warn(msg, slug="couldnt-parse")
/Library/Frameworks/Python.framework/Versions/3.13/lib/python3.13/site-packages/coverage/report_core.py:113: CoverageWarning: Couldn't parse '/Users/fulingwei/.openclaw/workspace/non-standard-automation-pms/app/services/timesheet_reminder/sync_reminders.py': Couldn't use data file '/Users/fulingwei/.openclaw/workspace/non-standard-automation-pms/.coverage': no such table: tracer (couldnt-parse); see https://coverage.readthedocs.io/en/7.13.4/messages.html#warning-couldnt-parse
  coverage._warn(msg, slug="couldnt-parse")
/Library/Frameworks/Python.framework/Versions/3.13/lib/python3.13/site-packages/coverage/report_core.py:113: CoverageWarning: Couldn't parse '/Users/fulingwei/.openclaw/workspace/non-standard-automation-pms/app/services/timesheet_reminders/__init__.py': Couldn't use data file '/Users/fulingwei/.openclaw/workspace/non-standard-automation-pms/.coverage': no such table: tracer (couldnt-parse); see https://coverage.readthedocs.io/en/7.13.4/messages.html#warning-couldnt-parse
  coverage._warn(msg, slug="couldnt-parse")
/Library/Frameworks/Python.framework/Versions/3.13/lib/python3.13/site-packages/coverage/report_core.py:113: CoverageWarning: Couldn't parse '/Users/fulingwei/.openclaw/workspace/non-standard-automation-pms/app/services/timesheet_reminders/service.py': Couldn't use data file '/Users/fulingwei/.openclaw/workspace/non-standard-automation-pms/.coverage': no such table: tracer (couldnt-parse); see https://coverage.readthedocs.io/en/7.13.4/messages.html#warning-couldnt-parse
  coverage._warn(msg, slug="couldnt-parse")
/Library/Frameworks/Python.framework/Versions/3.13/lib/python3.13/site-packages/coverage/report_core.py:113: CoverageWarning: Couldn't parse '/Users/fulingwei/.openclaw/workspace/non-standard-automation-pms/app/services/timesheet_sync_service.py': Couldn't use data file '/Users/fulingwei/.openclaw/workspace/non-standard-automation-pms/.coverage': no such table: tracer (couldnt-parse); see https://coverage.readthedocs.io/en/7.13.4/messages.html#warning-couldnt-parse
  coverage._warn(msg, slug="couldnt-parse")
/Library/Frameworks/Python.framework/Versions/3.13/lib/python3.13/site-packages/coverage/report_core.py:113: CoverageWarning: Couldn't parse '/Users/fulingwei/.openclaw/workspace/non-standard-automation-pms/app/services/two_factor_service.py': Couldn't use data file '/Users/fulingwei/.openclaw/workspace/non-standard-automation-pms/.coverage': no such table: tracer (couldnt-parse); see https://coverage.readthedocs.io/en/7.13.4/messages.html#warning-couldnt-parse
  coverage._warn(msg, slug="couldnt-parse")
/Library/Frameworks/Python.framework/Versions/3.13/lib/python3.13/site-packages/coverage/report_core.py:113: CoverageWarning: Couldn't parse '/Users/fulingwei/.openclaw/workspace/non-standard-automation-pms/app/services/unified_import/__init__.py': Couldn't use data file '/Users/fulingwei/.openclaw/workspace/non-standard-automation-pms/.coverage': no such table: tracer (couldnt-parse); see https://coverage.readthedocs.io/en/7.13.4/messages.html#warning-couldnt-parse
  coverage._warn(msg, slug="couldnt-parse")
/Library/Frameworks/Python.framework/Versions/3.13/lib/python3.13/site-packages/coverage/report_core.py:113: CoverageWarning: Couldn't parse '/Users/fulingwei/.openclaw/workspace/non-standard-automation-pms/app/services/unified_import/base.py': Couldn't use data file '/Users/fulingwei/.openclaw/workspace/non-standard-automation-pms/.coverage': no such table: tracer (couldnt-parse); see https://coverage.readthedocs.io/en/7.13.4/messages.html#warning-couldnt-parse
  coverage._warn(msg, slug="couldnt-parse")
/Library/Frameworks/Python.framework/Versions/3.13/lib/python3.13/site-packages/coverage/report_core.py:113: CoverageWarning: Couldn't parse '/Users/fulingwei/.openclaw/workspace/non-standard-automation-pms/app/services/unified_import/bom_importer.py': Couldn't use data file '/Users/fulingwei/.openclaw/workspace/non-standard-automation-pms/.coverage': no such table: tracer (couldnt-parse); see https://coverage.readthedocs.io/en/7.13.4/messages.html#warning-couldnt-parse
  coverage._warn(msg, slug="couldnt-parse")
/Library/Frameworks/Python.framework/Versions/3.13/lib/python3.13/site-packages/coverage/report_core.py:113: CoverageWarning: Couldn't parse '/Users/fulingwei/.openclaw/workspace/non-standard-automation-pms/app/services/unified_import/material_importer.py': Couldn't use data file '/Users/fulingwei/.openclaw/workspace/non-standard-automation-pms/.coverage': no such table: tracer (couldnt-parse); see https://coverage.readthedocs.io/en/7.13.4/messages.html#warning-couldnt-parse
  coverage._warn(msg, slug="couldnt-parse")
/Library/Frameworks/Python.framework/Versions/3.13/lib/python3.13/site-packages/coverage/report_core.py:113: CoverageWarning: Couldn't parse '/Users/fulingwei/.openclaw/workspace/non-standard-automation-pms/app/services/unified_import/task_importer.py': Couldn't use data file '/Users/fulingwei/.openclaw/workspace/non-standard-automation-pms/.coverage': no such table: tracer (couldnt-parse); see https://coverage.readthedocs.io/en/7.13.4/messages.html#warning-couldnt-parse
  coverage._warn(msg, slug="couldnt-parse")
/Library/Frameworks/Python.framework/Versions/3.13/lib/python3.13/site-packages/coverage/report_core.py:113: CoverageWarning: Couldn't parse '/Users/fulingwei/.openclaw/workspace/non-standard-automation-pms/app/services/unified_import/timesheet_importer.py': Couldn't use data file '/Users/fulingwei/.openclaw/workspace/non-standard-automation-pms/.coverage': no such table: tracer (couldnt-parse); see https://coverage.readthedocs.io/en/7.13.4/messages.html#warning-couldnt-parse
  coverage._warn(msg, slug="couldnt-parse")
/Library/Frameworks/Python.framework/Versions/3.13/lib/python3.13/site-packages/coverage/report_core.py:113: CoverageWarning: Couldn't parse '/Users/fulingwei/.openclaw/workspace/non-standard-automation-pms/app/services/unified_import/unified_importer.py': Couldn't use data file '/Users/fulingwei/.openclaw/workspace/non-standard-automation-pms/.coverage': no such table: tracer (couldnt-parse); see https://coverage.readthedocs.io/en/7.13.4/messages.html#warning-couldnt-parse
  coverage._warn(msg, slug="couldnt-parse")
/Library/Frameworks/Python.framework/Versions/3.13/lib/python3.13/site-packages/coverage/report_core.py:113: CoverageWarning: Couldn't parse '/Users/fulingwei/.openclaw/workspace/non-standard-automation-pms/app/services/unified_import/user_importer.py': Couldn't use data file '/Users/fulingwei/.openclaw/workspace/non-standard-automation-pms/.coverage': no such table: tracer (couldnt-parse); see https://coverage.readthedocs.io/en/7.13.4/messages.html#warning-couldnt-parse
  coverage._warn(msg, slug="couldnt-parse")
/Library/Frameworks/Python.framework/Versions/3.13/lib/python3.13/site-packages/coverage/report_core.py:113: CoverageWarning: Couldn't parse '/Users/fulingwei/.openclaw/workspace/non-standard-automation-pms/app/services/unified_notification_service.py': Couldn't use data file '/Users/fulingwei/.openclaw/workspace/non-standard-automation-pms/.coverage': no such table: tracer (couldnt-parse); see https://coverage.readthedocs.io/en/7.13.4/messages.html#warning-couldnt-parse
  coverage._warn(msg, slug="couldnt-parse")
/Library/Frameworks/Python.framework/Versions/3.13/lib/python3.13/site-packages/coverage/report_core.py:113: CoverageWarning: Couldn't parse '/Users/fulingwei/.openclaw/workspace/non-standard-automation-pms/app/services/urgent_purchase_from_shortage_service.py': Couldn't use data file '/Users/fulingwei/.openclaw/workspace/non-standard-automation-pms/.coverage': no such table: tracer (couldnt-parse); see https://coverage.readthedocs.io/en/7.13.4/messages.html#warning-couldnt-parse
  coverage._warn(msg, slug="couldnt-parse")
/Library/Frameworks/Python.framework/Versions/3.13/lib/python3.13/site-packages/coverage/report_core.py:113: CoverageWarning: Couldn't parse '/Users/fulingwei/.openclaw/workspace/non-standard-automation-pms/app/services/user_import_service.py': Couldn't use data file '/Users/fulingwei/.openclaw/workspace/non-standard-automation-pms/.coverage': no such table: tracer (couldnt-parse); see https://coverage.readthedocs.io/en/7.13.4/messages.html#warning-couldnt-parse
  coverage._warn(msg, slug="couldnt-parse")
/Library/Frameworks/Python.framework/Versions/3.13/lib/python3.13/site-packages/coverage/report_core.py:113: CoverageWarning: Couldn't parse '/Users/fulingwei/.openclaw/workspace/non-standard-automation-pms/app/services/user_sync_service.py': Couldn't use data file '/Users/fulingwei/.openclaw/workspace/non-standard-automation-pms/.coverage': no such table: tracer (couldnt-parse); see https://coverage.readthedocs.io/en/7.13.4/messages.html#warning-couldnt-parse
  coverage._warn(msg, slug="couldnt-parse")
/Library/Frameworks/Python.framework/Versions/3.13/lib/python3.13/site-packages/coverage/report_core.py:113: CoverageWarning: Couldn't parse '/Users/fulingwei/.openclaw/workspace/non-standard-automation-pms/app/services/user_workload_service.py': Couldn't use data file '/Users/fulingwei/.openclaw/workspace/non-standard-automation-pms/.coverage': no such table: tracer (couldnt-parse); see https://coverage.readthedocs.io/en/7.13.4/messages.html#warning-couldnt-parse
  coverage._warn(msg, slug="couldnt-parse")
/Library/Frameworks/Python.framework/Versions/3.13/lib/python3.13/site-packages/coverage/report_core.py:113: CoverageWarning: Couldn't parse '/Users/fulingwei/.openclaw/workspace/non-standard-automation-pms/app/services/vendor_service.py': Couldn't use data file '/Users/fulingwei/.openclaw/workspace/non-standard-automation-pms/.coverage': no such table: tracer (couldnt-parse); see https://coverage.readthedocs.io/en/7.13.4/messages.html#warning-couldnt-parse
  coverage._warn(msg, slug="couldnt-parse")
/Library/Frameworks/Python.framework/Versions/3.13/lib/python3.13/site-packages/coverage/report_core.py:113: CoverageWarning: Couldn't parse '/Users/fulingwei/.openclaw/workspace/non-standard-automation-pms/app/services/wechat_alert_service.py': Couldn't use data file '/Users/fulingwei/.openclaw/workspace/non-standard-automation-pms/.coverage': no such table: tracer (couldnt-parse); see https://coverage.readthedocs.io/en/7.13.4/messages.html#warning-couldnt-parse
  coverage._warn(msg, slug="couldnt-parse")
/Library/Frameworks/Python.framework/Versions/3.13/lib/python3.13/site-packages/coverage/report_core.py:113: CoverageWarning: Couldn't parse '/Users/fulingwei/.openclaw/workspace/non-standard-automation-pms/app/services/win_rate_prediction_service/__init__.py': Couldn't use data file '/Users/fulingwei/.openclaw/workspace/non-standard-automation-pms/.coverage': no such table: tracer (couldnt-parse); see https://coverage.readthedocs.io/en/7.13.4/messages.html#warning-couldnt-parse
  coverage._warn(msg, slug="couldnt-parse")
/Library/Frameworks/Python.framework/Versions/3.13/lib/python3.13/site-packages/coverage/report_core.py:113: CoverageWarning: Couldn't parse '/Users/fulingwei/.openclaw/workspace/non-standard-automation-pms/app/services/win_rate_prediction_service/ai_service.py': Couldn't use data file '/Users/fulingwei/.openclaw/workspace/non-standard-automation-pms/.coverage': no such table: tracer (couldnt-parse); see https://coverage.readthedocs.io/en/7.13.4/messages.html#warning-couldnt-parse
  coverage._warn(msg, slug="couldnt-parse")
/Library/Frameworks/Python.framework/Versions/3.13/lib/python3.13/site-packages/coverage/report_core.py:113: CoverageWarning: Couldn't parse '/Users/fulingwei/.openclaw/workspace/non-standard-automation-pms/app/services/win_rate_prediction_service/analysis.py': Couldn't use data file '/Users/fulingwei/.openclaw/workspace/non-standard-automation-pms/.coverage': no such table: tracer (couldnt-parse); see https://coverage.readthedocs.io/en/7.13.4/messages.html#warning-couldnt-parse
  coverage._warn(msg, slug="couldnt-parse")
/Library/Frameworks/Python.framework/Versions/3.13/lib/python3.13/site-packages/coverage/report_core.py:113: CoverageWarning: Couldn't parse '/Users/fulingwei/.openclaw/workspace/non-standard-automation-pms/app/services/win_rate_prediction_service/base.py': Couldn't use data file '/Users/fulingwei/.openclaw/workspace/non-standard-automation-pms/.coverage': no such table: tracer (couldnt-parse); see https://coverage.readthedocs.io/en/7.13.4/messages.html#warning-couldnt-parse
  coverage._warn(msg, slug="couldnt-parse")
/Library/Frameworks/Python.framework/Versions/3.13/lib/python3.13/site-packages/coverage/report_core.py:113: CoverageWarning: Couldn't parse '/Users/fulingwei/.openclaw/workspace/non-standard-automation-pms/app/services/win_rate_prediction_service/factors.py': Couldn't use data file '/Users/fulingwei/.openclaw/workspace/non-standard-automation-pms/.coverage': no such table: tracer (couldnt-parse); see https://coverage.readthedocs.io/en/7.13.4/messages.html#warning-couldnt-parse
  coverage._warn(msg, slug="couldnt-parse")
/Library/Frameworks/Python.framework/Versions/3.13/lib/python3.13/site-packages/coverage/report_core.py:113: CoverageWarning: Couldn't parse '/Users/fulingwei/.openclaw/workspace/non-standard-automation-pms/app/services/win_rate_prediction_service/history.py': Couldn't use data file '/Users/fulingwei/.openclaw/workspace/non-standard-automation-pms/.coverage': no such table: tracer (couldnt-parse); see https://coverage.readthedocs.io/en/7.13.4/messages.html#warning-couldnt-parse
  coverage._warn(msg, slug="couldnt-parse")
/Library/Frameworks/Python.framework/Versions/3.13/lib/python3.13/site-packages/coverage/report_core.py:113: CoverageWarning: Couldn't parse '/Users/fulingwei/.openclaw/workspace/non-standard-automation-pms/app/services/win_rate_prediction_service/prediction.py': Couldn't use data file '/Users/fulingwei/.openclaw/workspace/non-standard-automation-pms/.coverage': no such table: tracer (couldnt-parse); see https://coverage.readthedocs.io/en/7.13.4/messages.html#warning-couldnt-parse
  coverage._warn(msg, slug="couldnt-parse")
/Library/Frameworks/Python.framework/Versions/3.13/lib/python3.13/site-packages/coverage/report_core.py:113: CoverageWarning: Couldn't parse '/Users/fulingwei/.openclaw/workspace/non-standard-automation-pms/app/services/win_rate_prediction_service/service.py': Couldn't use data file '/Users/fulingwei/.openclaw/workspace/non-standard-automation-pms/.coverage': no such table: tracer (couldnt-parse); see https://coverage.readthedocs.io/en/7.13.4/messages.html#warning-couldnt-parse
  coverage._warn(msg, slug="couldnt-parse")
/Library/Frameworks/Python.framework/Versions/3.13/lib/python3.13/site-packages/coverage/report_core.py:113: CoverageWarning: Couldn't parse '/Users/fulingwei/.openclaw/workspace/non-standard-automation-pms/app/services/work_log_ai/__init__.py': Couldn't use data file '/Users/fulingwei/.openclaw/workspace/non-standard-automation-pms/.coverage': no such table: tracer (couldnt-parse); see https://coverage.readthedocs.io/en/7.13.4/messages.html#warning-couldnt-parse
  coverage._warn(msg, slug="couldnt-parse")
/Library/Frameworks/Python.framework/Versions/3.13/lib/python3.13/site-packages/coverage/report_core.py:113: CoverageWarning: Couldn't parse '/Users/fulingwei/.openclaw/workspace/non-standard-automation-pms/app/services/work_log_ai/ai_analysis.py': Couldn't use data file '/Users/fulingwei/.openclaw/workspace/non-standard-automation-pms/.coverage': no such table: tracer (couldnt-parse); see https://coverage.readthedocs.io/en/7.13.4/messages.html#warning-couldnt-parse
  coverage._warn(msg, slug="couldnt-parse")
/Library/Frameworks/Python.framework/Versions/3.13/lib/python3.13/site-packages/coverage/report_core.py:113: CoverageWarning: Couldn't parse '/Users/fulingwei/.openclaw/workspace/non-standard-automation-pms/app/services/work_log_ai/ai_prompt.py': Couldn't use data file '/Users/fulingwei/.openclaw/workspace/non-standard-automation-pms/.coverage': no such table: tracer (couldnt-parse); see https://coverage.readthedocs.io/en/7.13.4/messages.html#warning-couldnt-parse
  coverage._warn(msg, slug="couldnt-parse")
/Library/Frameworks/Python.framework/Versions/3.13/lib/python3.13/site-packages/coverage/report_core.py:113: CoverageWarning: Couldn't parse '/Users/fulingwei/.openclaw/workspace/non-standard-automation-pms/app/services/work_log_ai/core.py': Couldn't use data file '/Users/fulingwei/.openclaw/workspace/non-standard-automation-pms/.coverage': no such table: tracer (couldnt-parse); see https://coverage.readthedocs.io/en/7.13.4/messages.html#warning-couldnt-parse
  coverage._warn(msg, slug="couldnt-parse")
/Library/Frameworks/Python.framework/Versions/3.13/lib/python3.13/site-packages/coverage/report_core.py:113: CoverageWarning: Couldn't parse '/Users/fulingwei/.openclaw/workspace/non-standard-automation-pms/app/services/work_log_ai/project_matching.py': Couldn't use data file '/Users/fulingwei/.openclaw/workspace/non-standard-automation-pms/.coverage': no such table: tracer (couldnt-parse); see https://coverage.readthedocs.io/en/7.13.4/messages.html#warning-couldnt-parse
  coverage._warn(msg, slug="couldnt-parse")
/Library/Frameworks/Python.framework/Versions/3.13/lib/python3.13/site-packages/coverage/report_core.py:113: CoverageWarning: Couldn't parse '/Users/fulingwei/.openclaw/workspace/non-standard-automation-pms/app/services/work_log_ai/rule_engine.py': Couldn't use data file '/Users/fulingwei/.openclaw/workspace/non-standard-automation-pms/.coverage': no such table: tracer (couldnt-parse); see https://coverage.readthedocs.io/en/7.13.4/messages.html#warning-couldnt-parse
  coverage._warn(msg, slug="couldnt-parse")
/Library/Frameworks/Python.framework/Versions/3.13/lib/python3.13/site-packages/coverage/report_core.py:113: CoverageWarning: Couldn't parse '/Users/fulingwei/.openclaw/workspace/non-standard-automation-pms/app/services/work_log_auto_generator.py': Couldn't use data file '/Users/fulingwei/.openclaw/workspace/non-standard-automation-pms/.coverage': no such table: tracer (couldnt-parse); see https://coverage.readthedocs.io/en/7.13.4/messages.html#warning-couldnt-parse
  coverage._warn(msg, slug="couldnt-parse")
/Library/Frameworks/Python.framework/Versions/3.13/lib/python3.13/site-packages/coverage/report_core.py:113: CoverageWarning: Couldn't parse '/Users/fulingwei/.openclaw/workspace/non-standard-automation-pms/app/services/work_log_service.py': Couldn't use data file '/Users/fulingwei/.openclaw/workspace/non-standard-automation-pms/.coverage': no such table: tracer (couldnt-parse); see https://coverage.readthedocs.io/en/7.13.4/messages.html#warning-couldnt-parse
  coverage._warn(msg, slug="couldnt-parse")
/Library/Frameworks/Python.framework/Versions/3.13/lib/python3.13/site-packages/coverage/report_core.py:113: CoverageWarning: Couldn't parse '/Users/fulingwei/.openclaw/workspace/non-standard-automation-pms/app/utils/db_helpers.py': Couldn't use data file '/Users/fulingwei/.openclaw/workspace/non-standard-automation-pms/.coverage': no such table: tracer (couldnt-parse); see https://coverage.readthedocs.io/en/7.13.4/messages.html#warning-couldnt-parse
  coverage._warn(msg, slug="couldnt-parse")
/Library/Frameworks/Python.framework/Versions/3.13/lib/python3.13/site-packages/coverage/report_core.py:113: CoverageWarning: Couldn't parse '/Users/fulingwei/.openclaw/workspace/non-standard-automation-pms/app/utils/redis_client.py': Couldn't use data file '/Users/fulingwei/.openclaw/workspace/non-standard-automation-pms/.coverage': no such table: tracer (couldnt-parse); see https://coverage.readthedocs.io/en/7.13.4/messages.html#warning-couldnt-parse
  coverage._warn(msg, slug="couldnt-parse")
/Library/Frameworks/Python.framework/Versions/3.13/lib/python3.13/site-packages/pytest_cov/plugin.py:352: CovReportWarning: Failed to generate report: Couldn't use data file '/Users/fulingwei/.openclaw/workspace/non-standard-automation-pms/.coverage': no such table: tracer

  warnings.warn(CovReportWarning(message), stacklevel=1)
WARNING: Failed to generate report: Couldn't use data file '/Users/fulingwei/.openclaw/workspace/non-standard-automation-pms/.coverage': no such table: tracer



=============================== warnings summary ===============================
app/core/config.py:223
  /Users/fulingwei/.openclaw/workspace/non-standard-automation-pms/app/core/config.py:223: UserWarning: 未配置Redis存储，速率限制将使用内存存储。这在分布式部署中可能导致限流不准确。建议设置 REDIS_URL 或 RATE_LIMIT_STORAGE_URL 环境变量。
    warnings.warn(

../../../../../Library/Frameworks/Python.framework/Versions/3.13/lib/python3.13/site-packages/pydantic/_internal/_fields.py:132
  /Library/Frameworks/Python.framework/Versions/3.13/lib/python3.13/site-packages/pydantic/_internal/_fields.py:132: UserWarning: Field "model_version" in CostEstimationResponse has conflict with protected namespace "model_".
  
  You may be able to resolve this warning by setting `model_config['protected_namespaces'] = ()`.
    warnings.warn(

-- Docs: https://docs.pytest.org/en/stable/how-to/capture-warnings.html

---------- coverage: platform darwin, python 3.13.5-final-0 ----------
Name                                                      Stmts   Miss Branch BrPart  Cover   Missing
-----------------------------------------------------------------------------------------------------
app/__init__.py                                               0      0      0      0   100%
app/common/__init__.py                                        4      0      0      0   100%
app/common/context.py                                        30     18     10      0    30%   34-43, 48, 59-63, 68, 73
app/common/crud/__init__.py                                  10     10      0      0     0%   8-28
app/common/crud/base.py                                      15     15      0      0     0%   7-59
app/common/crud/base_crud_service.py                        185    185     56      0     0%   10-416
app/common/crud/exceptions.py                                23     23      0      0     0%   6-52
app/common/crud/filters.py                                   79     79     48      0     0%   7-200
app/common/crud/repository.py                               102    102     42      0     0%   7-326
app/common/crud/service.py                                  104    104     30      0     0%   7-330
app/common/crud/sync_filters.py                              76     76     48      0     0%   7-196
app/common/crud/sync_repository.py                           99     99     42      0     0%   7-323
app/common/crud/sync_service.py                              76     76     22      0     0%   7-281
app/common/crud/types.py                                     53     53     12      0     0%   9-113
app/common/dashboard/__init__.py                              2      2      0      0     0%   8-10
app/common/dashboard/base.py                                 75     75     10      0     0%   9-330
app/common/date_range.py                                     29     20      4      0    27%   28-33, 46-48, 62-67, 72, 77-78, 91-94
app/common/pagination.py                                     33     17      2      0    46%   33-35, 39, 66-75, 98-107, 134
app/common/query_filters.py                                  70     59     44      0    10%   20-38, 54-71, 87-103, 133-141, 155-163, 187-191
app/common/reports/__init__.py                                3      3      0      0     0%   7-10
app/common/reports/base.py                                   47     47     12      0     0%   7-126
app/common/reports/renderers.py                             104    104     30      0     0%   7-194
app/common/statistics/__init__.py                             5      5      0      0     0%   7-19
app/common/statistics/aggregator.py                          38     38      8      0     0%   7-137
app/common/statistics/base.py                               122    122     58      0     0%   7-352
app/common/statistics/dashboard.py                           23     23      0      0     0%   7-137
app/common/statistics/helpers.py                             33     33     16      0     0%   8-174
app/common/tree_builder.py                                   36     36     18      0     0%   9-115
app/core/__init__.py                                          3      0      0      0   100%
app/core/account_lockout.py                                  40     40      6      0     0%   21-96
app/core/api_key_auth.py                                     60     60     18      0     0%   21-208
app/core/auth.py                                            308    268     90      0    10%   81, 102-115, 123, 128, 147-168, 189-213, 233-249, 262-284, 297-306, 316-363, 372-408, 425-472, 479-547, 554-556, 563-565, 585-622, 636-659, 669-751, 763-802
app/core/config.py                                          125     15     20      7    81%   75-85, 92, 121, 123-130, 219->228, 221, 237
app/core/csrf.py                                            116    116     46      0     0%   23-316
app/core/database/__init__.py                                 2      0      0      0   100%
app/core/database/tenant_query.py                            73     60     22      0    14%   69-74, 90-150, 162-180, 192-204, 222-224, 239-241
app/core/decorators/__init__.py                               2      2      0      0     0%   8-14
app/core/decorators/tenant_isolation.py                      46     46     12      0     0%   21-226
app/core/encryption.py                                       49     49      8      0     0%   7-149
app/core/exception_handlers.py                               95     95     36      0     0%   8-289
app/core/exceptions.py                                        6      6      0      0     0%   9-18
app/core/logging_config.py                                   72     72     20      0     0%   13-287
app/core/middleware/__init__.py                               3      0      0      0   100%
app/core/middleware/auth_middleware.py                       70     54     24      0    17%   61-141, 154-166, 180, 199-204, 214-216
app/core/middleware/rate_limiting.py                         30     30      8      0     0%   10-81
app/core/middleware/tenant_middleware.py                     45     29     10      0    29%   30, 39, 55-83, 108-109, 122-128, 141-143, 174-182
app/core/permissions/__init__.py                              2      2      0      0     0%   11-21
app/core/permissions/tenant_access.py                        51     51     22      0     0%   21-270
app/core/permissions/timesheet.py                           105    105     60      0     0%   12-263
app/core/rate_limit.py                                        2      2      0      0     0%   9-18
app/core/rate_limiting.py                                    45     45     12      0     0%   12-142
app/core/request_signature.py                                57     57     14      0     0%   23-248
app/core/sales_permissions.py                               208    184    126      0     7%   53-86, 110-168, 183-237, 244-270, 277-285, 294-299, 315-332, 347-360, 366-376, 384-396, 402-412, 423-437, 443-453, 466-471, 490-517, 523-533
app/core/schemas/__init__.py                                  3      3      0      0     0%   6-28
app/core/schemas/response.py                                 52     52      2      0     0%   8-265
app/core/schemas/validators.py                              171    171     90      0     0%   9-521
app/core/secret_manager.py                                  122    122     38      0     0%   8-317
app/core/security.py                                          3      0      0      0   100%
app/core/security_headers.py                                 48     48      8      0     0%   21-241
app/core/state_machine/__init__.py                            5      5      0      0     0%   13-23
app/core/state_machine/acceptance.py                        148    148     18      0     0%   13-287
app/core/state_machine/base.py                              169    169     58      0     0%   8-460
app/core/state_machine/decorators.py                         52     52     14      0     0%   8-163
app/core/state_machine/ecn.py                               103    103     24      0     0%   16-371
app/core/state_machine/ecn_status.py                         43     43      0      0     0%   7-142
app/core/state_machine/exceptions.py                         22     22      4      0     0%   7-46
app/core/state_machine/installation_dispatch.py              84     84     28      0     0%   12-238
app/core/state_machine/issue.py                              94     94     30      0     0%   8-240
app/core/state_machine/milestone.py                          91     91     20      0     0%   12-220
app/core/state_machine/notifications.py                     120    120     84      0     0%   11-369
app/core/state_machine/opportunity.py                        90     90     22      0     0%   14-297
app/core/state_machine/permissions.py                        62     62     42      0     0%   11-171
app/core/state_machine/quote.py                             133    133     34      0     0%   29-445
app/dependencies.py                                          13      9      0      0    31%   20-31
app/main.py                                                  73     73     10      0     0%   3-147
app/models/__init__.py                                       27      0      0      0   100%
app/models/acceptance.py                                    191      4      0      0    98%   48, 165, 265, 342
app/models/advantage_product.py                             109    109      0      0     0%   12-313
app/models/ai_planning/__init__.py                            4      4      0      0     0%   6-10
app/models/ai_planning/plan_template.py                      41     41      0      0     0%   7-90
app/models/ai_planning/resource_allocation.py                73     73      0      0     0%   7-141
app/models/ai_planning/wbs_suggestion.py                     57     57      0      0     0%   7-119
app/models/alert.py                                         229      5      0      0    98%   38, 97, 165, 287, 460
app/models/api_key.py                                        28      1      0      0    96%   57
app/models/approval/__init__.py                               7      0      0      0   100%
app/models/approval/delegate.py                              39      2      0      0    95%   78, 110
app/models/approval/flow.py                                  64      3      0      0    95%   57, 187, 243
app/models/approval/instance.py                              43      4      0      0    91%   115, 120-124
app/models/approval/log.py                                   48      2      0      0    96%   102, 145
app/models/approval/task.py                                  68      3      0      0    96%   126, 167, 215
app/models/approval/template.py                              42      2      0      0    95%   92, 119
app/models/assembly_kit.py                                  247      9      0      0    96%   46, 74, 109, 166, 244, 324, 362, 409, 491
app/models/base.py                                          206     97     54     10    46%   52-53, 56-95, 111-138, 141-153, 155-158, 166-169, 288, 293, 314, 330, 352-364, 379->391, 399, 406-415, 427-435, 446-457, 463-466
app/models/bonus.py                                         115      5      0      0    96%   75, 129, 172, 204, 266
app/models/budget.py                                         67      3      0      0    96%   80, 116, 155
app/models/business_support/__init__.py                      11      0      0      0   100%
app/models/business_support/acceptance.py                    64      2      0      0    97%   92, 121
app/models/business_support/bidding.py                       62      2      0      0    97%   90, 120
app/models/business_support/contract.py                      37      2      0      0    95%   46, 77
app/models/business_support/delivery.py                      45      1      0      0    98%   94
app/models/business_support/document.py                      22      1      0      0    95%   41
app/models/business_support/invoice.py                       44      1      0      0    98%   82
app/models/business_support/payment.py                       25      1      0      0    96%   44
app/models/business_support/reconciliation.py                29      1      0      0    97%   72
app/models/business_support/registration.py                  30      1      0      0    97%   53
app/models/business_support/sales_order.py                   55      2      0      0    96%   87, 113
app/models/change_impact.py                                 120      2      0      0    98%   119, 218
app/models/change_request.py                                 92      3      0      0    97%   194, 240, 289
app/models/cost_prediction.py                               110      2      0      0    98%   293, 557
app/models/culture_wall.py                                   51      0      0      0   100%
app/models/culture_wall_config.py                            16      1      0      0    94%   62
app/models/earned_value.py                                   69      2      0      0    97%   212, 304
app/models/ecn/__init__.py                                    8      0      0      0   100%
app/models/ecn/config.py                                     25      1      0      0    96%   24
app/models/ecn/core.py                                       59      1      0      0    98%   131
app/models/ecn/evaluation_approval.py                        41      0      0      0   100%
app/models/ecn/execution.py                                  26      0      0      0   100%
app/models/ecn/impact.py                                     68      0      0      0   100%
app/models/ecn/log.py                                        16      0      0      0   100%
app/models/ecn/responsibility_template.py                    50      0      0      0   100%
app/models/employee_encrypted_example.py                     50     50      8      0     0%   7-117
app/models/encrypted_types.py                                44     44     14      0     0%   7-199
app/models/engineer_performance/__init__.py                   6      6      0      0     0%   6-45
app/models/engineer_performance/common.py                    86     86      0      0     0%   5-196
app/models/engineer_performance/electrical.py                95     95      0      0     0%   5-194
app/models/engineer_performance/enums.py                     61     61      0      0     0%   5-98
app/models/engineer_performance/mechanical.py                58     58      0      0     0%   5-123
app/models/engineer_performance/test.py                      63     63      0      0     0%   6-131
app/models/enums.py                                           2      2      0      0     0%   10-103
app/models/enums/__init__.py                                 10      0      0      0   100%
app/models/enums/acceptance.py                               63      0      0      0   100%
app/models/enums/material.py                                 60      0      0      0   100%
app/models/enums/others.py                                  160      0      0      0   100%
app/models/enums/pitfall.py                                  48      0      0      0   100%
app/models/enums/project.py                                  85      0      0      0   100%
app/models/enums/sales.py                                    94      0      0      0   100%
app/models/enums/stage.py                                    31      0      0      0   100%
app/models/enums/strategy.py                                 56      0      0      0   100%
app/models/enums/workflow.py                                113      0      0      0   100%
app/models/exports/__init__.py                                1      0      0      0   100%
app/models/exports/complete/__init__.py                       9      0      0      0   100%
app/models/exports/complete/approval_ecn_acceptance.py        4      0      0      0   100%
app/models/exports/complete/base_enums.py                     4      0      0      0   100%
app/models/exports/complete/material_purchase.py              6      0      0      0   100%
app/models/exports/complete/other_modules.py                 29      0      0      0   100%
app/models/exports/complete/performance_organization.py      11      0      0      0   100%
app/models/exports/complete/production_outsourcing.py         3      0      0      0   100%
app/models/exports/complete/project_related.py               11      0      0      0   100%
app/models/exports/complete/sales_contract.py                 3      0      0      0   100%
app/models/finance.py                                       131      5      0      0    96%   76, 128, 186, 229, 278
app/models/holiday.py                                        36     36      6      0     0%   7-136
app/models/hourly_rate.py                                    23      1      0      0    96%   67
app/models/installation_dispatch.py                          67      1      0      0    99%   123
app/models/inventory_tracking.py                            178      6      0      0    97%   90, 145, 204, 279, 338, 396
app/models/issue.py                                         179      5      0      0    97%   116, 175, 209, 278, 325
app/models/login_attempt.py                                  15      1      0      0    93%   29
app/models/machine.py                                         2      2      0      0     0%   3-5
app/models/management_rhythm.py                             135      0      0      0   100%
app/models/material.py                                      156      3      0      0    98%   43, 99, 176
-----------------------------------------------------------------------------------------------------
TOTAL                                                      9860   5481   1674     17    38%

======================== 45 passed, 2 warnings in 6.11s ========================
