// Vitest Snapshot v1, https://vitest.dev/guide/snapshot.html

exports[`ProjectTimeline > Snapshot > matches snapshot with all events 1`] = `
<div
  data-testid="card"
>
  <div
    data-testid="cardheader"
  >
    <div
      class="text-lg"
      data-testid="cardtitle"
    >
      项目时间线
    </div>
    <p
      class="text-sm text-slate-400 mt-1"
    >
      显示项目关键事件和变更历史
    </p>
  </div>
  <div
    class="space-y-4"
    data-testid="cardcontent"
  >
    <div
      class="flex items-center gap-2"
    >
      <div
        class="flex-1"
      >
        <input
          icon="[object Object]"
          placeholder="搜索事件..."
          type="text"
          value="unknown"
        />
      </div>
      <div
        class="flex items-center gap-1 rounded-lg bg-white/5 p-1"
      >
        <button
          type="button"
        >
          全部
        </button>
        <button
          type="button"
        >
          阶段变更
        </button>
        <button
          type="button"
        >
          状态变更
        </button>
        <button
          type="button"
        >
          健康度变更
        </button>
        <button
          type="button"
        >
          里程碑
        </button>
        <button
          type="button"
        >
          文档
        </button>
        <button
          type="button"
        >
          其他
        </button>
      </div>
    </div>
    <div
      class="relative"
    >
      <div
        class="absolute left-5 top-0 bottom-0 w-0.5 bg-white/10"
      />
      <div
        class="space-y-4"
      >
        <div
          class="relative flex gap-4"
        >
          <div
            class="relative z-10 w-10 h-10 rounded-full flex items-center justify-center bg-gradient-to-br from-primary/20 to-indigo-500/10 border-2 border-primary/30 shadow-lg shadow-primary/20"
          >
            <svg
              aria-hidden="true"
              class="lucide lucide-circle-check h-5 w-5 text-emerald-400"
              fill="none"
              height="24"
              stroke="currentColor"
              stroke-linecap="round"
              stroke-linejoin="round"
              stroke-width="2"
              viewBox="0 0 24 24"
              width="24"
              xmlns="http://www.w3.org/2000/svg"
            >
              <circle
                cx="12"
                cy="12"
                r="10"
              />
              <path
                d="m9 12 2 2 4-4"
              />
            </svg>
          </div>
          <div
            class="flex-1 pb-4"
          >
            <div
              class="p-4 rounded-xl bg-white/[0.03] border border-white/5 hover:bg-white/[0.05] transition-colors"
            >
              <div
                class="flex items-start justify-between mb-2"
              >
                <div
                  class="flex-1"
                >
                  <div
                    class="font-medium text-white mb-1"
                  >
                    设计评审
                  </div>
                  <div
                    class="text-sm text-slate-400"
                  >
                    设计方案评审
                  </div>
                </div>
                <div
                  data-testid="badge"
                >
                  里程碑
                </div>
              </div>
              <div
                class="flex items-center gap-4 mt-3 text-xs text-slate-500"
              >
                <div
                  class="flex items-center gap-1"
                >
                  <svg
                    aria-hidden="true"
                    class="lucide lucide-calendar h-3 w-3"
                    fill="none"
                    height="24"
                    stroke="currentColor"
                    stroke-linecap="round"
                    stroke-linejoin="round"
                    stroke-width="2"
                    viewBox="0 0 24 24"
                    width="24"
                    xmlns="http://www.w3.org/2000/svg"
                  >
                    <path
                      d="M8 2v4"
                    />
                    <path
                      d="M16 2v4"
                    />
                    <rect
                      height="18"
                      rx="2"
                      width="18"
                      x="3"
                      y="4"
                    />
                    <path
                      d="M3 10h18"
                    />
                  </svg>
                  <span>
                    2024-01-30
                  </span>
                </div>
              </div>
            </div>
          </div>
        </div>
        <div
          class="relative flex gap-4"
        >
          <div
            class="relative z-10 w-10 h-10 rounded-full flex items-center justify-center bg-gradient-to-br from-primary/20 to-indigo-500/10 border-2 border-primary/30 shadow-lg shadow-primary/20"
          >
            <svg
              aria-hidden="true"
              class="lucide lucide-triangle-alert h-5 w-5 text-red-400"
              fill="none"
              height="24"
              stroke="currentColor"
              stroke-linecap="round"
              stroke-linejoin="round"
              stroke-width="2"
              viewBox="0 0 24 24"
              width="24"
              xmlns="http://www.w3.org/2000/svg"
            >
              <path
                d="m21.73 18-8-14a2 2 0 0 0-3.48 0l-8 14A2 2 0 0 0 4 21h16a2 2 0 0 0 1.73-3"
              />
              <path
                d="M12 9v4"
              />
              <path
                d="M12 17h.01"
              />
            </svg>
          </div>
          <div
            class="flex-1 pb-4"
          >
            <div
              class="p-4 rounded-xl bg-white/[0.03] border border-white/5 hover:bg-white/[0.05] transition-colors"
            >
              <div
                class="flex items-start justify-between mb-2"
              >
                <div
                  class="flex-1"
                >
                  <div
                    class="font-medium text-white mb-1"
                  >
                    健康度变更: 良好 → 警告
                  </div>
                  <div
                    class="text-sm text-slate-400"
                  >
                    进度延迟
                  </div>
                </div>
                <div
                  data-testid="badge"
                >
                  健康度变更
                </div>
              </div>
              <div
                class="flex items-center gap-4 mt-3 text-xs text-slate-500"
              >
                <div
                  class="flex items-center gap-1"
                >
                  <svg
                    aria-hidden="true"
                    class="lucide lucide-calendar h-3 w-3"
                    fill="none"
                    height="24"
                    stroke="currentColor"
                    stroke-linecap="round"
                    stroke-linejoin="round"
                    stroke-width="2"
                    viewBox="0 0 24 24"
                    width="24"
                    xmlns="http://www.w3.org/2000/svg"
                  >
                    <path
                      d="M8 2v4"
                    />
                    <path
                      d="M16 2v4"
                    />
                    <rect
                      height="18"
                      rx="2"
                      width="18"
                      x="3"
                      y="4"
                    />
                    <path
                      d="M3 10h18"
                    />
                  </svg>
                  <span>
                    2024-01-25
                  </span>
                </div>
                <div
                  class="flex items-center gap-1"
                >
                  <svg
                    class="h-3 w-3"
                    fill="none"
                    height="24"
                    stroke="currentColor"
                    stroke-width="2"
                    viewBox="0 0 24 24"
                    width="24"
                  />
                  <span>
                    王五
                  </span>
                </div>
              </div>
            </div>
          </div>
        </div>
        <div
          class="relative flex gap-4"
        >
          <div
            class="relative z-10 w-10 h-10 rounded-full flex items-center justify-center bg-gradient-to-br from-primary/20 to-indigo-500/10 border-2 border-primary/30 shadow-lg shadow-primary/20"
          >
            <svg
              aria-hidden="true"
              class="lucide lucide-clock h-5 w-5 text-amber-400"
              fill="none"
              height="24"
              stroke="currentColor"
              stroke-linecap="round"
              stroke-linejoin="round"
              stroke-width="2"
              viewBox="0 0 24 24"
              width="24"
              xmlns="http://www.w3.org/2000/svg"
            >
              <path
                d="M12 6v6l4 2"
              />
              <circle
                cx="12"
                cy="12"
                r="10"
              />
            </svg>
          </div>
          <div
            class="flex-1 pb-4"
          >
            <div
              class="p-4 rounded-xl bg-white/[0.03] border border-white/5 hover:bg-white/[0.05] transition-colors"
            >
              <div
                class="flex items-start justify-between mb-2"
              >
                <div
                  class="flex-1"
                >
                  <div
                    class="font-medium text-white mb-1"
                  >
                    状态变更: 进行中 → 已完成
                  </div>
                  <div
                    class="text-sm text-slate-400"
                  >
                    阶段完成
                  </div>
                </div>
                <div
                  data-testid="badge"
                >
                  状态变更
                </div>
              </div>
              <div
                class="flex items-center gap-4 mt-3 text-xs text-slate-500"
              >
                <div
                  class="flex items-center gap-1"
                >
                  <svg
                    aria-hidden="true"
                    class="lucide lucide-calendar h-3 w-3"
                    fill="none"
                    height="24"
                    stroke="currentColor"
                    stroke-linecap="round"
                    stroke-linejoin="round"
                    stroke-width="2"
                    viewBox="0 0 24 24"
                    width="24"
                    xmlns="http://www.w3.org/2000/svg"
                  >
                    <path
                      d="M8 2v4"
                    />
                    <path
                      d="M16 2v4"
                    />
                    <rect
                      height="18"
                      rx="2"
                      width="18"
                      x="3"
                      y="4"
                    />
                    <path
                      d="M3 10h18"
                    />
                  </svg>
                  <span>
                    2024-01-20
                  </span>
                </div>
                <div
                  class="flex items-center gap-1"
                >
                  <svg
                    class="h-3 w-3"
                    fill="none"
                    height="24"
                    stroke="currentColor"
                    stroke-width="2"
                    viewBox="0 0 24 24"
                    width="24"
                  />
                  <span>
                    李四
                  </span>
                </div>
              </div>
            </div>
          </div>
        </div>
        <div
          class="relative flex gap-4"
        >
          <div
            class="relative z-10 w-10 h-10 rounded-full flex items-center justify-center bg-gradient-to-br from-primary/20 to-indigo-500/10 border-2 border-primary/30 shadow-lg shadow-primary/20"
          >
            <svg
              aria-hidden="true"
              class="lucide lucide-file-text h-5 w-5 text-purple-400"
              fill="none"
              height="24"
              stroke="currentColor"
              stroke-linecap="round"
              stroke-linejoin="round"
              stroke-width="2"
              viewBox="0 0 24 24"
              width="24"
              xmlns="http://www.w3.org/2000/svg"
            >
              <path
                d="M6 22a2 2 0 0 1-2-2V4a2 2 0 0 1 2-2h8a2.4 2.4 0 0 1 1.704.706l3.588 3.588A2.4 2.4 0 0 1 20 8v12a2 2 0 0 1-2 2z"
              />
              <path
                d="M14 2v5a1 1 0 0 0 1 1h5"
              />
              <path
                d="M10 9H8"
              />
              <path
                d="M16 13H8"
              />
              <path
                d="M16 17H8"
              />
            </svg>
          </div>
          <div
            class="flex-1 pb-4"
          >
            <div
              class="p-4 rounded-xl bg-white/[0.03] border border-white/5 hover:bg-white/[0.05] transition-colors"
            >
              <div
                class="flex items-start justify-between mb-2"
              >
                <div
                  class="flex-1"
                >
                  <div
                    class="font-medium text-white mb-1"
                  >
                    文档审批通过: 设计文档
                  </div>
                  <div
                    class="text-sm text-slate-400"
                  >
                    设计文档
                  </div>
                </div>
                <div
                  data-testid="badge"
                >
                  文档
                </div>
              </div>
              <div
                class="flex items-center gap-4 mt-3 text-xs text-slate-500"
              >
                <div
                  class="flex items-center gap-1"
                >
                  <svg
                    aria-hidden="true"
                    class="lucide lucide-calendar h-3 w-3"
                    fill="none"
                    height="24"
                    stroke="currentColor"
                    stroke-linecap="round"
                    stroke-linejoin="round"
                    stroke-width="2"
                    viewBox="0 0 24 24"
                    width="24"
                    xmlns="http://www.w3.org/2000/svg"
                  >
                    <path
                      d="M8 2v4"
                    />
                    <path
                      d="M16 2v4"
                    />
                    <rect
                      height="18"
                      rx="2"
                      width="18"
                      x="3"
                      y="4"
                    />
                    <path
                      d="M3 10h18"
                    />
                  </svg>
                  <span>
                    2024-01-18
                  </span>
                </div>
              </div>
            </div>
          </div>
        </div>
        <div
          class="relative flex gap-4"
        >
          <div
            class="relative z-10 w-10 h-10 rounded-full flex items-center justify-center bg-gradient-to-br from-primary/20 to-indigo-500/10 border-2 border-primary/30 shadow-lg shadow-primary/20"
          >
            <svg
              aria-hidden="true"
              class="lucide lucide-arrow-right h-5 w-5 text-blue-400"
              fill="none"
              height="24"
              stroke="currentColor"
              stroke-linecap="round"
              stroke-linejoin="round"
              stroke-width="2"
              viewBox="0 0 24 24"
              width="24"
              xmlns="http://www.w3.org/2000/svg"
            >
              <path
                d="M5 12h14"
              />
              <path
                d="m12 5 7 7-7 7"
              />
            </svg>
          </div>
          <div
            class="flex-1 pb-4"
          >
            <div
              class="p-4 rounded-xl bg-white/[0.03] border border-white/5 hover:bg-white/[0.05] transition-colors"
            >
              <div
                class="flex items-start justify-between mb-2"
              >
                <div
                  class="flex-1"
                >
                  <div
                    class="font-medium text-white mb-1"
                  >
                    阶段变更: 需求分析 → 设计
                  </div>
                  <div
                    class="text-sm text-slate-400"
                  >
                    进入设计阶段
                  </div>
                </div>
                <div
                  data-testid="badge"
                >
                  阶段变更
                </div>
              </div>
              <div
                class="flex items-center gap-4 mt-3 text-xs text-slate-500"
              >
                <div
                  class="flex items-center gap-1"
                >
                  <svg
                    aria-hidden="true"
                    class="lucide lucide-calendar h-3 w-3"
                    fill="none"
                    height="24"
                    stroke="currentColor"
                    stroke-linecap="round"
                    stroke-linejoin="round"
                    stroke-width="2"
                    viewBox="0 0 24 24"
                    width="24"
                    xmlns="http://www.w3.org/2000/svg"
                  >
                    <path
                      d="M8 2v4"
                    />
                    <path
                      d="M16 2v4"
                    />
                    <rect
                      height="18"
                      rx="2"
                      width="18"
                      x="3"
                      y="4"
                    />
                    <path
                      d="M3 10h18"
                    />
                  </svg>
                  <span>
                    2024-01-15
                  </span>
                </div>
                <div
                  class="flex items-center gap-1"
                >
                  <svg
                    class="h-3 w-3"
                    fill="none"
                    height="24"
                    stroke="currentColor"
                    stroke-width="2"
                    viewBox="0 0 24 24"
                    width="24"
                  />
                  <span>
                    张三
                  </span>
                </div>
              </div>
            </div>
          </div>
        </div>
        <div
          class="relative flex gap-4"
        >
          <div
            class="relative z-10 w-10 h-10 rounded-full flex items-center justify-center bg-gradient-to-br from-primary/20 to-indigo-500/10 border-2 border-primary/30 shadow-lg shadow-primary/20"
          >
            <svg
              aria-hidden="true"
              class="lucide lucide-circle-check h-5 w-5 text-emerald-400"
              fill="none"
              height="24"
              stroke="currentColor"
              stroke-linecap="round"
              stroke-linejoin="round"
              stroke-width="2"
              viewBox="0 0 24 24"
              width="24"
              xmlns="http://www.w3.org/2000/svg"
            >
              <circle
                cx="12"
                cy="12"
                r="10"
              />
              <path
                d="m9 12 2 2 4-4"
              />
            </svg>
          </div>
          <div
            class="flex-1 pb-4"
          >
            <div
              class="p-4 rounded-xl bg-white/[0.03] border border-white/5 hover:bg-white/[0.05] transition-colors"
            >
              <div
                class="flex items-start justify-between mb-2"
              >
                <div
                  class="flex-1"
                >
                  <div
                    class="font-medium text-white mb-1"
                  >
                    需求评审完成
                  </div>
                  <div
                    class="text-sm text-slate-400"
                  >
                    完成需求文档评审
                  </div>
                </div>
                <div
                  data-testid="badge"
                >
                  里程碑
                </div>
              </div>
              <div
                class="flex items-center gap-4 mt-3 text-xs text-slate-500"
              >
                <div
                  class="flex items-center gap-1"
                >
                  <svg
                    aria-hidden="true"
                    class="lucide lucide-calendar h-3 w-3"
                    fill="none"
                    height="24"
                    stroke="currentColor"
                    stroke-linecap="round"
                    stroke-linejoin="round"
                    stroke-width="2"
                    viewBox="0 0 24 24"
                    width="24"
                    xmlns="http://www.w3.org/2000/svg"
                  >
                    <path
                      d="M8 2v4"
                    />
                    <path
                      d="M16 2v4"
                    />
                    <rect
                      height="18"
                      rx="2"
                      width="18"
                      x="3"
                      y="4"
                    />
                    <path
                      d="M3 10h18"
                    />
                  </svg>
                  <span>
                    2024-01-10
                  </span>
                </div>
              </div>
            </div>
          </div>
        </div>
        <div
          class="relative flex gap-4"
        >
          <div
            class="relative z-10 w-10 h-10 rounded-full flex items-center justify-center bg-gradient-to-br from-primary/20 to-indigo-500/10 border-2 border-primary/30 shadow-lg shadow-primary/20"
          >
            <svg
              aria-hidden="true"
              class="lucide lucide-file-text h-5 w-5 text-purple-400"
              fill="none"
              height="24"
              stroke="currentColor"
              stroke-linecap="round"
              stroke-linejoin="round"
              stroke-width="2"
              viewBox="0 0 24 24"
              width="24"
              xmlns="http://www.w3.org/2000/svg"
            >
              <path
                d="M6 22a2 2 0 0 1-2-2V4a2 2 0 0 1 2-2h8a2.4 2.4 0 0 1 1.704.706l3.588 3.588A2.4 2.4 0 0 1 20 8v12a2 2 0 0 1-2 2z"
              />
              <path
                d="M14 2v5a1 1 0 0 0 1 1h5"
              />
              <path
                d="M10 9H8"
              />
              <path
                d="M16 13H8"
              />
              <path
                d="M16 17H8"
              />
            </svg>
          </div>
          <div
            class="flex-1 pb-4"
          >
            <div
              class="p-4 rounded-xl bg-white/[0.03] border border-white/5 hover:bg-white/[0.05] transition-colors"
            >
              <div
                class="flex items-start justify-between mb-2"
              >
                <div
                  class="flex-1"
                >
                  <div
                    class="font-medium text-white mb-1"
                  >
                    文档审批通过: 需求规格说明书
                  </div>
                  <div
                    class="text-sm text-slate-400"
                  >
                    需求文档
                  </div>
                </div>
                <div
                  data-testid="badge"
                >
                  文档
                </div>
              </div>
              <div
                class="flex items-center gap-4 mt-3 text-xs text-slate-500"
              >
                <div
                  class="flex items-center gap-1"
                >
                  <svg
                    aria-hidden="true"
                    class="lucide lucide-calendar h-3 w-3"
                    fill="none"
                    height="24"
                    stroke="currentColor"
                    stroke-linecap="round"
                    stroke-linejoin="round"
                    stroke-width="2"
                    viewBox="0 0 24 24"
                    width="24"
                    xmlns="http://www.w3.org/2000/svg"
                  >
                    <path
                      d="M8 2v4"
                    />
                    <path
                      d="M16 2v4"
                    />
                    <rect
                      height="18"
                      rx="2"
                      width="18"
                      x="3"
                      y="4"
                    />
                    <path
                      d="M3 10h18"
                    />
                  </svg>
                  <span>
                    2024-01-05
                  </span>
                </div>
              </div>
            </div>
          </div>
        </div>
      </div>
    </div>
  </div>
</div>
`;

exports[`ProjectTimeline > Snapshot > matches snapshot with empty data 1`] = `
<div
  data-testid="card"
>
  <div
    data-testid="cardheader"
  >
    <div
      class="text-lg"
      data-testid="cardtitle"
    >
      项目时间线
    </div>
    <p
      class="text-sm text-slate-400 mt-1"
    >
      显示项目关键事件和变更历史
    </p>
  </div>
  <div
    class="space-y-4"
    data-testid="cardcontent"
  >
    <div
      class="flex items-center gap-2"
    >
      <div
        class="flex-1"
      >
        <input
          icon="[object Object]"
          placeholder="搜索事件..."
          type="text"
          value="unknown"
        />
      </div>
      <div
        class="flex items-center gap-1 rounded-lg bg-white/5 p-1"
      >
        <button
          type="button"
        >
          全部
        </button>
        <button
          type="button"
        >
          阶段变更
        </button>
        <button
          type="button"
        >
          状态变更
        </button>
        <button
          type="button"
        >
          健康度变更
        </button>
        <button
          type="button"
        >
          里程碑
        </button>
        <button
          type="button"
        >
          文档
        </button>
        <button
          type="button"
        >
          其他
        </button>
      </div>
    </div>
    <div
      class="text-center py-12 text-slate-400"
    >
      <p>
        暂无事件记录
      </p>
    </div>
  </div>
</div>
`;
