// Vitest Snapshot v1, https://vitest.dev/guide/snapshot.html

exports[`SolutionLibrary > Snapshot > matches snapshot in loading state 1`] = `
<div
  data-testid="card"
>
  <div
    class="p-6"
    data-testid="cardcontent"
  >
    <div
      class="text-center text-gray-500"
    >
      加载中...
    </div>
  </div>
</div>
`;

exports[`SolutionLibrary > Snapshot > matches snapshot with templates 1`] = `
<div
  data-testid="card"
>
  <div
    data-testid="cardheader"
  >
    <div
      class="flex items-center justify-between"
    >
      <div
        class="flex items-center gap-2"
        data-testid="cardtitle"
      >
        <svg
          class="h-5 w-5"
          fill="none"
          height="24"
          stroke="currentColor"
          stroke-width="2"
          viewBox="0 0 24 24"
          width="24"
        />
        解决方案模板库
      </div>
      <button
        type="button"
      >
        <svg
          class="h-4 w-4 mr-2"
          fill="none"
          height="24"
          stroke="currentColor"
          stroke-width="2"
          viewBox="0 0 24 24"
          width="24"
        />
        创建模板
      </button>
    </div>
  </div>
  <div
    data-testid="cardcontent"
  >
    <div
      class="flex items-center gap-4 mb-6"
    >
      <div
        class="relative flex-1"
      >
        <svg
          class="absolute left-3 top-1/2 -translate-y-1/2 h-4 w-4 text-gray-400"
          fill="none"
          height="24"
          stroke="currentColor"
          stroke-width="2"
          viewBox="0 0 24 24"
          width="24"
        />
        <input
          class="pl-9"
          placeholder="搜索解决方案模板..."
          type="text"
          value="unknown"
        />
      </div>
      <select
        class="h-9 px-3 rounded-lg border border-gray-300 text-sm"
      >
        <option
          value="all"
        >
          全部类型
        </option>
        <option
          value="DEFECT"
        >
          缺陷
        </option>
        <option
          value="DEVIATION"
        >
          偏差
        </option>
        <option
          value="RISK"
        >
          风险
        </option>
        <option
          value="BLOCKER"
        >
          阻塞
        </option>
      </select>
    </div>
    <div
      class="space-y-3"
    >
      <div
        class="p-4 border rounded-lg hover:bg-gray-50 transition-colors"
      >
        <div
          class="flex items-start justify-between mb-2"
        >
          <div
            class="flex-1"
          >
            <div
              class="flex items-center gap-2 mb-1"
            >
              <p
                class="font-medium"
              >
                性能优化方案
              </p>
              <div
                data-testid="badge"
              >
                技术问题
              </div>
              <div
                data-testid="badge"
              >
                技术问题
              </div>
            </div>
            <p
              class="text-sm text-gray-600 mb-2"
            >
              适用于系统性能优化场景
            </p>
            <div
              class="p-3 bg-gray-50 rounded text-sm"
            >
              1. 分析性能瓶颈
2. 优化代码
3. 测试验证
            </div>
          </div>
        </div>
        <div
          class="flex items-center justify-between mt-3"
        >
          <div
            class="flex items-center gap-4 text-sm text-gray-500"
          >
            <span>
              使用 
              15
               次
            </span>
          </div>
          <div
            class="flex items-center gap-2"
          >
            <button
              type="button"
            >
              <svg
                class="h-4 w-4 mr-1"
                fill="none"
                height="24"
                stroke="currentColor"
                stroke-width="2"
                viewBox="0 0 24 24"
                width="24"
              />
              应用模板
            </button>
          </div>
        </div>
      </div>
      <div
        class="p-4 border rounded-lg hover:bg-gray-50 transition-colors"
      >
        <div
          class="flex items-start justify-between mb-2"
        >
          <div
            class="flex-1"
          >
            <div
              class="flex items-center gap-2 mb-1"
            >
              <p
                class="font-medium"
              >
                需求变更处理
              </p>
              <div
                data-testid="badge"
              >
                管理问题
              </div>
              <div
                data-testid="badge"
              >
                管理问题
              </div>
            </div>
            <p
              class="text-sm text-gray-600 mb-2"
            >
              适用于客户需求变更
            </p>
            <div
              class="p-3 bg-gray-50 rounded text-sm"
            >
              1. 评估影响
2. 制定方案
3. 获取批准
            </div>
          </div>
        </div>
        <div
          class="flex items-center justify-between mt-3"
        >
          <div
            class="flex items-center gap-4 text-sm text-gray-500"
          >
            <span>
              使用 
              8
               次
            </span>
          </div>
          <div
            class="flex items-center gap-2"
          >
            <button
              type="button"
            >
              <svg
                class="h-4 w-4 mr-1"
                fill="none"
                height="24"
                stroke="currentColor"
                stroke-width="2"
                viewBox="0 0 24 24"
                width="24"
              />
              应用模板
            </button>
          </div>
        </div>
      </div>
    </div>
  </div>
</div>
`;
