// Vitest Snapshot v1, https://vitest.dev/guide/snapshot.html

exports[`StatsCards > Snapshot > matches snapshot with stats 1`] = `
<div
  class="grid grid-cols-1 md:grid-cols-2 lg:grid-cols-4 gap-4"
>
  <div>
    <div
      class="bg-surface-50 border-white/10"
      data-testid="card"
    >
      <div
        class="p-6"
        data-testid="cardcontent"
      >
        <div
          class="flex items-center justify-between"
        >
          <div>
            <p
              class="text-sm text-slate-400 mb-1"
            >
              待审批订单
            </p>
            <p
              class="text-3xl font-bold text-white"
            >
              12
            </p>
          </div>
          <div
            class="w-12 h-12 rounded-full bg-amber-500/20 flex items-center justify-center"
          >
            <svg
              class="w-6 h-6 text-amber-400"
              fill="none"
              height="24"
              stroke="currentColor"
              stroke-width="2"
              viewBox="0 0 24 24"
              width="24"
            />
          </div>
        </div>
        <div
          class="mt-4 flex items-center gap-2 text-sm"
        >
          <svg
            class="w-4 h-4 text-red-400"
            fill="none"
            height="24"
            stroke="currentColor"
            stroke-width="2"
            viewBox="0 0 24 24"
            width="24"
          />
          <span
            class="text-red-400"
          >
            3 项紧急
          </span>
        </div>
      </div>
    </div>
  </div>
  <div>
    <div
      class="bg-surface-50 border-white/10"
      data-testid="card"
    >
      <div
        class="p-6"
        data-testid="cardcontent"
      >
        <div
          class="flex items-center justify-between"
        >
          <div>
            <p
              class="text-sm text-slate-400 mb-1"
            >
              在途订单
            </p>
            <p
              class="text-3xl font-bold text-white"
            >
              8
            </p>
          </div>
          <div
            class="w-12 h-12 rounded-full bg-cyan-500/20 flex items-center justify-center"
          >
            <svg
              class="w-6 h-6 text-cyan-400"
              fill="none"
              height="24"
              stroke="currentColor"
              stroke-width="2"
              viewBox="0 0 24 24"
              width="24"
            />
          </div>
        </div>
        <div
          class="mt-4 flex items-center gap-2 text-sm"
        >
          <svg
            class="w-4 h-4 text-emerald-400"
            fill="none"
            height="24"
            stroke="currentColor"
            stroke-width="2"
            viewBox="0 0 24 24"
            width="24"
          />
          <span
            class="text-emerald-400"
          >
            +5 本周
          </span>
        </div>
      </div>
    </div>
  </div>
  <div>
    <div
      class="bg-surface-50 border-white/10"
      data-testid="card"
    >
      <div
        class="p-6"
        data-testid="cardcontent"
      >
        <div
          class="flex items-center justify-between"
        >
          <div>
            <p
              class="text-sm text-slate-400 mb-1"
            >
              缺料预警
            </p>
            <p
              class="text-3xl font-bold text-white"
            >
              5
            </p>
          </div>
          <div
            class="w-12 h-12 rounded-full bg-red-500/20 flex items-center justify-center"
          >
            <svg
              class="w-6 h-6 text-red-400"
              fill="none"
              height="24"
              stroke="currentColor"
              stroke-width="2"
              viewBox="0 0 24 24"
              width="24"
            />
          </div>
        </div>
        <div
          class="mt-4 flex items-center gap-2 text-sm"
        >
          <svg
            class="w-4 h-4 text-emerald-400"
            fill="none"
            height="24"
            stroke="currentColor"
            stroke-width="2"
            viewBox="0 0 24 24"
            width="24"
          />
          <span
            class="text-emerald-400"
          >
            -2 较上周
          </span>
        </div>
      </div>
    </div>
  </div>
  <div>
    <div
      class="bg-surface-50 border-white/10"
      data-testid="card"
    >
      <div
        class="p-6"
        data-testid="cardcontent"
      >
        <div
          class="flex items-center justify-between"
        >
          <div>
            <p
              class="text-sm text-slate-400 mb-1"
            >
              在用供应商
            </p>
            <p
              class="text-3xl font-bold text-white"
            >
              48
            </p>
          </div>
          <div
            class="w-12 h-12 rounded-full bg-purple-500/20 flex items-center justify-center"
          >
            <svg
              class="w-6 h-6 text-purple-400"
              fill="none"
              height="24"
              stroke="currentColor"
              stroke-width="2"
              viewBox="0 0 24 24"
              width="24"
            />
          </div>
        </div>
        <div
          class="mt-4 flex items-center gap-2 text-sm"
        >
          <svg
            class="w-4 h-4 text-emerald-400"
            fill="none"
            height="24"
            stroke="currentColor"
            stroke-width="2"
            viewBox="0 0 24 24"
            width="24"
          />
          <span
            class="text-emerald-400"
          >
            +2 本月
          </span>
        </div>
      </div>
    </div>
  </div>
</div>
`;

exports[`StatsCards > Snapshot > matches snapshot without stats 1`] = `
<div
  class="grid grid-cols-1 md:grid-cols-2 lg:grid-cols-4 gap-4"
>
  <div>
    <div
      class="bg-surface-50 border-white/10"
      data-testid="card"
    >
      <div
        class="p-6"
        data-testid="cardcontent"
      >
        <div
          class="flex items-center justify-between"
        >
          <div>
            <p
              class="text-sm text-slate-400 mb-1"
            >
              待审批订单
            </p>
            <p
              class="text-3xl font-bold text-white"
            >
              0
            </p>
          </div>
          <div
            class="w-12 h-12 rounded-full bg-amber-500/20 flex items-center justify-center"
          >
            <svg
              class="w-6 h-6 text-amber-400"
              fill="none"
              height="24"
              stroke="currentColor"
              stroke-width="2"
              viewBox="0 0 24 24"
              width="24"
            />
          </div>
        </div>
        <div
          class="mt-4 flex items-center gap-2 text-sm"
        >
          <svg
            class="w-4 h-4 text-red-400"
            fill="none"
            height="24"
            stroke="currentColor"
            stroke-width="2"
            viewBox="0 0 24 24"
            width="24"
          />
          <span
            class="text-red-400"
          >
            3 项紧急
          </span>
        </div>
      </div>
    </div>
  </div>
  <div>
    <div
      class="bg-surface-50 border-white/10"
      data-testid="card"
    >
      <div
        class="p-6"
        data-testid="cardcontent"
      >
        <div
          class="flex items-center justify-between"
        >
          <div>
            <p
              class="text-sm text-slate-400 mb-1"
            >
              在途订单
            </p>
            <p
              class="text-3xl font-bold text-white"
            >
              0
            </p>
          </div>
          <div
            class="w-12 h-12 rounded-full bg-cyan-500/20 flex items-center justify-center"
          >
            <svg
              class="w-6 h-6 text-cyan-400"
              fill="none"
              height="24"
              stroke="currentColor"
              stroke-width="2"
              viewBox="0 0 24 24"
              width="24"
            />
          </div>
        </div>
        <div
          class="mt-4 flex items-center gap-2 text-sm"
        >
          <svg
            class="w-4 h-4 text-emerald-400"
            fill="none"
            height="24"
            stroke="currentColor"
            stroke-width="2"
            viewBox="0 0 24 24"
            width="24"
          />
          <span
            class="text-emerald-400"
          >
            +5 本周
          </span>
        </div>
      </div>
    </div>
  </div>
  <div>
    <div
      class="bg-surface-50 border-white/10"
      data-testid="card"
    >
      <div
        class="p-6"
        data-testid="cardcontent"
      >
        <div
          class="flex items-center justify-between"
        >
          <div>
            <p
              class="text-sm text-slate-400 mb-1"
            >
              缺料预警
            </p>
            <p
              class="text-3xl font-bold text-white"
            >
              0
            </p>
          </div>
          <div
            class="w-12 h-12 rounded-full bg-red-500/20 flex items-center justify-center"
          >
            <svg
              class="w-6 h-6 text-red-400"
              fill="none"
              height="24"
              stroke="currentColor"
              stroke-width="2"
              viewBox="0 0 24 24"
              width="24"
            />
          </div>
        </div>
        <div
          class="mt-4 flex items-center gap-2 text-sm"
        >
          <svg
            class="w-4 h-4 text-emerald-400"
            fill="none"
            height="24"
            stroke="currentColor"
            stroke-width="2"
            viewBox="0 0 24 24"
            width="24"
          />
          <span
            class="text-emerald-400"
          >
            -2 较上周
          </span>
        </div>
      </div>
    </div>
  </div>
  <div>
    <div
      class="bg-surface-50 border-white/10"
      data-testid="card"
    >
      <div
        class="p-6"
        data-testid="cardcontent"
      >
        <div
          class="flex items-center justify-between"
        >
          <div>
            <p
              class="text-sm text-slate-400 mb-1"
            >
              在用供应商
            </p>
            <p
              class="text-3xl font-bold text-white"
            >
              0
            </p>
          </div>
          <div
            class="w-12 h-12 rounded-full bg-purple-500/20 flex items-center justify-center"
          >
            <svg
              class="w-6 h-6 text-purple-400"
              fill="none"
              height="24"
              stroke="currentColor"
              stroke-width="2"
              viewBox="0 0 24 24"
              width="24"
            />
          </div>
        </div>
        <div
          class="mt-4 flex items-center gap-2 text-sm"
        >
          <svg
            class="w-4 h-4 text-emerald-400"
            fill="none"
            height="24"
            stroke="currentColor"
            stroke-width="2"
            viewBox="0 0 24 24"
            width="24"
          />
          <span
            class="text-emerald-400"
          >
            +2 本月
          </span>
        </div>
      </div>
    </div>
  </div>
</div>
`;
