// Vitest Snapshot v1, https://vitest.dev/guide/snapshot.html

exports[`DeleteConfirmDialog > Snapshot Tests > matches snapshot for default state 1`] = `
<div
  aria-hidden="true"
  data-aria-hidden="true"
/>
`;

exports[`DeleteConfirmDialog > Snapshot Tests > matches snapshot with custom content 1`] = `
<div
  aria-hidden="true"
  data-aria-hidden="true"
/>
`;

exports[`DeleteConfirmDialog > Snapshot Tests > matches snapshot with disabled state 1`] = `
<div
  aria-hidden="true"
  data-aria-hidden="true"
/>
`;
