// Vitest Snapshot v1, https://vitest.dev/guide/snapshot.html

exports[`LoadingPage > Snapshot Tests > matches snapshot for default loading page 1`] = `
<div>
  <div
    class="min-h-screen bg-gradient-to-br from-slate-950 via-slate-900 to-slate-950 flex items-center justify-center"
  >
    <div
      data-testid="loadingspinner"
      text="加载中..."
    />
  </div>
</div>
`;

exports[`LoadingPage > Snapshot Tests > matches snapshot with custom className 1`] = `
<div>
  <div
    class="min-h-screen bg-gradient-to-br from-slate-950 via-slate-900 to-slate-950 flex items-center justify-center"
  >
    <div
      data-testid="loadingspinner"
      text="加载中..."
    />
  </div>
</div>
`;

exports[`LoadingPage > Snapshot Tests > matches snapshot with custom text 1`] = `
<div>
  <div
    class="min-h-screen bg-gradient-to-br from-slate-950 via-slate-900 to-slate-950 flex items-center justify-center"
  >
    <div
      data-testid="loadingspinner"
      text="加载中..."
    />
  </div>
</div>
`;
